make --directory Tools
+ make --directory Tools
make[1]: Verzeichnis „/home/laszlo/zilog/meingithub/RomWBW/Tools“ wird betreten
+ uname
make --directory unix
+ make --directory unix
make[2]: Verzeichnis „/home/laszlo/zilog/meingithub/RomWBW/Tools/unix“ wird betreten
+ uname
+ chmod +x casefn.sh
+ make --directory OpenSpin all
make[3]: Verzeichnis „/home/laszlo/zilog/meingithub/RomWBW/Tools/unix/OpenSpin“ wird betreten
mkdir -p ./build
mkdir -p ../../Linux
make -C PropellerCompiler CROSS= BUILD=/home/laszlo/zilog/meingithub/RomWBW/Tools/unix/OpenSpin/build/PropellerCompiler all
make[4]: Verzeichnis „/home/laszlo/zilog/meingithub/RomWBW/Tools/unix/OpenSpin/PropellerCompiler“ wird betreten
mkdir -p /home/laszlo/zilog/meingithub/RomWBW/Tools/unix/OpenSpin/build/PropellerCompiler
g++ -Wall -g  -o /home/laszlo/zilog/meingithub/RomWBW/Tools/unix/OpenSpin/build/PropellerCompiler/BlockNestStackRoutines.o -c BlockNestStackRoutines.cpp
g++ -Wall -g  -o /home/laszlo/zilog/meingithub/RomWBW/Tools/unix/OpenSpin/build/PropellerCompiler/CompileDatBlocks.o -c CompileDatBlocks.cpp
g++ -Wall -g  -o /home/laszlo/zilog/meingithub/RomWBW/Tools/unix/OpenSpin/build/PropellerCompiler/CompileExpression.o -c CompileExpression.cpp
g++ -Wall -g  -o /home/laszlo/zilog/meingithub/RomWBW/Tools/unix/OpenSpin/build/PropellerCompiler/CompileInstruction.o -c CompileInstruction.cpp
g++ -Wall -g  -o /home/laszlo/zilog/meingithub/RomWBW/Tools/unix/OpenSpin/build/PropellerCompiler/CompileUtilities.o -c CompileUtilities.cpp
g++ -Wall -g  -o /home/laszlo/zilog/meingithub/RomWBW/Tools/unix/OpenSpin/build/PropellerCompiler/DistillObjects.o -c DistillObjects.cpp
g++ -Wall -g  -o /home/laszlo/zilog/meingithub/RomWBW/Tools/unix/OpenSpin/build/PropellerCompiler/Elementizer.o -c Elementizer.cpp
g++ -Wall -g  -o /home/laszlo/zilog/meingithub/RomWBW/Tools/unix/OpenSpin/build/PropellerCompiler/ErrorStrings.o -c ErrorStrings.cpp
g++ -Wall -g  -o /home/laszlo/zilog/meingithub/RomWBW/Tools/unix/OpenSpin/build/PropellerCompiler/ExpressionResolver.o -c ExpressionResolver.cpp
g++ -Wall -g  -o /home/laszlo/zilog/meingithub/RomWBW/Tools/unix/OpenSpin/build/PropellerCompiler/InstructionBlockCompiler.o -c InstructionBlockCompiler.cpp
g++ -Wall -g  -o /home/laszlo/zilog/meingithub/RomWBW/Tools/unix/OpenSpin/build/PropellerCompiler/StringConstantRoutines.o -c StringConstantRoutines.cpp
g++ -Wall -g  -o /home/laszlo/zilog/meingithub/RomWBW/Tools/unix/OpenSpin/build/PropellerCompiler/SymbolEngine.o -c SymbolEngine.cpp
g++ -Wall -g  -o /home/laszlo/zilog/meingithub/RomWBW/Tools/unix/OpenSpin/build/PropellerCompiler/Utilities.o -c Utilities.cpp
g++ -Wall -g  -o /home/laszlo/zilog/meingithub/RomWBW/Tools/unix/OpenSpin/build/PropellerCompiler/UnusedMethodUtils.o -c UnusedMethodUtils.cpp
g++ -Wall -g  -o /home/laszlo/zilog/meingithub/RomWBW/Tools/unix/OpenSpin/build/PropellerCompiler/PropellerCompiler.o -c PropellerCompiler.cpp
g++ -Wall -g  -o /home/laszlo/zilog/meingithub/RomWBW/Tools/unix/OpenSpin/build/PropellerCompiler/CompileSpin.o -c CompileSpin.cpp
g++ -Wall -g  -o /home/laszlo/zilog/meingithub/RomWBW/Tools/unix/OpenSpin/build/PropellerCompiler/flexbuf.o -c flexbuf.cpp
g++ -Wall -g  -o /home/laszlo/zilog/meingithub/RomWBW/Tools/unix/OpenSpin/build/PropellerCompiler/preprocess.o -c preprocess.cpp
preprocess.cpp: In function ‘int do_line(preprocess*)’:
preprocess.cpp:911:43: warning: ISO C++ forbids converting a string constant to ‘char*’ [-Wwrite-strings]
             handle_message(pp, &P, "error");
                                           ^
preprocess.cpp:919:45: warning: ISO C++ forbids converting a string constant to ‘char*’ [-Wwrite-strings]
             handle_message(pp, &P, "warning");
                                             ^
preprocess.cpp:923:42: warning: ISO C++ forbids converting a string constant to ‘char*’ [-Wwrite-strings]
             handle_message(pp, &P, "info");
                                          ^
g++ -Wall -g  -o /home/laszlo/zilog/meingithub/RomWBW/Tools/unix/OpenSpin/build/PropellerCompiler/textconvert.o -c textconvert.cpp
g++ -Wall -g  -o /home/laszlo/zilog/meingithub/RomWBW/Tools/unix/OpenSpin/build/PropellerCompiler/objectheap.o -c objectheap.cpp
ar rs /home/laszlo/zilog/meingithub/RomWBW/Tools/unix/OpenSpin/build/PropellerCompiler/libopenspin.a /home/laszlo/zilog/meingithub/RomWBW/Tools/unix/OpenSpin/build/PropellerCompiler/BlockNestStackRoutines.o /home/laszlo/zilog/meingithub/RomWBW/Tools/unix/OpenSpin/build/PropellerCompiler/CompileDatBlocks.o /home/laszlo/zilog/meingithub/RomWBW/Tools/unix/OpenSpin/build/PropellerCompiler/CompileExpression.o /home/laszlo/zilog/meingithub/RomWBW/Tools/unix/OpenSpin/build/PropellerCompiler/CompileInstruction.o /home/laszlo/zilog/meingithub/RomWBW/Tools/unix/OpenSpin/build/PropellerCompiler/CompileUtilities.o /home/laszlo/zilog/meingithub/RomWBW/Tools/unix/OpenSpin/build/PropellerCompiler/DistillObjects.o /home/laszlo/zilog/meingithub/RomWBW/Tools/unix/OpenSpin/build/PropellerCompiler/Elementizer.o /home/laszlo/zilog/meingithub/RomWBW/Tools/unix/OpenSpin/build/PropellerCompiler/ErrorStrings.o /home/laszlo/zilog/meingithub/RomWBW/Tools/unix/OpenSpin/build/PropellerCompiler/ExpressionResolver.o /home/laszlo/zilog/meingithub/RomWBW/Tools/unix/OpenSpin/build/PropellerCompiler/InstructionBlockCompiler.o /home/laszlo/zilog/meingithub/RomWBW/Tools/unix/OpenSpin/build/PropellerCompiler/StringConstantRoutines.o /home/laszlo/zilog/meingithub/RomWBW/Tools/unix/OpenSpin/build/PropellerCompiler/SymbolEngine.o /home/laszlo/zilog/meingithub/RomWBW/Tools/unix/OpenSpin/build/PropellerCompiler/Utilities.o /home/laszlo/zilog/meingithub/RomWBW/Tools/unix/OpenSpin/build/PropellerCompiler/UnusedMethodUtils.o /home/laszlo/zilog/meingithub/RomWBW/Tools/unix/OpenSpin/build/PropellerCompiler/PropellerCompiler.o /home/laszlo/zilog/meingithub/RomWBW/Tools/unix/OpenSpin/build/PropellerCompiler/CompileSpin.o /home/laszlo/zilog/meingithub/RomWBW/Tools/unix/OpenSpin/build/PropellerCompiler/flexbuf.o /home/laszlo/zilog/meingithub/RomWBW/Tools/unix/OpenSpin/build/PropellerCompiler/preprocess.o /home/laszlo/zilog/meingithub/RomWBW/Tools/unix/OpenSpin/build/PropellerCompiler/textconvert.o /home/laszlo/zilog/meingithub/RomWBW/Tools/unix/OpenSpin/build/PropellerCompiler/objectheap.o
ar: creating /home/laszlo/zilog/meingithub/RomWBW/Tools/unix/OpenSpin/build/PropellerCompiler/libopenspin.a
make[4]: Verzeichnis „/home/laszlo/zilog/meingithub/RomWBW/Tools/unix/OpenSpin/PropellerCompiler“ wird verlassen
g++ -Wall -g  -o build/openspin.o -c SpinSource/openspin.cpp
g++ -Wall -g  -o build/pathentry.o -c SpinSource/pathentry.cpp
g++ -o ./build/openspin -Wall -g  ./build/openspin.o ./build/pathentry.o ./build/PropellerCompiler/libopenspin.a
cp -p ./build/openspin ../../Linux
make[3]: Verzeichnis „/home/laszlo/zilog/meingithub/RomWBW/Tools/unix/OpenSpin“ wird verlassen
+ make --directory uz80as all
make[3]: Verzeichnis „/home/laszlo/zilog/meingithub/RomWBW/Tools/unix/uz80as“ wird betreten
gcc -g -fcommon -I. -c ngetopt.c -o ngetopt.o
gcc -g -fcommon -I. -c main.c -o main.o
gcc -g -fcommon -I. -c options.c -o options.o
gcc -g -fcommon -I. -c utils.c -o utils.o
gcc -g -fcommon -I. -c err.c -o err.o
gcc -g -fcommon -I. -c incl.c -o incl.o
gcc -g -fcommon -I. -c sym.c -o sym.o
gcc -g -fcommon -I. -c expr.c -o expr.o
gcc -g -fcommon -I. -c exprint.c -o exprint.o
gcc -g -fcommon -I. -c pp.c -o pp.o
gcc -g -fcommon -I. -c list.c -o list.o
gcc -g -fcommon -I. -c prtable.c -o prtable.o
gcc -g -fcommon -I. -c uz80as.c -o uz80as.o
gcc -g -fcommon -I. -c targets.c -o targets.o
gcc -g -fcommon -I. -c z80.c -o z80.o
gcc -g -fcommon -I. -c gbcpu.c -o gbcpu.o
gcc -g -fcommon -I. -c dp2200.c -o dp2200.o
gcc -g -fcommon -I. -c i4004.c -o i4004.o
gcc -g -fcommon -I. -c i8008.c -o i8008.o
gcc -g -fcommon -I. -c i8048.c -o i8048.o
gcc -g -fcommon -I. -c i8051.c -o i8051.o
gcc -g -fcommon -I. -c i8080.c -o i8080.o
gcc -g -fcommon -I. -c mos6502.c -o mos6502.o
gcc -g -fcommon -I. -c mc6800.c -o mc6800.o
gcc -g -fcommon -o uz80as ngetopt.o main.o options.o utils.o err.o incl.o sym.o expr.o exprint.o pp.o list.o prtable.o uz80as.o targets.o z80.o gbcpu.o dp2200.o i4004.o i8008.o i8048.o i8051.o i8080.o mos6502.o mc6800.o 
mkdir -p ../../`uname`
cp -p uz80as ../../`uname`
make[3]: Verzeichnis „/home/laszlo/zilog/meingithub/RomWBW/Tools/unix/uz80as“ wird verlassen
+ make --directory zxcc all
make[3]: Verzeichnis „/home/laszlo/zilog/meingithub/RomWBW/Tools/unix/zxcc“ wird betreten
cp config.h.linux config.h
cp cpm/bios.bin .
cc -g    -c -o zxcc.o zxcc.c
cc -g    -c -o cpmdrv.o cpmdrv.c
cc -g    -c -o cpmglob.o cpmglob.c
cc -g    -c -o cpmparse.o cpmparse.c
cc -g    -c -o cpmredir.o cpmredir.c
cc -g    -c -o drdos.o drdos.c
cc -g    -c -o util.o util.c
cc -g    -c -o xlt.o xlt.c
cc -g    -c -o zxbdos.o zxbdos.c
cc -g    -c -o zxcbdos.o zxcbdos.c
cc -g    -c -o zxdbdos.o zxdbdos.c
cc -g    -c -o z80.o z80.c
cc -g    -c -o track.o track.c
cc -o zxcc zxcc.o cpmdrv.o cpmglob.o cpmparse.o cpmredir.o drdos.o util.o xlt.o zxbdos.o zxcbdos.o zxdbdos.o z80.o track.o
cp -p bios.bin zxcc ../../Linux
make[3]: Verzeichnis „/home/laszlo/zilog/meingithub/RomWBW/Tools/unix/zxcc“ wird verlassen
+ make --directory cpmtools all
make[3]: Verzeichnis „/home/laszlo/zilog/meingithub/RomWBW/Tools/unix/cpmtools“ wird betreten
gcc -g  -DDISKDEFS=\"/home/laszlo/zilog/meingithub/RomWBW/Tools/cpmtools/diskdefs\" -DFORMAT=\"wbw_fd144\"  -c -o cpmls.o cpmls.c
gcc -g  -DDISKDEFS=\"/home/laszlo/zilog/meingithub/RomWBW/Tools/cpmtools/diskdefs\" -DFORMAT=\"wbw_fd144\"  -c -o cpmfs.o cpmfs.c
gcc -g  -DDISKDEFS=\"/home/laszlo/zilog/meingithub/RomWBW/Tools/cpmtools/diskdefs\" -DFORMAT=\"wbw_fd144\"  -c -o getopt.o getopt.c
gcc -g  -DDISKDEFS=\"/home/laszlo/zilog/meingithub/RomWBW/Tools/cpmtools/diskdefs\" -DFORMAT=\"wbw_fd144\"  -c -o getopt1.o getopt1.c
gcc -g  -DDISKDEFS=\"/home/laszlo/zilog/meingithub/RomWBW/Tools/cpmtools/diskdefs\" -DFORMAT=\"wbw_fd144\"  -c -o device_posix.o device_posix.c
gcc  -o cpmls cpmls.o cpmfs.o getopt.o getopt1.o device_posix.o 
gcc -g  -DDISKDEFS=\"/home/laszlo/zilog/meingithub/RomWBW/Tools/cpmtools/diskdefs\" -DFORMAT=\"wbw_fd144\"  -c -o cpmrm.o cpmrm.c
gcc  -o cpmrm cpmrm.o cpmfs.o getopt.o getopt1.o device_posix.o 
gcc -g  -DDISKDEFS=\"/home/laszlo/zilog/meingithub/RomWBW/Tools/cpmtools/diskdefs\" -DFORMAT=\"wbw_fd144\"  -c -o cpmcp.o cpmcp.c
gcc  -o cpmcp cpmcp.o cpmfs.o getopt.o getopt1.o device_posix.o 
gcc -g  -DDISKDEFS=\"/home/laszlo/zilog/meingithub/RomWBW/Tools/cpmtools/diskdefs\" -DFORMAT=\"wbw_fd144\"  -c -o cpmchmod.o cpmchmod.c
gcc  -o cpmchmod cpmchmod.o cpmfs.o getopt.o getopt1.o device_posix.o 
gcc -g  -DDISKDEFS=\"/home/laszlo/zilog/meingithub/RomWBW/Tools/cpmtools/diskdefs\" -DFORMAT=\"wbw_fd144\"  -c -o cpmchattr.o cpmchattr.c
gcc  -o cpmchattr cpmchattr.o cpmfs.o getopt.o getopt1.o device_posix.o 
gcc -g  -DDISKDEFS=\"/home/laszlo/zilog/meingithub/RomWBW/Tools/cpmtools/diskdefs\" -DFORMAT=\"wbw_fd144\"  -c -o mkfs.cpm.o mkfs.cpm.c
gcc  -o mkfs.cpm mkfs.cpm.o cpmfs.o getopt.o getopt1.o device_posix.o 
gcc -g  -DDISKDEFS=\"/home/laszlo/zilog/meingithub/RomWBW/Tools/cpmtools/diskdefs\" -DFORMAT=\"wbw_fd144\"  -c -o fsck.cpm.o fsck.cpm.c
gcc  -o fsck.cpm fsck.cpm.o cpmfs.o getopt.o getopt1.o device_posix.o 
gcc -g  -DDISKDEFS=\"/home/laszlo/zilog/meingithub/RomWBW/Tools/cpmtools/diskdefs\" -DFORMAT=\"wbw_fd144\"  -c -o fsed.cpm.o fsed.cpm.c
gcc  -o fsed.cpm fsed.cpm.o cpmfs.o getopt.o getopt1.o device_posix.o  -lncurses -ltinfo
cp -p cpmls cpmrm cpmcp cpmchmod cpmchattr mkfs.cpm fsck.cpm fsed.cpm ../../Linux
make[3]: Verzeichnis „/home/laszlo/zilog/meingithub/RomWBW/Tools/unix/cpmtools“ wird verlassen
+ make --directory bin2asm all
make[3]: Verzeichnis „/home/laszlo/zilog/meingithub/RomWBW/Tools/unix/bin2asm“ wird betreten
gcc -c -o bin2asm.o bin2asm.c -Werror -Wall -Wextra -Wconversion -O2 -D NDEBUG 
gcc -o bin2asm bin2asm.o 
cp -p bin2asm ../../Linux
make[3]: Verzeichnis „/home/laszlo/zilog/meingithub/RomWBW/Tools/unix/bin2asm“ wird verlassen
+ make --directory lzsa all
make[3]: Verzeichnis „/home/laszlo/zilog/meingithub/RomWBW/Tools/unix/lzsa“ wird betreten
gcc -O3 -fomit-frame-pointer -Isrc/libdivsufsort/include -Isrc -c src/../src/lzsa.c -o obj/src/lzsa.o
gcc -O3 -fomit-frame-pointer -Isrc/libdivsufsort/include -Isrc -c src/../src/dictionary.c -o obj/src/dictionary.o
gcc -O3 -fomit-frame-pointer -Isrc/libdivsufsort/include -Isrc -c src/../src/expand_block_v1.c -o obj/src/expand_block_v1.o
gcc -O3 -fomit-frame-pointer -Isrc/libdivsufsort/include -Isrc -c src/../src/expand_block_v2.c -o obj/src/expand_block_v2.o
gcc -O3 -fomit-frame-pointer -Isrc/libdivsufsort/include -Isrc -c src/../src/expand_context.c -o obj/src/expand_context.o
gcc -O3 -fomit-frame-pointer -Isrc/libdivsufsort/include -Isrc -c src/../src/expand_inmem.c -o obj/src/expand_inmem.o
gcc -O3 -fomit-frame-pointer -Isrc/libdivsufsort/include -Isrc -c src/../src/expand_streaming.c -o obj/src/expand_streaming.o
gcc -O3 -fomit-frame-pointer -Isrc/libdivsufsort/include -Isrc -c src/../src/frame.c -o obj/src/frame.o
gcc -O3 -fomit-frame-pointer -Isrc/libdivsufsort/include -Isrc -c src/../src/matchfinder.c -o obj/src/matchfinder.o
gcc -O3 -fomit-frame-pointer -Isrc/libdivsufsort/include -Isrc -c src/../src/shrink_block_v1.c -o obj/src/shrink_block_v1.o
gcc -O3 -fomit-frame-pointer -Isrc/libdivsufsort/include -Isrc -c src/../src/shrink_block_v2.c -o obj/src/shrink_block_v2.o
gcc -O3 -fomit-frame-pointer -Isrc/libdivsufsort/include -Isrc -c src/../src/shrink_context.c -o obj/src/shrink_context.o
gcc -O3 -fomit-frame-pointer -Isrc/libdivsufsort/include -Isrc -c src/../src/shrink_inmem.c -o obj/src/shrink_inmem.o
gcc -O3 -fomit-frame-pointer -Isrc/libdivsufsort/include -Isrc -c src/../src/shrink_streaming.c -o obj/src/shrink_streaming.o
gcc -O3 -fomit-frame-pointer -Isrc/libdivsufsort/include -Isrc -c src/../src/stream.c -o obj/src/stream.o
gcc -O3 -fomit-frame-pointer -Isrc/libdivsufsort/include -Isrc -c src/../src/libdivsufsort/lib/divsufsort.c -o obj/src/libdivsufsort/lib/divsufsort.o
gcc -O3 -fomit-frame-pointer -Isrc/libdivsufsort/include -Isrc -c src/../src/libdivsufsort/lib/divsufsort_utils.c -o obj/src/libdivsufsort/lib/divsufsort_utils.o
gcc -O3 -fomit-frame-pointer -Isrc/libdivsufsort/include -Isrc -c src/../src/libdivsufsort/lib/sssort.c -o obj/src/libdivsufsort/lib/sssort.o
gcc -O3 -fomit-frame-pointer -Isrc/libdivsufsort/include -Isrc -c src/../src/libdivsufsort/lib/trsort.c -o obj/src/libdivsufsort/lib/trsort.o
#@mkdir -p ../../bin/posix
gcc obj/src/lzsa.o obj/src/dictionary.o obj/src/expand_block_v1.o obj/src/expand_block_v2.o obj/src/expand_context.o obj/src/expand_inmem.o obj/src/expand_streaming.o obj/src/frame.o obj/src/matchfinder.o obj/src/shrink_block_v1.o obj/src/shrink_block_v2.o obj/src/shrink_context.o obj/src/shrink_inmem.o obj/src/shrink_streaming.o obj/src/stream.o obj/src/libdivsufsort/lib/divsufsort.o obj/src/libdivsufsort/lib/divsufsort_utils.o obj/src/libdivsufsort/lib/sssort.o obj/src/libdivsufsort/lib/trsort.o  -o lzsa
cp -p lzsa ../../Linux
make[3]: Verzeichnis „/home/laszlo/zilog/meingithub/RomWBW/Tools/unix/lzsa“ wird verlassen
make[2]: Verzeichnis „/home/laszlo/zilog/meingithub/RomWBW/Tools/unix“ wird verlassen
make[1]: Verzeichnis „/home/laszlo/zilog/meingithub/RomWBW/Tools“ wird verlassen
make --directory Source
+ make --directory Source
make[1]: Verzeichnis „/home/laszlo/zilog/meingithub/RomWBW/Source“ wird betreten
make --directory Prop 
+ make --directory Prop
make[2]: Verzeichnis „/home/laszlo/zilog/meingithub/RomWBW/Source/Prop“ wird betreten
+ for dir in Spin
+ make --directory Spin
make[3]: Verzeichnis „/home/laszlo/zilog/meingithub/RomWBW/Source/Prop/Spin“ wird betreten
../../../Tools/Linux/openspin -e PropIO.spin
+ ../../../Tools/Linux/openspin -e PropIO.spin
Propeller Spin/PASM Compiler 'OpenSpin' (c)2012-2018 Parallax Inc. DBA Parallax Semiconductor.
Version 1.00.81 Compiled on May 18 2024 22:45:14
Compiling...
PropIO.spin
|-AnsiTerm.spin
  |-vgacolour.spin
  |-E555_SPKEngine.spin
|-Keyboard.spin
|-safe_spi.spin
|-Parallax Serial Terminal Null.spin
Done.
Program size is 32768 bytes
../../../Tools/Linux/openspin -e PropIO2.spin
+ ../../../Tools/Linux/openspin -e PropIO2.spin
Propeller Spin/PASM Compiler 'OpenSpin' (c)2012-2018 Parallax Inc. DBA Parallax Semiconductor.
Version 1.00.81 Compiled on May 18 2024 22:45:14
Compiling...
PropIO2.spin
|-AnsiTerm.spin
  |-vgacolour.spin
  |-E555_SPKEngine.spin
|-Keyboard.spin
|-safe_spi.spin
|-Parallax Serial Terminal Null.spin
Done.
Program size is 32768 bytes
../../../Tools/Linux/openspin -e ParPortProp.spin
+ ../../../Tools/Linux/openspin -e ParPortProp.spin
Propeller Spin/PASM Compiler 'OpenSpin' (c)2012-2018 Parallax Inc. DBA Parallax Semiconductor.
Version 1.00.81 Compiled on May 18 2024 22:45:14
Compiling...
ParPortProp.spin
|-AnsiTerm.spin
  |-vgacolour.spin
  |-E555_SPKEngine.spin
|-Keyboard.spin
|-safe_spi.spin
|-Parallax Serial Terminal Null.spin
|-FullDuplexSerial.spin
Done.
Program size is 32768 bytes
+ rm -f /tmp/casefn.cache
+ '[' ../../../Binary ']'
+ '[' 'PropIO.eeprom PropIO2.eeprom ParPortProp.eeprom' ']'
+ for file in PropIO.eeprom PropIO2.eeprom ParPortProp.eeprom
+ mkdir -p ../../../Binary
+ echo Copying PropIO.eeprom to ../../../Binary
Copying PropIO.eeprom to ../../../Binary
++ ../../../Tools/unix/casefn.sh PropIO.eeprom
+ cp ./PropIO.eeprom ../../../Binary
+ for file in PropIO.eeprom PropIO2.eeprom ParPortProp.eeprom
+ mkdir -p ../../../Binary
+ echo Copying PropIO2.eeprom to ../../../Binary
Copying PropIO2.eeprom to ../../../Binary
++ ../../../Tools/unix/casefn.sh PropIO2.eeprom
+ cp ./PropIO2.eeprom ../../../Binary
+ for file in PropIO.eeprom PropIO2.eeprom ParPortProp.eeprom
+ mkdir -p ../../../Binary
+ echo Copying ParPortProp.eeprom to ../../../Binary
Copying ParPortProp.eeprom to ../../../Binary
++ ../../../Tools/unix/casefn.sh ParPortProp.eeprom
+ cp ./ParPortProp.eeprom ../../../Binary
+ '[' '' ']'
make[3]: Verzeichnis „/home/laszlo/zilog/meingithub/RomWBW/Source/Prop/Spin“ wird verlassen
+ rm -f /tmp/casefn.cache
+ '[' '' ']'
+ '[' '' ']'
make[2]: Verzeichnis „/home/laszlo/zilog/meingithub/RomWBW/Source/Prop“ wird verlassen
make --directory HDIAG 
make --directory CBIOS 
make --directory CPM22 
make --directory QPM 
make --directory ZCPR 
make --directory ZCPR-DJ 
make --directory ZSDOS 
make --directory CPM3 
make --directory ZPM3 
make --directory CPNET 
make --directory pSys 
make --directory Apps 
make --directory Forth 
make --directory TastyBasic 
make --directory Fonts 
make --directory RomDsk 
+ make --directory HDIAG
make[2]: Verzeichnis „/home/laszlo/zilog/meingithub/RomWBW/Source/HDIAG“ wird betreten
../../Tools/Linux/uz80as -t z80 -t hd64180 -dAPPBOOT hdiag.asm hdiag.com hdiag.com.lst
+ ../../Tools/Linux/uz80as -t z80 -t hd64180 -dAPPBOOT hdiag.asm hdiag.com hdiag.com.lst
../../Tools/Linux/uz80as -t z80 -t hd64180 -dROMBOOT hdiag.asm hdiag.rom hdiag.rom.lst
+ ../../Tools/Linux/uz80as -t z80 -t hd64180 -dROMBOOT hdiag.asm hdiag.rom hdiag.rom.lst
+ rm -f /tmp/casefn.cache
+ '[' ../../Binary ']'
+ '[' 'hdiag.com hdiag.rom' ']'
+ for file in hdiag.com hdiag.rom
+ mkdir -p ../../Binary
+ echo Copying hdiag.com to ../../Binary
Copying hdiag.com to ../../Binary
++ ../../Tools/unix/casefn.sh hdiag.com
+ cp ./hdiag.com ../../Binary
+ for file in hdiag.com hdiag.rom
+ mkdir -p ../../Binary
+ echo Copying hdiag.rom to ../../Binary
Copying hdiag.rom to ../../Binary
++ ../../Tools/unix/casefn.sh hdiag.rom
+ cp ./hdiag.rom ../../Binary
+ '[' '' ']'
make[2]: Verzeichnis „/home/laszlo/zilog/meingithub/RomWBW/Source/HDIAG“ wird verlassen
+ make --directory CBIOS
make[2]: Verzeichnis „/home/laszlo/zilog/meingithub/RomWBW/Source/CBIOS“ wird betreten
../../Tools/Linux/uz80as -t z80 -dPLTWBW cbios.asm cbios_wbw.bin cbios_wbw.lst
+ ../../Tools/Linux/uz80as -t z80 -dPLTWBW cbios.asm cbios_wbw.bin cbios_wbw.lst
CBIOS extension info occupies 6 bytes.
UTIL occupies 525 bytes.
INIT code slack space: 2142 bytes.
HEAP space: 3982 bytes.
CBIOS total space used: 6144 bytes.
../../Tools/Linux/uz80as -t z80 -dPLTUNA cbios.asm cbios_una.bin cbios_una.lst
+ ../../Tools/Linux/uz80as -t z80 -dPLTUNA cbios.asm cbios_una.bin cbios_una.lst
CBIOS extension info occupies 6 bytes.
UTIL occupies 525 bytes.
INIT code slack space: 1989 bytes.
HEAP space: 3833 bytes.
CBIOS total space used: 6400 bytes.
+ rm -f /tmp/casefn.cache
+ '[' '' ']'
+ '[' '' ']'
make[2]: Verzeichnis „/home/laszlo/zilog/meingithub/RomWBW/Source/CBIOS“ wird verlassen
+ make --directory CPM22
make[2]: Verzeichnis „/home/laszlo/zilog/meingithub/RomWBW/Source/CPM22“ wird betreten
../../Tools/Linux/zxcc ../../Tools/cpm/bin80//MAC -CCP.ASM -$PO
../../Tools/Linux/zxcc ../../Tools/cpm/bin80//MLOAD25 -tmp.bin=CCP.hex
mv tmp.bin CCP.bin
rm -f /tmp/casefn.cache
rm -f $(../../Tools/unix/casefn.sh CCP.hex)
+ ../../Tools/Linux/zxcc ../../Tools/cpm/bin80//MAC -CCP.ASM -
CP/M MACRO ASSEM 2.0
D7F2
00BH USE FACTOR
END OF ASSEMBLY

+ ../../Tools/Linux/zxcc ../../Tools/cpm/bin80//MLOAD25 -tmp.bin=CCP.hex
MLOAD v25  Copyright (c) 1983, 1984, 1985, 1988
by NightOwl Software, Inc.
Loaded 1887 bytes (075FH) to file P0:TMP.BIN
Start address: D000H  Ending address: D7BAH  Bias: 0000H
Saved image size: 2048 bytes (0800H, - 16 records)

++ Warning: program origin NOT at 100H ++

+ mv tmp.bin CCP.bin
+ rm -f /tmp/casefn.cache
++ ../../Tools/unix/casefn.sh CCP.hex
+ rm -f ./ccp.hex
../../Tools/Linux/zxcc ../../Tools/cpm/bin80//MAC -BDOS.ASM -$PO
../../Tools/Linux/zxcc ../../Tools/cpm/bin80//MLOAD25 -tmp.bin=BDOS.hex
mv tmp.bin BDOS.bin
rm -f /tmp/casefn.cache
rm -f $(../../Tools/unix/casefn.sh BDOS.hex)
+ ../../Tools/Linux/zxcc ../../Tools/cpm/bin80//MAC -BDOS.ASM -
CP/M MACRO ASSEM 2.0
E5EE
017H USE FACTOR
END OF ASSEMBLY

+ ../../Tools/Linux/zxcc ../../Tools/cpm/bin80//MLOAD25 -tmp.bin=BDOS.hex
MLOAD v25  Copyright (c) 1983, 1984, 1985, 1988
by NightOwl Software, Inc.
Loaded 3453 bytes (0D7DH) to file P0:TMP.BIN
Start address: D800H  Ending address: E5B2H  Bias: 0000H
Saved image size: 3584 bytes (0E00H, - 28 records)

++ Warning: program origin NOT at 100H ++

+ mv tmp.bin BDOS.bin
+ rm -f /tmp/casefn.cache
++ ../../Tools/unix/casefn.sh BDOS.hex
+ rm -f ./bdos.hex
../../Tools/Linux/zxcc ../../Tools/cpm/bin80//MAC -CCP22.ASM -$PO
../../Tools/Linux/zxcc ../../Tools/cpm/bin80//MLOAD25 -tmp.bin=CCP22.hex
mv tmp.bin CCP22.bin
rm -f /tmp/casefn.cache
rm -f $(../../Tools/unix/casefn.sh CCP22.hex)
+ ../../Tools/Linux/zxcc ../../Tools/cpm/bin80//MAC -CCP22.ASM -
CP/M MACRO ASSEM 2.0
D7F2
008H USE FACTOR
END OF ASSEMBLY

+ ../../Tools/Linux/zxcc ../../Tools/cpm/bin80//MLOAD25 -tmp.bin=CCP22.hex
MLOAD v25  Copyright (c) 1983, 1984, 1985, 1988
by NightOwl Software, Inc.
Loaded 1906 bytes (0772H) to file P0:TMP.BIN
Start address: D000H  Ending address: D7CCH  Bias: 0000H
Saved image size: 2048 bytes (0800H, - 16 records)

++ Warning: program origin NOT at 100H ++

+ mv tmp.bin CCP22.bin
+ rm -f /tmp/casefn.cache
++ ../../Tools/unix/casefn.sh CCP22.hex
+ rm -f ./ccp22.hex
../../Tools/Linux/zxcc ../../Tools/cpm/bin80//MAC -BDOS22.ASM -$PO
../../Tools/Linux/zxcc ../../Tools/cpm/bin80//MLOAD25 -tmp.bin=BDOS22.hex
mv tmp.bin BDOS22.bin
rm -f /tmp/casefn.cache
rm -f $(../../Tools/unix/casefn.sh BDOS22.hex)
+ ../../Tools/Linux/zxcc ../../Tools/cpm/bin80//MAC -BDOS22.ASM -
CP/M MACRO ASSEM 2.0
E633
012H USE FACTOR
END OF ASSEMBLY

+ ../../Tools/Linux/zxcc ../../Tools/cpm/bin80//MLOAD25 -tmp.bin=BDOS22.hex
MLOAD v25  Copyright (c) 1983, 1984, 1985, 1988
by NightOwl Software, Inc.
Loaded 3518 bytes (0DBEH) to file P0:TMP.BIN
Start address: D800H  Ending address: E5EDH  Bias: 0000H
Saved image size: 3584 bytes (0E00H, - 28 records)

++ Warning: program origin NOT at 100H ++

+ mv tmp.bin BDOS22.bin
+ rm -f /tmp/casefn.cache
++ ../../Tools/unix/casefn.sh BDOS22.hex
+ rm -f ./bdos22.hex
../../Tools/Linux/zxcc ../../Tools/cpm/bin80//MAC -OS2CCP.ASM -$PO
../../Tools/Linux/zxcc ../../Tools/cpm/bin80//MLOAD25 -tmp.bin=OS2CCP.hex
mv tmp.bin OS2CCP.bin
rm -f /tmp/casefn.cache
rm -f $(../../Tools/unix/casefn.sh OS2CCP.hex)
+ ../../Tools/Linux/zxcc ../../Tools/cpm/bin80//MAC -OS2CCP.ASM -
CP/M MACRO ASSEM 2.0

D7F2
00BH USE FACTOR
END OF ASSEMBLY

+ ../../Tools/Linux/zxcc ../../Tools/cpm/bin80//MLOAD25 -tmp.bin=OS2CCP.hex
MLOAD v25  Copyright (c) 1983, 1984, 1985, 1988
by NightOwl Software, Inc.
Loaded 1887 bytes (075FH) to file P0:TMP.BIN
Start address: D000H  Ending address: D7BAH  Bias: 0000H
Saved image size: 2048 bytes (0800H, - 16 records)

++ Warning: program origin NOT at 100H ++

+ mv tmp.bin OS2CCP.bin
+ rm -f /tmp/casefn.cache
++ ../../Tools/unix/casefn.sh OS2CCP.hex
+ rm -f ./os2ccp.hex
../../Tools/Linux/zxcc ../../Tools/cpm/bin80//MAC -OS3BDOS.ASM -$PO
../../Tools/Linux/zxcc ../../Tools/cpm/bin80//MLOAD25 -tmp.bin=OS3BDOS.hex
mv tmp.bin OS3BDOS.bin
rm -f /tmp/casefn.cache
rm -f $(../../Tools/unix/casefn.sh OS3BDOS.hex)
+ ../../Tools/Linux/zxcc ../../Tools/cpm/bin80//MAC -OS3BDOS.ASM -
CP/M MACRO ASSEM 2.0
E5EE
017H USE FACTOR
END OF ASSEMBLY

+ ../../Tools/Linux/zxcc ../../Tools/cpm/bin80//MLOAD25 -tmp.bin=OS3BDOS.hex
MLOAD v25  Copyright (c) 1983, 1984, 1985, 1988
by NightOwl Software, Inc.
Loaded 3453 bytes (0D7DH) to file P0:TMP.BIN
Start address: D800H  Ending address: E5B2H  Bias: 0000H
Saved image size: 3584 bytes (0E00H, - 28 records)

++ Warning: program origin NOT at 100H ++

+ mv tmp.bin OS3BDOS.bin
+ rm -f /tmp/casefn.cache
++ ../../Tools/unix/casefn.sh OS3BDOS.hex
+ rm -f ./os3bdos.hex
../../Tools/Linux/uz80as -t z80  ccpb03.asm ccpb03.bin ccpb03.lst
+ ../../Tools/Linux/uz80as -t z80 ccpb03.asm ccpb03.bin ccpb03.lst
../../Tools/Linux/uz80as -t z80  bdosb01.asm bdosb01.bin bdosb01.lst
+ ../../Tools/Linux/uz80as -t z80 bdosb01.asm bdosb01.bin bdosb01.lst
../../Tools/Linux/uz80as -t z80  loader.asm loader.bin loader.lst
+ ../../Tools/Linux/uz80as -t z80 loader.asm loader.bin loader.lst
cat OS2CCP.bin OS3BDOS.bin ../CBIOS/cbios_wbw.bin > cpm_wbw.bin
+ cat OS2CCP.bin OS3BDOS.bin ../CBIOS/cbios_wbw.bin
cat loader.bin cpm_wbw.bin > cpm_wbw.sys
+ cat loader.bin cpm_wbw.bin
cat OS2CCP.bin OS3BDOS.bin ../CBIOS/cbios_una.bin > cpm_una.bin
+ cat OS2CCP.bin OS3BDOS.bin ../CBIOS/cbios_una.bin
cat loader.bin cpm_una.bin > cpm_una.sys
+ cat loader.bin cpm_una.bin
+ rm -f /tmp/casefn.cache
+ '[' '' ']'
+ '[' '' ']'
make[2]: Verzeichnis „/home/laszlo/zilog/meingithub/RomWBW/Source/CPM22“ wird verlassen
+ make --directory QPM
make[2]: Verzeichnis „/home/laszlo/zilog/meingithub/RomWBW/Source/QPM“ wird betreten
../../Tools/Linux/uz80as -t z80  loader.asm loader.bin loader.lst
+ ../../Tools/Linux/uz80as -t z80 loader.asm loader.bin loader.lst
cat qcp27.dat qdos27.dat ../CBIOS/cbios_wbw.bin > qpm_wbw.bin
+ cat qcp27.dat qdos27.dat ../CBIOS/cbios_wbw.bin
cat loader.bin qpm_wbw.bin > qpm_wbw.sys
+ cat loader.bin qpm_wbw.bin
cat qcp27.dat qdos27.dat ../CBIOS/cbios_una.bin > qpm_una.bin
+ cat qcp27.dat qdos27.dat ../CBIOS/cbios_una.bin
cat loader.bin qpm_una.bin > qpm_una.sys
+ cat loader.bin qpm_una.bin
+ rm -f /tmp/casefn.cache
+ '[' '' ']'
+ '[' '' ']'
make[2]: Verzeichnis „/home/laszlo/zilog/meingithub/RomWBW/Source/QPM“ wird verlassen
+ make --directory ZCPR
make[2]: Verzeichnis „/home/laszlo/zilog/meingithub/RomWBW/Source/ZCPR“ wird betreten
../../Tools/Linux/zxcc MAC -zcpr.asm -$PO
../../Tools/Linux/zxcc MLOAD25 -zcpr.bin=zcpr.hex
+ ../../Tools/Linux/zxcc MAC -zcpr.asm -
CP/M MACRO ASSEM 2.0
D7EF
00EH USE FACTOR
END OF ASSEMBLY

+ ../../Tools/Linux/zxcc MLOAD25 -zcpr.bin=zcpr.hex
MLOAD v25  Copyright (c) 1983, 1984, 1985, 1988
by NightOwl Software, Inc.
Loaded 1888 bytes (0760H) to file P0:ZCPR.BIN
Start address: D000H  Ending address: D7EEH  Bias: 0000H
Saved image size: 2048 bytes (0800H, - 16 records)

++ Warning: program origin NOT at 100H ++

+ '[' '' = 1 ']'
+ ../../Tools/Linux/zxcc ../../Tools/cpm/bin80//MAC -bdloc.asm -
CP/M MACRO ASSEM 2.0
01B3
000H USE FACTOR
END OF ASSEMBLY

+ ../../Tools/Linux/zxcc ../../Tools/cpm/bin80//MLOAD25 -tmp.bin=bdloc.hex
MLOAD v25  Copyright (c) 1983, 1984, 1985, 1988
by NightOwl Software, Inc.
Loaded 179 bytes (00B3H) to file P0:TMP.BIN
Start address: 0100H  Ending address: 01B2H  Bias: 0000H
Saved image size: 256 bytes (0100H, - 2 records)

+ mv tmp.bin bdloc.com
+ rm -f /tmp/casefn.cache
++ ../../Tools/unix/casefn.sh bdloc.hex
+ rm -f ./bdloc.hex
+ rm -f /tmp/casefn.cache
+ '[' '' ']'
+ '[' '' ']'
make[2]: Verzeichnis „/home/laszlo/zilog/meingithub/RomWBW/Source/ZCPR“ wird verlassen
+ make --directory ZCPR-DJ
make[2]: Verzeichnis „/home/laszlo/zilog/meingithub/RomWBW/Source/ZCPR-DJ“ wird betreten
../../Tools/Linux/zxcc ../../Tools/cpm/bin80//M80 -=zcpr
+ ../../Tools/Linux/zxcc ../../Tools/cpm/bin80//M80 -=zcpr

No Fatal error(s)

../../Tools/Linux/zxcc L80 -zcpr,zcpr.bin/n/e
+ ../../Tools/Linux/zxcc L80 -zcpr,zcpr.bin/n/e

Link-80  3.44  09-Dec-81  Copyright (c) 1981 Microsoft

Data	0100	08FF	< 2047>

51771 Bytes Free
[0000	08FF	    8]

../../Tools/Linux/zxcc ../../Tools/cpm/bin80//M80 -=zcprdemo
+ ../../Tools/Linux/zxcc ../../Tools/cpm/bin80//M80 -=zcprdemo

No Fatal error(s)

../../Tools/Linux/zxcc L80 -zcprdemo,zcprdemo/n/e
+ ../../Tools/Linux/zxcc L80 -zcprdemo,zcprdemo/n/e

Link-80  3.44  09-Dec-81  Copyright (c) 1981 Microsoft

Data	0100	091A	< 2074>

51744 Bytes Free
[0000	091A	    9]

+ rm -f /tmp/casefn.cache
+ '[' '' ']'
+ '[' '' ']'
make[2]: Verzeichnis „/home/laszlo/zilog/meingithub/RomWBW/Source/ZCPR-DJ“ wird verlassen
+ make --directory ZSDOS
make[2]: Verzeichnis „/home/laszlo/zilog/meingithub/RomWBW/Source/ZSDOS“ wird betreten
../../Tools/Linux/zxcc ZMAC -zsdos.z80 -/P
+ ../../Tools/Linux/zxcc ZMAC -zsdos.z80 -/P


ZMAC Relocating Macro Assembler v 1.7, 04/09/93
  Copyright 1988,1989 by A.E. Hawley
  Pass 1 | / - \ | / - \ | / - \ | / - \ | / - \ | / - \ | / - \ | / - \ | / - \ | / - \ | / - \ | / - \ | / - \ | / - \ | / - \ | / - \ | / - \ | / - \ | / - \ | / - \ | / - \ | / - \ | / - \ | / - \ | / - \ | / - \  Pass 2 | / - \ | / - \ | / - \ | / - \ | / - \ | / - \ | / - \ | / - \ | / - \ | / - \ | / - \ | / - \ | / - \ | / - \ | / - \ | / - \ | / - \ | / - \ | / - \ | / - \ | / - \ | / - \ | / - \ | / - \ | / - \ | / - \ |          

      P0:ZSDOS.Z80      assembled with   NO ERRORS                      

..To produce:                                                               

P0:ZSDOS.REL, P0:ZSDOS.PRN                                                  

Source Lines    3345          Unused Memory   7995H                          
Labels           429          Total Code Size 0DF6H                          
Macros  -Read   none                                                         
    -Expanded   none                                                        

               ===  SEGMENT SIZES  ===                                      

ASEG    =empty   CSEG    =0DF6H   DSEG    =empty   BLANK   =empty           

 Named COMMON segments                                                      

_BIOS_           
../../Tools/Linux/zxcc LINK -zsdos.bin=zsdos.rel[LD800]
+ ../../Tools/Linux/zxcc LINK '-zsdos.bin=zsdos.rel[LD800]'
LINK 1.31

/_BIOS_/ E600   

ABSOLUTE     0000
CODE SIZE    0E00 (D800-E5FF)
DATA SIZE    0000
COMMON SIZE  0000
USE FACTOR     1C

cat ../ZCPR-DJ/zcpr.bin zsdos.bin ../CBIOS/cbios_wbw.bin > zsys_wbw.bin
+ cat ../ZCPR-DJ/zcpr.bin zsdos.bin ../CBIOS/cbios_wbw.bin
../../Tools/Linux/uz80as -t z80  loader.asm loader.bin loader.lst
+ ../../Tools/Linux/uz80as -t z80 loader.asm loader.bin loader.lst
cat loader.bin zsys_wbw.bin > zsys_wbw.sys
+ cat loader.bin zsys_wbw.bin
cat ../ZCPR-DJ/zcpr.bin zsdos.bin ../CBIOS/cbios_una.bin > zsys_una.bin
+ cat ../ZCPR-DJ/zcpr.bin zsdos.bin ../CBIOS/cbios_una.bin
cat loader.bin zsys_una.bin > zsys_una.sys
+ cat loader.bin zsys_una.bin
+ rm -f /tmp/casefn.cache
+ '[' '' ']'
+ '[' '' ']'
rm loader.bin
make[2]: Verzeichnis „/home/laszlo/zilog/meingithub/RomWBW/Source/ZSDOS“ wird verlassen
+ make --directory CPM3
make[2]: Verzeichnis „/home/laszlo/zilog/meingithub/RomWBW/Source/CPM3“ wird betreten
cp optcmd.lib ldropts.lib	
../../Tools/Linux/zxcc Z80ASM -BIOSLDR/MF
mv biosldr.rel biosldrc.rel
+ cp optcmd.lib ldropts.lib
+ ../../Tools/Linux/zxcc Z80ASM -BIOSLDR/MF

Z80ASM Copyright (C) 1983-86 by SLR Systems Rel. 1.32 #AB1234

 BIOSLDR/MF
End of file Pass 1
End of file Pass 2
 0 Error(s) Detected. 1201 Program Bytes.
 145 Symbols Detected.


+ mv biosldr.rel biosldrc.rel
../../Tools/Linux/zxcc ../../Tools/cpm/bin80//RMAC -cpmldr.asm
+ ../../Tools/Linux/zxcc ../../Tools/cpm/bin80//RMAC -cpmldr.asm
CP/M RMAC ASSEM 1.1
0A00
015H USE FACTOR
END OF ASSEMBLY

../../Tools/Linux/zxcc ../../Tools/cpm/bin80//Z80ASM -util/MF
+ ../../Tools/Linux/zxcc ../../Tools/cpm/bin80//Z80ASM -util/MF

Z80ASM Copyright (C) 1983-86 by SLR Systems Rel. 1.32 #AB1234

 util/MF
End of file Pass 1
End of file Pass 2
 0 Error(s) Detected. 136 Program Bytes.
 12 Symbols Detected.


../../Tools/Linux/zxcc LINK -CPMLDRC[L100]=CPMLDR,BIOSLDRC,UTIL
mv cpmldrc.com cpmldr.com
+ ../../Tools/Linux/zxcc LINK '-CPMLDRC[L100]=CPMLDR,BIOSLDRC,UTIL'
LINK 1.31

CIN      0FE9   COUT     0FF5   ADDHLA   0FB1   BCD2BIN  1013   
BIN2BCD  1026   CRLF     1006   CRLF2    1003   PHEX16   0FB6   
PHEX8    0FC1   

ABSOLUTE     0000
CODE SIZE    0F39 (0100-1038)
DATA SIZE    0000
COMMON SIZE  0000
USE FACTOR     1F

+ mv cpmldrc.com cpmldr.com
../../Tools/Linux/uz80as -t z80  loader.asm loader.bin loader.lst
+ ../../Tools/Linux/uz80as -t z80 loader.asm loader.bin loader.lst
cp optdsk.lib ldropts.lib	
../../Tools/Linux/zxcc Z80ASM -BIOSLDR/MF
mv biosldr.rel biosldrd.rel
+ cp optdsk.lib ldropts.lib
+ ../../Tools/Linux/zxcc Z80ASM -BIOSLDR/MF

Z80ASM Copyright (C) 1983-86 by SLR Systems Rel. 1.32 #AB1234

 BIOSLDR/MF
End of file Pass 1
End of file Pass 2
 0 Error(s) Detected. 1125 Program Bytes.
 142 Symbols Detected.


+ mv biosldr.rel biosldrd.rel
../../Tools/Linux/zxcc LINK -CPMLDRD[L100]=CPMLDR,BIOSLDRD,UTIL
mv cpmldrd.com cpmldr.bin
+ ../../Tools/Linux/zxcc LINK '-CPMLDRD[L100]=CPMLDR,BIOSLDRD,UTIL'
LINK 1.31

COUT     0FA9   ADDHLA   0F65   BCD2BIN  0FC7   BIN2BCD  0FDA   
CIN      0F9D   CRLF     0FBA   CRLF2    0FB7   PHEX16   0F6A   
PHEX8    0F75   

ABSOLUTE     0000
CODE SIZE    0EED (0100-0FEC)
DATA SIZE    0000
COMMON SIZE  0000
USE FACTOR     1E

+ mv cpmldrd.com cpmldr.bin
cat loader.bin cpmldr.bin > cpmldr.sys
+ cat loader.bin cpmldr.bin
make biosclean
cp optres.lib options.lib
cp genres.dat gencpm.dat
make OBJECTS=bios3.spr
../../Tools/Linux/zxcc gencpm -auto -display
mv cpm3.sys cpm3res.sys
rm gencpm.dat
+ make biosclean
make[3]: Verzeichnis „/home/laszlo/zilog/meingithub/RomWBW/Source/CPM3“ wird betreten
+ rm -f bioskrnl.rel scb.rel boot.rel chario.rel move.rel drvtbl.rel diskio.rel util.rel
make[3]: Verzeichnis „/home/laszlo/zilog/meingithub/RomWBW/Source/CPM3“ wird verlassen
+ cp optres.lib options.lib
+ cp genres.dat gencpm.dat
+ make OBJECTS=bios3.spr
make[3]: Verzeichnis „/home/laszlo/zilog/meingithub/RomWBW/Source/CPM3“ wird betreten
../../Tools/Linux/zxcc ../../Tools/cpm/bin80//RMAC -bioskrnl.asm
+ ../../Tools/Linux/zxcc ../../Tools/cpm/bin80//RMAC -bioskrnl.asm
CP/M RMAC ASSEM 1.1
023E
00AH USE FACTOR
END OF ASSEMBLY

../../Tools/Linux/zxcc ../../Tools/cpm/bin80//RMAC -scb.asm
+ ../../Tools/Linux/zxcc ../../Tools/cpm/bin80//RMAC -scb.asm
CP/M RMAC ASSEM 1.1
0000
002H USE FACTOR
END OF ASSEMBLY

../../Tools/Linux/zxcc ../../Tools/cpm/bin80//Z80ASM -boot/MF
+ ../../Tools/Linux/zxcc ../../Tools/cpm/bin80//Z80ASM -boot/MF

Z80ASM Copyright (C) 1983-86 by SLR Systems Rel. 1.32 #AB1234

 boot/MF
End of file Pass 1
End of file Pass 2
 0 Error(s) Detected. 654 Program Bytes. 317 Data Bytes.
 126 Symbols Detected.


../../Tools/Linux/zxcc ../../Tools/cpm/bin80//Z80ASM -chario/MF
+ ../../Tools/Linux/zxcc ../../Tools/cpm/bin80//Z80ASM -chario/MF

Z80ASM Copyright (C) 1983-86 by SLR Systems Rel. 1.32 #AB1234

 chario/MF
End of file Pass 1
End of file Pass 2
 0 Error(s) Detected. 128 Program Bytes.
 28 Symbols Detected.


../../Tools/Linux/zxcc ../../Tools/cpm/bin80//Z80ASM -move/MF
+ ../../Tools/Linux/zxcc ../../Tools/cpm/bin80//Z80ASM -move/MF

Z80ASM Copyright (C) 1983-86 by SLR Systems Rel. 1.32 #AB1234

 move/MF
End of file Pass 1
End of file Pass 2
 0 Error(s) Detected. 79 Program Bytes.
 13 Symbols Detected.


../../Tools/Linux/zxcc ../../Tools/cpm/bin80//Z80ASM -drvtbl/MF
+ ../../Tools/Linux/zxcc ../../Tools/cpm/bin80//Z80ASM -drvtbl/MF

Z80ASM Copyright (C) 1983-86 by SLR Systems Rel. 1.32 #AB1234

 drvtbl/MF
End of file Pass 1
End of file Pass 2
 0 Error(s) Detected. 32 Program Bytes.
 22 Symbols Detected.


../../Tools/Linux/zxcc ../../Tools/cpm/bin80//Z80ASM -diskio/MF
+ ../../Tools/Linux/zxcc ../../Tools/cpm/bin80//Z80ASM -diskio/MF

Z80ASM Copyright (C) 1983-86 by SLR Systems Rel. 1.32 #AB1234

 diskio/MF
End of file Pass 1
End of file Pass 2
 0 Error(s) Detected. 188 Program Bytes. 1872 Data Bytes.
 119 Symbols Detected.


../../Tools/Linux/zxcc ../../Tools/cpm/bin80//Z80ASM -util/MF
+ ../../Tools/Linux/zxcc ../../Tools/cpm/bin80//Z80ASM -util/MF

Z80ASM Copyright (C) 1983-86 by SLR Systems Rel. 1.32 #AB1234

 util/MF
End of file Pass 1
End of file Pass 2
 0 Error(s) Detected. 136 Program Bytes.
 12 Symbols Detected.


../../Tools/Linux/zxcc LINK -bios3[OS]=bioskrnl,scb,boot,chario,move,drvtbl,diskio,util
+ ../../Tools/Linux/zxcc LINK '-bios3[OS]=bioskrnl,scb,boot,chario,move,drvtbl,diskio,util'
LINK 1.31

@ADRV    07F1   @RDRV    07F2   @TRK     07F3   @SECT    07F5   
@DMA     07F7   @DBNK    07FA   @CNT     07F9   @CBNK    023D   
@COVEC   FE24   @CIVEC   FE22   @AOVEC   FE28   @AIVEC   FE26   
@LOVEC   FE2A   @MXTPA   FE62   @BNKBF   FE35   @CTBL    04EB   
@DTBL    059B   @CRDMA   FE3C   @CRDSK   FE3E   @VINFO   FE3F   
@RESEL   FE41   @FX      FE43   @USRCD   FE44   @MLTIO   FE4A   
@ERMDE   FE4B   @ERDSK   FE51   @MEDIA   FE54   @BFLGS   FE57   
@DATE    FE58   @HOUR    FE5A   @MIN     FE5B   @SEC     FE5C   
@CCPDR   FE13   @SRCH1   FE4C   @SRCH2   FE4D   @SRCH3   FE4E   
@SRCH4   FE4F   @BOOTDU  04A2   @BOOTSL  04A3   @HBBIO   0597   
ADDHLA   0677   BCD2BIN  06D9   BIN2BCD  06EC   DPH0     0942   
@HBUSR   0595   DPH1     0969   DPH10    0AC8   DPH11    0AEF   
DPH12    0B16   DPH13    0B3D   DPH14    0B64   DPH15    0B8B   
DPH2     0990   DPH3     09B7   DPH4     09DE   DPH5     0A05   
DPH6     0A2C   DPH7     0A53   DPH8     0A7A   DPH9     0AA1   
@SYSDR   0676   CIN      06AF   COUT     06BB   CRLF     06CC   
CRLF2    06C9   PHEX16   067C   PHEX8    0687   

ABSOLUTE     0000
CODE SIZE    06FF (0000-06FE)
DATA SIZE    0989 (06FF-1087)
COMMON SIZE  0000
USE FACTOR     22

+ rm -f /tmp/casefn.cache
+ '[' ../../Binary/CPM3 ']'
+ '[' bios3.spr ']'
+ for file in bios3.spr
+ mkdir -p ../../Binary/CPM3
+ echo Copying bios3.spr to ../../Binary/CPM3
Copying bios3.spr to ../../Binary/CPM3
++ ../../Tools/unix/casefn.sh bios3.spr
+ cp ./bios3.spr ../../Binary/CPM3
+ '[' '' ']'
make[3]: Verzeichnis „/home/laszlo/zilog/meingithub/RomWBW/Source/CPM3“ wird verlassen
+ ../../Tools/Linux/zxcc gencpm -auto -display


CP/M 3.0 System Generation
Copyright (C) 1982, Digital Research

Default entries are shown in (parens).
Default base is Hex, precede entry with # for decimal

Use GENCPM.DAT for defaults (Y) ? 

Create a new GENCPM.DAT file (N) ? 

Display Load Map at Cold Boot (Y) ? 

Number of console columns (#80) ? 
Number of lines in console page (#24) ? 
Backspace echoes erased character (N) ? 
Rubout echoes erased character (N) ? 

Initial default drive (A:) ? 

Top page of memory (FD) ? 
Bank switched memory (N) ? 

Double allocation vectors (N) ? 

Accept new system definition (Y) ? 

Setting up Allocation vector for drive A:
Setting up Checksum vector for drive A:
Setting up Allocation vector for drive B:
Setting up Checksum vector for drive B:
Setting up Allocation vector for drive C:
Setting up Checksum vector for drive C:
Setting up Allocation vector for drive D:
Setting up Checksum vector for drive D:
Setting up Allocation vector for drive E:
Setting up Checksum vector for drive E:
Setting up Allocation vector for drive F:
Setting up Checksum vector for drive F:
Setting up Allocation vector for drive G:
Setting up Checksum vector for drive G:
Setting up Allocation vector for drive H:
Setting up Checksum vector for drive H:
Setting up Allocation vector for drive I:
Setting up Checksum vector for drive I:
Setting up Allocation vector for drive J:
Setting up Checksum vector for drive J:
Setting up Allocation vector for drive K:
Setting up Checksum vector for drive K:
Setting up Allocation vector for drive L:
Setting up Checksum vector for drive L:
Setting up Allocation vector for drive M:
Setting up Checksum vector for drive M:
Setting up Allocation vector for drive N:
Setting up Checksum vector for drive N:
Setting up Allocation vector for drive O:
Setting up Checksum vector for drive O:
Setting up Allocation vector for drive P:
Setting up Checksum vector for drive P:

Setting up directory hash tables:
 Enable hashing for drive A: (N) ? 
 Enable hashing for drive B: (N) ? 
 Enable hashing for drive C: (N) ? 
 Enable hashing for drive D: (N) ? 
 Enable hashing for drive E: (N) ? 
 Enable hashing for drive F: (N) ? 
 Enable hashing for drive G: (N) ? 
 Enable hashing for drive H: (N) ? 
 Enable hashing for drive I: (N) ? 
 Enable hashing for drive J: (N) ? 
 Enable hashing for drive K: (N) ? 
 Enable hashing for drive L: (N) ? 
 Enable hashing for drive M: (N) ? 
 Enable hashing for drive N: (N) ? 
 Enable hashing for drive O: (N) ? 
 Enable hashing for drive P: (N) ? 

Setting up Blocking/Deblocking buffers:

The physical record size is 0200H:

     Available space in 256 byte pages:
     TPA = 00AEH

     *** Directory buffer required  ***
     *** and allocated for drive A: ***

     Available space in 256 byte pages:
     TPA = 00ABH

     *** Data buffer required and ***
     *** allocated for drive A:   ***

     Available space in 256 byte pages:
     TPA = 00A9H

               Overlay Directory buffer for drive B: (Y) ? 
               Share buffer(s) with which drive (A:) ? 

     Available space in 256 byte pages:
     TPA = 00A9H

               Overlay Data buffer for drive B: (Y) ? 
               Share buffer(s) with which drive (A:) ? 

     Available space in 256 byte pages:
     TPA = 00A9H

               Overlay Directory buffer for drive C: (Y) ? 
               Share buffer(s) with which drive (A:) ? 

     Available space in 256 byte pages:
     TPA = 00A9H

               Overlay Data buffer for drive C: (Y) ? 
               Share buffer(s) with which drive (A:) ? 

     Available space in 256 byte pages:
     TPA = 00A9H

               Overlay Directory buffer for drive D: (Y) ? 
               Share buffer(s) with which drive (A:) ? 

     Available space in 256 byte pages:
     TPA = 00A9H

               Overlay Data buffer for drive D: (Y) ? 
               Share buffer(s) with which drive (A:) ? 

     Available space in 256 byte pages:
     TPA = 00A9H

               Overlay Directory buffer for drive E: (Y) ? 
               Share buffer(s) with which drive (A:) ? 

     Available space in 256 byte pages:
     TPA = 00A9H

               Overlay Data buffer for drive E: (Y) ? 
               Share buffer(s) with which drive (A:) ? 

     Available space in 256 byte pages:
     TPA = 00A9H

               Overlay Directory buffer for drive F: (Y) ? 
               Share buffer(s) with which drive (A:) ? 

     Available space in 256 byte pages:
     TPA = 00A9H

               Overlay Data buffer for drive F: (Y) ? 
               Share buffer(s) with which drive (A:) ? 

     Available space in 256 byte pages:
     TPA = 00A9H

               Overlay Directory buffer for drive G: (Y) ? 
               Share buffer(s) with which drive (A:) ? 

     Available space in 256 byte pages:
     TPA = 00A9H

               Overlay Data buffer for drive G: (Y) ? 
               Share buffer(s) with which drive (A:) ? 

     Available space in 256 byte pages:
     TPA = 00A9H

               Overlay Directory buffer for drive H: (Y) ? 
               Share buffer(s) with which drive (A:) ? 

     Available space in 256 byte pages:
     TPA = 00A9H

               Overlay Data buffer for drive H: (Y) ? 
               Share buffer(s) with which drive (A:) ? 

     Available space in 256 byte pages:
     TPA = 00A9H

               Overlay Directory buffer for drive I: (Y) ? 
               Share buffer(s) with which drive (A:) ? 

     Available space in 256 byte pages:
     TPA = 00A9H

               Overlay Data buffer for drive I: (Y) ? 
               Share buffer(s) with which drive (A:) ? 

     Available space in 256 byte pages:
     TPA = 00A9H

               Overlay Directory buffer for drive J: (Y) ? 
               Share buffer(s) with which drive (A:) ? 

     Available space in 256 byte pages:
     TPA = 00A9H

               Overlay Data buffer for drive J: (Y) ? 
               Share buffer(s) with which drive (A:) ? 

     Available space in 256 byte pages:
     TPA = 00A9H

               Overlay Directory buffer for drive K: (Y) ? 
               Share buffer(s) with which drive (A:) ? 

     Available space in 256 byte pages:
     TPA = 00A9H

               Overlay Data buffer for drive K: (Y) ? 
               Share buffer(s) with which drive (A:) ? 

     Available space in 256 byte pages:
     TPA = 00A9H

               Overlay Directory buffer for drive L: (Y) ? 
               Share buffer(s) with which drive (A:) ? 

     Available space in 256 byte pages:
     TPA = 00A9H

               Overlay Data buffer for drive L: (Y) ? 
               Share buffer(s) with which drive (A:) ? 

     Available space in 256 byte pages:
     TPA = 00A9H

               Overlay Directory buffer for drive M: (Y) ? 
               Share buffer(s) with which drive (A:) ? 

     Available space in 256 byte pages:
     TPA = 00A9H

               Overlay Data buffer for drive M: (Y) ? 
               Share buffer(s) with which drive (A:) ? 

     Available space in 256 byte pages:
     TPA = 00A9H

               Overlay Directory buffer for drive N: (Y) ? 
               Share buffer(s) with which drive (A:) ? 

     Available space in 256 byte pages:
     TPA = 00A9H

               Overlay Data buffer for drive N: (Y) ? 
               Share buffer(s) with which drive (A:) ? 

     Available space in 256 byte pages:
     TPA = 00A9H

               Overlay Directory buffer for drive O: (Y) ? 
               Share buffer(s) with which drive (A:) ? 

     Available space in 256 byte pages:
     TPA = 00A9H

               Overlay Data buffer for drive O: (Y) ? 
               Share buffer(s) with which drive (A:) ? 

     Available space in 256 byte pages:
     TPA = 00A9H

               Overlay Directory buffer for drive P: (Y) ? 
               Share buffer(s) with which drive (A:) ? 

     Available space in 256 byte pages:
     TPA = 00A9H

               Overlay Data buffer for drive P: (Y) ? 
               Share buffer(s) with which drive (A:) ? 

     Available space in 256 byte pages:
     TPA = 00A9H


Accept new buffer definitions (Y) ? 

 BIOS3    SPR  C900H  1100H
 BDOS3    SPR  AA00H  1F00H

*** CP/M 3.0 SYSTEM GENERATION DONE ***
+ mv cpm3.sys cpm3res.sys
+ rm gencpm.dat
make biosclean
cp optbnk.lib options.lib
cp genbnk.dat gencpm.dat
make OBJECTS=bnkbios3.spr
../../Tools/Linux/zxcc gencpm -auto -display
mv cpm3.sys cpm3bnk.sys
rm gencpm.dat
+ make biosclean
make[3]: Verzeichnis „/home/laszlo/zilog/meingithub/RomWBW/Source/CPM3“ wird betreten
+ rm -f bioskrnl.rel scb.rel boot.rel chario.rel move.rel drvtbl.rel diskio.rel util.rel
make[3]: Verzeichnis „/home/laszlo/zilog/meingithub/RomWBW/Source/CPM3“ wird verlassen
+ cp optbnk.lib options.lib
+ cp genbnk.dat gencpm.dat
+ make OBJECTS=bnkbios3.spr
make[3]: Verzeichnis „/home/laszlo/zilog/meingithub/RomWBW/Source/CPM3“ wird betreten
../../Tools/Linux/zxcc ../../Tools/cpm/bin80//RMAC -bioskrnl.asm
+ ../../Tools/Linux/zxcc ../../Tools/cpm/bin80//RMAC -bioskrnl.asm
CP/M RMAC ASSEM 1.1
0243
00AH USE FACTOR
END OF ASSEMBLY

../../Tools/Linux/zxcc ../../Tools/cpm/bin80//RMAC -scb.asm
+ ../../Tools/Linux/zxcc ../../Tools/cpm/bin80//RMAC -scb.asm
CP/M RMAC ASSEM 1.1
0000
002H USE FACTOR
END OF ASSEMBLY

../../Tools/Linux/zxcc ../../Tools/cpm/bin80//Z80ASM -boot/MF
+ ../../Tools/Linux/zxcc ../../Tools/cpm/bin80//Z80ASM -boot/MF

Z80ASM Copyright (C) 1983-86 by SLR Systems Rel. 1.32 #AB1234

 boot/MF
End of file Pass 1
End of file Pass 2
 0 Error(s) Detected. 777 Program Bytes. 372 Data Bytes.
 130 Symbols Detected.


../../Tools/Linux/zxcc ../../Tools/cpm/bin80//Z80ASM -chario/MF
+ ../../Tools/Linux/zxcc ../../Tools/cpm/bin80//Z80ASM -chario/MF

Z80ASM Copyright (C) 1983-86 by SLR Systems Rel. 1.32 #AB1234

 chario/MF
End of file Pass 1
End of file Pass 2
 0 Error(s) Detected. 128 Program Bytes.
 28 Symbols Detected.


../../Tools/Linux/zxcc ../../Tools/cpm/bin80//Z80ASM -move/MF
+ ../../Tools/Linux/zxcc ../../Tools/cpm/bin80//Z80ASM -move/MF

Z80ASM Copyright (C) 1983-86 by SLR Systems Rel. 1.32 #AB1234

 move/MF
End of file Pass 1
End of file Pass 2
 0 Error(s) Detected. 79 Program Bytes.
 13 Symbols Detected.


../../Tools/Linux/zxcc ../../Tools/cpm/bin80//Z80ASM -drvtbl/MF
+ ../../Tools/Linux/zxcc ../../Tools/cpm/bin80//Z80ASM -drvtbl/MF

Z80ASM Copyright (C) 1983-86 by SLR Systems Rel. 1.32 #AB1234

 drvtbl/MF
End of file Pass 1
End of file Pass 2
 0 Error(s) Detected. 32 Program Bytes.
 22 Symbols Detected.


../../Tools/Linux/zxcc ../../Tools/cpm/bin80//Z80ASM -diskio/MF
+ ../../Tools/Linux/zxcc ../../Tools/cpm/bin80//Z80ASM -diskio/MF

Z80ASM Copyright (C) 1983-86 by SLR Systems Rel. 1.32 #AB1234

 diskio/MF
End of file Pass 1
End of file Pass 2
 0 Error(s) Detected. 188 Program Bytes. 1875 Data Bytes.
 119 Symbols Detected.


../../Tools/Linux/zxcc ../../Tools/cpm/bin80//Z80ASM -util/MF
+ ../../Tools/Linux/zxcc ../../Tools/cpm/bin80//Z80ASM -util/MF

Z80ASM Copyright (C) 1983-86 by SLR Systems Rel. 1.32 #AB1234

 util/MF
End of file Pass 1
End of file Pass 2
 0 Error(s) Detected. 136 Program Bytes.
 12 Symbols Detected.


../../Tools/Linux/zxcc LINK -bnkbios3[B]=bioskrnl,scb,boot,chario,move,drvtbl,diskio,util
+ ../../Tools/Linux/zxcc LINK '-bnkbios3[B]=bioskrnl,scb,boot,chario,move,drvtbl,diskio,util'
LINK 1.31

@ADRV    08F2   @RDRV    08F3   @TRK     08F4   @SECT    08F6   
@DMA     08F8   @DBNK    08FB   @CNT     08FA   @CBNK    0242   
@COVEC   FE24   @CIVEC   FE22   @AOVEC   FE28   @AIVEC   FE26   
@LOVEC   FE2A   @MXTPA   FE62   @BNKBF   FE35   @CTBL    056B   
@DTBL    061B   @CRDMA   FE3C   @CRDSK   FE3E   @VINFO   FE3F   
@RESEL   FE41   @FX      FE43   @USRCD   FE44   @MLTIO   FE4A   
@ERMDE   FE4B   @ERDSK   FE51   @MEDIA   FE54   @BFLGS   FE57   
@DATE    FE58   @HOUR    FE5A   @MIN     FE5B   @SEC     FE5C   
@CCPDR   FE13   @SRCH1   FE4C   @SRCH2   FE4D   @SRCH3   FE4E   
@SRCH4   FE4F   @BOOTDU  0522   @BOOTSL  0523   @HBBIO   0617   
@HBUSR   0615   ADDHLA   06F7   BCD2BIN  0759   BIN2BCD  076C   
DPH0     0A7A   DPH1     0AA1   DPH10    0C00   DPH11    0C27   
DPH12    0C4E   DPH13    0C75   DPH14    0C9C   DPH15    0CC3   
DPH2     0AC8   DPH3     0AEF   DPH4     0B16   DPH5     0B3D   
DPH6     0B64   DPH7     0B8B   DPH8     0BB2   DPH9     0BD9   
@SYSDR   06F6   CIN      072F   COUT     073B   CRLF     074C   
CRLF2    0749   PHEX16   06FC   PHEX8    0707   

ABSOLUTE     0000
CODE SIZE    077F (0000-077E)
DATA SIZE    09C3 (0800-11C2)
COMMON SIZE  0000
USE FACTOR     23

+ rm -f /tmp/casefn.cache
+ '[' ../../Binary/CPM3 ']'
+ '[' bnkbios3.spr ']'
+ for file in bnkbios3.spr
+ mkdir -p ../../Binary/CPM3
+ echo Copying bnkbios3.spr to ../../Binary/CPM3
Copying bnkbios3.spr to ../../Binary/CPM3
++ ../../Tools/unix/casefn.sh bnkbios3.spr
+ cp ./bnkbios3.spr ../../Binary/CPM3
+ '[' '' ']'
make[3]: Verzeichnis „/home/laszlo/zilog/meingithub/RomWBW/Source/CPM3“ wird verlassen
+ ../../Tools/Linux/zxcc gencpm -auto -display


CP/M 3.0 System Generation
Copyright (C) 1982, Digital Research

Default entries are shown in (parens).
Default base is Hex, precede entry with # for decimal

Use GENCPM.DAT for defaults (Y) ? 

Create a new GENCPM.DAT file (N) ? 

Display Load Map at Cold Boot (Y) ? 

Number of console columns (#80) ? 
Number of lines in console page (#24) ? 
Backspace echoes erased character (N) ? 
Rubout echoes erased character (N) ? 

Initial default drive (A:) ? 

Top page of memory (FD) ? 
Bank switched memory (Y) ? 
Common memory base page (80) ? 

Long error messages (Y) ? 

Accept new system definition (Y) ? 

Setting up Allocation vector for drive A:
Setting up Checksum vector for drive A:
Setting up Allocation vector for drive B:
Setting up Checksum vector for drive B:
Setting up Allocation vector for drive C:
Setting up Checksum vector for drive C:
Setting up Allocation vector for drive D:
Setting up Checksum vector for drive D:
Setting up Allocation vector for drive E:
Setting up Checksum vector for drive E:
Setting up Allocation vector for drive F:
Setting up Checksum vector for drive F:
Setting up Allocation vector for drive G:
Setting up Checksum vector for drive G:
Setting up Allocation vector for drive H:
Setting up Checksum vector for drive H:
Setting up Allocation vector for drive I:
Setting up Checksum vector for drive I:
Setting up Allocation vector for drive J:
Setting up Checksum vector for drive J:
Setting up Allocation vector for drive K:
Setting up Checksum vector for drive K:
Setting up Allocation vector for drive L:
Setting up Checksum vector for drive L:
Setting up Allocation vector for drive M:
Setting up Checksum vector for drive M:
Setting up Allocation vector for drive N:
Setting up Checksum vector for drive N:
Setting up Allocation vector for drive O:
Setting up Checksum vector for drive O:
Setting up Allocation vector for drive P:
Setting up Checksum vector for drive P:

*** Bank 1 and Common are not included ***
*** in the memory segment table.       ***

Number of memory segments (#2) ? 

CP/M 3 Base,size,bank (18,68,00)

Enter memory segment table:
 Base,size,bank (01,17,00) ? 
 Base,size,bank (0E,72,02) ? 

 CP/M 3 Sys    1800H 6800H  Bank 00
 Memseg No. 00 0100H 1700H  Bank 00
 Memseg No. 01 0E00H 7200H  Bank 02

Accept new memory segment table entries (Y) ? 

Setting up directory hash tables:
 Enable hashing for drive A: (N) ? 
 Enable hashing for drive B: (N) ? 
 Enable hashing for drive C: (N) ? 
 Enable hashing for drive D: (N) ? 
 Enable hashing for drive E: (N) ? 
 Enable hashing for drive F: (N) ? 
 Enable hashing for drive G: (N) ? 
 Enable hashing for drive H: (N) ? 
 Enable hashing for drive I: (N) ? 
 Enable hashing for drive J: (N) ? 
 Enable hashing for drive K: (N) ? 
 Enable hashing for drive L: (N) ? 
 Enable hashing for drive M: (N) ? 
 Enable hashing for drive N: (N) ? 
 Enable hashing for drive O: (N) ? 
 Enable hashing for drive P: (N) ? 

Setting up Blocking/Deblocking buffers:

The physical record size is 0200H:

     Available space in 256 byte pages:
     TPA = 00F0H, Bank 0 = 0017H, Other banks = 0072H

               Number of directory buffers for drive A: (#8) ? 

     Available space in 256 byte pages:
     TPA = 00F0H, Bank 0 = 0006H, Other banks = 0072H

               Number of data buffers for drive A: (#16) ? 
               Allocate buffers outside of Common (Y) ? 

     Available space in 256 byte pages:
     TPA = 00F0H, Bank 0 = 0005H, Other banks = 0052H

               Number of directory buffers for drive B: (#0) ? 
               Share buffer(s) with which drive (A:) ? 

     Available space in 256 byte pages:
     TPA = 00F0H, Bank 0 = 0005H, Other banks = 0052H

               Number of data buffers for drive B: (#0) ? 
               Share buffer(s) with which drive (A:) ? 

     Available space in 256 byte pages:
     TPA = 00F0H, Bank 0 = 0005H, Other banks = 0052H

               Number of directory buffers for drive C: (#0) ? 
               Share buffer(s) with which drive (A:) ? 

     Available space in 256 byte pages:
     TPA = 00F0H, Bank 0 = 0005H, Other banks = 0052H

               Number of data buffers for drive C: (#0) ? 
               Share buffer(s) with which drive (A:) ? 

     Available space in 256 byte pages:
     TPA = 00F0H, Bank 0 = 0005H, Other banks = 0052H

               Number of directory buffers for drive D: (#0) ? 
               Share buffer(s) with which drive (A:) ? 

     Available space in 256 byte pages:
     TPA = 00F0H, Bank 0 = 0005H, Other banks = 0052H

               Number of data buffers for drive D: (#0) ? 
               Share buffer(s) with which drive (A:) ? 

     Available space in 256 byte pages:
     TPA = 00F0H, Bank 0 = 0005H, Other banks = 0052H

               Number of directory buffers for drive E: (#0) ? 
               Share buffer(s) with which drive (A:) ? 

     Available space in 256 byte pages:
     TPA = 00F0H, Bank 0 = 0005H, Other banks = 0052H

               Number of data buffers for drive E: (#0) ? 
               Share buffer(s) with which drive (A:) ? 

     Available space in 256 byte pages:
     TPA = 00F0H, Bank 0 = 0005H, Other banks = 0052H

               Number of directory buffers for drive F: (#0) ? 
               Share buffer(s) with which drive (A:) ? 

     Available space in 256 byte pages:
     TPA = 00F0H, Bank 0 = 0005H, Other banks = 0052H

               Number of data buffers for drive F: (#0) ? 
               Share buffer(s) with which drive (A:) ? 

     Available space in 256 byte pages:
     TPA = 00F0H, Bank 0 = 0005H, Other banks = 0052H

               Number of directory buffers for drive G: (#0) ? 
               Share buffer(s) with which drive (A:) ? 

     Available space in 256 byte pages:
     TPA = 00F0H, Bank 0 = 0005H, Other banks = 0052H

               Number of data buffers for drive G: (#0) ? 
               Share buffer(s) with which drive (A:) ? 

     Available space in 256 byte pages:
     TPA = 00F0H, Bank 0 = 0005H, Other banks = 0052H

               Number of directory buffers for drive H: (#0) ? 
               Share buffer(s) with which drive (A:) ? 

     Available space in 256 byte pages:
     TPA = 00F0H, Bank 0 = 0005H, Other banks = 0052H

               Number of data buffers for drive H: (#0) ? 
               Share buffer(s) with which drive (A:) ? 

     Available space in 256 byte pages:
     TPA = 00F0H, Bank 0 = 0005H, Other banks = 0052H

               Number of directory buffers for drive I: (#0) ? 
               Share buffer(s) with which drive (A:) ? 

     Available space in 256 byte pages:
     TPA = 00F0H, Bank 0 = 0005H, Other banks = 0052H

               Number of data buffers for drive I: (#0) ? 
               Share buffer(s) with which drive (A:) ? 

     Available space in 256 byte pages:
     TPA = 00F0H, Bank 0 = 0005H, Other banks = 0052H

               Number of directory buffers for drive J: (#0) ? 
               Share buffer(s) with which drive (A:) ? 

     Available space in 256 byte pages:
     TPA = 00F0H, Bank 0 = 0005H, Other banks = 0052H

               Number of data buffers for drive J: (#0) ? 
               Share buffer(s) with which drive (A:) ? 

     Available space in 256 byte pages:
     TPA = 00F0H, Bank 0 = 0005H, Other banks = 0052H

               Number of directory buffers for drive K: (#0) ? 
               Share buffer(s) with which drive (A:) ? 

     Available space in 256 byte pages:
     TPA = 00F0H, Bank 0 = 0005H, Other banks = 0052H

               Number of data buffers for drive K: (#0) ? 
               Share buffer(s) with which drive (A:) ? 

     Available space in 256 byte pages:
     TPA = 00F0H, Bank 0 = 0005H, Other banks = 0052H

               Number of directory buffers for drive L: (#0) ? 
               Share buffer(s) with which drive (A:) ? 

     Available space in 256 byte pages:
     TPA = 00F0H, Bank 0 = 0005H, Other banks = 0052H

               Number of data buffers for drive L: (#0) ? 
               Share buffer(s) with which drive (A:) ? 

     Available space in 256 byte pages:
     TPA = 00F0H, Bank 0 = 0005H, Other banks = 0052H

               Number of directory buffers for drive M: (#0) ? 
               Share buffer(s) with which drive (A:) ? 

     Available space in 256 byte pages:
     TPA = 00F0H, Bank 0 = 0005H, Other banks = 0052H

               Number of data buffers for drive M: (#0) ? 
               Share buffer(s) with which drive (A:) ? 

     Available space in 256 byte pages:
     TPA = 00F0H, Bank 0 = 0005H, Other banks = 0052H

               Number of directory buffers for drive N: (#0) ? 
               Share buffer(s) with which drive (A:) ? 

     Available space in 256 byte pages:
     TPA = 00F0H, Bank 0 = 0005H, Other banks = 0052H

               Number of data buffers for drive N: (#0) ? 
               Share buffer(s) with which drive (A:) ? 

     Available space in 256 byte pages:
     TPA = 00F0H, Bank 0 = 0005H, Other banks = 0052H

               Number of directory buffers for drive O: (#0) ? 
               Share buffer(s) with which drive (A:) ? 

     Available space in 256 byte pages:
     TPA = 00F0H, Bank 0 = 0005H, Other banks = 0052H

               Number of data buffers for drive O: (#0) ? 
               Share buffer(s) with which drive (A:) ? 

     Available space in 256 byte pages:
     TPA = 00F0H, Bank 0 = 0005H, Other banks = 0052H

               Number of directory buffers for drive P: (#0) ? 
               Share buffer(s) with which drive (A:) ? 

     Available space in 256 byte pages:
     TPA = 00F0H, Bank 0 = 0005H, Other banks = 0052H

               Number of data buffers for drive P: (#0) ? 
               Share buffer(s) with which drive (A:) ? 

     Available space in 256 byte pages:
     TPA = 00F0H, Bank 0 = 0005H, Other banks = 0052H


Accept new buffer definitions (Y) ? 

 BNKBIOS3 SPR  F600H  0800H
 BNKBIOS3 SPR  4400H  3C00H
 RESBDOS3 SPR  F000H  0600H
 BNKBDOS3 SPR  1600H  2E00H

*** CP/M 3.0 SYSTEM GENERATION DONE ***
+ mv cpm3.sys cpm3bnk.sys
+ rm gencpm.dat
make biosclean
cp optzpm.lib options.lib
make OBJECTS=zpmbios3.spr DEST=
+ make biosclean
make[3]: Verzeichnis „/home/laszlo/zilog/meingithub/RomWBW/Source/CPM3“ wird betreten
+ rm -f bioskrnl.rel scb.rel boot.rel chario.rel move.rel drvtbl.rel diskio.rel util.rel
make[3]: Verzeichnis „/home/laszlo/zilog/meingithub/RomWBW/Source/CPM3“ wird verlassen
+ cp optzpm.lib options.lib
+ make OBJECTS=zpmbios3.spr DEST=
make[3]: Verzeichnis „/home/laszlo/zilog/meingithub/RomWBW/Source/CPM3“ wird betreten
../../Tools/Linux/zxcc ../../Tools/cpm/bin80//RMAC -bioskrnl.asm
+ ../../Tools/Linux/zxcc ../../Tools/cpm/bin80//RMAC -bioskrnl.asm
CP/M RMAC ASSEM 1.1
0243
00AH USE FACTOR
END OF ASSEMBLY

../../Tools/Linux/zxcc ../../Tools/cpm/bin80//RMAC -scb.asm
+ ../../Tools/Linux/zxcc ../../Tools/cpm/bin80//RMAC -scb.asm
CP/M RMAC ASSEM 1.1
0000
002H USE FACTOR
END OF ASSEMBLY

../../Tools/Linux/zxcc ../../Tools/cpm/bin80//Z80ASM -boot/MF
+ ../../Tools/Linux/zxcc ../../Tools/cpm/bin80//Z80ASM -boot/MF

Z80ASM Copyright (C) 1983-86 by SLR Systems Rel. 1.32 #AB1234

 boot/MF
End of file Pass 1
End of file Pass 2
 0 Error(s) Detected. 773 Program Bytes. 372 Data Bytes.
 130 Symbols Detected.


../../Tools/Linux/zxcc ../../Tools/cpm/bin80//Z80ASM -chario/MF
+ ../../Tools/Linux/zxcc ../../Tools/cpm/bin80//Z80ASM -chario/MF

Z80ASM Copyright (C) 1983-86 by SLR Systems Rel. 1.32 #AB1234

 chario/MF
End of file Pass 1
End of file Pass 2
 0 Error(s) Detected. 128 Program Bytes.
 28 Symbols Detected.


../../Tools/Linux/zxcc ../../Tools/cpm/bin80//Z80ASM -move/MF
+ ../../Tools/Linux/zxcc ../../Tools/cpm/bin80//Z80ASM -move/MF

Z80ASM Copyright (C) 1983-86 by SLR Systems Rel. 1.32 #AB1234

 move/MF
End of file Pass 1
End of file Pass 2
 0 Error(s) Detected. 79 Program Bytes.
 13 Symbols Detected.


../../Tools/Linux/zxcc ../../Tools/cpm/bin80//Z80ASM -drvtbl/MF
+ ../../Tools/Linux/zxcc ../../Tools/cpm/bin80//Z80ASM -drvtbl/MF

Z80ASM Copyright (C) 1983-86 by SLR Systems Rel. 1.32 #AB1234

 drvtbl/MF
End of file Pass 1
End of file Pass 2
 0 Error(s) Detected. 32 Program Bytes.
 22 Symbols Detected.


../../Tools/Linux/zxcc ../../Tools/cpm/bin80//Z80ASM -diskio/MF
+ ../../Tools/Linux/zxcc ../../Tools/cpm/bin80//Z80ASM -diskio/MF

Z80ASM Copyright (C) 1983-86 by SLR Systems Rel. 1.32 #AB1234

 diskio/MF
End of file Pass 1
End of file Pass 2
 0 Error(s) Detected. 188 Program Bytes. 1875 Data Bytes.
 119 Symbols Detected.


../../Tools/Linux/zxcc ../../Tools/cpm/bin80//Z80ASM -util/MF
+ ../../Tools/Linux/zxcc ../../Tools/cpm/bin80//Z80ASM -util/MF

Z80ASM Copyright (C) 1983-86 by SLR Systems Rel. 1.32 #AB1234

 util/MF
End of file Pass 1
End of file Pass 2
 0 Error(s) Detected. 136 Program Bytes.
 12 Symbols Detected.


../../Tools/Linux/zxcc LINK -zpmbios3[B]=bioskrnl,scb,boot,chario,move,drvtbl,diskio,util
+ ../../Tools/Linux/zxcc LINK '-zpmbios3[B]=bioskrnl,scb,boot,chario,move,drvtbl,diskio,util'
LINK 1.31

@ADRV    08F2   @RDRV    08F3   @TRK     08F4   @SECT    08F6   
@DMA     08F8   @DBNK    08FB   @CNT     08FA   @CBNK    0242   
@COVEC   FE24   @CIVEC   FE22   @AOVEC   FE28   @AIVEC   FE26   
@LOVEC   FE2A   @MXTPA   FE62   @BNKBF   FE35   @CTBL    0567   
@DTBL    0617   @CRDMA   FE3C   @CRDSK   FE3E   @VINFO   FE3F   
@RESEL   FE41   @FX      FE43   @USRCD   FE44   @MLTIO   FE4A   
@ERMDE   FE4B   @ERDSK   FE51   @MEDIA   FE54   @BFLGS   FE57   
@DATE    FE58   @HOUR    FE5A   @MIN     FE5B   @SEC     FE5C   
@CCPDR   FE13   @SRCH1   FE4C   @SRCH2   FE4D   @SRCH3   FE4E   
@SRCH4   FE4F   @BOOTDU  051E   @BOOTSL  051F   @HBBIO   0613   
@HBUSR   0611   ADDHLA   06F3   BCD2BIN  0755   BIN2BCD  0768   
DPH0     0A7A   DPH1     0AA1   DPH10    0C00   DPH11    0C27   
DPH12    0C4E   DPH13    0C75   DPH14    0C9C   DPH15    0CC3   
DPH2     0AC8   DPH3     0AEF   DPH4     0B16   DPH5     0B3D   
DPH6     0B64   DPH7     0B8B   DPH8     0BB2   DPH9     0BD9   
@SYSDR   06F2   CIN      072B   COUT     0737   CRLF     0748   
CRLF2    0745   PHEX16   06F8   PHEX8    0703   

ABSOLUTE     0000
CODE SIZE    077B (0000-077A)
DATA SIZE    09C3 (0800-11C2)
COMMON SIZE  0000
USE FACTOR     23

+ rm -f /tmp/casefn.cache
+ '[' '' ']'
+ '[' '' ']'
make[3]: Verzeichnis „/home/laszlo/zilog/meingithub/RomWBW/Source/CPM3“ wird verlassen
cp cpm3bnk.sys cpm3.sys
+ cp cpm3bnk.sys cpm3.sys
cp genbnk.dat gencpm.dat
+ cp genbnk.dat gencpm.dat
+ rm -f /tmp/casefn.cache
+ '[' ../../Binary/CPM3 ']'
+ '[' 'cpmldr.com cpmldr.sys cpm3res.sys cpm3bnk.sys zpmbios3 ccp.com gencpm.com genres.dat genbnk.dat bdos3.spr bnkbdos3.spr resbdos3.spr readme.1st cpm3fix.pat cpm3.sys gencpm.dat' ']'
+ for file in cpmldr.com cpmldr.sys cpm3res.sys cpm3bnk.sys ccp.com gencpm.com genres.dat genbnk.dat bdos3.spr bnkbdos3.spr resbdos3.spr readme.1st cpm3fix.pat cpm3.sys gencpm.dat
+ mkdir -p ../../Binary/CPM3
+ echo Copying cpmldr.com to ../../Binary/CPM3
Copying cpmldr.com to ../../Binary/CPM3
++ ../../Tools/unix/casefn.sh cpmldr.com
+ cp ./cpmldr.com ../../Binary/CPM3
+ for file in cpmldr.com cpmldr.sys cpm3res.sys cpm3bnk.sys ccp.com gencpm.com genres.dat genbnk.dat bdos3.spr bnkbdos3.spr resbdos3.spr readme.1st cpm3fix.pat cpm3.sys gencpm.dat
+ mkdir -p ../../Binary/CPM3
+ echo Copying cpmldr.sys to ../../Binary/CPM3
Copying cpmldr.sys to ../../Binary/CPM3
++ ../../Tools/unix/casefn.sh cpmldr.sys
+ cp ./cpmldr.sys ../../Binary/CPM3
+ for file in cpmldr.com cpmldr.sys cpm3res.sys cpm3bnk.sys ccp.com gencpm.com genres.dat genbnk.dat bdos3.spr bnkbdos3.spr resbdos3.spr readme.1st cpm3fix.pat cpm3.sys gencpm.dat
+ mkdir -p ../../Binary/CPM3
+ echo Copying cpm3res.sys to ../../Binary/CPM3
Copying cpm3res.sys to ../../Binary/CPM3
++ ../../Tools/unix/casefn.sh cpm3res.sys
+ cp ./cpm3res.sys ../../Binary/CPM3
+ for file in cpmldr.com cpmldr.sys cpm3res.sys cpm3bnk.sys ccp.com gencpm.com genres.dat genbnk.dat bdos3.spr bnkbdos3.spr resbdos3.spr readme.1st cpm3fix.pat cpm3.sys gencpm.dat
+ mkdir -p ../../Binary/CPM3
+ echo Copying cpm3bnk.sys to ../../Binary/CPM3
Copying cpm3bnk.sys to ../../Binary/CPM3
++ ../../Tools/unix/casefn.sh cpm3bnk.sys
+ cp ./cpm3bnk.sys ../../Binary/CPM3
+ for file in cpmldr.com cpmldr.sys cpm3res.sys cpm3bnk.sys ccp.com gencpm.com genres.dat genbnk.dat bdos3.spr bnkbdos3.spr resbdos3.spr readme.1st cpm3fix.pat cpm3.sys gencpm.dat
+ mkdir -p ../../Binary/CPM3
+ echo Copying ccp.com to ../../Binary/CPM3
Copying ccp.com to ../../Binary/CPM3
++ ../../Tools/unix/casefn.sh ccp.com
+ cp ./ccp.com ../../Binary/CPM3
+ for file in cpmldr.com cpmldr.sys cpm3res.sys cpm3bnk.sys ccp.com gencpm.com genres.dat genbnk.dat bdos3.spr bnkbdos3.spr resbdos3.spr readme.1st cpm3fix.pat cpm3.sys gencpm.dat
+ mkdir -p ../../Binary/CPM3
+ echo Copying gencpm.com to ../../Binary/CPM3
Copying gencpm.com to ../../Binary/CPM3
++ ../../Tools/unix/casefn.sh gencpm.com
+ cp ./gencpm.com ../../Binary/CPM3
+ for file in cpmldr.com cpmldr.sys cpm3res.sys cpm3bnk.sys ccp.com gencpm.com genres.dat genbnk.dat bdos3.spr bnkbdos3.spr resbdos3.spr readme.1st cpm3fix.pat cpm3.sys gencpm.dat
+ mkdir -p ../../Binary/CPM3
+ echo Copying genres.dat to ../../Binary/CPM3
Copying genres.dat to ../../Binary/CPM3
++ ../../Tools/unix/casefn.sh genres.dat
+ cp ./genres.dat ../../Binary/CPM3
+ for file in cpmldr.com cpmldr.sys cpm3res.sys cpm3bnk.sys ccp.com gencpm.com genres.dat genbnk.dat bdos3.spr bnkbdos3.spr resbdos3.spr readme.1st cpm3fix.pat cpm3.sys gencpm.dat
+ mkdir -p ../../Binary/CPM3
+ echo Copying genbnk.dat to ../../Binary/CPM3
Copying genbnk.dat to ../../Binary/CPM3
++ ../../Tools/unix/casefn.sh genbnk.dat
+ cp ./genbnk.dat ../../Binary/CPM3
+ for file in cpmldr.com cpmldr.sys cpm3res.sys cpm3bnk.sys ccp.com gencpm.com genres.dat genbnk.dat bdos3.spr bnkbdos3.spr resbdos3.spr readme.1st cpm3fix.pat cpm3.sys gencpm.dat
+ mkdir -p ../../Binary/CPM3
+ echo Copying bdos3.spr to ../../Binary/CPM3
Copying bdos3.spr to ../../Binary/CPM3
++ ../../Tools/unix/casefn.sh bdos3.spr
+ cp ./bdos3.spr ../../Binary/CPM3
+ for file in cpmldr.com cpmldr.sys cpm3res.sys cpm3bnk.sys ccp.com gencpm.com genres.dat genbnk.dat bdos3.spr bnkbdos3.spr resbdos3.spr readme.1st cpm3fix.pat cpm3.sys gencpm.dat
+ mkdir -p ../../Binary/CPM3
+ echo Copying bnkbdos3.spr to ../../Binary/CPM3
Copying bnkbdos3.spr to ../../Binary/CPM3
++ ../../Tools/unix/casefn.sh bnkbdos3.spr
+ cp ./bnkbdos3.spr ../../Binary/CPM3
+ for file in cpmldr.com cpmldr.sys cpm3res.sys cpm3bnk.sys ccp.com gencpm.com genres.dat genbnk.dat bdos3.spr bnkbdos3.spr resbdos3.spr readme.1st cpm3fix.pat cpm3.sys gencpm.dat
+ mkdir -p ../../Binary/CPM3
+ echo Copying resbdos3.spr to ../../Binary/CPM3
Copying resbdos3.spr to ../../Binary/CPM3
++ ../../Tools/unix/casefn.sh resbdos3.spr
+ cp ./resbdos3.spr ../../Binary/CPM3
+ for file in cpmldr.com cpmldr.sys cpm3res.sys cpm3bnk.sys ccp.com gencpm.com genres.dat genbnk.dat bdos3.spr bnkbdos3.spr resbdos3.spr readme.1st cpm3fix.pat cpm3.sys gencpm.dat
+ mkdir -p ../../Binary/CPM3
+ echo Copying readme.1st to ../../Binary/CPM3
Copying readme.1st to ../../Binary/CPM3
++ ../../Tools/unix/casefn.sh readme.1st
+ cp ./readme.1st ../../Binary/CPM3
+ for file in cpmldr.com cpmldr.sys cpm3res.sys cpm3bnk.sys ccp.com gencpm.com genres.dat genbnk.dat bdos3.spr bnkbdos3.spr resbdos3.spr readme.1st cpm3fix.pat cpm3.sys gencpm.dat
+ mkdir -p ../../Binary/CPM3
+ echo Copying cpm3fix.pat to ../../Binary/CPM3
Copying cpm3fix.pat to ../../Binary/CPM3
++ ../../Tools/unix/casefn.sh cpm3fix.pat
+ cp ./cpm3fix.pat ../../Binary/CPM3
+ for file in cpmldr.com cpmldr.sys cpm3res.sys cpm3bnk.sys ccp.com gencpm.com genres.dat genbnk.dat bdos3.spr bnkbdos3.spr resbdos3.spr readme.1st cpm3fix.pat cpm3.sys gencpm.dat
+ mkdir -p ../../Binary/CPM3
+ echo Copying cpm3.sys to ../../Binary/CPM3
Copying cpm3.sys to ../../Binary/CPM3
++ ../../Tools/unix/casefn.sh cpm3.sys
+ cp ./cpm3.sys ../../Binary/CPM3
+ for file in cpmldr.com cpmldr.sys cpm3res.sys cpm3bnk.sys ccp.com gencpm.com genres.dat genbnk.dat bdos3.spr bnkbdos3.spr resbdos3.spr readme.1st cpm3fix.pat cpm3.sys gencpm.dat
+ mkdir -p ../../Binary/CPM3
+ echo Copying gencpm.dat to ../../Binary/CPM3
Copying gencpm.dat to ../../Binary/CPM3
++ ../../Tools/unix/casefn.sh gencpm.dat
+ cp ./gencpm.dat ../../Binary/CPM3
+ '[' '' ']'
make[2]: Verzeichnis „/home/laszlo/zilog/meingithub/RomWBW/Source/CPM3“ wird verlassen
+ make --directory ZPM3
make[2]: Verzeichnis „/home/laszlo/zilog/meingithub/RomWBW/Source/ZPM3“ wird betreten
cp ../CPM3/biosldrc.rel biosldrc.rel
+ cp ../CPM3/biosldrc.rel biosldrc.rel
cp ../CPM3/util.rel util.rel
+ cp ../CPM3/util.rel util.rel
../../Tools/Linux/zxcc LINK -ZPMLDRC[L100]=ZPM3LDR,BIOSLDRC,UTIL
mv zpmldrc.com zpmldr.com
+ ../../Tools/Linux/zxcc LINK '-ZPMLDRC[L100]=ZPM3LDR,BIOSLDRC,UTIL'
LINK 1.31

CIN      0FE9   COUT     0FF5   ADDHLA   0FB1   BCD2BIN  1013   
BIN2BCD  1026   CRLF     1006   CRLF2    1003   PHEX16   0FB6   
PHEX8    0FC1   

ABSOLUTE     0000
CODE SIZE    0F39 (0100-1038)
DATA SIZE    0000
COMMON SIZE  0000
USE FACTOR     1C

+ mv zpmldrc.com zpmldr.com
cp ../CPM3/biosldrd.rel biosldrd.rel
+ cp ../CPM3/biosldrd.rel biosldrd.rel
../../Tools/Linux/zxcc LINK -ZPMLDRD[L100]=ZPM3LDR,BIOSLDRD,UTIL
mv zpmldrd.com zpmldr.bin
+ ../../Tools/Linux/zxcc LINK '-ZPMLDRD[L100]=ZPM3LDR,BIOSLDRD,UTIL'
LINK 1.31

COUT     0FA9   ADDHLA   0F65   BCD2BIN  0FC7   BIN2BCD  0FDA   
CIN      0F9D   CRLF     0FBA   CRLF2    0FB7   PHEX16   0F6A   
PHEX8    0F75   

ABSOLUTE     0000
CODE SIZE    0EED (0100-0FEC)
DATA SIZE    0000
COMMON SIZE  0000
USE FACTOR     1B

+ mv zpmldrd.com zpmldr.bin
../../Tools/Linux/uz80as -t z80  loader.asm loader.bin loader.lst
+ ../../Tools/Linux/uz80as -t z80 loader.asm loader.bin loader.lst
cat loader.bin zpmldr.bin > zpmldr.sys
+ cat loader.bin zpmldr.bin
cp ../CPM3/gencpm.com gencpm.com
+ cp ../CPM3/gencpm.com gencpm.com
cp ../CPM3/genbnk.dat gencpm.dat
+ cp ../CPM3/genbnk.dat gencpm.dat
cp ../CPM3/zpmbios3.spr bnkbios3.spr
+ cp ../CPM3/zpmbios3.spr bnkbios3.spr
../../Tools/Linux/zxcc gencpm -auto -display
+ ../../Tools/Linux/zxcc gencpm -auto -display


CP/M 3.0 System Generation
Copyright (C) 1982, Digital Research

Default entries are shown in (parens).
Default base is Hex, precede entry with # for decimal

Use GENCPM.DAT for defaults (Y) ? 

Create a new GENCPM.DAT file (N) ? 

Display Load Map at Cold Boot (Y) ? 

Number of console columns (#80) ? 
Number of lines in console page (#24) ? 
Backspace echoes erased character (N) ? 
Rubout echoes erased character (N) ? 

Initial default drive (A:) ? 

Top page of memory (FD) ? 
Bank switched memory (Y) ? 
Common memory base page (80) ? 

Long error messages (Y) ? 

Accept new system definition (Y) ? 

Setting up Allocation vector for drive A:
Setting up Checksum vector for drive A:
Setting up Allocation vector for drive B:
Setting up Checksum vector for drive B:
Setting up Allocation vector for drive C:
Setting up Checksum vector for drive C:
Setting up Allocation vector for drive D:
Setting up Checksum vector for drive D:
Setting up Allocation vector for drive E:
Setting up Checksum vector for drive E:
Setting up Allocation vector for drive F:
Setting up Checksum vector for drive F:
Setting up Allocation vector for drive G:
Setting up Checksum vector for drive G:
Setting up Allocation vector for drive H:
Setting up Checksum vector for drive H:
Setting up Allocation vector for drive I:
Setting up Checksum vector for drive I:
Setting up Allocation vector for drive J:
Setting up Checksum vector for drive J:
Setting up Allocation vector for drive K:
Setting up Checksum vector for drive K:
Setting up Allocation vector for drive L:
Setting up Checksum vector for drive L:
Setting up Allocation vector for drive M:
Setting up Checksum vector for drive M:
Setting up Allocation vector for drive N:
Setting up Checksum vector for drive N:
Setting up Allocation vector for drive O:
Setting up Checksum vector for drive O:
Setting up Allocation vector for drive P:
Setting up Checksum vector for drive P:

*** Bank 1 and Common are not included ***
*** in the memory segment table.       ***

Number of memory segments (#2) ? 

CP/M 3 Base,size,bank (18,68,00)

Enter memory segment table:
 Base,size,bank (01,17,00) ? 
 Base,size,bank (0E,72,02) ? 

 CP/M 3 Sys    1800H 6800H  Bank 00
 Memseg No. 00 0100H 1700H  Bank 00
 Memseg No. 01 0E00H 7200H  Bank 02

Accept new memory segment table entries (Y) ? 

Setting up directory hash tables:
 Enable hashing for drive A: (N) ? 
 Enable hashing for drive B: (N) ? 
 Enable hashing for drive C: (N) ? 
 Enable hashing for drive D: (N) ? 
 Enable hashing for drive E: (N) ? 
 Enable hashing for drive F: (N) ? 
 Enable hashing for drive G: (N) ? 
 Enable hashing for drive H: (N) ? 
 Enable hashing for drive I: (N) ? 
 Enable hashing for drive J: (N) ? 
 Enable hashing for drive K: (N) ? 
 Enable hashing for drive L: (N) ? 
 Enable hashing for drive M: (N) ? 
 Enable hashing for drive N: (N) ? 
 Enable hashing for drive O: (N) ? 
 Enable hashing for drive P: (N) ? 

Setting up Blocking/Deblocking buffers:

The physical record size is 0200H:

     Available space in 256 byte pages:
     TPA = 00F0H, Bank 0 = 0017H, Other banks = 0072H

               Number of directory buffers for drive A: (#8) ? 

     Available space in 256 byte pages:
     TPA = 00F0H, Bank 0 = 0006H, Other banks = 0072H

               Number of data buffers for drive A: (#16) ? 
               Allocate buffers outside of Common (Y) ? 

     Available space in 256 byte pages:
     TPA = 00F0H, Bank 0 = 0005H, Other banks = 0052H

               Number of directory buffers for drive B: (#0) ? 
               Share buffer(s) with which drive (A:) ? 

     Available space in 256 byte pages:
     TPA = 00F0H, Bank 0 = 0005H, Other banks = 0052H

               Number of data buffers for drive B: (#0) ? 
               Share buffer(s) with which drive (A:) ? 

     Available space in 256 byte pages:
     TPA = 00F0H, Bank 0 = 0005H, Other banks = 0052H

               Number of directory buffers for drive C: (#0) ? 
               Share buffer(s) with which drive (A:) ? 

     Available space in 256 byte pages:
     TPA = 00F0H, Bank 0 = 0005H, Other banks = 0052H

               Number of data buffers for drive C: (#0) ? 
               Share buffer(s) with which drive (A:) ? 

     Available space in 256 byte pages:
     TPA = 00F0H, Bank 0 = 0005H, Other banks = 0052H

               Number of directory buffers for drive D: (#0) ? 
               Share buffer(s) with which drive (A:) ? 

     Available space in 256 byte pages:
     TPA = 00F0H, Bank 0 = 0005H, Other banks = 0052H

               Number of data buffers for drive D: (#0) ? 
               Share buffer(s) with which drive (A:) ? 

     Available space in 256 byte pages:
     TPA = 00F0H, Bank 0 = 0005H, Other banks = 0052H

               Number of directory buffers for drive E: (#0) ? 
               Share buffer(s) with which drive (A:) ? 

     Available space in 256 byte pages:
     TPA = 00F0H, Bank 0 = 0005H, Other banks = 0052H

               Number of data buffers for drive E: (#0) ? 
               Share buffer(s) with which drive (A:) ? 

     Available space in 256 byte pages:
     TPA = 00F0H, Bank 0 = 0005H, Other banks = 0052H

               Number of directory buffers for drive F: (#0) ? 
               Share buffer(s) with which drive (A:) ? 

     Available space in 256 byte pages:
     TPA = 00F0H, Bank 0 = 0005H, Other banks = 0052H

               Number of data buffers for drive F: (#0) ? 
               Share buffer(s) with which drive (A:) ? 

     Available space in 256 byte pages:
     TPA = 00F0H, Bank 0 = 0005H, Other banks = 0052H

               Number of directory buffers for drive G: (#0) ? 
               Share buffer(s) with which drive (A:) ? 

     Available space in 256 byte pages:
     TPA = 00F0H, Bank 0 = 0005H, Other banks = 0052H

               Number of data buffers for drive G: (#0) ? 
               Share buffer(s) with which drive (A:) ? 

     Available space in 256 byte pages:
     TPA = 00F0H, Bank 0 = 0005H, Other banks = 0052H

               Number of directory buffers for drive H: (#0) ? 
               Share buffer(s) with which drive (A:) ? 

     Available space in 256 byte pages:
     TPA = 00F0H, Bank 0 = 0005H, Other banks = 0052H

               Number of data buffers for drive H: (#0) ? 
               Share buffer(s) with which drive (A:) ? 

     Available space in 256 byte pages:
     TPA = 00F0H, Bank 0 = 0005H, Other banks = 0052H

               Number of directory buffers for drive I: (#0) ? 
               Share buffer(s) with which drive (A:) ? 

     Available space in 256 byte pages:
     TPA = 00F0H, Bank 0 = 0005H, Other banks = 0052H

               Number of data buffers for drive I: (#0) ? 
               Share buffer(s) with which drive (A:) ? 

     Available space in 256 byte pages:
     TPA = 00F0H, Bank 0 = 0005H, Other banks = 0052H

               Number of directory buffers for drive J: (#0) ? 
               Share buffer(s) with which drive (A:) ? 

     Available space in 256 byte pages:
     TPA = 00F0H, Bank 0 = 0005H, Other banks = 0052H

               Number of data buffers for drive J: (#0) ? 
               Share buffer(s) with which drive (A:) ? 

     Available space in 256 byte pages:
     TPA = 00F0H, Bank 0 = 0005H, Other banks = 0052H

               Number of directory buffers for drive K: (#0) ? 
               Share buffer(s) with which drive (A:) ? 

     Available space in 256 byte pages:
     TPA = 00F0H, Bank 0 = 0005H, Other banks = 0052H

               Number of data buffers for drive K: (#0) ? 
               Share buffer(s) with which drive (A:) ? 

     Available space in 256 byte pages:
     TPA = 00F0H, Bank 0 = 0005H, Other banks = 0052H

               Number of directory buffers for drive L: (#0) ? 
               Share buffer(s) with which drive (A:) ? 

     Available space in 256 byte pages:
     TPA = 00F0H, Bank 0 = 0005H, Other banks = 0052H

               Number of data buffers for drive L: (#0) ? 
               Share buffer(s) with which drive (A:) ? 

     Available space in 256 byte pages:
     TPA = 00F0H, Bank 0 = 0005H, Other banks = 0052H

               Number of directory buffers for drive M: (#0) ? 
               Share buffer(s) with which drive (A:) ? 

     Available space in 256 byte pages:
     TPA = 00F0H, Bank 0 = 0005H, Other banks = 0052H

               Number of data buffers for drive M: (#0) ? 
               Share buffer(s) with which drive (A:) ? 

     Available space in 256 byte pages:
     TPA = 00F0H, Bank 0 = 0005H, Other banks = 0052H

               Number of directory buffers for drive N: (#0) ? 
               Share buffer(s) with which drive (A:) ? 

     Available space in 256 byte pages:
     TPA = 00F0H, Bank 0 = 0005H, Other banks = 0052H

               Number of data buffers for drive N: (#0) ? 
               Share buffer(s) with which drive (A:) ? 

     Available space in 256 byte pages:
     TPA = 00F0H, Bank 0 = 0005H, Other banks = 0052H

               Number of directory buffers for drive O: (#0) ? 
               Share buffer(s) with which drive (A:) ? 

     Available space in 256 byte pages:
     TPA = 00F0H, Bank 0 = 0005H, Other banks = 0052H

               Number of data buffers for drive O: (#0) ? 
               Share buffer(s) with which drive (A:) ? 

     Available space in 256 byte pages:
     TPA = 00F0H, Bank 0 = 0005H, Other banks = 0052H

               Number of directory buffers for drive P: (#0) ? 
               Share buffer(s) with which drive (A:) ? 

     Available space in 256 byte pages:
     TPA = 00F0H, Bank 0 = 0005H, Other banks = 0052H

               Number of data buffers for drive P: (#0) ? 
               Share buffer(s) with which drive (A:) ? 

     Available space in 256 byte pages:
     TPA = 00F0H, Bank 0 = 0005H, Other banks = 0052H


Accept new buffer definitions (Y) ? 

 BNKBIOS3 SPR  F600H  0800H
 BNKBIOS3 SPR  4400H  3C00H
 RESBDOS3 SPR  F000H  0600H
 BNKBDOS3 SPR  1600H  2E00H

*** CP/M 3.0 SYSTEM GENERATION DONE ***
cp ../ZCCP/startzpm.com startzpm.com
+ cp ../ZCCP/startzpm.com startzpm.com
cp ../ZCCP/ccp.com zccp.com
+ cp ../ZCCP/ccp.com zccp.com
../../Tools/Linux/zxcc ../../Tools/cpm/bin80//Z80ASM -setz3/F
rm -f /tmp/casefn.cache
mv $(../../Tools/unix/casefn.sh setz3.com) tmp.com ; mv tmp.com setz3.com
+ ../../Tools/Linux/zxcc ../../Tools/cpm/bin80//Z80ASM -setz3/F

Z80ASM Copyright (C) 1983-86 by SLR Systems Rel. 1.32 #AB1234

 setz3/F
End of file Pass 1
End of file Pass 2
 0 Error(s) Detected.
 235 Absolute Bytes. 12 Symbols Detected.


+ rm -f /tmp/casefn.cache
++ ../../Tools/unix/casefn.sh setz3.com
+ mv ./setz3.com tmp.com
+ mv tmp.com setz3.com
../../Tools/Linux/zxcc ../../Tools/cpm/bin80//Z80ASM -clrhist/F
rm -f /tmp/casefn.cache
mv $(../../Tools/unix/casefn.sh clrhist.com) tmp.com ; mv tmp.com clrhist.com
+ ../../Tools/Linux/zxcc ../../Tools/cpm/bin80//Z80ASM -clrhist/F

Z80ASM Copyright (C) 1983-86 by SLR Systems Rel. 1.32 #AB1234

 clrhist/F
End of file Pass 1
End of file Pass 2
 0 Error(s) Detected.
 19 Absolute Bytes. 7 Symbols Detected.


+ rm -f /tmp/casefn.cache
++ ../../Tools/unix/casefn.sh clrhist.com
+ mv ./clrhist.com tmp.com
+ mv tmp.com clrhist.com
../../Tools/Linux/zxcc ../../Tools/cpm/bin80//Z80ASM -autotog/F
rm -f /tmp/casefn.cache
mv $(../../Tools/unix/casefn.sh autotog.com) tmp.com ; mv tmp.com autotog.com
+ ../../Tools/Linux/zxcc ../../Tools/cpm/bin80//Z80ASM -autotog/F

Z80ASM Copyright (C) 1983-86 by SLR Systems Rel. 1.32 #AB1234

 autotog/F
End of file Pass 1
End of file Pass 2
 0 Error(s) Detected.
 437 Absolute Bytes. 20 Symbols Detected.


+ rm -f /tmp/casefn.cache
++ ../../Tools/unix/casefn.sh autotog.com
+ mv ./autotog.com tmp.com
+ mv tmp.com autotog.com
cp ../CPM3/cpmldr.com cpmldr.com
+ cp ../CPM3/cpmldr.com cpmldr.com
cp ../CPM3/cpmldr.sys cpmldr.sys
+ cp ../CPM3/cpmldr.sys cpmldr.sys
+ rm -f /tmp/casefn.cache
+ '[' ../../Binary/ZPM3/ ']'
+ '[' 'zpmldr.com zpmldr.sys cpm3.sys startzpm.com zccp.com setz3.com clrhist.com autotog.com cpmldr.com cpmldr.sys zinstal.zpm makedos.com gencpm.dat bnkbios3.spr bnkbdos3.spr resbdos3.spr' ']'
+ for file in zpmldr.com zpmldr.sys cpm3.sys startzpm.com zccp.com setz3.com clrhist.com autotog.com cpmldr.com cpmldr.sys zinstal.zpm makedos.com gencpm.dat bnkbios3.spr bnkbdos3.spr resbdos3.spr
+ mkdir -p ../../Binary/ZPM3/
+ echo Copying zpmldr.com to ../../Binary/ZPM3/
Copying zpmldr.com to ../../Binary/ZPM3/
++ ../../Tools/unix/casefn.sh zpmldr.com
+ cp ./zpmldr.com ../../Binary/ZPM3/
+ for file in zpmldr.com zpmldr.sys cpm3.sys startzpm.com zccp.com setz3.com clrhist.com autotog.com cpmldr.com cpmldr.sys zinstal.zpm makedos.com gencpm.dat bnkbios3.spr bnkbdos3.spr resbdos3.spr
+ mkdir -p ../../Binary/ZPM3/
+ echo Copying zpmldr.sys to ../../Binary/ZPM3/
Copying zpmldr.sys to ../../Binary/ZPM3/
++ ../../Tools/unix/casefn.sh zpmldr.sys
+ cp ./zpmldr.sys ../../Binary/ZPM3/
+ for file in zpmldr.com zpmldr.sys cpm3.sys startzpm.com zccp.com setz3.com clrhist.com autotog.com cpmldr.com cpmldr.sys zinstal.zpm makedos.com gencpm.dat bnkbios3.spr bnkbdos3.spr resbdos3.spr
+ mkdir -p ../../Binary/ZPM3/
+ echo Copying cpm3.sys to ../../Binary/ZPM3/
Copying cpm3.sys to ../../Binary/ZPM3/
++ ../../Tools/unix/casefn.sh cpm3.sys
+ cp ./cpm3.sys ../../Binary/ZPM3/
+ for file in zpmldr.com zpmldr.sys cpm3.sys startzpm.com zccp.com setz3.com clrhist.com autotog.com cpmldr.com cpmldr.sys zinstal.zpm makedos.com gencpm.dat bnkbios3.spr bnkbdos3.spr resbdos3.spr
+ mkdir -p ../../Binary/ZPM3/
+ echo Copying startzpm.com to ../../Binary/ZPM3/
Copying startzpm.com to ../../Binary/ZPM3/
++ ../../Tools/unix/casefn.sh startzpm.com
+ cp ./startzpm.com ../../Binary/ZPM3/
+ for file in zpmldr.com zpmldr.sys cpm3.sys startzpm.com zccp.com setz3.com clrhist.com autotog.com cpmldr.com cpmldr.sys zinstal.zpm makedos.com gencpm.dat bnkbios3.spr bnkbdos3.spr resbdos3.spr
+ mkdir -p ../../Binary/ZPM3/
+ echo Copying zccp.com to ../../Binary/ZPM3/
Copying zccp.com to ../../Binary/ZPM3/
++ ../../Tools/unix/casefn.sh zccp.com
+ cp ./zccp.com ../../Binary/ZPM3/
+ for file in zpmldr.com zpmldr.sys cpm3.sys startzpm.com zccp.com setz3.com clrhist.com autotog.com cpmldr.com cpmldr.sys zinstal.zpm makedos.com gencpm.dat bnkbios3.spr bnkbdos3.spr resbdos3.spr
+ mkdir -p ../../Binary/ZPM3/
+ echo Copying setz3.com to ../../Binary/ZPM3/
Copying setz3.com to ../../Binary/ZPM3/
++ ../../Tools/unix/casefn.sh setz3.com
+ cp ./setz3.com ../../Binary/ZPM3/
+ for file in zpmldr.com zpmldr.sys cpm3.sys startzpm.com zccp.com setz3.com clrhist.com autotog.com cpmldr.com cpmldr.sys zinstal.zpm makedos.com gencpm.dat bnkbios3.spr bnkbdos3.spr resbdos3.spr
+ mkdir -p ../../Binary/ZPM3/
+ echo Copying clrhist.com to ../../Binary/ZPM3/
Copying clrhist.com to ../../Binary/ZPM3/
++ ../../Tools/unix/casefn.sh clrhist.com
+ cp ./clrhist.com ../../Binary/ZPM3/
+ for file in zpmldr.com zpmldr.sys cpm3.sys startzpm.com zccp.com setz3.com clrhist.com autotog.com cpmldr.com cpmldr.sys zinstal.zpm makedos.com gencpm.dat bnkbios3.spr bnkbdos3.spr resbdos3.spr
+ mkdir -p ../../Binary/ZPM3/
+ echo Copying autotog.com to ../../Binary/ZPM3/
Copying autotog.com to ../../Binary/ZPM3/
++ ../../Tools/unix/casefn.sh autotog.com
+ cp ./autotog.com ../../Binary/ZPM3/
+ for file in zpmldr.com zpmldr.sys cpm3.sys startzpm.com zccp.com setz3.com clrhist.com autotog.com cpmldr.com cpmldr.sys zinstal.zpm makedos.com gencpm.dat bnkbios3.spr bnkbdos3.spr resbdos3.spr
+ mkdir -p ../../Binary/ZPM3/
+ echo Copying cpmldr.com to ../../Binary/ZPM3/
Copying cpmldr.com to ../../Binary/ZPM3/
++ ../../Tools/unix/casefn.sh cpmldr.com
+ cp ./cpmldr.com ../../Binary/ZPM3/
+ for file in zpmldr.com zpmldr.sys cpm3.sys startzpm.com zccp.com setz3.com clrhist.com autotog.com cpmldr.com cpmldr.sys zinstal.zpm makedos.com gencpm.dat bnkbios3.spr bnkbdos3.spr resbdos3.spr
+ mkdir -p ../../Binary/ZPM3/
+ echo Copying cpmldr.sys to ../../Binary/ZPM3/
Copying cpmldr.sys to ../../Binary/ZPM3/
++ ../../Tools/unix/casefn.sh cpmldr.sys
+ cp ./cpmldr.sys ../../Binary/ZPM3/
+ for file in zpmldr.com zpmldr.sys cpm3.sys startzpm.com zccp.com setz3.com clrhist.com autotog.com cpmldr.com cpmldr.sys zinstal.zpm makedos.com gencpm.dat bnkbios3.spr bnkbdos3.spr resbdos3.spr
+ mkdir -p ../../Binary/ZPM3/
+ echo Copying zinstal.zpm to ../../Binary/ZPM3/
Copying zinstal.zpm to ../../Binary/ZPM3/
++ ../../Tools/unix/casefn.sh zinstal.zpm
+ cp ./zinstal.zpm ../../Binary/ZPM3/
+ for file in zpmldr.com zpmldr.sys cpm3.sys startzpm.com zccp.com setz3.com clrhist.com autotog.com cpmldr.com cpmldr.sys zinstal.zpm makedos.com gencpm.dat bnkbios3.spr bnkbdos3.spr resbdos3.spr
+ mkdir -p ../../Binary/ZPM3/
+ echo Copying makedos.com to ../../Binary/ZPM3/
Copying makedos.com to ../../Binary/ZPM3/
++ ../../Tools/unix/casefn.sh makedos.com
+ cp ./makedos.com ../../Binary/ZPM3/
+ for file in zpmldr.com zpmldr.sys cpm3.sys startzpm.com zccp.com setz3.com clrhist.com autotog.com cpmldr.com cpmldr.sys zinstal.zpm makedos.com gencpm.dat bnkbios3.spr bnkbdos3.spr resbdos3.spr
+ mkdir -p ../../Binary/ZPM3/
+ echo Copying gencpm.dat to ../../Binary/ZPM3/
Copying gencpm.dat to ../../Binary/ZPM3/
++ ../../Tools/unix/casefn.sh gencpm.dat
+ cp ./gencpm.dat ../../Binary/ZPM3/
+ for file in zpmldr.com zpmldr.sys cpm3.sys startzpm.com zccp.com setz3.com clrhist.com autotog.com cpmldr.com cpmldr.sys zinstal.zpm makedos.com gencpm.dat bnkbios3.spr bnkbdos3.spr resbdos3.spr
+ mkdir -p ../../Binary/ZPM3/
+ echo Copying bnkbios3.spr to ../../Binary/ZPM3/
Copying bnkbios3.spr to ../../Binary/ZPM3/
++ ../../Tools/unix/casefn.sh bnkbios3.spr
+ cp ./bnkbios3.spr ../../Binary/ZPM3/
+ for file in zpmldr.com zpmldr.sys cpm3.sys startzpm.com zccp.com setz3.com clrhist.com autotog.com cpmldr.com cpmldr.sys zinstal.zpm makedos.com gencpm.dat bnkbios3.spr bnkbdos3.spr resbdos3.spr
+ mkdir -p ../../Binary/ZPM3/
+ echo Copying bnkbdos3.spr to ../../Binary/ZPM3/
Copying bnkbdos3.spr to ../../Binary/ZPM3/
++ ../../Tools/unix/casefn.sh bnkbdos3.spr
+ cp ./bnkbdos3.spr ../../Binary/ZPM3/
+ for file in zpmldr.com zpmldr.sys cpm3.sys startzpm.com zccp.com setz3.com clrhist.com autotog.com cpmldr.com cpmldr.sys zinstal.zpm makedos.com gencpm.dat bnkbios3.spr bnkbdos3.spr resbdos3.spr
+ mkdir -p ../../Binary/ZPM3/
+ echo Copying resbdos3.spr to ../../Binary/ZPM3/
Copying resbdos3.spr to ../../Binary/ZPM3/
++ ../../Tools/unix/casefn.sh resbdos3.spr
+ cp ./resbdos3.spr ../../Binary/ZPM3/
+ '[' '' ']'
make[2]: Verzeichnis „/home/laszlo/zilog/meingithub/RomWBW/Source/ZPM3“ wird verlassen
+ make --directory CPNET
make[2]: Verzeichnis „/home/laszlo/zilog/meingithub/RomWBW/Source/CPNET“ wird betreten
rm -f cpn12mt.lbr
../../Tools/Linux/zxcc NULU --O -cpn12mt -\<30 --X
for f in `ls mt011/cpnet12 | sort` ; \
do \
  ../../Tools/Linux/zxcc NULU --O -cpn12mt --A mt011/cpnet12/$f --X ; \
done
+ rm -f cpn12mt.lbr
+ ../../Tools/Linux/zxcc NULU --O -cpn12mt '-<30' --X
NULU 1.52  (07/12/87)
Copyright (C) 1984, 1985 & 1987 by Martin Murray
Bug fixes in version 1.52 by Mick Waters

TYPE -H FOR HELP

Library P0:CPN12MT.LBR not found.
  To make it, enter the number of entries to allow.
  Press RETURN now to abort making the library.
Allow how many entries: 30
Library P0:CPN12MT.LBR open.
(Buffer size: 335 sectors)
Active entries: 1, Deleted: 0, Free: 31, Total: 32.

Closing P0:CPN12MT.LBR...


++ ls mt011/cpnet12
++ sort
+ for f in `ls mt011/cpnet12 | sort`
+ ../../Tools/Linux/zxcc NULU --O -cpn12mt --A mt011/cpnet12/ccp.spr --X
NULU 1.52  (07/12/87)
Copyright (C) 1984, 1985 & 1987 by Martin Murray
Bug fixes in version 1.52 by Mick Waters

TYPE -H FOR HELP

Library P0:CPN12MT.LBR open.
(Buffer size: 335 sectors)
Active entries: 1, Deleted: 0, Free: 31, Total: 32.
Adding:    D0:CCP     .SPR
Active entries: 2, Deleted: 0, Free: 30, Total: 32.

Closing P0:CPN12MT.LBR...


+ for f in `ls mt011/cpnet12 | sort`
+ ../../Tools/Linux/zxcc NULU --O -cpn12mt --A mt011/cpnet12/cpm2net.hlp --X
NULU 1.52  (07/12/87)
Copyright (C) 1984, 1985 & 1987 by Martin Murray
Bug fixes in version 1.52 by Mick Waters

TYPE -H FOR HELP

Library P0:CPN12MT.LBR open.
(Buffer size: 335 sectors)
Active entries: 2, Deleted: 0, Free: 30, Total: 32.
Adding:    D0:CPM2NET .HLP
Active entries: 3, Deleted: 0, Free: 29, Total: 32.

Closing P0:CPN12MT.LBR...


+ for f in `ls mt011/cpnet12 | sort`
+ ../../Tools/Linux/zxcc NULU --O -cpn12mt --A mt011/cpnet12/cpnboot.com --X
NULU 1.52  (07/12/87)
Copyright (C) 1984, 1985 & 1987 by Martin Murray
Bug fixes in version 1.52 by Mick Waters

TYPE -H FOR HELP

Library P0:CPN12MT.LBR open.
(Buffer size: 335 sectors)
Active entries: 3, Deleted: 0, Free: 29, Total: 32.
Adding:    D0:CPNBOOT .COM
Active entries: 4, Deleted: 0, Free: 28, Total: 32.

Closing P0:CPN12MT.LBR...


+ for f in `ls mt011/cpnet12 | sort`
+ ../../Tools/Linux/zxcc NULU --O -cpn12mt --A mt011/cpnet12/cpnet12.hlp --X
NULU 1.52  (07/12/87)
Copyright (C) 1984, 1985 & 1987 by Martin Murray
Bug fixes in version 1.52 by Mick Waters

TYPE -H FOR HELP

Library P0:CPN12MT.LBR open.
(Buffer size: 335 sectors)
Active entries: 4, Deleted: 0, Free: 28, Total: 32.
Adding:    D0:CPNET12 .HLP
Active entries: 5, Deleted: 0, Free: 27, Total: 32.

Closing P0:CPN12MT.LBR...


+ for f in `ls mt011/cpnet12 | sort`
+ ../../Tools/Linux/zxcc NULU --O -cpn12mt --A mt011/cpnet12/cpnetldr.com --X
NULU 1.52  (07/12/87)
Copyright (C) 1984, 1985 & 1987 by Martin Murray
Bug fixes in version 1.52 by Mick Waters

TYPE -H FOR HELP

Library P0:CPN12MT.LBR open.
(Buffer size: 335 sectors)
Active entries: 5, Deleted: 0, Free: 27, Total: 32.
Adding:    D0:CPNETLDR.COM
Active entries: 6, Deleted: 0, Free: 26, Total: 32.

Closing P0:CPN12MT.LBR...


+ for f in `ls mt011/cpnet12 | sort`
+ ../../Tools/Linux/zxcc NULU --O -cpn12mt --A mt011/cpnet12/cpnetsts.com --X
NULU 1.52  (07/12/87)
Copyright (C) 1984, 1985 & 1987 by Martin Murray
Bug fixes in version 1.52 by Mick Waters

TYPE -H FOR HELP

Library P0:CPN12MT.LBR open.
(Buffer size: 335 sectors)
Active entries: 6, Deleted: 0, Free: 26, Total: 32.
Adding:    D0:CPNETSTS.COM
Active entries: 7, Deleted: 0, Free: 25, Total: 32.

Closing P0:CPN12MT.LBR...


+ for f in `ls mt011/cpnet12 | sort`
+ ../../Tools/Linux/zxcc NULU --O -cpn12mt --A mt011/cpnet12/dskreset.com --X
NULU 1.52  (07/12/87)
Copyright (C) 1984, 1985 & 1987 by Martin Murray
Bug fixes in version 1.52 by Mick Waters

TYPE -H FOR HELP

Library P0:CPN12MT.LBR open.
(Buffer size: 335 sectors)
Active entries: 7, Deleted: 0, Free: 25, Total: 32.
Adding:    D0:DSKRESET.COM
Active entries: 8, Deleted: 0, Free: 24, Total: 32.

Closing P0:CPN12MT.LBR...


+ for f in `ls mt011/cpnet12 | sort`
+ ../../Tools/Linux/zxcc NULU --O -cpn12mt --A mt011/cpnet12/endlist.com --X
NULU 1.52  (07/12/87)
Copyright (C) 1984, 1985 & 1987 by Martin Murray
Bug fixes in version 1.52 by Mick Waters

TYPE -H FOR HELP

Library P0:CPN12MT.LBR open.
(Buffer size: 335 sectors)
Active entries: 8, Deleted: 0, Free: 24, Total: 32.
Adding:    D0:ENDLIST .COM
Active entries: 9, Deleted: 0, Free: 23, Total: 32.

Closing P0:CPN12MT.LBR...


+ for f in `ls mt011/cpnet12 | sort`
+ ../../Tools/Linux/zxcc NULU --O -cpn12mt --A mt011/cpnet12/local.com --X
NULU 1.52  (07/12/87)
Copyright (C) 1984, 1985 & 1987 by Martin Murray
Bug fixes in version 1.52 by Mick Waters

TYPE -H FOR HELP

Library P0:CPN12MT.LBR open.
(Buffer size: 335 sectors)
Active entries: 9, Deleted: 0, Free: 23, Total: 32.
Adding:    D0:LOCAL   .COM
Active entries: 10, Deleted: 0, Free: 22, Total: 32.

Closing P0:CPN12MT.LBR...


+ for f in `ls mt011/cpnet12 | sort`
+ ../../Tools/Linux/zxcc NULU --O -cpn12mt --A mt011/cpnet12/login.com --X
NULU 1.52  (07/12/87)
Copyright (C) 1984, 1985 & 1987 by Martin Murray
Bug fixes in version 1.52 by Mick Waters

TYPE -H FOR HELP

Library P0:CPN12MT.LBR open.
(Buffer size: 335 sectors)
Active entries: 10, Deleted: 0, Free: 22, Total: 32.
Adding:    D0:LOGIN   .COM
Active entries: 11, Deleted: 0, Free: 21, Total: 32.

Closing P0:CPN12MT.LBR...


+ for f in `ls mt011/cpnet12 | sort`
+ ../../Tools/Linux/zxcc NULU --O -cpn12mt --A mt011/cpnet12/logoff.com --X
NULU 1.52  (07/12/87)
Copyright (C) 1984, 1985 & 1987 by Martin Murray
Bug fixes in version 1.52 by Mick Waters

TYPE -H FOR HELP

Library P0:CPN12MT.LBR open.
(Buffer size: 335 sectors)
Active entries: 11, Deleted: 0, Free: 21, Total: 32.
Adding:    D0:LOGOFF  .COM
Active entries: 12, Deleted: 0, Free: 20, Total: 32.

Closing P0:CPN12MT.LBR...


+ for f in `ls mt011/cpnet12 | sort`
+ ../../Tools/Linux/zxcc NULU --O -cpn12mt --A mt011/cpnet12/mail.com --X
NULU 1.52  (07/12/87)
Copyright (C) 1984, 1985 & 1987 by Martin Murray
Bug fixes in version 1.52 by Mick Waters

TYPE -H FOR HELP

Library P0:CPN12MT.LBR open.
(Buffer size: 335 sectors)
Active entries: 12, Deleted: 0, Free: 20, Total: 32.
Adding:    D0:MAIL    .COM
Active entries: 13, Deleted: 0, Free: 19, Total: 32.

Closing P0:CPN12MT.LBR...


+ for f in `ls mt011/cpnet12 | sort`
+ ../../Tools/Linux/zxcc NULU --O -cpn12mt --A mt011/cpnet12/ndos.spr --X
NULU 1.52  (07/12/87)
Copyright (C) 1984, 1985 & 1987 by Martin Murray
Bug fixes in version 1.52 by Mick Waters

TYPE -H FOR HELP

Library P0:CPN12MT.LBR open.
(Buffer size: 335 sectors)
Active entries: 13, Deleted: 0, Free: 19, Total: 32.
Adding:    D0:NDOS    .SPR
Active entries: 14, Deleted: 0, Free: 18, Total: 32.

Closing P0:CPN12MT.LBR...


+ for f in `ls mt011/cpnet12 | sort`
+ ../../Tools/Linux/zxcc NULU --O -cpn12mt --A mt011/cpnet12/netdown.com --X
NULU 1.52  (07/12/87)
Copyright (C) 1984, 1985 & 1987 by Martin Murray
Bug fixes in version 1.52 by Mick Waters

TYPE -H FOR HELP

Library P0:CPN12MT.LBR open.
(Buffer size: 335 sectors)
Active entries: 14, Deleted: 0, Free: 18, Total: 32.
Adding:    D0:NETDOWN .COM
Active entries: 15, Deleted: 0, Free: 17, Total: 32.

Closing P0:CPN12MT.LBR...


+ for f in `ls mt011/cpnet12 | sort`
+ ../../Tools/Linux/zxcc NULU --O -cpn12mt --A mt011/cpnet12/netstat.com --X
NULU 1.52  (07/12/87)
Copyright (C) 1984, 1985 & 1987 by Martin Murray
Bug fixes in version 1.52 by Mick Waters

TYPE -H FOR HELP

Library P0:CPN12MT.LBR open.
(Buffer size: 335 sectors)
Active entries: 15, Deleted: 0, Free: 17, Total: 32.
Adding:    D0:NETSTAT .COM
Active entries: 16, Deleted: 0, Free: 16, Total: 32.

Closing P0:CPN12MT.LBR...


+ for f in `ls mt011/cpnet12 | sort`
+ ../../Tools/Linux/zxcc NULU --O -cpn12mt --A mt011/cpnet12/network.com --X
NULU 1.52  (07/12/87)
Copyright (C) 1984, 1985 & 1987 by Martin Murray
Bug fixes in version 1.52 by Mick Waters

TYPE -H FOR HELP

Library P0:CPN12MT.LBR open.
(Buffer size: 335 sectors)
Active entries: 16, Deleted: 0, Free: 16, Total: 32.
Adding:    D0:NETWORK .COM
Active entries: 17, Deleted: 0, Free: 15, Total: 32.

Closing P0:CPN12MT.LBR...


+ for f in `ls mt011/cpnet12 | sort`
+ ../../Tools/Linux/zxcc NULU --O -cpn12mt --A mt011/cpnet12/nvram.com --X
NULU 1.52  (07/12/87)
Copyright (C) 1984, 1985 & 1987 by Martin Murray
Bug fixes in version 1.52 by Mick Waters

TYPE -H FOR HELP

Library P0:CPN12MT.LBR open.
(Buffer size: 335 sectors)
Active entries: 17, Deleted: 0, Free: 15, Total: 32.
Adding:    D0:NVRAM   .COM
Active entries: 18, Deleted: 0, Free: 14, Total: 32.

Closing P0:CPN12MT.LBR...


+ for f in `ls mt011/cpnet12 | sort`
+ ../../Tools/Linux/zxcc NULU --O -cpn12mt --A mt011/cpnet12/pipnet.com --X
NULU 1.52  (07/12/87)
Copyright (C) 1984, 1985 & 1987 by Martin Murray
Bug fixes in version 1.52 by Mick Waters

TYPE -H FOR HELP

Library P0:CPN12MT.LBR open.
(Buffer size: 335 sectors)
Active entries: 18, Deleted: 0, Free: 14, Total: 32.
Adding:    D0:PIPNET  .COM
Active entries: 19, Deleted: 0, Free: 13, Total: 32.

Closing P0:CPN12MT.LBR...


+ for f in `ls mt011/cpnet12 | sort`
+ ../../Tools/Linux/zxcc NULU --O -cpn12mt --A mt011/cpnet12/rdate.com --X
NULU 1.52  (07/12/87)
Copyright (C) 1984, 1985 & 1987 by Martin Murray
Bug fixes in version 1.52 by Mick Waters

TYPE -H FOR HELP

Library P0:CPN12MT.LBR open.
(Buffer size: 335 sectors)
Active entries: 19, Deleted: 0, Free: 13, Total: 32.
Adding:    D0:RDATE   .COM
Active entries: 20, Deleted: 0, Free: 12, Total: 32.

Closing P0:CPN12MT.LBR...


+ for f in `ls mt011/cpnet12 | sort`
+ ../../Tools/Linux/zxcc NULU --O -cpn12mt --A mt011/cpnet12/snios.spr --X
NULU 1.52  (07/12/87)
Copyright (C) 1984, 1985 & 1987 by Martin Murray
Bug fixes in version 1.52 by Mick Waters

TYPE -H FOR HELP

Library P0:CPN12MT.LBR open.
(Buffer size: 335 sectors)
Active entries: 20, Deleted: 0, Free: 12, Total: 32.
Adding:    D0:SNIOS   .SPR
Active entries: 21, Deleted: 0, Free: 11, Total: 32.

Closing P0:CPN12MT.LBR...


+ for f in `ls mt011/cpnet12 | sort`
+ ../../Tools/Linux/zxcc NULU --O -cpn12mt --A mt011/cpnet12/srvstat.com --X
NULU 1.52  (07/12/87)
Copyright (C) 1984, 1985 & 1987 by Martin Murray
Bug fixes in version 1.52 by Mick Waters

TYPE -H FOR HELP

Library P0:CPN12MT.LBR open.
(Buffer size: 335 sectors)
Active entries: 21, Deleted: 0, Free: 11, Total: 32.
Adding:    D0:SRVSTAT .COM
Active entries: 22, Deleted: 0, Free: 10, Total: 32.

Closing P0:CPN12MT.LBR...


+ for f in `ls mt011/cpnet12 | sort`
+ ../../Tools/Linux/zxcc NULU --O -cpn12mt --A mt011/cpnet12/tr.com --X
NULU 1.52  (07/12/87)
Copyright (C) 1984, 1985 & 1987 by Martin Murray
Bug fixes in version 1.52 by Mick Waters

TYPE -H FOR HELP

Library P0:CPN12MT.LBR open.
(Buffer size: 335 sectors)
Active entries: 22, Deleted: 0, Free: 10, Total: 32.
Adding:    D0:TR      .COM
Active entries: 23, Deleted: 0, Free: 9, Total: 32.

Closing P0:CPN12MT.LBR...


+ for f in `ls mt011/cpnet12 | sort`
+ ../../Tools/Linux/zxcc NULU --O -cpn12mt --A mt011/cpnet12/wizcfg.com --X
NULU 1.52  (07/12/87)
Copyright (C) 1984, 1985 & 1987 by Martin Murray
Bug fixes in version 1.52 by Mick Waters

TYPE -H FOR HELP

Library P0:CPN12MT.LBR open.
(Buffer size: 335 sectors)
Active entries: 23, Deleted: 0, Free: 9, Total: 32.
Adding:    D0:WIZCFG  .COM
Active entries: 24, Deleted: 0, Free: 8, Total: 32.

Closing P0:CPN12MT.LBR...


+ for f in `ls mt011/cpnet12 | sort`
+ ../../Tools/Linux/zxcc NULU --O -cpn12mt --A mt011/cpnet12/wizdbg.com --X
NULU 1.52  (07/12/87)
Copyright (C) 1984, 1985 & 1987 by Martin Murray
Bug fixes in version 1.52 by Mick Waters

TYPE -H FOR HELP

Library P0:CPN12MT.LBR open.
(Buffer size: 335 sectors)
Active entries: 24, Deleted: 0, Free: 8, Total: 32.
Adding:    D0:WIZDBG  .COM
Active entries: 25, Deleted: 0, Free: 7, Total: 32.

Closing P0:CPN12MT.LBR...


+ for f in `ls mt011/cpnet12 | sort`
+ ../../Tools/Linux/zxcc NULU --O -cpn12mt --A mt011/cpnet12/wiztest.com --X
NULU 1.52  (07/12/87)
Copyright (C) 1984, 1985 & 1987 by Martin Murray
Bug fixes in version 1.52 by Mick Waters

TYPE -H FOR HELP

Library P0:CPN12MT.LBR open.
(Buffer size: 335 sectors)
Active entries: 25, Deleted: 0, Free: 7, Total: 32.
Adding:    D0:WIZTEST .COM
Active entries: 26, Deleted: 0, Free: 6, Total: 32.

Closing P0:CPN12MT.LBR...


+ for f in `ls mt011/cpnet12 | sort`
+ ../../Tools/Linux/zxcc NULU --O -cpn12mt --A mt011/cpnet12/xsubnet.com --X
NULU 1.52  (07/12/87)
Copyright (C) 1984, 1985 & 1987 by Martin Murray
Bug fixes in version 1.52 by Mick Waters

TYPE -H FOR HELP

Library P0:CPN12MT.LBR open.
(Buffer size: 335 sectors)
Active entries: 26, Deleted: 0, Free: 6, Total: 32.
Adding:    D0:XSUBNET .COM
Active entries: 27, Deleted: 0, Free: 5, Total: 32.

Closing P0:CPN12MT.LBR...


rm -f cpn3mt.lbr
../../Tools/Linux/zxcc NULU --O -cpn3mt -\<30 --X
for f in `ls mt011/cpnet3 | sort` ; \
do \
  ../../Tools/Linux/zxcc NULU --O -cpn3mt --A mt011/cpnet3/$f --X ; \
done
+ rm -f cpn3mt.lbr
+ ../../Tools/Linux/zxcc NULU --O -cpn3mt '-<30' --X
NULU 1.52  (07/12/87)
Copyright (C) 1984, 1985 & 1987 by Martin Murray
Bug fixes in version 1.52 by Mick Waters

TYPE -H FOR HELP

Library P0:CPN3MT.LBR not found.
  To make it, enter the number of entries to allow.
  Press RETURN now to abort making the library.
Allow how many entries: 30
Library P0:CPN3MT.LBR open.
(Buffer size: 335 sectors)
Active entries: 1, Deleted: 0, Free: 31, Total: 32.

Closing P0:CPN3MT.LBR...


++ ls mt011/cpnet3
++ sort
+ for f in `ls mt011/cpnet3 | sort`
+ ../../Tools/Linux/zxcc NULU --O -cpn3mt --A mt011/cpnet3/cpm3net.hlp --X
NULU 1.52  (07/12/87)
Copyright (C) 1984, 1985 & 1987 by Martin Murray
Bug fixes in version 1.52 by Mick Waters

TYPE -H FOR HELP

Library P0:CPN3MT.LBR open.
(Buffer size: 335 sectors)
Active entries: 1, Deleted: 0, Free: 31, Total: 32.
Adding:    D0:CPM3NET .HLP
Active entries: 2, Deleted: 0, Free: 30, Total: 32.

Closing P0:CPN3MT.LBR...


+ for f in `ls mt011/cpnet3 | sort`
+ ../../Tools/Linux/zxcc NULU --O -cpn3mt --A mt011/cpnet3/cpnet3.hlp --X
NULU 1.52  (07/12/87)
Copyright (C) 1984, 1985 & 1987 by Martin Murray
Bug fixes in version 1.52 by Mick Waters

TYPE -H FOR HELP

Library P0:CPN3MT.LBR open.
(Buffer size: 335 sectors)
Active entries: 2, Deleted: 0, Free: 30, Total: 32.
Adding:    D0:CPNET3  .HLP
Active entries: 3, Deleted: 0, Free: 29, Total: 32.

Closing P0:CPN3MT.LBR...


+ for f in `ls mt011/cpnet3 | sort`
+ ../../Tools/Linux/zxcc NULU --O -cpn3mt --A mt011/cpnet3/cpnetsts.com --X
NULU 1.52  (07/12/87)
Copyright (C) 1984, 1985 & 1987 by Martin Murray
Bug fixes in version 1.52 by Mick Waters

TYPE -H FOR HELP

Library P0:CPN3MT.LBR open.
(Buffer size: 335 sectors)
Active entries: 3, Deleted: 0, Free: 29, Total: 32.
Adding:    D0:CPNETSTS.COM
Active entries: 4, Deleted: 0, Free: 28, Total: 32.

Closing P0:CPN3MT.LBR...


+ for f in `ls mt011/cpnet3 | sort`
+ ../../Tools/Linux/zxcc NULU --O -cpn3mt --A mt011/cpnet3/dskreset.com --X
NULU 1.52  (07/12/87)
Copyright (C) 1984, 1985 & 1987 by Martin Murray
Bug fixes in version 1.52 by Mick Waters

TYPE -H FOR HELP

Library P0:CPN3MT.LBR open.
(Buffer size: 335 sectors)
Active entries: 4, Deleted: 0, Free: 28, Total: 32.
Adding:    D0:DSKRESET.COM
Active entries: 5, Deleted: 0, Free: 27, Total: 32.

Closing P0:CPN3MT.LBR...


+ for f in `ls mt011/cpnet3 | sort`
+ ../../Tools/Linux/zxcc NULU --O -cpn3mt --A mt011/cpnet3/endlist.com --X
NULU 1.52  (07/12/87)
Copyright (C) 1984, 1985 & 1987 by Martin Murray
Bug fixes in version 1.52 by Mick Waters

TYPE -H FOR HELP

Library P0:CPN3MT.LBR open.
(Buffer size: 335 sectors)
Active entries: 5, Deleted: 0, Free: 27, Total: 32.
Adding:    D0:ENDLIST .COM
Active entries: 6, Deleted: 0, Free: 26, Total: 32.

Closing P0:CPN3MT.LBR...


+ for f in `ls mt011/cpnet3 | sort`
+ ../../Tools/Linux/zxcc NULU --O -cpn3mt --A mt011/cpnet3/local.com --X
NULU 1.52  (07/12/87)
Copyright (C) 1984, 1985 & 1987 by Martin Murray
Bug fixes in version 1.52 by Mick Waters

TYPE -H FOR HELP

Library P0:CPN3MT.LBR open.
(Buffer size: 335 sectors)
Active entries: 6, Deleted: 0, Free: 26, Total: 32.
Adding:    D0:LOCAL   .COM
Active entries: 7, Deleted: 0, Free: 25, Total: 32.

Closing P0:CPN3MT.LBR...


+ for f in `ls mt011/cpnet3 | sort`
+ ../../Tools/Linux/zxcc NULU --O -cpn3mt --A mt011/cpnet3/login.com --X
NULU 1.52  (07/12/87)
Copyright (C) 1984, 1985 & 1987 by Martin Murray
Bug fixes in version 1.52 by Mick Waters

TYPE -H FOR HELP

Library P0:CPN3MT.LBR open.
(Buffer size: 335 sectors)
Active entries: 7, Deleted: 0, Free: 25, Total: 32.
Adding:    D0:LOGIN   .COM
Active entries: 8, Deleted: 0, Free: 24, Total: 32.

Closing P0:CPN3MT.LBR...


+ for f in `ls mt011/cpnet3 | sort`
+ ../../Tools/Linux/zxcc NULU --O -cpn3mt --A mt011/cpnet3/logoff.com --X
NULU 1.52  (07/12/87)
Copyright (C) 1984, 1985 & 1987 by Martin Murray
Bug fixes in version 1.52 by Mick Waters

TYPE -H FOR HELP

Library P0:CPN3MT.LBR open.
(Buffer size: 335 sectors)
Active entries: 8, Deleted: 0, Free: 24, Total: 32.
Adding:    D0:LOGOFF  .COM
Active entries: 9, Deleted: 0, Free: 23, Total: 32.

Closing P0:CPN3MT.LBR...


+ for f in `ls mt011/cpnet3 | sort`
+ ../../Tools/Linux/zxcc NULU --O -cpn3mt --A mt011/cpnet3/mail.com --X
NULU 1.52  (07/12/87)
Copyright (C) 1984, 1985 & 1987 by Martin Murray
Bug fixes in version 1.52 by Mick Waters

TYPE -H FOR HELP

Library P0:CPN3MT.LBR open.
(Buffer size: 335 sectors)
Active entries: 9, Deleted: 0, Free: 23, Total: 32.
Adding:    D0:MAIL    .COM
Active entries: 10, Deleted: 0, Free: 22, Total: 32.

Closing P0:CPN3MT.LBR...


+ for f in `ls mt011/cpnet3 | sort`
+ ../../Tools/Linux/zxcc NULU --O -cpn3mt --A mt011/cpnet3/ndos3.com --X
NULU 1.52  (07/12/87)
Copyright (C) 1984, 1985 & 1987 by Martin Murray
Bug fixes in version 1.52 by Mick Waters

TYPE -H FOR HELP

Library P0:CPN3MT.LBR open.
(Buffer size: 335 sectors)
Active entries: 10, Deleted: 0, Free: 22, Total: 32.
Adding:    D0:NDOS3   .COM
Active entries: 11, Deleted: 0, Free: 21, Total: 32.

Closing P0:CPN3MT.LBR...


+ for f in `ls mt011/cpnet3 | sort`
+ ../../Tools/Linux/zxcc NULU --O -cpn3mt --A mt011/cpnet3/netdown.com --X
NULU 1.52  (07/12/87)
Copyright (C) 1984, 1985 & 1987 by Martin Murray
Bug fixes in version 1.52 by Mick Waters

TYPE -H FOR HELP

Library P0:CPN3MT.LBR open.
(Buffer size: 335 sectors)
Active entries: 11, Deleted: 0, Free: 21, Total: 32.
Adding:    D0:NETDOWN .COM
Active entries: 12, Deleted: 0, Free: 20, Total: 32.

Closing P0:CPN3MT.LBR...


+ for f in `ls mt011/cpnet3 | sort`
+ ../../Tools/Linux/zxcc NULU --O -cpn3mt --A mt011/cpnet3/netstat.com --X
NULU 1.52  (07/12/87)
Copyright (C) 1984, 1985 & 1987 by Martin Murray
Bug fixes in version 1.52 by Mick Waters

TYPE -H FOR HELP

Library P0:CPN3MT.LBR open.
(Buffer size: 335 sectors)
Active entries: 12, Deleted: 0, Free: 20, Total: 32.
Adding:    D0:NETSTAT .COM
Active entries: 13, Deleted: 0, Free: 19, Total: 32.

Closing P0:CPN3MT.LBR...


+ for f in `ls mt011/cpnet3 | sort`
+ ../../Tools/Linux/zxcc NULU --O -cpn3mt --A mt011/cpnet3/network.com --X
NULU 1.52  (07/12/87)
Copyright (C) 1984, 1985 & 1987 by Martin Murray
Bug fixes in version 1.52 by Mick Waters

TYPE -H FOR HELP

Library P0:CPN3MT.LBR open.
(Buffer size: 335 sectors)
Active entries: 13, Deleted: 0, Free: 19, Total: 32.
Adding:    D0:NETWORK .COM
Active entries: 14, Deleted: 0, Free: 18, Total: 32.

Closing P0:CPN3MT.LBR...


+ for f in `ls mt011/cpnet3 | sort`
+ ../../Tools/Linux/zxcc NULU --O -cpn3mt --A mt011/cpnet3/ntpdate.com --X
NULU 1.52  (07/12/87)
Copyright (C) 1984, 1985 & 1987 by Martin Murray
Bug fixes in version 1.52 by Mick Waters

TYPE -H FOR HELP

Library P0:CPN3MT.LBR open.
(Buffer size: 335 sectors)
Active entries: 14, Deleted: 0, Free: 18, Total: 32.
Adding:    D0:NTPDATE .COM
Active entries: 15, Deleted: 0, Free: 17, Total: 32.

Closing P0:CPN3MT.LBR...


+ for f in `ls mt011/cpnet3 | sort`
+ ../../Tools/Linux/zxcc NULU --O -cpn3mt --A mt011/cpnet3/nvram.com --X
NULU 1.52  (07/12/87)
Copyright (C) 1984, 1985 & 1987 by Martin Murray
Bug fixes in version 1.52 by Mick Waters

TYPE -H FOR HELP

Library P0:CPN3MT.LBR open.
(Buffer size: 335 sectors)
Active entries: 15, Deleted: 0, Free: 17, Total: 32.
Adding:    D0:NVRAM   .COM
Active entries: 16, Deleted: 0, Free: 16, Total: 32.

Closing P0:CPN3MT.LBR...


+ for f in `ls mt011/cpnet3 | sort`
+ ../../Tools/Linux/zxcc NULU --O -cpn3mt --A mt011/cpnet3/rdate.com --X
NULU 1.52  (07/12/87)
Copyright (C) 1984, 1985 & 1987 by Martin Murray
Bug fixes in version 1.52 by Mick Waters

TYPE -H FOR HELP

Library P0:CPN3MT.LBR open.
(Buffer size: 335 sectors)
Active entries: 16, Deleted: 0, Free: 16, Total: 32.
Adding:    D0:RDATE   .COM
Active entries: 17, Deleted: 0, Free: 15, Total: 32.

Closing P0:CPN3MT.LBR...


+ for f in `ls mt011/cpnet3 | sort`
+ ../../Tools/Linux/zxcc NULU --O -cpn3mt --A mt011/cpnet3/rsxls.com --X
NULU 1.52  (07/12/87)
Copyright (C) 1984, 1985 & 1987 by Martin Murray
Bug fixes in version 1.52 by Mick Waters

TYPE -H FOR HELP

Library P0:CPN3MT.LBR open.
(Buffer size: 335 sectors)
Active entries: 17, Deleted: 0, Free: 15, Total: 32.
Adding:    D0:RSXLS   .COM
Active entries: 18, Deleted: 0, Free: 14, Total: 32.

Closing P0:CPN3MT.LBR...


+ for f in `ls mt011/cpnet3 | sort`
+ ../../Tools/Linux/zxcc NULU --O -cpn3mt --A mt011/cpnet3/rsxrm.com --X
NULU 1.52  (07/12/87)
Copyright (C) 1984, 1985 & 1987 by Martin Murray
Bug fixes in version 1.52 by Mick Waters

TYPE -H FOR HELP

Library P0:CPN3MT.LBR open.
(Buffer size: 335 sectors)
Active entries: 18, Deleted: 0, Free: 14, Total: 32.
Adding:    D0:RSXRM   .COM
Active entries: 19, Deleted: 0, Free: 13, Total: 32.

Closing P0:CPN3MT.LBR...


+ for f in `ls mt011/cpnet3 | sort`
+ ../../Tools/Linux/zxcc NULU --O -cpn3mt --A mt011/cpnet3/srvstat.com --X
NULU 1.52  (07/12/87)
Copyright (C) 1984, 1985 & 1987 by Martin Murray
Bug fixes in version 1.52 by Mick Waters

TYPE -H FOR HELP

Library P0:CPN3MT.LBR open.
(Buffer size: 335 sectors)
Active entries: 19, Deleted: 0, Free: 13, Total: 32.
Adding:    D0:SRVSTAT .COM
Active entries: 20, Deleted: 0, Free: 12, Total: 32.

Closing P0:CPN3MT.LBR...


+ for f in `ls mt011/cpnet3 | sort`
+ ../../Tools/Linux/zxcc NULU --O -cpn3mt --A mt011/cpnet3/tr.com --X
NULU 1.52  (07/12/87)
Copyright (C) 1984, 1985 & 1987 by Martin Murray
Bug fixes in version 1.52 by Mick Waters

TYPE -H FOR HELP

Library P0:CPN3MT.LBR open.
(Buffer size: 335 sectors)
Active entries: 20, Deleted: 0, Free: 12, Total: 32.
Adding:    D0:TR      .COM
Active entries: 21, Deleted: 0, Free: 11, Total: 32.

Closing P0:CPN3MT.LBR...


+ for f in `ls mt011/cpnet3 | sort`
+ ../../Tools/Linux/zxcc NULU --O -cpn3mt --A mt011/cpnet3/wizcfg.com --X
NULU 1.52  (07/12/87)
Copyright (C) 1984, 1985 & 1987 by Martin Murray
Bug fixes in version 1.52 by Mick Waters

TYPE -H FOR HELP

Library P0:CPN3MT.LBR open.
(Buffer size: 335 sectors)
Active entries: 21, Deleted: 0, Free: 11, Total: 32.
Adding:    D0:WIZCFG  .COM
Active entries: 22, Deleted: 0, Free: 10, Total: 32.

Closing P0:CPN3MT.LBR...


+ for f in `ls mt011/cpnet3 | sort`
+ ../../Tools/Linux/zxcc NULU --O -cpn3mt --A mt011/cpnet3/wizdbg.com --X
NULU 1.52  (07/12/87)
Copyright (C) 1984, 1985 & 1987 by Martin Murray
Bug fixes in version 1.52 by Mick Waters

TYPE -H FOR HELP

Library P0:CPN3MT.LBR open.
(Buffer size: 335 sectors)
Active entries: 22, Deleted: 0, Free: 10, Total: 32.
Adding:    D0:WIZDBG  .COM
Active entries: 23, Deleted: 0, Free: 9, Total: 32.

Closing P0:CPN3MT.LBR...


+ for f in `ls mt011/cpnet3 | sort`
+ ../../Tools/Linux/zxcc NULU --O -cpn3mt --A mt011/cpnet3/wiztest.com --X
NULU 1.52  (07/12/87)
Copyright (C) 1984, 1985 & 1987 by Martin Murray
Bug fixes in version 1.52 by Mick Waters

TYPE -H FOR HELP

Library P0:CPN3MT.LBR open.
(Buffer size: 335 sectors)
Active entries: 23, Deleted: 0, Free: 9, Total: 32.
Adding:    D0:WIZTEST .COM
Active entries: 24, Deleted: 0, Free: 8, Total: 32.

Closing P0:CPN3MT.LBR...


+ for f in `ls mt011/cpnet3 | sort`
+ ../../Tools/Linux/zxcc NULU --O -cpn3mt --A mt011/cpnet3/xsubnet.com --X
NULU 1.52  (07/12/87)
Copyright (C) 1984, 1985 & 1987 by Martin Murray
Bug fixes in version 1.52 by Mick Waters

TYPE -H FOR HELP

Library P0:CPN3MT.LBR open.
(Buffer size: 335 sectors)
Active entries: 24, Deleted: 0, Free: 8, Total: 32.
Adding:    D0:XSUBNET .COM
Active entries: 25, Deleted: 0, Free: 7, Total: 32.

Closing P0:CPN3MT.LBR...


rm -f cpn12duo.lbr
../../Tools/Linux/zxcc NULU --O -cpn12duo -\<30 --X
for f in `ls duo/cpnet12 | sort` ; \
do \
  ../../Tools/Linux/zxcc NULU --O -cpn12duo --A duo/cpnet12/$f --X ; \
done
+ rm -f cpn12duo.lbr
+ ../../Tools/Linux/zxcc NULU --O -cpn12duo '-<30' --X
NULU 1.52  (07/12/87)
Copyright (C) 1984, 1985 & 1987 by Martin Murray
Bug fixes in version 1.52 by Mick Waters

TYPE -H FOR HELP

Library P0:CPN12DUO.LBR not found.
  To make it, enter the number of entries to allow.
  Press RETURN now to abort making the library.
Allow how many entries: 30
Library P0:CPN12DUO.LBR open.
(Buffer size: 335 sectors)
Active entries: 1, Deleted: 0, Free: 31, Total: 32.

Closing P0:CPN12DUO.LBR...


++ ls duo/cpnet12
++ sort
+ for f in `ls duo/cpnet12 | sort`
+ ../../Tools/Linux/zxcc NULU --O -cpn12duo --A duo/cpnet12/ccp.spr --X
NULU 1.52  (07/12/87)
Copyright (C) 1984, 1985 & 1987 by Martin Murray
Bug fixes in version 1.52 by Mick Waters

TYPE -H FOR HELP

Library P0:CPN12DUO.LBR open.
(Buffer size: 335 sectors)
Active entries: 1, Deleted: 0, Free: 31, Total: 32.
Adding:    D0:CCP     .SPR
Active entries: 2, Deleted: 0, Free: 30, Total: 32.

Closing P0:CPN12DUO.LBR...


+ for f in `ls duo/cpnet12 | sort`
+ ../../Tools/Linux/zxcc NULU --O -cpn12duo --A duo/cpnet12/cpm2net.hlp --X
NULU 1.52  (07/12/87)
Copyright (C) 1984, 1985 & 1987 by Martin Murray
Bug fixes in version 1.52 by Mick Waters

TYPE -H FOR HELP

Library P0:CPN12DUO.LBR open.
(Buffer size: 335 sectors)
Active entries: 2, Deleted: 0, Free: 30, Total: 32.
Adding:    D0:CPM2NET .HLP
Active entries: 3, Deleted: 0, Free: 29, Total: 32.

Closing P0:CPN12DUO.LBR...


+ for f in `ls duo/cpnet12 | sort`
+ ../../Tools/Linux/zxcc NULU --O -cpn12duo --A duo/cpnet12/cpnboot.com --X
NULU 1.52  (07/12/87)
Copyright (C) 1984, 1985 & 1987 by Martin Murray
Bug fixes in version 1.52 by Mick Waters

TYPE -H FOR HELP

Library P0:CPN12DUO.LBR open.
(Buffer size: 335 sectors)
Active entries: 3, Deleted: 0, Free: 29, Total: 32.
Adding:    D0:CPNBOOT .COM
Active entries: 4, Deleted: 0, Free: 28, Total: 32.

Closing P0:CPN12DUO.LBR...


+ for f in `ls duo/cpnet12 | sort`
+ ../../Tools/Linux/zxcc NULU --O -cpn12duo --A duo/cpnet12/cpnet12.hlp --X
NULU 1.52  (07/12/87)
Copyright (C) 1984, 1985 & 1987 by Martin Murray
Bug fixes in version 1.52 by Mick Waters

TYPE -H FOR HELP

Library P0:CPN12DUO.LBR open.
(Buffer size: 335 sectors)
Active entries: 4, Deleted: 0, Free: 28, Total: 32.
Adding:    D0:CPNET12 .HLP
Active entries: 5, Deleted: 0, Free: 27, Total: 32.

Closing P0:CPN12DUO.LBR...


+ for f in `ls duo/cpnet12 | sort`
+ ../../Tools/Linux/zxcc NULU --O -cpn12duo --A duo/cpnet12/cpnetldr.com --X
NULU 1.52  (07/12/87)
Copyright (C) 1984, 1985 & 1987 by Martin Murray
Bug fixes in version 1.52 by Mick Waters

TYPE -H FOR HELP

Library P0:CPN12DUO.LBR open.
(Buffer size: 335 sectors)
Active entries: 5, Deleted: 0, Free: 27, Total: 32.
Adding:    D0:CPNETLDR.COM
Active entries: 6, Deleted: 0, Free: 26, Total: 32.

Closing P0:CPN12DUO.LBR...


+ for f in `ls duo/cpnet12 | sort`
+ ../../Tools/Linux/zxcc NULU --O -cpn12duo --A duo/cpnet12/cpnetsts.com --X
NULU 1.52  (07/12/87)
Copyright (C) 1984, 1985 & 1987 by Martin Murray
Bug fixes in version 1.52 by Mick Waters

TYPE -H FOR HELP

Library P0:CPN12DUO.LBR open.
(Buffer size: 335 sectors)
Active entries: 6, Deleted: 0, Free: 26, Total: 32.
Adding:    D0:CPNETSTS.COM
Active entries: 7, Deleted: 0, Free: 25, Total: 32.

Closing P0:CPN12DUO.LBR...


+ for f in `ls duo/cpnet12 | sort`
+ ../../Tools/Linux/zxcc NULU --O -cpn12duo --A duo/cpnet12/dskreset.com --X
NULU 1.52  (07/12/87)
Copyright (C) 1984, 1985 & 1987 by Martin Murray
Bug fixes in version 1.52 by Mick Waters

TYPE -H FOR HELP

Library P0:CPN12DUO.LBR open.
(Buffer size: 335 sectors)
Active entries: 7, Deleted: 0, Free: 25, Total: 32.
Adding:    D0:DSKRESET.COM
Active entries: 8, Deleted: 0, Free: 24, Total: 32.

Closing P0:CPN12DUO.LBR...


+ for f in `ls duo/cpnet12 | sort`
+ ../../Tools/Linux/zxcc NULU --O -cpn12duo --A duo/cpnet12/endlist.com --X
NULU 1.52  (07/12/87)
Copyright (C) 1984, 1985 & 1987 by Martin Murray
Bug fixes in version 1.52 by Mick Waters

TYPE -H FOR HELP

Library P0:CPN12DUO.LBR open.
(Buffer size: 335 sectors)
Active entries: 8, Deleted: 0, Free: 24, Total: 32.
Adding:    D0:ENDLIST .COM
Active entries: 9, Deleted: 0, Free: 23, Total: 32.

Closing P0:CPN12DUO.LBR...


+ for f in `ls duo/cpnet12 | sort`
+ ../../Tools/Linux/zxcc NULU --O -cpn12duo --A duo/cpnet12/local.com --X
NULU 1.52  (07/12/87)
Copyright (C) 1984, 1985 & 1987 by Martin Murray
Bug fixes in version 1.52 by Mick Waters

TYPE -H FOR HELP

Library P0:CPN12DUO.LBR open.
(Buffer size: 335 sectors)
Active entries: 9, Deleted: 0, Free: 23, Total: 32.
Adding:    D0:LOCAL   .COM
Active entries: 10, Deleted: 0, Free: 22, Total: 32.

Closing P0:CPN12DUO.LBR...


+ for f in `ls duo/cpnet12 | sort`
+ ../../Tools/Linux/zxcc NULU --O -cpn12duo --A duo/cpnet12/login.com --X
NULU 1.52  (07/12/87)
Copyright (C) 1984, 1985 & 1987 by Martin Murray
Bug fixes in version 1.52 by Mick Waters

TYPE -H FOR HELP

Library P0:CPN12DUO.LBR open.
(Buffer size: 335 sectors)
Active entries: 10, Deleted: 0, Free: 22, Total: 32.
Adding:    D0:LOGIN   .COM
Active entries: 11, Deleted: 0, Free: 21, Total: 32.

Closing P0:CPN12DUO.LBR...


+ for f in `ls duo/cpnet12 | sort`
+ ../../Tools/Linux/zxcc NULU --O -cpn12duo --A duo/cpnet12/logoff.com --X
NULU 1.52  (07/12/87)
Copyright (C) 1984, 1985 & 1987 by Martin Murray
Bug fixes in version 1.52 by Mick Waters

TYPE -H FOR HELP

Library P0:CPN12DUO.LBR open.
(Buffer size: 335 sectors)
Active entries: 11, Deleted: 0, Free: 21, Total: 32.
Adding:    D0:LOGOFF  .COM
Active entries: 12, Deleted: 0, Free: 20, Total: 32.

Closing P0:CPN12DUO.LBR...


+ for f in `ls duo/cpnet12 | sort`
+ ../../Tools/Linux/zxcc NULU --O -cpn12duo --A duo/cpnet12/mail.com --X
NULU 1.52  (07/12/87)
Copyright (C) 1984, 1985 & 1987 by Martin Murray
Bug fixes in version 1.52 by Mick Waters

TYPE -H FOR HELP

Library P0:CPN12DUO.LBR open.
(Buffer size: 335 sectors)
Active entries: 12, Deleted: 0, Free: 20, Total: 32.
Adding:    D0:MAIL    .COM
Active entries: 13, Deleted: 0, Free: 19, Total: 32.

Closing P0:CPN12DUO.LBR...


+ for f in `ls duo/cpnet12 | sort`
+ ../../Tools/Linux/zxcc NULU --O -cpn12duo --A duo/cpnet12/ndos.spr --X
NULU 1.52  (07/12/87)
Copyright (C) 1984, 1985 & 1987 by Martin Murray
Bug fixes in version 1.52 by Mick Waters

TYPE -H FOR HELP

Library P0:CPN12DUO.LBR open.
(Buffer size: 335 sectors)
Active entries: 13, Deleted: 0, Free: 19, Total: 32.
Adding:    D0:NDOS    .SPR
Active entries: 14, Deleted: 0, Free: 18, Total: 32.

Closing P0:CPN12DUO.LBR...


+ for f in `ls duo/cpnet12 | sort`
+ ../../Tools/Linux/zxcc NULU --O -cpn12duo --A duo/cpnet12/netdown.com --X
NULU 1.52  (07/12/87)
Copyright (C) 1984, 1985 & 1987 by Martin Murray
Bug fixes in version 1.52 by Mick Waters

TYPE -H FOR HELP

Library P0:CPN12DUO.LBR open.
(Buffer size: 335 sectors)
Active entries: 14, Deleted: 0, Free: 18, Total: 32.
Adding:    D0:NETDOWN .COM
Active entries: 15, Deleted: 0, Free: 17, Total: 32.

Closing P0:CPN12DUO.LBR...


+ for f in `ls duo/cpnet12 | sort`
+ ../../Tools/Linux/zxcc NULU --O -cpn12duo --A duo/cpnet12/netstat.com --X
NULU 1.52  (07/12/87)
Copyright (C) 1984, 1985 & 1987 by Martin Murray
Bug fixes in version 1.52 by Mick Waters

TYPE -H FOR HELP

Library P0:CPN12DUO.LBR open.
(Buffer size: 335 sectors)
Active entries: 15, Deleted: 0, Free: 17, Total: 32.
Adding:    D0:NETSTAT .COM
Active entries: 16, Deleted: 0, Free: 16, Total: 32.

Closing P0:CPN12DUO.LBR...


+ for f in `ls duo/cpnet12 | sort`
+ ../../Tools/Linux/zxcc NULU --O -cpn12duo --A duo/cpnet12/network.com --X
NULU 1.52  (07/12/87)
Copyright (C) 1984, 1985 & 1987 by Martin Murray
Bug fixes in version 1.52 by Mick Waters

TYPE -H FOR HELP

Library P0:CPN12DUO.LBR open.
(Buffer size: 335 sectors)
Active entries: 16, Deleted: 0, Free: 16, Total: 32.
Adding:    D0:NETWORK .COM
Active entries: 17, Deleted: 0, Free: 15, Total: 32.

Closing P0:CPN12DUO.LBR...


+ for f in `ls duo/cpnet12 | sort`
+ ../../Tools/Linux/zxcc NULU --O -cpn12duo --A duo/cpnet12/nvram.com --X
NULU 1.52  (07/12/87)
Copyright (C) 1984, 1985 & 1987 by Martin Murray
Bug fixes in version 1.52 by Mick Waters

TYPE -H FOR HELP

Library P0:CPN12DUO.LBR open.
(Buffer size: 335 sectors)
Active entries: 17, Deleted: 0, Free: 15, Total: 32.
Adding:    D0:NVRAM   .COM
Active entries: 18, Deleted: 0, Free: 14, Total: 32.

Closing P0:CPN12DUO.LBR...


+ for f in `ls duo/cpnet12 | sort`
+ ../../Tools/Linux/zxcc NULU --O -cpn12duo --A duo/cpnet12/pipnet.com --X
NULU 1.52  (07/12/87)
Copyright (C) 1984, 1985 & 1987 by Martin Murray
Bug fixes in version 1.52 by Mick Waters

TYPE -H FOR HELP

Library P0:CPN12DUO.LBR open.
(Buffer size: 335 sectors)
Active entries: 18, Deleted: 0, Free: 14, Total: 32.
Adding:    D0:PIPNET  .COM
Active entries: 19, Deleted: 0, Free: 13, Total: 32.

Closing P0:CPN12DUO.LBR...


+ for f in `ls duo/cpnet12 | sort`
+ ../../Tools/Linux/zxcc NULU --O -cpn12duo --A duo/cpnet12/rdate.com --X
NULU 1.52  (07/12/87)
Copyright (C) 1984, 1985 & 1987 by Martin Murray
Bug fixes in version 1.52 by Mick Waters

TYPE -H FOR HELP

Library P0:CPN12DUO.LBR open.
(Buffer size: 335 sectors)
Active entries: 19, Deleted: 0, Free: 13, Total: 32.
Adding:    D0:RDATE   .COM
Active entries: 20, Deleted: 0, Free: 12, Total: 32.

Closing P0:CPN12DUO.LBR...


+ for f in `ls duo/cpnet12 | sort`
+ ../../Tools/Linux/zxcc NULU --O -cpn12duo --A duo/cpnet12/snios.spr --X
NULU 1.52  (07/12/87)
Copyright (C) 1984, 1985 & 1987 by Martin Murray
Bug fixes in version 1.52 by Mick Waters

TYPE -H FOR HELP

Library P0:CPN12DUO.LBR open.
(Buffer size: 335 sectors)
Active entries: 20, Deleted: 0, Free: 12, Total: 32.
Adding:    D0:SNIOS   .SPR
Active entries: 21, Deleted: 0, Free: 11, Total: 32.

Closing P0:CPN12DUO.LBR...


+ for f in `ls duo/cpnet12 | sort`
+ ../../Tools/Linux/zxcc NULU --O -cpn12duo --A duo/cpnet12/srvstat.com --X
NULU 1.52  (07/12/87)
Copyright (C) 1984, 1985 & 1987 by Martin Murray
Bug fixes in version 1.52 by Mick Waters

TYPE -H FOR HELP

Library P0:CPN12DUO.LBR open.
(Buffer size: 335 sectors)
Active entries: 21, Deleted: 0, Free: 11, Total: 32.
Adding:    D0:SRVSTAT .COM
Active entries: 22, Deleted: 0, Free: 10, Total: 32.

Closing P0:CPN12DUO.LBR...


+ for f in `ls duo/cpnet12 | sort`
+ ../../Tools/Linux/zxcc NULU --O -cpn12duo --A duo/cpnet12/tr.com --X
NULU 1.52  (07/12/87)
Copyright (C) 1984, 1985 & 1987 by Martin Murray
Bug fixes in version 1.52 by Mick Waters

TYPE -H FOR HELP

Library P0:CPN12DUO.LBR open.
(Buffer size: 335 sectors)
Active entries: 22, Deleted: 0, Free: 10, Total: 32.
Adding:    D0:TR      .COM
Active entries: 23, Deleted: 0, Free: 9, Total: 32.

Closing P0:CPN12DUO.LBR...


+ for f in `ls duo/cpnet12 | sort`
+ ../../Tools/Linux/zxcc NULU --O -cpn12duo --A duo/cpnet12/wizcfg.com --X
NULU 1.52  (07/12/87)
Copyright (C) 1984, 1985 & 1987 by Martin Murray
Bug fixes in version 1.52 by Mick Waters

TYPE -H FOR HELP

Library P0:CPN12DUO.LBR open.
(Buffer size: 335 sectors)
Active entries: 23, Deleted: 0, Free: 9, Total: 32.
Adding:    D0:WIZCFG  .COM
Active entries: 24, Deleted: 0, Free: 8, Total: 32.

Closing P0:CPN12DUO.LBR...


+ for f in `ls duo/cpnet12 | sort`
+ ../../Tools/Linux/zxcc NULU --O -cpn12duo --A duo/cpnet12/wizdbg.com --X
NULU 1.52  (07/12/87)
Copyright (C) 1984, 1985 & 1987 by Martin Murray
Bug fixes in version 1.52 by Mick Waters

TYPE -H FOR HELP

Library P0:CPN12DUO.LBR open.
(Buffer size: 335 sectors)
Active entries: 24, Deleted: 0, Free: 8, Total: 32.
Adding:    D0:WIZDBG  .COM
Active entries: 25, Deleted: 0, Free: 7, Total: 32.

Closing P0:CPN12DUO.LBR...


+ for f in `ls duo/cpnet12 | sort`
+ ../../Tools/Linux/zxcc NULU --O -cpn12duo --A duo/cpnet12/wiztest.com --X
NULU 1.52  (07/12/87)
Copyright (C) 1984, 1985 & 1987 by Martin Murray
Bug fixes in version 1.52 by Mick Waters

TYPE -H FOR HELP

Library P0:CPN12DUO.LBR open.
(Buffer size: 335 sectors)
Active entries: 25, Deleted: 0, Free: 7, Total: 32.
Adding:    D0:WIZTEST .COM
Active entries: 26, Deleted: 0, Free: 6, Total: 32.

Closing P0:CPN12DUO.LBR...


+ for f in `ls duo/cpnet12 | sort`
+ ../../Tools/Linux/zxcc NULU --O -cpn12duo --A duo/cpnet12/xsubnet.com --X
NULU 1.52  (07/12/87)
Copyright (C) 1984, 1985 & 1987 by Martin Murray
Bug fixes in version 1.52 by Mick Waters

TYPE -H FOR HELP

Library P0:CPN12DUO.LBR open.
(Buffer size: 335 sectors)
Active entries: 26, Deleted: 0, Free: 6, Total: 32.
Adding:    D0:XSUBNET .COM
Active entries: 27, Deleted: 0, Free: 5, Total: 32.

Closing P0:CPN12DUO.LBR...


rm -f cpn3duo.lbr
../../Tools/Linux/zxcc NULU --O -cpn3duo -\<30 --X
for f in `ls duo/cpnet3 | sort` ; \
do \
  ../../Tools/Linux/zxcc NULU --O -cpn3duo --A duo/cpnet3/$f --X ; \
done
+ rm -f cpn3duo.lbr
+ ../../Tools/Linux/zxcc NULU --O -cpn3duo '-<30' --X
NULU 1.52  (07/12/87)
Copyright (C) 1984, 1985 & 1987 by Martin Murray
Bug fixes in version 1.52 by Mick Waters

TYPE -H FOR HELP

Library P0:CPN3DUO.LBR not found.
  To make it, enter the number of entries to allow.
  Press RETURN now to abort making the library.
Allow how many entries: 30
Library P0:CPN3DUO.LBR open.
(Buffer size: 335 sectors)
Active entries: 1, Deleted: 0, Free: 31, Total: 32.

Closing P0:CPN3DUO.LBR...


++ ls duo/cpnet3
++ sort
+ for f in `ls duo/cpnet3 | sort`
+ ../../Tools/Linux/zxcc NULU --O -cpn3duo --A duo/cpnet3/cpm3net.hlp --X
NULU 1.52  (07/12/87)
Copyright (C) 1984, 1985 & 1987 by Martin Murray
Bug fixes in version 1.52 by Mick Waters

TYPE -H FOR HELP

Library P0:CPN3DUO.LBR open.
(Buffer size: 335 sectors)
Active entries: 1, Deleted: 0, Free: 31, Total: 32.
Adding:    D0:CPM3NET .HLP
Active entries: 2, Deleted: 0, Free: 30, Total: 32.

Closing P0:CPN3DUO.LBR...


+ for f in `ls duo/cpnet3 | sort`
+ ../../Tools/Linux/zxcc NULU --O -cpn3duo --A duo/cpnet3/cpnet3.hlp --X
NULU 1.52  (07/12/87)
Copyright (C) 1984, 1985 & 1987 by Martin Murray
Bug fixes in version 1.52 by Mick Waters

TYPE -H FOR HELP

Library P0:CPN3DUO.LBR open.
(Buffer size: 335 sectors)
Active entries: 2, Deleted: 0, Free: 30, Total: 32.
Adding:    D0:CPNET3  .HLP
Active entries: 3, Deleted: 0, Free: 29, Total: 32.

Closing P0:CPN3DUO.LBR...


+ for f in `ls duo/cpnet3 | sort`
+ ../../Tools/Linux/zxcc NULU --O -cpn3duo --A duo/cpnet3/cpnetsts.com --X
NULU 1.52  (07/12/87)
Copyright (C) 1984, 1985 & 1987 by Martin Murray
Bug fixes in version 1.52 by Mick Waters

TYPE -H FOR HELP

Library P0:CPN3DUO.LBR open.
(Buffer size: 335 sectors)
Active entries: 3, Deleted: 0, Free: 29, Total: 32.
Adding:    D0:CPNETSTS.COM
Active entries: 4, Deleted: 0, Free: 28, Total: 32.

Closing P0:CPN3DUO.LBR...


+ for f in `ls duo/cpnet3 | sort`
+ ../../Tools/Linux/zxcc NULU --O -cpn3duo --A duo/cpnet3/dskreset.com --X
NULU 1.52  (07/12/87)
Copyright (C) 1984, 1985 & 1987 by Martin Murray
Bug fixes in version 1.52 by Mick Waters

TYPE -H FOR HELP

Library P0:CPN3DUO.LBR open.
(Buffer size: 335 sectors)
Active entries: 4, Deleted: 0, Free: 28, Total: 32.
Adding:    D0:DSKRESET.COM
Active entries: 5, Deleted: 0, Free: 27, Total: 32.

Closing P0:CPN3DUO.LBR...


+ for f in `ls duo/cpnet3 | sort`
+ ../../Tools/Linux/zxcc NULU --O -cpn3duo --A duo/cpnet3/endlist.com --X
NULU 1.52  (07/12/87)
Copyright (C) 1984, 1985 & 1987 by Martin Murray
Bug fixes in version 1.52 by Mick Waters

TYPE -H FOR HELP

Library P0:CPN3DUO.LBR open.
(Buffer size: 335 sectors)
Active entries: 5, Deleted: 0, Free: 27, Total: 32.
Adding:    D0:ENDLIST .COM
Active entries: 6, Deleted: 0, Free: 26, Total: 32.

Closing P0:CPN3DUO.LBR...


+ for f in `ls duo/cpnet3 | sort`
+ ../../Tools/Linux/zxcc NULU --O -cpn3duo --A duo/cpnet3/local.com --X
NULU 1.52  (07/12/87)
Copyright (C) 1984, 1985 & 1987 by Martin Murray
Bug fixes in version 1.52 by Mick Waters

TYPE -H FOR HELP

Library P0:CPN3DUO.LBR open.
(Buffer size: 335 sectors)
Active entries: 6, Deleted: 0, Free: 26, Total: 32.
Adding:    D0:LOCAL   .COM
Active entries: 7, Deleted: 0, Free: 25, Total: 32.

Closing P0:CPN3DUO.LBR...


+ for f in `ls duo/cpnet3 | sort`
+ ../../Tools/Linux/zxcc NULU --O -cpn3duo --A duo/cpnet3/login.com --X
NULU 1.52  (07/12/87)
Copyright (C) 1984, 1985 & 1987 by Martin Murray
Bug fixes in version 1.52 by Mick Waters

TYPE -H FOR HELP

Library P0:CPN3DUO.LBR open.
(Buffer size: 335 sectors)
Active entries: 7, Deleted: 0, Free: 25, Total: 32.
Adding:    D0:LOGIN   .COM
Active entries: 8, Deleted: 0, Free: 24, Total: 32.

Closing P0:CPN3DUO.LBR...


+ for f in `ls duo/cpnet3 | sort`
+ ../../Tools/Linux/zxcc NULU --O -cpn3duo --A duo/cpnet3/logoff.com --X
NULU 1.52  (07/12/87)
Copyright (C) 1984, 1985 & 1987 by Martin Murray
Bug fixes in version 1.52 by Mick Waters

TYPE -H FOR HELP

Library P0:CPN3DUO.LBR open.
(Buffer size: 335 sectors)
Active entries: 8, Deleted: 0, Free: 24, Total: 32.
Adding:    D0:LOGOFF  .COM
Active entries: 9, Deleted: 0, Free: 23, Total: 32.

Closing P0:CPN3DUO.LBR...


+ for f in `ls duo/cpnet3 | sort`
+ ../../Tools/Linux/zxcc NULU --O -cpn3duo --A duo/cpnet3/mail.com --X
NULU 1.52  (07/12/87)
Copyright (C) 1984, 1985 & 1987 by Martin Murray
Bug fixes in version 1.52 by Mick Waters

TYPE -H FOR HELP

Library P0:CPN3DUO.LBR open.
(Buffer size: 335 sectors)
Active entries: 9, Deleted: 0, Free: 23, Total: 32.
Adding:    D0:MAIL    .COM
Active entries: 10, Deleted: 0, Free: 22, Total: 32.

Closing P0:CPN3DUO.LBR...


+ for f in `ls duo/cpnet3 | sort`
+ ../../Tools/Linux/zxcc NULU --O -cpn3duo --A duo/cpnet3/ndos3.com --X
NULU 1.52  (07/12/87)
Copyright (C) 1984, 1985 & 1987 by Martin Murray
Bug fixes in version 1.52 by Mick Waters

TYPE -H FOR HELP

Library P0:CPN3DUO.LBR open.
(Buffer size: 335 sectors)
Active entries: 10, Deleted: 0, Free: 22, Total: 32.
Adding:    D0:NDOS3   .COM
Active entries: 11, Deleted: 0, Free: 21, Total: 32.

Closing P0:CPN3DUO.LBR...


+ for f in `ls duo/cpnet3 | sort`
+ ../../Tools/Linux/zxcc NULU --O -cpn3duo --A duo/cpnet3/netdown.com --X
NULU 1.52  (07/12/87)
Copyright (C) 1984, 1985 & 1987 by Martin Murray
Bug fixes in version 1.52 by Mick Waters

TYPE -H FOR HELP

Library P0:CPN3DUO.LBR open.
(Buffer size: 335 sectors)
Active entries: 11, Deleted: 0, Free: 21, Total: 32.
Adding:    D0:NETDOWN .COM
Active entries: 12, Deleted: 0, Free: 20, Total: 32.

Closing P0:CPN3DUO.LBR...


+ for f in `ls duo/cpnet3 | sort`
+ ../../Tools/Linux/zxcc NULU --O -cpn3duo --A duo/cpnet3/netstat.com --X
NULU 1.52  (07/12/87)
Copyright (C) 1984, 1985 & 1987 by Martin Murray
Bug fixes in version 1.52 by Mick Waters

TYPE -H FOR HELP

Library P0:CPN3DUO.LBR open.
(Buffer size: 335 sectors)
Active entries: 12, Deleted: 0, Free: 20, Total: 32.
Adding:    D0:NETSTAT .COM
Active entries: 13, Deleted: 0, Free: 19, Total: 32.

Closing P0:CPN3DUO.LBR...


+ for f in `ls duo/cpnet3 | sort`
+ ../../Tools/Linux/zxcc NULU --O -cpn3duo --A duo/cpnet3/network.com --X
NULU 1.52  (07/12/87)
Copyright (C) 1984, 1985 & 1987 by Martin Murray
Bug fixes in version 1.52 by Mick Waters

TYPE -H FOR HELP

Library P0:CPN3DUO.LBR open.
(Buffer size: 335 sectors)
Active entries: 13, Deleted: 0, Free: 19, Total: 32.
Adding:    D0:NETWORK .COM
Active entries: 14, Deleted: 0, Free: 18, Total: 32.

Closing P0:CPN3DUO.LBR...


+ for f in `ls duo/cpnet3 | sort`
+ ../../Tools/Linux/zxcc NULU --O -cpn3duo --A duo/cpnet3/ntpdate.com --X
NULU 1.52  (07/12/87)
Copyright (C) 1984, 1985 & 1987 by Martin Murray
Bug fixes in version 1.52 by Mick Waters

TYPE -H FOR HELP

Library P0:CPN3DUO.LBR open.
(Buffer size: 335 sectors)
Active entries: 14, Deleted: 0, Free: 18, Total: 32.
Adding:    D0:NTPDATE .COM
Active entries: 15, Deleted: 0, Free: 17, Total: 32.

Closing P0:CPN3DUO.LBR...


+ for f in `ls duo/cpnet3 | sort`
+ ../../Tools/Linux/zxcc NULU --O -cpn3duo --A duo/cpnet3/nvram.com --X
NULU 1.52  (07/12/87)
Copyright (C) 1984, 1985 & 1987 by Martin Murray
Bug fixes in version 1.52 by Mick Waters

TYPE -H FOR HELP

Library P0:CPN3DUO.LBR open.
(Buffer size: 335 sectors)
Active entries: 15, Deleted: 0, Free: 17, Total: 32.
Adding:    D0:NVRAM   .COM
Active entries: 16, Deleted: 0, Free: 16, Total: 32.

Closing P0:CPN3DUO.LBR...


+ for f in `ls duo/cpnet3 | sort`
+ ../../Tools/Linux/zxcc NULU --O -cpn3duo --A duo/cpnet3/rdate.com --X
NULU 1.52  (07/12/87)
Copyright (C) 1984, 1985 & 1987 by Martin Murray
Bug fixes in version 1.52 by Mick Waters

TYPE -H FOR HELP

Library P0:CPN3DUO.LBR open.
(Buffer size: 335 sectors)
Active entries: 16, Deleted: 0, Free: 16, Total: 32.
Adding:    D0:RDATE   .COM
Active entries: 17, Deleted: 0, Free: 15, Total: 32.

Closing P0:CPN3DUO.LBR...


+ for f in `ls duo/cpnet3 | sort`
+ ../../Tools/Linux/zxcc NULU --O -cpn3duo --A duo/cpnet3/rsxls.com --X
NULU 1.52  (07/12/87)
Copyright (C) 1984, 1985 & 1987 by Martin Murray
Bug fixes in version 1.52 by Mick Waters

TYPE -H FOR HELP

Library P0:CPN3DUO.LBR open.
(Buffer size: 335 sectors)
Active entries: 17, Deleted: 0, Free: 15, Total: 32.
Adding:    D0:RSXLS   .COM
Active entries: 18, Deleted: 0, Free: 14, Total: 32.

Closing P0:CPN3DUO.LBR...


+ for f in `ls duo/cpnet3 | sort`
+ ../../Tools/Linux/zxcc NULU --O -cpn3duo --A duo/cpnet3/rsxrm.com --X
NULU 1.52  (07/12/87)
Copyright (C) 1984, 1985 & 1987 by Martin Murray
Bug fixes in version 1.52 by Mick Waters

TYPE -H FOR HELP

Library P0:CPN3DUO.LBR open.
(Buffer size: 335 sectors)
Active entries: 18, Deleted: 0, Free: 14, Total: 32.
Adding:    D0:RSXRM   .COM
Active entries: 19, Deleted: 0, Free: 13, Total: 32.

Closing P0:CPN3DUO.LBR...


+ for f in `ls duo/cpnet3 | sort`
+ ../../Tools/Linux/zxcc NULU --O -cpn3duo --A duo/cpnet3/srvstat.com --X
NULU 1.52  (07/12/87)
Copyright (C) 1984, 1985 & 1987 by Martin Murray
Bug fixes in version 1.52 by Mick Waters

TYPE -H FOR HELP

Library P0:CPN3DUO.LBR open.
(Buffer size: 335 sectors)
Active entries: 19, Deleted: 0, Free: 13, Total: 32.
Adding:    D0:SRVSTAT .COM
Active entries: 20, Deleted: 0, Free: 12, Total: 32.

Closing P0:CPN3DUO.LBR...


+ for f in `ls duo/cpnet3 | sort`
+ ../../Tools/Linux/zxcc NULU --O -cpn3duo --A duo/cpnet3/tr.com --X
NULU 1.52  (07/12/87)
Copyright (C) 1984, 1985 & 1987 by Martin Murray
Bug fixes in version 1.52 by Mick Waters

TYPE -H FOR HELP

Library P0:CPN3DUO.LBR open.
(Buffer size: 335 sectors)
Active entries: 20, Deleted: 0, Free: 12, Total: 32.
Adding:    D0:TR      .COM
Active entries: 21, Deleted: 0, Free: 11, Total: 32.

Closing P0:CPN3DUO.LBR...


+ for f in `ls duo/cpnet3 | sort`
+ ../../Tools/Linux/zxcc NULU --O -cpn3duo --A duo/cpnet3/wizcfg.com --X
NULU 1.52  (07/12/87)
Copyright (C) 1984, 1985 & 1987 by Martin Murray
Bug fixes in version 1.52 by Mick Waters

TYPE -H FOR HELP

Library P0:CPN3DUO.LBR open.
(Buffer size: 335 sectors)
Active entries: 21, Deleted: 0, Free: 11, Total: 32.
Adding:    D0:WIZCFG  .COM
Active entries: 22, Deleted: 0, Free: 10, Total: 32.

Closing P0:CPN3DUO.LBR...


+ for f in `ls duo/cpnet3 | sort`
+ ../../Tools/Linux/zxcc NULU --O -cpn3duo --A duo/cpnet3/wizdbg.com --X
NULU 1.52  (07/12/87)
Copyright (C) 1984, 1985 & 1987 by Martin Murray
Bug fixes in version 1.52 by Mick Waters

TYPE -H FOR HELP

Library P0:CPN3DUO.LBR open.
(Buffer size: 335 sectors)
Active entries: 22, Deleted: 0, Free: 10, Total: 32.
Adding:    D0:WIZDBG  .COM
Active entries: 23, Deleted: 0, Free: 9, Total: 32.

Closing P0:CPN3DUO.LBR...


+ for f in `ls duo/cpnet3 | sort`
+ ../../Tools/Linux/zxcc NULU --O -cpn3duo --A duo/cpnet3/wiztest.com --X
NULU 1.52  (07/12/87)
Copyright (C) 1984, 1985 & 1987 by Martin Murray
Bug fixes in version 1.52 by Mick Waters

TYPE -H FOR HELP

Library P0:CPN3DUO.LBR open.
(Buffer size: 335 sectors)
Active entries: 23, Deleted: 0, Free: 9, Total: 32.
Adding:    D0:WIZTEST .COM
Active entries: 24, Deleted: 0, Free: 8, Total: 32.

Closing P0:CPN3DUO.LBR...


+ for f in `ls duo/cpnet3 | sort`
+ ../../Tools/Linux/zxcc NULU --O -cpn3duo --A duo/cpnet3/xsubnet.com --X
NULU 1.52  (07/12/87)
Copyright (C) 1984, 1985 & 1987 by Martin Murray
Bug fixes in version 1.52 by Mick Waters

TYPE -H FOR HELP

Library P0:CPN3DUO.LBR open.
(Buffer size: 335 sectors)
Active entries: 24, Deleted: 0, Free: 8, Total: 32.
Adding:    D0:XSUBNET .COM
Active entries: 25, Deleted: 0, Free: 7, Total: 32.

Closing P0:CPN3DUO.LBR...


rm -f cpn12ser.lbr
../../Tools/Linux/zxcc NULU --O -cpn12ser -\<30 --X
for f in `ls serial/cpnet12 | sort` ; \
do \
  ../../Tools/Linux/zxcc NULU --O -cpn12ser --A serial/cpnet12/$f --X ; \
done
+ rm -f cpn12ser.lbr
+ ../../Tools/Linux/zxcc NULU --O -cpn12ser '-<30' --X
NULU 1.52  (07/12/87)
Copyright (C) 1984, 1985 & 1987 by Martin Murray
Bug fixes in version 1.52 by Mick Waters

TYPE -H FOR HELP

Library P0:CPN12SER.LBR not found.
  To make it, enter the number of entries to allow.
  Press RETURN now to abort making the library.
Allow how many entries: 30
Library P0:CPN12SER.LBR open.
(Buffer size: 335 sectors)
Active entries: 1, Deleted: 0, Free: 31, Total: 32.

Closing P0:CPN12SER.LBR...


++ ls serial/cpnet12
++ sort
+ for f in `ls serial/cpnet12 | sort`
+ ../../Tools/Linux/zxcc NULU --O -cpn12ser --A serial/cpnet12/ccp.spr --X
NULU 1.52  (07/12/87)
Copyright (C) 1984, 1985 & 1987 by Martin Murray
Bug fixes in version 1.52 by Mick Waters

TYPE -H FOR HELP

Library P0:CPN12SER.LBR open.
(Buffer size: 335 sectors)
Active entries: 1, Deleted: 0, Free: 31, Total: 32.
Adding:    D0:CCP     .SPR
Active entries: 2, Deleted: 0, Free: 30, Total: 32.

Closing P0:CPN12SER.LBR...


+ for f in `ls serial/cpnet12 | sort`
+ ../../Tools/Linux/zxcc NULU --O -cpn12ser --A serial/cpnet12/cpm2net.hlp --X
NULU 1.52  (07/12/87)
Copyright (C) 1984, 1985 & 1987 by Martin Murray
Bug fixes in version 1.52 by Mick Waters

TYPE -H FOR HELP

Library P0:CPN12SER.LBR open.
(Buffer size: 335 sectors)
Active entries: 2, Deleted: 0, Free: 30, Total: 32.
Adding:    D0:CPM2NET .HLP
Active entries: 3, Deleted: 0, Free: 29, Total: 32.

Closing P0:CPN12SER.LBR...


+ for f in `ls serial/cpnet12 | sort`
+ ../../Tools/Linux/zxcc NULU --O -cpn12ser --A serial/cpnet12/cpnet12.hlp --X
NULU 1.52  (07/12/87)
Copyright (C) 1984, 1985 & 1987 by Martin Murray
Bug fixes in version 1.52 by Mick Waters

TYPE -H FOR HELP

Library P0:CPN12SER.LBR open.
(Buffer size: 335 sectors)
Active entries: 3, Deleted: 0, Free: 29, Total: 32.
Adding:    D0:CPNET12 .HLP
Active entries: 4, Deleted: 0, Free: 28, Total: 32.

Closing P0:CPN12SER.LBR...


+ for f in `ls serial/cpnet12 | sort`
+ ../../Tools/Linux/zxcc NULU --O -cpn12ser --A serial/cpnet12/cpnetldr.com --X
NULU 1.52  (07/12/87)
Copyright (C) 1984, 1985 & 1987 by Martin Murray
Bug fixes in version 1.52 by Mick Waters

TYPE -H FOR HELP

Library P0:CPN12SER.LBR open.
(Buffer size: 335 sectors)
Active entries: 4, Deleted: 0, Free: 28, Total: 32.
Adding:    D0:CPNETLDR.COM
Active entries: 5, Deleted: 0, Free: 27, Total: 32.

Closing P0:CPN12SER.LBR...


+ for f in `ls serial/cpnet12 | sort`
+ ../../Tools/Linux/zxcc NULU --O -cpn12ser --A serial/cpnet12/cpnetsts.com --X
NULU 1.52  (07/12/87)
Copyright (C) 1984, 1985 & 1987 by Martin Murray
Bug fixes in version 1.52 by Mick Waters

TYPE -H FOR HELP

Library P0:CPN12SER.LBR open.
(Buffer size: 335 sectors)
Active entries: 5, Deleted: 0, Free: 27, Total: 32.
Adding:    D0:CPNETSTS.COM
Active entries: 6, Deleted: 0, Free: 26, Total: 32.

Closing P0:CPN12SER.LBR...


+ for f in `ls serial/cpnet12 | sort`
+ ../../Tools/Linux/zxcc NULU --O -cpn12ser --A serial/cpnet12/dskreset.com --X
NULU 1.52  (07/12/87)
Copyright (C) 1984, 1985 & 1987 by Martin Murray
Bug fixes in version 1.52 by Mick Waters

TYPE -H FOR HELP

Library P0:CPN12SER.LBR open.
(Buffer size: 335 sectors)
Active entries: 6, Deleted: 0, Free: 26, Total: 32.
Adding:    D0:DSKRESET.COM
Active entries: 7, Deleted: 0, Free: 25, Total: 32.

Closing P0:CPN12SER.LBR...


+ for f in `ls serial/cpnet12 | sort`
+ ../../Tools/Linux/zxcc NULU --O -cpn12ser --A serial/cpnet12/endlist.com --X
NULU 1.52  (07/12/87)
Copyright (C) 1984, 1985 & 1987 by Martin Murray
Bug fixes in version 1.52 by Mick Waters

TYPE -H FOR HELP

Library P0:CPN12SER.LBR open.
(Buffer size: 335 sectors)
Active entries: 7, Deleted: 0, Free: 25, Total: 32.
Adding:    D0:ENDLIST .COM
Active entries: 8, Deleted: 0, Free: 24, Total: 32.

Closing P0:CPN12SER.LBR...


+ for f in `ls serial/cpnet12 | sort`
+ ../../Tools/Linux/zxcc NULU --O -cpn12ser --A serial/cpnet12/local.com --X
NULU 1.52  (07/12/87)
Copyright (C) 1984, 1985 & 1987 by Martin Murray
Bug fixes in version 1.52 by Mick Waters

TYPE -H FOR HELP

Library P0:CPN12SER.LBR open.
(Buffer size: 335 sectors)
Active entries: 8, Deleted: 0, Free: 24, Total: 32.
Adding:    D0:LOCAL   .COM
Active entries: 9, Deleted: 0, Free: 23, Total: 32.

Closing P0:CPN12SER.LBR...


+ for f in `ls serial/cpnet12 | sort`
+ ../../Tools/Linux/zxcc NULU --O -cpn12ser --A serial/cpnet12/login.com --X
NULU 1.52  (07/12/87)
Copyright (C) 1984, 1985 & 1987 by Martin Murray
Bug fixes in version 1.52 by Mick Waters

TYPE -H FOR HELP

Library P0:CPN12SER.LBR open.
(Buffer size: 335 sectors)
Active entries: 9, Deleted: 0, Free: 23, Total: 32.
Adding:    D0:LOGIN   .COM
Active entries: 10, Deleted: 0, Free: 22, Total: 32.

Closing P0:CPN12SER.LBR...


+ for f in `ls serial/cpnet12 | sort`
+ ../../Tools/Linux/zxcc NULU --O -cpn12ser --A serial/cpnet12/logoff.com --X
NULU 1.52  (07/12/87)
Copyright (C) 1984, 1985 & 1987 by Martin Murray
Bug fixes in version 1.52 by Mick Waters

TYPE -H FOR HELP

Library P0:CPN12SER.LBR open.
(Buffer size: 335 sectors)
Active entries: 10, Deleted: 0, Free: 22, Total: 32.
Adding:    D0:LOGOFF  .COM
Active entries: 11, Deleted: 0, Free: 21, Total: 32.

Closing P0:CPN12SER.LBR...


+ for f in `ls serial/cpnet12 | sort`
+ ../../Tools/Linux/zxcc NULU --O -cpn12ser --A serial/cpnet12/mail.com --X
NULU 1.52  (07/12/87)
Copyright (C) 1984, 1985 & 1987 by Martin Murray
Bug fixes in version 1.52 by Mick Waters

TYPE -H FOR HELP

Library P0:CPN12SER.LBR open.
(Buffer size: 335 sectors)
Active entries: 11, Deleted: 0, Free: 21, Total: 32.
Adding:    D0:MAIL    .COM
Active entries: 12, Deleted: 0, Free: 20, Total: 32.

Closing P0:CPN12SER.LBR...


+ for f in `ls serial/cpnet12 | sort`
+ ../../Tools/Linux/zxcc NULU --O -cpn12ser --A serial/cpnet12/ndos.spr --X
NULU 1.52  (07/12/87)
Copyright (C) 1984, 1985 & 1987 by Martin Murray
Bug fixes in version 1.52 by Mick Waters

TYPE -H FOR HELP

Library P0:CPN12SER.LBR open.
(Buffer size: 335 sectors)
Active entries: 12, Deleted: 0, Free: 20, Total: 32.
Adding:    D0:NDOS    .SPR
Active entries: 13, Deleted: 0, Free: 19, Total: 32.

Closing P0:CPN12SER.LBR...


+ for f in `ls serial/cpnet12 | sort`
+ ../../Tools/Linux/zxcc NULU --O -cpn12ser --A serial/cpnet12/netdown.com --X
NULU 1.52  (07/12/87)
Copyright (C) 1984, 1985 & 1987 by Martin Murray
Bug fixes in version 1.52 by Mick Waters

TYPE -H FOR HELP

Library P0:CPN12SER.LBR open.
(Buffer size: 335 sectors)
Active entries: 13, Deleted: 0, Free: 19, Total: 32.
Adding:    D0:NETDOWN .COM
Active entries: 14, Deleted: 0, Free: 18, Total: 32.

Closing P0:CPN12SER.LBR...


+ for f in `ls serial/cpnet12 | sort`
+ ../../Tools/Linux/zxcc NULU --O -cpn12ser --A serial/cpnet12/netstat.com --X
NULU 1.52  (07/12/87)
Copyright (C) 1984, 1985 & 1987 by Martin Murray
Bug fixes in version 1.52 by Mick Waters

TYPE -H FOR HELP

Library P0:CPN12SER.LBR open.
(Buffer size: 335 sectors)
Active entries: 14, Deleted: 0, Free: 18, Total: 32.
Adding:    D0:NETSTAT .COM
Active entries: 15, Deleted: 0, Free: 17, Total: 32.

Closing P0:CPN12SER.LBR...


+ for f in `ls serial/cpnet12 | sort`
+ ../../Tools/Linux/zxcc NULU --O -cpn12ser --A serial/cpnet12/network.com --X
NULU 1.52  (07/12/87)
Copyright (C) 1984, 1985 & 1987 by Martin Murray
Bug fixes in version 1.52 by Mick Waters

TYPE -H FOR HELP

Library P0:CPN12SER.LBR open.
(Buffer size: 335 sectors)
Active entries: 15, Deleted: 0, Free: 17, Total: 32.
Adding:    D0:NETWORK .COM
Active entries: 16, Deleted: 0, Free: 16, Total: 32.

Closing P0:CPN12SER.LBR...


+ for f in `ls serial/cpnet12 | sort`
+ ../../Tools/Linux/zxcc NULU --O -cpn12ser --A serial/cpnet12/pipnet.com --X
NULU 1.52  (07/12/87)
Copyright (C) 1984, 1985 & 1987 by Martin Murray
Bug fixes in version 1.52 by Mick Waters

TYPE -H FOR HELP

Library P0:CPN12SER.LBR open.
(Buffer size: 335 sectors)
Active entries: 16, Deleted: 0, Free: 16, Total: 32.
Adding:    D0:PIPNET  .COM
Active entries: 17, Deleted: 0, Free: 15, Total: 32.

Closing P0:CPN12SER.LBR...


+ for f in `ls serial/cpnet12 | sort`
+ ../../Tools/Linux/zxcc NULU --O -cpn12ser --A serial/cpnet12/rdate.com --X
NULU 1.52  (07/12/87)
Copyright (C) 1984, 1985 & 1987 by Martin Murray
Bug fixes in version 1.52 by Mick Waters

TYPE -H FOR HELP

Library P0:CPN12SER.LBR open.
(Buffer size: 335 sectors)
Active entries: 17, Deleted: 0, Free: 15, Total: 32.
Adding:    D0:RDATE   .COM
Active entries: 18, Deleted: 0, Free: 14, Total: 32.

Closing P0:CPN12SER.LBR...


+ for f in `ls serial/cpnet12 | sort`
+ ../../Tools/Linux/zxcc NULU --O -cpn12ser --A serial/cpnet12/snios.spr --X
NULU 1.52  (07/12/87)
Copyright (C) 1984, 1985 & 1987 by Martin Murray
Bug fixes in version 1.52 by Mick Waters

TYPE -H FOR HELP

Library P0:CPN12SER.LBR open.
(Buffer size: 335 sectors)
Active entries: 18, Deleted: 0, Free: 14, Total: 32.
Adding:    D0:SNIOS   .SPR
Active entries: 19, Deleted: 0, Free: 13, Total: 32.

Closing P0:CPN12SER.LBR...


+ for f in `ls serial/cpnet12 | sort`
+ ../../Tools/Linux/zxcc NULU --O -cpn12ser --A serial/cpnet12/srvstat.com --X
NULU 1.52  (07/12/87)
Copyright (C) 1984, 1985 & 1987 by Martin Murray
Bug fixes in version 1.52 by Mick Waters

TYPE -H FOR HELP

Library P0:CPN12SER.LBR open.
(Buffer size: 335 sectors)
Active entries: 19, Deleted: 0, Free: 13, Total: 32.
Adding:    D0:SRVSTAT .COM
Active entries: 20, Deleted: 0, Free: 12, Total: 32.

Closing P0:CPN12SER.LBR...


+ for f in `ls serial/cpnet12 | sort`
+ ../../Tools/Linux/zxcc NULU --O -cpn12ser --A serial/cpnet12/tr.com --X
NULU 1.52  (07/12/87)
Copyright (C) 1984, 1985 & 1987 by Martin Murray
Bug fixes in version 1.52 by Mick Waters

TYPE -H FOR HELP

Library P0:CPN12SER.LBR open.
(Buffer size: 335 sectors)
Active entries: 20, Deleted: 0, Free: 12, Total: 32.
Adding:    D0:TR      .COM
Active entries: 21, Deleted: 0, Free: 11, Total: 32.

Closing P0:CPN12SER.LBR...


+ for f in `ls serial/cpnet12 | sort`
+ ../../Tools/Linux/zxcc NULU --O -cpn12ser --A serial/cpnet12/xsubnet.com --X
NULU 1.52  (07/12/87)
Copyright (C) 1984, 1985 & 1987 by Martin Murray
Bug fixes in version 1.52 by Mick Waters

TYPE -H FOR HELP

Library P0:CPN12SER.LBR open.
(Buffer size: 335 sectors)
Active entries: 21, Deleted: 0, Free: 11, Total: 32.
Adding:    D0:XSUBNET .COM
Active entries: 22, Deleted: 0, Free: 10, Total: 32.

Closing P0:CPN12SER.LBR...


rm -f cpn3ser.lbr
../../Tools/Linux/zxcc NULU --O -cpn3ser -\<30 --X
for f in `ls serial/cpnet3 | sort` ; \
do \
  ../../Tools/Linux/zxcc NULU --O -cpn3ser --A serial/cpnet3/$f --X ; \
done
+ rm -f cpn3ser.lbr
+ ../../Tools/Linux/zxcc NULU --O -cpn3ser '-<30' --X
NULU 1.52  (07/12/87)
Copyright (C) 1984, 1985 & 1987 by Martin Murray
Bug fixes in version 1.52 by Mick Waters

TYPE -H FOR HELP

Library P0:CPN3SER.LBR not found.
  To make it, enter the number of entries to allow.
  Press RETURN now to abort making the library.
Allow how many entries: 30
Library P0:CPN3SER.LBR open.
(Buffer size: 335 sectors)
Active entries: 1, Deleted: 0, Free: 31, Total: 32.

Closing P0:CPN3SER.LBR...


++ ls serial/cpnet3
++ sort
+ for f in `ls serial/cpnet3 | sort`
+ ../../Tools/Linux/zxcc NULU --O -cpn3ser --A serial/cpnet3/cpm3net.hlp --X
NULU 1.52  (07/12/87)
Copyright (C) 1984, 1985 & 1987 by Martin Murray
Bug fixes in version 1.52 by Mick Waters

TYPE -H FOR HELP

Library P0:CPN3SER.LBR open.
(Buffer size: 335 sectors)
Active entries: 1, Deleted: 0, Free: 31, Total: 32.
Adding:    D0:CPM3NET .HLP
Active entries: 2, Deleted: 0, Free: 30, Total: 32.

Closing P0:CPN3SER.LBR...


+ for f in `ls serial/cpnet3 | sort`
+ ../../Tools/Linux/zxcc NULU --O -cpn3ser --A serial/cpnet3/cpnet3.hlp --X
NULU 1.52  (07/12/87)
Copyright (C) 1984, 1985 & 1987 by Martin Murray
Bug fixes in version 1.52 by Mick Waters

TYPE -H FOR HELP

Library P0:CPN3SER.LBR open.
(Buffer size: 335 sectors)
Active entries: 2, Deleted: 0, Free: 30, Total: 32.
Adding:    D0:CPNET3  .HLP
Active entries: 3, Deleted: 0, Free: 29, Total: 32.

Closing P0:CPN3SER.LBR...


+ for f in `ls serial/cpnet3 | sort`
+ ../../Tools/Linux/zxcc NULU --O -cpn3ser --A serial/cpnet3/cpnetsts.com --X
NULU 1.52  (07/12/87)
Copyright (C) 1984, 1985 & 1987 by Martin Murray
Bug fixes in version 1.52 by Mick Waters

TYPE -H FOR HELP

Library P0:CPN3SER.LBR open.
(Buffer size: 335 sectors)
Active entries: 3, Deleted: 0, Free: 29, Total: 32.
Adding:    D0:CPNETSTS.COM
Active entries: 4, Deleted: 0, Free: 28, Total: 32.

Closing P0:CPN3SER.LBR...


+ for f in `ls serial/cpnet3 | sort`
+ ../../Tools/Linux/zxcc NULU --O -cpn3ser --A serial/cpnet3/dskreset.com --X
NULU 1.52  (07/12/87)
Copyright (C) 1984, 1985 & 1987 by Martin Murray
Bug fixes in version 1.52 by Mick Waters

TYPE -H FOR HELP

Library P0:CPN3SER.LBR open.
(Buffer size: 335 sectors)
Active entries: 4, Deleted: 0, Free: 28, Total: 32.
Adding:    D0:DSKRESET.COM
Active entries: 5, Deleted: 0, Free: 27, Total: 32.

Closing P0:CPN3SER.LBR...


+ for f in `ls serial/cpnet3 | sort`
+ ../../Tools/Linux/zxcc NULU --O -cpn3ser --A serial/cpnet3/endlist.com --X
NULU 1.52  (07/12/87)
Copyright (C) 1984, 1985 & 1987 by Martin Murray
Bug fixes in version 1.52 by Mick Waters

TYPE -H FOR HELP

Library P0:CPN3SER.LBR open.
(Buffer size: 335 sectors)
Active entries: 5, Deleted: 0, Free: 27, Total: 32.
Adding:    D0:ENDLIST .COM
Active entries: 6, Deleted: 0, Free: 26, Total: 32.

Closing P0:CPN3SER.LBR...


+ for f in `ls serial/cpnet3 | sort`
+ ../../Tools/Linux/zxcc NULU --O -cpn3ser --A serial/cpnet3/local.com --X
NULU 1.52  (07/12/87)
Copyright (C) 1984, 1985 & 1987 by Martin Murray
Bug fixes in version 1.52 by Mick Waters

TYPE -H FOR HELP

Library P0:CPN3SER.LBR open.
(Buffer size: 335 sectors)
Active entries: 6, Deleted: 0, Free: 26, Total: 32.
Adding:    D0:LOCAL   .COM
Active entries: 7, Deleted: 0, Free: 25, Total: 32.

Closing P0:CPN3SER.LBR...


+ for f in `ls serial/cpnet3 | sort`
+ ../../Tools/Linux/zxcc NULU --O -cpn3ser --A serial/cpnet3/login.com --X
NULU 1.52  (07/12/87)
Copyright (C) 1984, 1985 & 1987 by Martin Murray
Bug fixes in version 1.52 by Mick Waters

TYPE -H FOR HELP

Library P0:CPN3SER.LBR open.
(Buffer size: 335 sectors)
Active entries: 7, Deleted: 0, Free: 25, Total: 32.
Adding:    D0:LOGIN   .COM
Active entries: 8, Deleted: 0, Free: 24, Total: 32.

Closing P0:CPN3SER.LBR...


+ for f in `ls serial/cpnet3 | sort`
+ ../../Tools/Linux/zxcc NULU --O -cpn3ser --A serial/cpnet3/logoff.com --X
NULU 1.52  (07/12/87)
Copyright (C) 1984, 1985 & 1987 by Martin Murray
Bug fixes in version 1.52 by Mick Waters

TYPE -H FOR HELP

Library P0:CPN3SER.LBR open.
(Buffer size: 335 sectors)
Active entries: 8, Deleted: 0, Free: 24, Total: 32.
Adding:    D0:LOGOFF  .COM
Active entries: 9, Deleted: 0, Free: 23, Total: 32.

Closing P0:CPN3SER.LBR...


+ for f in `ls serial/cpnet3 | sort`
+ ../../Tools/Linux/zxcc NULU --O -cpn3ser --A serial/cpnet3/mail.com --X
NULU 1.52  (07/12/87)
Copyright (C) 1984, 1985 & 1987 by Martin Murray
Bug fixes in version 1.52 by Mick Waters

TYPE -H FOR HELP

Library P0:CPN3SER.LBR open.
(Buffer size: 335 sectors)
Active entries: 9, Deleted: 0, Free: 23, Total: 32.
Adding:    D0:MAIL    .COM
Active entries: 10, Deleted: 0, Free: 22, Total: 32.

Closing P0:CPN3SER.LBR...


+ for f in `ls serial/cpnet3 | sort`
+ ../../Tools/Linux/zxcc NULU --O -cpn3ser --A serial/cpnet3/ndos3.com --X
NULU 1.52  (07/12/87)
Copyright (C) 1984, 1985 & 1987 by Martin Murray
Bug fixes in version 1.52 by Mick Waters

TYPE -H FOR HELP

Library P0:CPN3SER.LBR open.
(Buffer size: 335 sectors)
Active entries: 10, Deleted: 0, Free: 22, Total: 32.
Adding:    D0:NDOS3   .COM
Active entries: 11, Deleted: 0, Free: 21, Total: 32.

Closing P0:CPN3SER.LBR...


+ for f in `ls serial/cpnet3 | sort`
+ ../../Tools/Linux/zxcc NULU --O -cpn3ser --A serial/cpnet3/netdown.com --X
NULU 1.52  (07/12/87)
Copyright (C) 1984, 1985 & 1987 by Martin Murray
Bug fixes in version 1.52 by Mick Waters

TYPE -H FOR HELP

Library P0:CPN3SER.LBR open.
(Buffer size: 335 sectors)
Active entries: 11, Deleted: 0, Free: 21, Total: 32.
Adding:    D0:NETDOWN .COM
Active entries: 12, Deleted: 0, Free: 20, Total: 32.

Closing P0:CPN3SER.LBR...


+ for f in `ls serial/cpnet3 | sort`
+ ../../Tools/Linux/zxcc NULU --O -cpn3ser --A serial/cpnet3/netstat.com --X
NULU 1.52  (07/12/87)
Copyright (C) 1984, 1985 & 1987 by Martin Murray
Bug fixes in version 1.52 by Mick Waters

TYPE -H FOR HELP

Library P0:CPN3SER.LBR open.
(Buffer size: 335 sectors)
Active entries: 12, Deleted: 0, Free: 20, Total: 32.
Adding:    D0:NETSTAT .COM
Active entries: 13, Deleted: 0, Free: 19, Total: 32.

Closing P0:CPN3SER.LBR...


+ for f in `ls serial/cpnet3 | sort`
+ ../../Tools/Linux/zxcc NULU --O -cpn3ser --A serial/cpnet3/network.com --X
NULU 1.52  (07/12/87)
Copyright (C) 1984, 1985 & 1987 by Martin Murray
Bug fixes in version 1.52 by Mick Waters

TYPE -H FOR HELP

Library P0:CPN3SER.LBR open.
(Buffer size: 335 sectors)
Active entries: 13, Deleted: 0, Free: 19, Total: 32.
Adding:    D0:NETWORK .COM
Active entries: 14, Deleted: 0, Free: 18, Total: 32.

Closing P0:CPN3SER.LBR...


+ for f in `ls serial/cpnet3 | sort`
+ ../../Tools/Linux/zxcc NULU --O -cpn3ser --A serial/cpnet3/ntpdate.com --X
NULU 1.52  (07/12/87)
Copyright (C) 1984, 1985 & 1987 by Martin Murray
Bug fixes in version 1.52 by Mick Waters

TYPE -H FOR HELP

Library P0:CPN3SER.LBR open.
(Buffer size: 335 sectors)
Active entries: 14, Deleted: 0, Free: 18, Total: 32.
Adding:    D0:NTPDATE .COM
Active entries: 15, Deleted: 0, Free: 17, Total: 32.

Closing P0:CPN3SER.LBR...


+ for f in `ls serial/cpnet3 | sort`
+ ../../Tools/Linux/zxcc NULU --O -cpn3ser --A serial/cpnet3/rdate.com --X
NULU 1.52  (07/12/87)
Copyright (C) 1984, 1985 & 1987 by Martin Murray
Bug fixes in version 1.52 by Mick Waters

TYPE -H FOR HELP

Library P0:CPN3SER.LBR open.
(Buffer size: 335 sectors)
Active entries: 15, Deleted: 0, Free: 17, Total: 32.
Adding:    D0:RDATE   .COM
Active entries: 16, Deleted: 0, Free: 16, Total: 32.

Closing P0:CPN3SER.LBR...


+ for f in `ls serial/cpnet3 | sort`
+ ../../Tools/Linux/zxcc NULU --O -cpn3ser --A serial/cpnet3/rsxls.com --X
NULU 1.52  (07/12/87)
Copyright (C) 1984, 1985 & 1987 by Martin Murray
Bug fixes in version 1.52 by Mick Waters

TYPE -H FOR HELP

Library P0:CPN3SER.LBR open.
(Buffer size: 335 sectors)
Active entries: 16, Deleted: 0, Free: 16, Total: 32.
Adding:    D0:RSXLS   .COM
Active entries: 17, Deleted: 0, Free: 15, Total: 32.

Closing P0:CPN3SER.LBR...


+ for f in `ls serial/cpnet3 | sort`
+ ../../Tools/Linux/zxcc NULU --O -cpn3ser --A serial/cpnet3/rsxrm.com --X
NULU 1.52  (07/12/87)
Copyright (C) 1984, 1985 & 1987 by Martin Murray
Bug fixes in version 1.52 by Mick Waters

TYPE -H FOR HELP

Library P0:CPN3SER.LBR open.
(Buffer size: 335 sectors)
Active entries: 17, Deleted: 0, Free: 15, Total: 32.
Adding:    D0:RSXRM   .COM
Active entries: 18, Deleted: 0, Free: 14, Total: 32.

Closing P0:CPN3SER.LBR...


+ for f in `ls serial/cpnet3 | sort`
+ ../../Tools/Linux/zxcc NULU --O -cpn3ser --A serial/cpnet3/srvstat.com --X
NULU 1.52  (07/12/87)
Copyright (C) 1984, 1985 & 1987 by Martin Murray
Bug fixes in version 1.52 by Mick Waters

TYPE -H FOR HELP

Library P0:CPN3SER.LBR open.
(Buffer size: 335 sectors)
Active entries: 18, Deleted: 0, Free: 14, Total: 32.
Adding:    D0:SRVSTAT .COM
Active entries: 19, Deleted: 0, Free: 13, Total: 32.

Closing P0:CPN3SER.LBR...


+ for f in `ls serial/cpnet3 | sort`
+ ../../Tools/Linux/zxcc NULU --O -cpn3ser --A serial/cpnet3/tr.com --X
NULU 1.52  (07/12/87)
Copyright (C) 1984, 1985 & 1987 by Martin Murray
Bug fixes in version 1.52 by Mick Waters

TYPE -H FOR HELP

Library P0:CPN3SER.LBR open.
(Buffer size: 335 sectors)
Active entries: 19, Deleted: 0, Free: 13, Total: 32.
Adding:    D0:TR      .COM
Active entries: 20, Deleted: 0, Free: 12, Total: 32.

Closing P0:CPN3SER.LBR...


+ for f in `ls serial/cpnet3 | sort`
+ ../../Tools/Linux/zxcc NULU --O -cpn3ser --A serial/cpnet3/xsubnet.com --X
NULU 1.52  (07/12/87)
Copyright (C) 1984, 1985 & 1987 by Martin Murray
Bug fixes in version 1.52 by Mick Waters

TYPE -H FOR HELP

Library P0:CPN3SER.LBR open.
(Buffer size: 335 sectors)
Active entries: 20, Deleted: 0, Free: 12, Total: 32.
Adding:    D0:XSUBNET .COM
Active entries: 21, Deleted: 0, Free: 11, Total: 32.

Closing P0:CPN3SER.LBR...


+ rm -f /tmp/casefn.cache
+ '[' ../../Binary/CPNET/ ']'
+ '[' 'cpn12mt.lbr cpn3mt.lbr cpn12duo.lbr cpn3duo.lbr cpn12ser.lbr cpn3ser.lbr' ']'
+ for file in cpn12mt.lbr cpn3mt.lbr cpn12duo.lbr cpn3duo.lbr cpn12ser.lbr cpn3ser.lbr
+ mkdir -p ../../Binary/CPNET/
+ echo Copying cpn12mt.lbr to ../../Binary/CPNET/
Copying cpn12mt.lbr to ../../Binary/CPNET/
++ ../../Tools/unix/casefn.sh cpn12mt.lbr
+ cp ./cpn12mt.lbr ../../Binary/CPNET/
+ for file in cpn12mt.lbr cpn3mt.lbr cpn12duo.lbr cpn3duo.lbr cpn12ser.lbr cpn3ser.lbr
+ mkdir -p ../../Binary/CPNET/
+ echo Copying cpn3mt.lbr to ../../Binary/CPNET/
Copying cpn3mt.lbr to ../../Binary/CPNET/
++ ../../Tools/unix/casefn.sh cpn3mt.lbr
+ cp ./cpn3mt.lbr ../../Binary/CPNET/
+ for file in cpn12mt.lbr cpn3mt.lbr cpn12duo.lbr cpn3duo.lbr cpn12ser.lbr cpn3ser.lbr
+ mkdir -p ../../Binary/CPNET/
+ echo Copying cpn12duo.lbr to ../../Binary/CPNET/
Copying cpn12duo.lbr to ../../Binary/CPNET/
++ ../../Tools/unix/casefn.sh cpn12duo.lbr
+ cp ./cpn12duo.lbr ../../Binary/CPNET/
+ for file in cpn12mt.lbr cpn3mt.lbr cpn12duo.lbr cpn3duo.lbr cpn12ser.lbr cpn3ser.lbr
+ mkdir -p ../../Binary/CPNET/
+ echo Copying cpn3duo.lbr to ../../Binary/CPNET/
Copying cpn3duo.lbr to ../../Binary/CPNET/
++ ../../Tools/unix/casefn.sh cpn3duo.lbr
+ cp ./cpn3duo.lbr ../../Binary/CPNET/
+ for file in cpn12mt.lbr cpn3mt.lbr cpn12duo.lbr cpn3duo.lbr cpn12ser.lbr cpn3ser.lbr
+ mkdir -p ../../Binary/CPNET/
+ echo Copying cpn12ser.lbr to ../../Binary/CPNET/
Copying cpn12ser.lbr to ../../Binary/CPNET/
++ ../../Tools/unix/casefn.sh cpn12ser.lbr
+ cp ./cpn12ser.lbr ../../Binary/CPNET/
+ for file in cpn12mt.lbr cpn3mt.lbr cpn12duo.lbr cpn3duo.lbr cpn12ser.lbr cpn3ser.lbr
+ mkdir -p ../../Binary/CPNET/
+ echo Copying cpn3ser.lbr to ../../Binary/CPNET/
Copying cpn3ser.lbr to ../../Binary/CPNET/
++ ../../Tools/unix/casefn.sh cpn3ser.lbr
+ cp ./cpn3ser.lbr ../../Binary/CPNET/
+ '[' '' ']'
make[2]: Verzeichnis „/home/laszlo/zilog/meingithub/RomWBW/Source/CPNET“ wird verlassen
+ make --directory pSys
make[2]: Verzeichnis „/home/laszlo/zilog/meingithub/RomWBW/Source/pSys“ wird betreten
../../Tools/Linux/uz80as -t z80  loader.asm loader.bin loader.lst
+ ../../Tools/Linux/uz80as -t z80 loader.asm loader.bin loader.lst
../../Tools/Linux/uz80as -t z80  bios.asm bios.bin bios.lst
+ ../../Tools/Linux/uz80as -t z80 bios.asm bios.bin bios.lst
pSystem BIOS space remaining: 72 bytes.
../../Tools/Linux/uz80as -t z80  fill.asm fill.bin fill.lst
+ ../../Tools/Linux/uz80as -t z80 fill.asm fill.bin fill.lst
cat loader.bin bios.bin boot.dat fill.bin >trk0.bin
+ cat loader.bin bios.bin boot.dat fill.bin
cat ../Images/hd1k_prefix.dat trk0.bin psys.vol trk0.bin blank.vol  >psys.img
+ cat ../Images/hd1k_prefix.dat trk0.bin psys.vol trk0.bin blank.vol
../../Tools/Linux/uz80as -t z80 -dTESTBIOS loader.asm testldr.bin testldr.lst
+ ../../Tools/Linux/uz80as -t z80 -dTESTBIOS loader.asm testldr.bin testldr.lst
../../Tools/Linux/uz80as -t z80 -dTESTBIOS fill.asm testfill.bin testfill.lst
+ ../../Tools/Linux/uz80as -t z80 -dTESTBIOS fill.asm testfill.bin testfill.lst
cat ../Images/hd1k_prefix.dat testldr.bin bios.bin biostest.dat testfill.bin >psystest.img
+ cat ../Images/hd1k_prefix.dat testldr.bin bios.bin biostest.dat testfill.bin
+ rm -f /tmp/casefn.cache
+ '[' ../../Binary ']'
+ '[' 'psys.img psystest.img' ']'
+ for file in psys.img
+ mkdir -p ../../Binary
+ echo Copying psys.img to ../../Binary
Copying psys.img to ../../Binary
++ ../../Tools/unix/casefn.sh psys.img
+ cp ./psys.img ../../Binary
+ '[' '' ']'
make[2]: Verzeichnis „/home/laszlo/zilog/meingithub/RomWBW/Source/pSys“ wird verlassen
+ make --directory Apps
make[2]: Verzeichnis „/home/laszlo/zilog/meingithub/RomWBW/Source/Apps“ wird betreten
../../Tools/Linux/zxcc ../../Tools/cpm/bin80//Z80ASM -sysgen/F
rm -f /tmp/casefn.cache
mv $(../../Tools/unix/casefn.sh sysgen.com) tmp.com ; mv tmp.com sysgen.com
+ ../../Tools/Linux/zxcc ../../Tools/cpm/bin80//Z80ASM -sysgen/F

Z80ASM Copyright (C) 1983-86 by SLR Systems Rel. 1.32 #AB1234

 sysgen/F
End of file Pass 1
End of file Pass 2
 0 Error(s) Detected.
 1164 Absolute Bytes. 80 Symbols Detected.


+ rm -f /tmp/casefn.cache
++ ../../Tools/unix/casefn.sh sysgen.com
+ mv ./sysgen.com tmp.com
+ mv tmp.com sysgen.com
+ '[' 1 = 1 ']'
+ ../../Tools/Linux/uz80as -t z80 syscopy.asm syscopy.com syscopy.lst
+ '[' 1 = 1 ']'
+ ../../Tools/Linux/uz80as -t z80 assign.asm assign.com assign.lst
+ '[' 1 = 1 ']'
+ ../../Tools/Linux/uz80as -t z80 format.asm format.com format.lst
+ '[' 1 = 1 ']'
+ ../../Tools/Linux/uz80as -t z80 talk.asm talk.com talk.lst
+ '[' 1 = 1 ']'
+ ../../Tools/Linux/uz80as -t z80 mode.asm mode.com mode.lst
+ '[' 1 = 1 ']'
+ ../../Tools/Linux/uz80as -t z80 rtc.asm rtc.com rtc.lst
+ '[' 1 = 1 ']'
+ ../../Tools/Linux/uz80as -t z80 timer.asm timer.com timer.lst
+ '[' 1 = 1 ']'
+ ../../Tools/Linux/uz80as -t z80 rtchb.asm rtchb.com rtchb.lst
rtchb
+ for dir in HTalk XM FDU FAT Tune Test ZMP ZMD Dev VGM cpuspd Survey
+ make --directory HTalk
make[3]: Verzeichnis „/home/laszlo/zilog/meingithub/RomWBW/Source/Apps/HTalk“ wird betreten
+ '[' 1 = 1 ']'
+ ../../../Tools/Linux/uz80as -t z80 htalk.asm htalk.com htalk.lst
+ rm -f /tmp/casefn.cache
+ '[' ../../../Binary/Apps ']'
+ '[' htalk.com ']'
+ for file in htalk.com
+ mkdir -p ../../../Binary/Apps
+ echo Copying htalk.com to ../../../Binary/Apps
Copying htalk.com to ../../../Binary/Apps
++ ../../../Tools/unix/casefn.sh htalk.com
+ cp ./htalk.com ../../../Binary/Apps
+ '[' ../../../Binary/Apps ']'
+ '[' '' ']'
make[3]: Verzeichnis „/home/laszlo/zilog/meingithub/RomWBW/Source/Apps/HTalk“ wird verlassen
+ for dir in HTalk XM FDU FAT Tune Test ZMP ZMD Dev VGM cpuspd Survey
+ make --directory XM
make[3]: Verzeichnis „/home/laszlo/zilog/meingithub/RomWBW/Source/Apps/XM“ wird betreten
../../../Tools/Linux/zxcc ../../../Tools/cpm/bin80//MAC -xmdm125.asm -$PO
+ ../../../Tools/Linux/zxcc ../../../Tools/cpm/bin80//MAC -xmdm125.asm -
CP/M MACRO ASSEM 2.0
1B80
018H USE FACTOR
END OF ASSEMBLY

../../../Tools/Linux/zxcc ../../../Tools/cpm/bin80//SLR180 -xmhb/HF
+ ../../../Tools/Linux/zxcc ../../../Tools/cpm/bin80//SLR180 -xmhb/HF

SLR180 Copyright (C) 1985-86 by SLR Systems Rel. 1.32 #NL0029

 xmhb/HF
End of file Pass 1
End of file Pass 2
 0 Error(s) Detected.
 996 Absolute Bytes. 111 Symbols Detected.


../../../Tools/Linux/zxcc MLOAD25 XM=xmdm125,xmhb
+ ../../../Tools/Linux/zxcc MLOAD25 XM=xmdm125,xmhb
MLOAD v25  Copyright (c) 1983, 1984, 1985, 1988
by NightOwl Software, Inc.
Loaded 6433 bytes (1921H) to file P0:XM.COM
Start address: 0100H  Ending address: 1B12H  Bias: 0000H
Saved image size: 6784 bytes (1A80H, - 53 records)

../../../Tools/Linux/zxcc ../../../Tools/cpm/bin80//SLR180 -xmhb_old/HF
+ ../../../Tools/Linux/zxcc ../../../Tools/cpm/bin80//SLR180 -xmhb_old/HF

SLR180 Copyright (C) 1985-86 by SLR Systems Rel. 1.32 #NL0029

 xmhb_old/HF
End of file Pass 1
End of file Pass 2
 0 Error(s) Detected.
 871 Absolute Bytes. 129 Symbols Detected.


../../../Tools/Linux/zxcc MLOAD25 XMOLD=xmdm125,xmhb_old
+ ../../../Tools/Linux/zxcc MLOAD25 XMOLD=xmdm125,xmhb_old
MLOAD v25  Copyright (c) 1983, 1984, 1985, 1988
by NightOwl Software, Inc.
Loaded 6308 bytes (18A4H) to file P0:XMOLD.COM
Start address: 0100H  Ending address: 1B12H  Bias: 0000H
Saved image size: 6784 bytes (1A80H, - 53 records)

+ rm -f /tmp/casefn.cache
+ '[' ../../../Binary/Apps ']'
+ '[' 'xm.com xmold.com' ']'
+ for file in xm.com xmold.com
+ mkdir -p ../../../Binary/Apps
+ echo Copying xm.com to ../../../Binary/Apps
Copying xm.com to ../../../Binary/Apps
++ ../../../Tools/unix/casefn.sh xm.com
+ cp ./xm.com ../../../Binary/Apps
+ for file in xm.com xmold.com
+ mkdir -p ../../../Binary/Apps
+ echo Copying xmold.com to ../../../Binary/Apps
Copying xmold.com to ../../../Binary/Apps
++ ../../../Tools/unix/casefn.sh xmold.com
+ cp ./xmold.com ../../../Binary/Apps
+ '[' '' ']'
make[3]: Verzeichnis „/home/laszlo/zilog/meingithub/RomWBW/Source/Apps/XM“ wird verlassen
+ for dir in HTalk XM FDU FAT Tune Test ZMP ZMD Dev VGM cpuspd Survey
+ make --directory FDU
make[3]: Verzeichnis „/home/laszlo/zilog/meingithub/RomWBW/Source/Apps/FDU“ wird betreten
+ '[' 1 = 1 ']'
+ ../../../Tools/Linux/uz80as -t z80 fdu.asm fdu.com fdu.lst
+ rm -f /tmp/casefn.cache
+ '[' ../../../Binary/Apps ']'
+ '[' fdu.com ']'
+ for file in fdu.com
+ mkdir -p ../../../Binary/Apps
+ echo Copying fdu.com to ../../../Binary/Apps
Copying fdu.com to ../../../Binary/Apps
++ ../../../Tools/unix/casefn.sh fdu.com
+ cp ./fdu.com ../../../Binary/Apps
+ '[' ../../../Binary/Apps ']'
+ '[' fdu.doc ']'
+ for file in fdu.doc
+ mkdir -p ../../../Binary/Apps
+ echo Copying fdu.doc to ../../../Binary/Apps
Copying fdu.doc to ../../../Binary/Apps
++ ../../../Tools/unix/casefn.sh fdu.doc
+ cp ./fdu.doc ../../../Binary/Apps
make[3]: Verzeichnis „/home/laszlo/zilog/meingithub/RomWBW/Source/Apps/FDU“ wird verlassen
+ for dir in HTalk XM FDU FAT Tune Test ZMP ZMD Dev VGM cpuspd Survey
+ make --directory FAT
make[3]: Verzeichnis „/home/laszlo/zilog/meingithub/RomWBW/Source/Apps/FAT“ wird betreten
+ rm -f /tmp/casefn.cache
+ '[' ../../../Binary/Apps ']'
+ '[' fat.com ']'
+ for file in fat.com
+ mkdir -p ../../../Binary/Apps
+ echo Copying fat.com to ../../../Binary/Apps
Copying fat.com to ../../../Binary/Apps
++ ../../../Tools/unix/casefn.sh fat.com
+ cp ./fat.com ../../../Binary/Apps
+ '[' '' ']'
make[3]: Verzeichnis „/home/laszlo/zilog/meingithub/RomWBW/Source/Apps/FAT“ wird verlassen
+ for dir in HTalk XM FDU FAT Tune Test ZMP ZMD Dev VGM cpuspd Survey
+ make --directory Tune
make[3]: Verzeichnis „/home/laszlo/zilog/meingithub/RomWBW/Source/Apps/Tune“ wird betreten
+ find . -name '*.inc'
../../../Tools/Linux/uz80as -t z80 -dWBW tune.asm tune.com tune.lst
+ ../../../Tools/Linux/uz80as -t z80 -dWBW tune.asm tune.com tune.lst
../../../Tools/Linux/uz80as -t z80 -dZX tune.asm tunezx.com tunezx.lst
+ ../../../Tools/Linux/uz80as -t z80 -dZX tune.asm tunezx.com tunezx.lst
../../../Tools/Linux/uz80as -t z80 -dMSX tune.asm tunemsx.com tunemsx.lst
+ ../../../Tools/Linux/uz80as -t z80 -dMSX tune.asm tunemsx.com tunemsx.lst
+ rm -f /tmp/casefn.cache
+ '[' ../../../Binary/Apps ']'
+ '[' 'tune.com tunezx.com tunemsx.com' ']'
+ for file in tune.com tunezx.com tunemsx.com
+ mkdir -p ../../../Binary/Apps
+ echo Copying tune.com to ../../../Binary/Apps
Copying tune.com to ../../../Binary/Apps
++ ../../../Tools/unix/casefn.sh tune.com
+ cp ./tune.com ../../../Binary/Apps
+ for file in tune.com tunezx.com tunemsx.com
+ mkdir -p ../../../Binary/Apps
+ echo Copying tunezx.com to ../../../Binary/Apps
Copying tunezx.com to ../../../Binary/Apps
++ ../../../Tools/unix/casefn.sh tunezx.com
+ cp ./tunezx.com ../../../Binary/Apps
+ for file in tune.com tunezx.com tunemsx.com
+ mkdir -p ../../../Binary/Apps
+ echo Copying tunemsx.com to ../../../Binary/Apps
Copying tunemsx.com to ../../../Binary/Apps
++ ../../../Tools/unix/casefn.sh tunemsx.com
+ cp ./tunemsx.com ../../../Binary/Apps
+ '[' '' ']'
mkdir -p ../../../Binary/Apps/Tunes
cp Tunes/* ../../../Binary/Apps/Tunes
+ mkdir -p ../../../Binary/Apps/Tunes
+ cp Tunes/Attack.pt3 Tunes/Backup.pt3 Tunes/BadMice.pt3 Tunes/Demo1.mym Tunes/Demo3mix.mym Tunes/Demo3.mym Tunes/Demo4.mym Tunes/Demo.mym Tunes/HowRU.pt3 Tunes/Iteratn.pt3 Tunes/LookBack.pt3 Tunes/Louboutn.pt3 Tunes/Namida.pt3 Tunes/Recoll.pt3 Tunes/Sanxion.pt3 Tunes/Synch.pt3 Tunes/ToStar.pt3 Tunes/Victory.pt3 Tunes/Wicked.pt3 Tunes/YeOlde.pt3 Tunes/Yeovil.pt3 ../../../Binary/Apps/Tunes
make[3]: Verzeichnis „/home/laszlo/zilog/meingithub/RomWBW/Source/Apps/Tune“ wird verlassen
+ for dir in HTalk XM FDU FAT Tune Test ZMP ZMD Dev VGM cpuspd Survey
+ make --directory Test
make[3]: Verzeichnis „/home/laszlo/zilog/meingithub/RomWBW/Source/Apps/Test“ wird betreten
+ for dir in DMAmon I2C inttest ppidetst ramtest tstdskng rzsz vdctest kbdtest ps2info 2piotst piomon banktest portscan sound
+ make --directory DMAmon
make[4]: Verzeichnis „/home/laszlo/zilog/meingithub/RomWBW/Source/Apps/Test/DMAmon“ wird betreten
+ '[' 1 = 1 ']'
+ ../../../../Tools/Linux/uz80as -t z80 dmamon.asm dmamon.com dmamon.lst
+ rm -f /tmp/casefn.cache
+ '[' ../../../../Binary/Apps/Test ']'
+ '[' dmamon.com ']'
+ for file in dmamon.com
+ mkdir -p ../../../../Binary/Apps/Test
+ echo Copying dmamon.com to ../../../../Binary/Apps/Test
Copying dmamon.com to ../../../../Binary/Apps/Test
++ ../../../../Tools/unix/casefn.sh dmamon.com
+ cp ./dmamon.com ../../../../Binary/Apps/Test
+ '[' '' ']'
make[4]: Verzeichnis „/home/laszlo/zilog/meingithub/RomWBW/Source/Apps/Test/DMAmon“ wird verlassen
+ for dir in DMAmon I2C inttest ppidetst ramtest tstdskng rzsz vdctest kbdtest ps2info 2piotst piomon banktest portscan sound
+ make --directory I2C
make[4]: Verzeichnis „/home/laszlo/zilog/meingithub/RomWBW/Source/Apps/Test/I2C“ wird betreten
+ '[' 1 = 1 ']'
+ ../../../../Tools/Linux/uz80as -t z80 i2cscan.asm i2cscan.com i2cscan.lst
i2cscan
+ '[' 1 = 1 ']'
+ ../../../../Tools/Linux/uz80as -t z80 rtcds7.asm rtcds7.com rtcds7.lst
rtcds7
+ '[' 1 = 1 ']'
+ ../../../../Tools/Linux/uz80as -t z80 i2clcd.asm i2clcd.com i2clcd.lst
i2clcd
+ '[' 1 = 1 ']'
+ ../../../../Tools/Linux/uz80as -t z80 srom.asm srom.com srom.lst
+ rm -f /tmp/casefn.cache
+ '[' ../../../../Binary/Apps/Test/ ']'
+ '[' 'i2cscan.com rtcds7.com i2clcd.com srom.com' ']'
+ for file in i2cscan.com rtcds7.com i2clcd.com srom.com
+ mkdir -p ../../../../Binary/Apps/Test/
+ echo Copying i2cscan.com to ../../../../Binary/Apps/Test/
Copying i2cscan.com to ../../../../Binary/Apps/Test/
++ ../../../../Tools/unix/casefn.sh i2cscan.com
+ cp ./i2cscan.com ../../../../Binary/Apps/Test/
+ for file in i2cscan.com rtcds7.com i2clcd.com srom.com
+ mkdir -p ../../../../Binary/Apps/Test/
+ echo Copying rtcds7.com to ../../../../Binary/Apps/Test/
Copying rtcds7.com to ../../../../Binary/Apps/Test/
++ ../../../../Tools/unix/casefn.sh rtcds7.com
+ cp ./rtcds7.com ../../../../Binary/Apps/Test/
+ for file in i2cscan.com rtcds7.com i2clcd.com srom.com
+ mkdir -p ../../../../Binary/Apps/Test/
+ echo Copying i2clcd.com to ../../../../Binary/Apps/Test/
Copying i2clcd.com to ../../../../Binary/Apps/Test/
++ ../../../../Tools/unix/casefn.sh i2clcd.com
+ cp ./i2clcd.com ../../../../Binary/Apps/Test/
+ for file in i2cscan.com rtcds7.com i2clcd.com srom.com
+ mkdir -p ../../../../Binary/Apps/Test/
+ echo Copying srom.com to ../../../../Binary/Apps/Test/
Copying srom.com to ../../../../Binary/Apps/Test/
++ ../../../../Tools/unix/casefn.sh srom.com
+ cp ./srom.com ../../../../Binary/Apps/Test/
+ '[' '' ']'
make[4]: Verzeichnis „/home/laszlo/zilog/meingithub/RomWBW/Source/Apps/Test/I2C“ wird verlassen
+ for dir in DMAmon I2C inttest ppidetst ramtest tstdskng rzsz vdctest kbdtest ps2info 2piotst piomon banktest portscan sound
+ make --directory inttest
make[4]: Verzeichnis „/home/laszlo/zilog/meingithub/RomWBW/Source/Apps/Test/inttest“ wird betreten
+ '[' 1 = 1 ']'
+ ../../../../Tools/Linux/uz80as -t z80 inttest.asm inttest.com inttest.lst
+ rm -f /tmp/casefn.cache
+ '[' ../../../../Binary/Apps/Test ']'
+ '[' inttest.com ']'
+ for file in inttest.com
+ mkdir -p ../../../../Binary/Apps/Test
+ echo Copying inttest.com to ../../../../Binary/Apps/Test
Copying inttest.com to ../../../../Binary/Apps/Test
++ ../../../../Tools/unix/casefn.sh inttest.com
+ cp ./inttest.com ../../../../Binary/Apps/Test
+ '[' '' ']'
make[4]: Verzeichnis „/home/laszlo/zilog/meingithub/RomWBW/Source/Apps/Test/inttest“ wird verlassen
+ for dir in DMAmon I2C inttest ppidetst ramtest tstdskng rzsz vdctest kbdtest ps2info 2piotst piomon banktest portscan sound
+ make --directory ppidetst
make[4]: Verzeichnis „/home/laszlo/zilog/meingithub/RomWBW/Source/Apps/Test/ppidetst“ wird betreten
+ '[' 1 = 1 ']'
+ ../../../../Tools/Linux/uz80as -t z80 ppidetst.asm ppidetst.com ppidetst.lst
+ rm -f /tmp/casefn.cache
+ '[' ../../../../Binary/Apps/Test ']'
+ '[' ppidetst.com ']'
+ for file in ppidetst.com
+ mkdir -p ../../../../Binary/Apps/Test
+ echo Copying ppidetst.com to ../../../../Binary/Apps/Test
Copying ppidetst.com to ../../../../Binary/Apps/Test
++ ../../../../Tools/unix/casefn.sh ppidetst.com
+ cp ./ppidetst.com ../../../../Binary/Apps/Test
+ '[' '' ']'
make[4]: Verzeichnis „/home/laszlo/zilog/meingithub/RomWBW/Source/Apps/Test/ppidetst“ wird verlassen
+ for dir in DMAmon I2C inttest ppidetst ramtest tstdskng rzsz vdctest kbdtest ps2info 2piotst piomon banktest portscan sound
+ make --directory ramtest
make[4]: Verzeichnis „/home/laszlo/zilog/meingithub/RomWBW/Source/Apps/Test/ramtest“ wird betreten
../../../../Tools/Linux/uz80as -t z80  loader.asm loader.bin loader.lst
+ ../../../../Tools/Linux/uz80as -t z80 loader.asm loader.bin loader.lst
../../../../Tools/Linux/uz80as -t z80  dbgmon.asm dbgmon.bin dbgmon.lst
+ ../../../../Tools/Linux/uz80as -t z80 dbgmon.asm dbgmon.bin dbgmon.lst
cat loader.bin dbgmon.bin >ramtest.com
+ cat loader.bin dbgmon.bin
+ rm -f /tmp/casefn.cache
+ '[' ../../../../Binary/Apps/Test ']'
+ '[' ramtest.com ']'
+ for file in ramtest.com
+ mkdir -p ../../../../Binary/Apps/Test
+ echo Copying ramtest.com to ../../../../Binary/Apps/Test
Copying ramtest.com to ../../../../Binary/Apps/Test
++ ../../../../Tools/unix/casefn.sh ramtest.com
+ cp ./ramtest.com ../../../../Binary/Apps/Test
+ '[' ../../../../Doc ']'
+ '[' '' ']'
make[4]: Verzeichnis „/home/laszlo/zilog/meingithub/RomWBW/Source/Apps/Test/ramtest“ wird verlassen
+ for dir in DMAmon I2C inttest ppidetst ramtest tstdskng rzsz vdctest kbdtest ps2info 2piotst piomon banktest portscan sound
+ make --directory tstdskng
make[4]: Verzeichnis „/home/laszlo/zilog/meingithub/RomWBW/Source/Apps/Test/tstdskng“ wird betreten
+ '[' 1 = 1 ']'
+ ../../../../Tools/Linux/uz80as -t z80 tstdskng.asm tstdskng.com tstdskng.lst
+ rm -f /tmp/casefn.cache
+ '[' ../../../../Binary/Apps/Test ']'
+ '[' tstdskng.com ']'
+ for file in tstdskng.com
+ mkdir -p ../../../../Binary/Apps/Test
+ echo Copying tstdskng.com to ../../../../Binary/Apps/Test
Copying tstdskng.com to ../../../../Binary/Apps/Test
++ ../../../../Tools/unix/casefn.sh tstdskng.com
+ cp ./tstdskng.com ../../../../Binary/Apps/Test
+ '[' '' ']'
make[4]: Verzeichnis „/home/laszlo/zilog/meingithub/RomWBW/Source/Apps/Test/tstdskng“ wird verlassen
+ for dir in DMAmon I2C inttest ppidetst ramtest tstdskng rzsz vdctest kbdtest ps2info 2piotst piomon banktest portscan sound
+ make --directory rzsz
make[4]: Verzeichnis „/home/laszlo/zilog/meingithub/RomWBW/Source/Apps/Test/rzsz“ wird betreten
+ '[' 1 = 1 ']'
+ ../../../../Tools/Linux/uz80as -t z80 rz.asm rz.com rz.lst
+ '[' 1 = 1 ']'
+ ../../../../Tools/Linux/uz80as -t z80 sz.asm sz.com sz.lst
+ rm -f /tmp/casefn.cache
+ '[' ../../../../Binary/Apps/Test ']'
+ '[' 'rz.com sz.com' ']'
+ for file in rz.com sz.com
+ mkdir -p ../../../../Binary/Apps/Test
+ echo Copying rz.com to ../../../../Binary/Apps/Test
Copying rz.com to ../../../../Binary/Apps/Test
++ ../../../../Tools/unix/casefn.sh rz.com
+ cp ./rz.com ../../../../Binary/Apps/Test
+ for file in rz.com sz.com
+ mkdir -p ../../../../Binary/Apps/Test
+ echo Copying sz.com to ../../../../Binary/Apps/Test
Copying sz.com to ../../../../Binary/Apps/Test
++ ../../../../Tools/unix/casefn.sh sz.com
+ cp ./sz.com ../../../../Binary/Apps/Test
+ '[' '' ']'
make[4]: Verzeichnis „/home/laszlo/zilog/meingithub/RomWBW/Source/Apps/Test/rzsz“ wird verlassen
+ for dir in DMAmon I2C inttest ppidetst ramtest tstdskng rzsz vdctest kbdtest ps2info 2piotst piomon banktest portscan sound
+ make --directory vdctest
make[4]: Verzeichnis „/home/laszlo/zilog/meingithub/RomWBW/Source/Apps/Test/vdctest“ wird betreten
+ '[' 1 = 1 ']'
+ ../../../../Tools/Linux/uz80as -t z80 vdctest.asm vdctest.com vdctest.lst
+ '[' 1 = 1 ']'
+ ../../../../Tools/Linux/uz80as -t z80 vdconly.asm vdconly.com vdconly.lst
+ rm -f /tmp/casefn.cache
+ '[' ../../../../Binary/Apps/Test ']'
+ '[' 'vdctest.com vdconly.com' ']'
+ for file in vdctest.com vdconly.com
+ mkdir -p ../../../../Binary/Apps/Test
+ echo Copying vdctest.com to ../../../../Binary/Apps/Test
Copying vdctest.com to ../../../../Binary/Apps/Test
++ ../../../../Tools/unix/casefn.sh vdctest.com
+ cp ./vdctest.com ../../../../Binary/Apps/Test
+ for file in vdctest.com vdconly.com
+ mkdir -p ../../../../Binary/Apps/Test
+ echo Copying vdconly.com to ../../../../Binary/Apps/Test
Copying vdconly.com to ../../../../Binary/Apps/Test
++ ../../../../Tools/unix/casefn.sh vdconly.com
+ cp ./vdconly.com ../../../../Binary/Apps/Test
+ '[' '' ']'
make[4]: Verzeichnis „/home/laszlo/zilog/meingithub/RomWBW/Source/Apps/Test/vdctest“ wird verlassen
+ for dir in DMAmon I2C inttest ppidetst ramtest tstdskng rzsz vdctest kbdtest ps2info 2piotst piomon banktest portscan sound
+ make --directory kbdtest
make[4]: Verzeichnis „/home/laszlo/zilog/meingithub/RomWBW/Source/Apps/Test/kbdtest“ wird betreten
+ '[' 1 = 1 ']'
+ ../../../../Tools/Linux/uz80as -t z80 kbdtest.asm kbdtest.com kbdtest.lst
+ rm -f /tmp/casefn.cache
+ '[' ../../../../Binary/Apps/Test ']'
+ '[' kbdtest.com ']'
+ for file in kbdtest.com
+ mkdir -p ../../../../Binary/Apps/Test
+ echo Copying kbdtest.com to ../../../../Binary/Apps/Test
Copying kbdtest.com to ../../../../Binary/Apps/Test
++ ../../../../Tools/unix/casefn.sh kbdtest.com
+ cp ./kbdtest.com ../../../../Binary/Apps/Test
+ '[' '' ']'
make[4]: Verzeichnis „/home/laszlo/zilog/meingithub/RomWBW/Source/Apps/Test/kbdtest“ wird verlassen
+ for dir in DMAmon I2C inttest ppidetst ramtest tstdskng rzsz vdctest kbdtest ps2info 2piotst piomon banktest portscan sound
+ make --directory ps2info
make[4]: Verzeichnis „/home/laszlo/zilog/meingithub/RomWBW/Source/Apps/Test/ps2info“ wird betreten
+ '[' 1 = 1 ']'
+ ../../../../Tools/Linux/uz80as -t z80 ps2info.asm ps2info.com ps2info.lst
+ rm -f /tmp/casefn.cache
+ '[' ../../../../Binary/Apps/Test ']'
+ '[' ps2info.com ']'
+ for file in ps2info.com
+ mkdir -p ../../../../Binary/Apps/Test
+ echo Copying ps2info.com to ../../../../Binary/Apps/Test
Copying ps2info.com to ../../../../Binary/Apps/Test
++ ../../../../Tools/unix/casefn.sh ps2info.com
+ cp ./ps2info.com ../../../../Binary/Apps/Test
+ '[' '' ']'
make[4]: Verzeichnis „/home/laszlo/zilog/meingithub/RomWBW/Source/Apps/Test/ps2info“ wird verlassen
+ for dir in DMAmon I2C inttest ppidetst ramtest tstdskng rzsz vdctest kbdtest ps2info 2piotst piomon banktest portscan sound
+ make --directory 2piotst
make[4]: Verzeichnis „/home/laszlo/zilog/meingithub/RomWBW/Source/Apps/Test/2piotst“ wird betreten
../../../../Tools/Linux/zxcc ../../../../Tools/cpm/bin80//M80 -=2piotst
+ ../../../../Tools/Linux/zxcc ../../../../Tools/cpm/bin80//M80 -=2piotst
'Pass 1 complete'
'Pass 2 complete'
'Assembly complete'

No Fatal error(s)

../../../../Tools/Linux/zxcc ../../../../Tools/cpm/bin80//L80 -2piotst,2piotst.com/n/e
+ ../../../../Tools/Linux/zxcc ../../../../Tools/cpm/bin80//L80 -2piotst,2piotst.com/n/e

Link-80  3.44  09-Dec-81  Copyright (c) 1981 Microsoft

Data	0100	056F	< 1135>

52683 Bytes Free
[0000	056F	    5]

+ rm -f /tmp/casefn.cache
+ '[' ../../../../Binary/Apps/Test ']'
+ '[' 2piotst.com ']'
+ for file in 2piotst.com
+ mkdir -p ../../../../Binary/Apps/Test
+ echo Copying 2piotst.com to ../../../../Binary/Apps/Test
Copying 2piotst.com to ../../../../Binary/Apps/Test
++ ../../../../Tools/unix/casefn.sh 2piotst.com
+ cp ./2piotst.com ../../../../Binary/Apps/Test
+ '[' '' ']'
make[4]: Verzeichnis „/home/laszlo/zilog/meingithub/RomWBW/Source/Apps/Test/2piotst“ wird verlassen
+ for dir in DMAmon I2C inttest ppidetst ramtest tstdskng rzsz vdctest kbdtest ps2info 2piotst piomon banktest portscan sound
+ make --directory piomon
make[4]: Verzeichnis „/home/laszlo/zilog/meingithub/RomWBW/Source/Apps/Test/piomon“ wird betreten
+ '[' 1 = 1 ']'
+ ../../../../Tools/Linux/uz80as -t z80 piomon.asm piomon.com piomon.lst
+ rm -f /tmp/casefn.cache
+ '[' ../../../../Binary/Apps/Test ']'
+ '[' piomon.com ']'
+ for file in piomon.com
+ mkdir -p ../../../../Binary/Apps/Test
+ echo Copying piomon.com to ../../../../Binary/Apps/Test
Copying piomon.com to ../../../../Binary/Apps/Test
++ ../../../../Tools/unix/casefn.sh piomon.com
+ cp ./piomon.com ../../../../Binary/Apps/Test
+ '[' '' ']'
make[4]: Verzeichnis „/home/laszlo/zilog/meingithub/RomWBW/Source/Apps/Test/piomon“ wird verlassen
+ for dir in DMAmon I2C inttest ppidetst ramtest tstdskng rzsz vdctest kbdtest ps2info 2piotst piomon banktest portscan sound
+ make --directory banktest
make[4]: Verzeichnis „/home/laszlo/zilog/meingithub/RomWBW/Source/Apps/Test/banktest“ wird betreten
+ '[' 1 = 1 ']'
+ ../../../../Tools/Linux/uz80as -t z80 banktest.asm banktest.com banktest.lst
+ rm -f /tmp/casefn.cache
+ '[' ../../../../Binary/Apps/Test ']'
+ '[' banktest.com ']'
+ for file in banktest.com
+ mkdir -p ../../../../Binary/Apps/Test
+ echo Copying banktest.com to ../../../../Binary/Apps/Test
Copying banktest.com to ../../../../Binary/Apps/Test
++ ../../../../Tools/unix/casefn.sh banktest.com
+ cp ./banktest.com ../../../../Binary/Apps/Test
+ '[' '' ']'
make[4]: Verzeichnis „/home/laszlo/zilog/meingithub/RomWBW/Source/Apps/Test/banktest“ wird verlassen
+ for dir in DMAmon I2C inttest ppidetst ramtest tstdskng rzsz vdctest kbdtest ps2info 2piotst piomon banktest portscan sound
+ make --directory portscan
make[4]: Verzeichnis „/home/laszlo/zilog/meingithub/RomWBW/Source/Apps/Test/portscan“ wird betreten
+ '[' 1 = 1 ']'
+ ../../../../Tools/Linux/uz80as -t hd64180 portscan.asm portscan.com portscan.lst
+ rm -f /tmp/casefn.cache
+ '[' ../../../../Binary/Apps/Test ']'
+ '[' portscan.com ']'
+ for file in portscan.com
+ mkdir -p ../../../../Binary/Apps/Test
+ echo Copying portscan.com to ../../../../Binary/Apps/Test
Copying portscan.com to ../../../../Binary/Apps/Test
++ ../../../../Tools/unix/casefn.sh portscan.com
+ cp ./portscan.com ../../../../Binary/Apps/Test
+ '[' '' ']'
make[4]: Verzeichnis „/home/laszlo/zilog/meingithub/RomWBW/Source/Apps/Test/portscan“ wird verlassen
+ for dir in DMAmon I2C inttest ppidetst ramtest tstdskng rzsz vdctest kbdtest ps2info 2piotst piomon banktest portscan sound
+ make --directory sound
make[4]: Verzeichnis „/home/laszlo/zilog/meingithub/RomWBW/Source/Apps/Test/sound“ wird betreten
+ '[' 1 = 1 ']'
+ ../../../../Tools/Linux/uz80as -t z80 ay-test.asm ay-test.com ay-test.lst
+ '[' 1 = 1 ']'
+ ../../../../Tools/Linux/uz80as -t z80 sound.asm sound.com sound.lst
+ rm -f /tmp/casefn.cache
+ '[' ../../../../Binary/Apps/Test ']'
+ '[' 'ay-test.com sound.com' ']'
+ for file in ay-test.com sound.com
+ mkdir -p ../../../../Binary/Apps/Test
+ echo Copying ay-test.com to ../../../../Binary/Apps/Test
Copying ay-test.com to ../../../../Binary/Apps/Test
++ ../../../../Tools/unix/casefn.sh ay-test.com
+ cp ./ay-test.com ../../../../Binary/Apps/Test
+ for file in ay-test.com sound.com
+ mkdir -p ../../../../Binary/Apps/Test
+ echo Copying sound.com to ../../../../Binary/Apps/Test
Copying sound.com to ../../../../Binary/Apps/Test
++ ../../../../Tools/unix/casefn.sh sound.com
+ cp ./sound.com ../../../../Binary/Apps/Test
+ '[' '' ']'
make[4]: Verzeichnis „/home/laszlo/zilog/meingithub/RomWBW/Source/Apps/Test/sound“ wird verlassen
+ rm -f /tmp/casefn.cache
+ '[' ../../../Binary/Apps/Test ']'
+ '[' '' ']'
+ '[' '' ']'
make[3]: Verzeichnis „/home/laszlo/zilog/meingithub/RomWBW/Source/Apps/Test“ wird verlassen
+ for dir in HTalk XM FDU FAT Tune Test ZMP ZMD Dev VGM cpuspd Survey
+ make --directory ZMP
make[3]: Verzeichnis „/home/laszlo/zilog/meingithub/RomWBW/Source/Apps/ZMP“ wird betreten
../../../Tools/Linux/zxcc ../../../Tools/cpm/bin80//SLR180 -zmo-rw01/HF
+ ../../../Tools/Linux/zxcc ../../../Tools/cpm/bin80//SLR180 -zmo-rw01/HF

SLR180 Copyright (C) 1985-86 by SLR Systems Rel. 1.32 #NL0029

 zmo-rw01/HF
End of file Pass 1
End of file Pass 2
 0 Error(s) Detected.
 937 Absolute Bytes. 91 Symbols Detected.


../../../Tools/Linux/zxcc MLOAD25 -ZMP.COM=ZMPX.COM,ZMO-RW01
+ ../../../Tools/Linux/zxcc MLOAD25 -ZMP.COM=ZMPX.COM,ZMO-RW01
MLOAD v25  Copyright (c) 1983, 1984, 1985, 1988
by NightOwl Software, Inc.
Loaded 927 bytes (039FH) to file P0:ZMP.COM
Over a 16000 byte binary file
Start address: 0100H  Ending address: 3F80H  Bias: 0000H
Saved image size: 16000 bytes (3E80H, - 125 records)

+ rm -f /tmp/casefn.cache
+ '[' ../../../Binary/Apps ']'
+ '[' 'zmp.com *.ovr *.hlp zmp.doc' ']'
+ for file in zmp.com *.ovr *.hlp zmp.doc
+ mkdir -p ../../../Binary/Apps
+ echo Copying zmp.com to ../../../Binary/Apps
Copying zmp.com to ../../../Binary/Apps
++ ../../../Tools/unix/casefn.sh zmp.com
+ cp ./zmp.com ../../../Binary/Apps
+ for file in zmp.com *.ovr *.hlp zmp.doc
+ mkdir -p ../../../Binary/Apps
+ echo Copying zmconfig.ovr to ../../../Binary/Apps
Copying zmconfig.ovr to ../../../Binary/Apps
++ ../../../Tools/unix/casefn.sh zmconfig.ovr
+ cp ./zmconfig.ovr ../../../Binary/Apps
+ for file in zmp.com *.ovr *.hlp zmp.doc
+ mkdir -p ../../../Binary/Apps
+ echo Copying zminit.ovr to ../../../Binary/Apps
Copying zminit.ovr to ../../../Binary/Apps
++ ../../../Tools/unix/casefn.sh zminit.ovr
+ cp ./zminit.ovr ../../../Binary/Apps
+ for file in zmp.com *.ovr *.hlp zmp.doc
+ mkdir -p ../../../Binary/Apps
+ echo Copying zmterm.ovr to ../../../Binary/Apps
Copying zmterm.ovr to ../../../Binary/Apps
++ ../../../Tools/unix/casefn.sh zmterm.ovr
+ cp ./zmterm.ovr ../../../Binary/Apps
+ for file in zmp.com *.ovr *.hlp zmp.doc
+ mkdir -p ../../../Binary/Apps
+ echo Copying zmxfer.ovr to ../../../Binary/Apps
Copying zmxfer.ovr to ../../../Binary/Apps
++ ../../../Tools/unix/casefn.sh zmxfer.ovr
+ cp ./zmxfer.ovr ../../../Binary/Apps
+ for file in zmp.com *.ovr *.hlp zmp.doc
+ mkdir -p ../../../Binary/Apps
+ echo Copying zmp.hlp to ../../../Binary/Apps
Copying zmp.hlp to ../../../Binary/Apps
++ ../../../Tools/unix/casefn.sh zmp.hlp
+ cp ./zmp.hlp ../../../Binary/Apps
+ for file in zmp.com *.ovr *.hlp zmp.doc
+ mkdir -p ../../../Binary/Apps
+ echo Copying zmp.doc to ../../../Binary/Apps
Copying zmp.doc to ../../../Binary/Apps
++ ../../../Tools/unix/casefn.sh zmp.doc
+ cp ./zmp.doc ../../../Binary/Apps
+ '[' '' ']'
make[3]: Verzeichnis „/home/laszlo/zilog/meingithub/RomWBW/Source/Apps/ZMP“ wird verlassen
+ for dir in HTalk XM FDU FAT Tune Test ZMP ZMD Dev VGM cpuspd Survey
+ make --directory ZMD
make[3]: Verzeichnis „/home/laszlo/zilog/meingithub/RomWBW/Source/Apps/ZMD“ wird betreten
../../../Tools/Linux/zxcc ../../../Tools/cpm/bin80//Z80ASM -zmd/MF
+ ../../../Tools/Linux/zxcc ../../../Tools/cpm/bin80//Z80ASM -zmd/MF

Z80ASM Copyright (C) 1983-86 by SLR Systems Rel. 1.32 #AB1234

 zmd/MF
End of file Pass 1
End of file Pass 2
 0 Error(s) Detected.
 14893 Absolute Bytes. 687 Symbols Detected.


../../../Tools/Linux/zxcc ../../../Tools/cpm/bin80//SLR180 -zmdhb/HF
+ ../../../Tools/Linux/zxcc ../../../Tools/cpm/bin80//SLR180 -zmdhb/HF

SLR180 Copyright (C) 1985-86 by SLR Systems Rel. 1.32 #NL0029

 zmdhb/HF
End of file Pass 1
End of file Pass 2
 0 Error(s) Detected.
 1109 Absolute Bytes. 116 Symbols Detected.


../../../Tools/Linux/zxcc L80 -zmd,zmd/n/e
../../../Tools/Linux/zxcc MLOAD25 -zmd=zmd.com,zmdhb
+ ../../../Tools/Linux/zxcc L80 -zmd,zmd/n/e

Link-80  3.44  09-Dec-81  Copyright (c) 1981 Microsoft

Data	0100	5253	<20819>

30660 Bytes Free
[0000	5253	   82]

+ ../../../Tools/Linux/zxcc MLOAD25 -zmd=zmd.com,zmdhb
MLOAD v25  Copyright (c) 1983, 1984, 1985, 1988
by NightOwl Software, Inc.
Loaded 1017 bytes (03F9H) to file P0:ZMD.COM
Over a 20864 byte binary file
Start address: 0100H  Ending address: 5280H  Bias: 0000H
Saved image size: 20864 bytes (5180H, - 163 records)

+ rm -f /tmp/casefn.cache
+ '[' ../../../Binary/Apps ']'
+ '[' zmd.com ']'
+ for file in zmd.com
+ mkdir -p ../../../Binary/Apps
+ echo Copying zmd.com to ../../../Binary/Apps
Copying zmd.com to ../../../Binary/Apps
++ ../../../Tools/unix/casefn.sh zmd.com
+ cp ./zmd.com ../../../Binary/Apps
+ '[' '' ']'
make[3]: Verzeichnis „/home/laszlo/zilog/meingithub/RomWBW/Source/Apps/ZMD“ wird verlassen
+ for dir in HTalk XM FDU FAT Tune Test ZMP ZMD Dev VGM cpuspd Survey
+ make --directory Dev
make[3]: Verzeichnis „/home/laszlo/zilog/meingithub/RomWBW/Source/Apps/Dev“ wird betreten
+ '[' 1 = 1 ']'
+ ../../../Tools/Linux/uz80as -t z80 dev.asm dev.com dev.lst
+ rm -f /tmp/casefn.cache
+ '[' ../../../Binary/Apps ']'
+ '[' dev.com ']'
+ for file in dev.com
+ mkdir -p ../../../Binary/Apps
+ echo Copying dev.com to ../../../Binary/Apps
Copying dev.com to ../../../Binary/Apps
++ ../../../Tools/unix/casefn.sh dev.com
+ cp ./dev.com ../../../Binary/Apps
+ '[' ../../../Binary/Apps ']'
+ '[' '' ']'
make[3]: Verzeichnis „/home/laszlo/zilog/meingithub/RomWBW/Source/Apps/Dev“ wird verlassen
+ for dir in HTalk XM FDU FAT Tune Test ZMP ZMD Dev VGM cpuspd Survey
+ make --directory VGM
make[3]: Verzeichnis „/home/laszlo/zilog/meingithub/RomWBW/Source/Apps/VGM“ wird betreten
+ find . -name '*.inc'
../../../Tools/Linux/uz80as -t z80 -dWBW vgmplay.asm vgmplay.com vgmplay.lst
+ ../../../Tools/Linux/uz80as -t z80 -dWBW vgmplay.asm vgmplay.com vgmplay.lst
+ rm -f /tmp/casefn.cache
+ '[' ../../../Binary/Apps ']'
+ '[' vgmplay.com ']'
+ for file in vgmplay.com
+ mkdir -p ../../../Binary/Apps
+ echo Copying vgmplay.com to ../../../Binary/Apps
Copying vgmplay.com to ../../../Binary/Apps
++ ../../../Tools/unix/casefn.sh vgmplay.com
+ cp ./vgmplay.com ../../../Binary/Apps
+ '[' '' ']'
mkdir -p ../../../Binary/Apps/Tunes
cp Tunes/*.vgm ../../../Binary/Apps/Tunes
+ mkdir -p ../../../Binary/Apps/Tunes
+ cp Tunes/bgm.vgm Tunes/ending.vgm Tunes/inchina.vgm Tunes/shirakaw.vgm Tunes/startdem.vgm Tunes/wonder01.vgm ../../../Binary/Apps/Tunes
make[3]: Verzeichnis „/home/laszlo/zilog/meingithub/RomWBW/Source/Apps/VGM“ wird verlassen
+ for dir in HTalk XM FDU FAT Tune Test ZMP ZMD Dev VGM cpuspd Survey
+ make --directory cpuspd
make[3]: Verzeichnis „/home/laszlo/zilog/meingithub/RomWBW/Source/Apps/cpuspd“ wird betreten
+ '[' 1 = 1 ']'
+ ../../../Tools/Linux/uz80as -t z80 cpuspd.asm cpuspd.com cpuspd.lst
+ rm -f /tmp/casefn.cache
+ '[' ../../../Binary/Apps ']'
+ '[' cpuspd.com ']'
+ for file in cpuspd.com
+ mkdir -p ../../../Binary/Apps
+ echo Copying cpuspd.com to ../../../Binary/Apps
Copying cpuspd.com to ../../../Binary/Apps
++ ../../../Tools/unix/casefn.sh cpuspd.com
+ cp ./cpuspd.com ../../../Binary/Apps
+ '[' '' ']'
make[3]: Verzeichnis „/home/laszlo/zilog/meingithub/RomWBW/Source/Apps/cpuspd“ wird verlassen
+ for dir in HTalk XM FDU FAT Tune Test ZMP ZMD Dev VGM cpuspd Survey
+ make --directory Survey
make[3]: Verzeichnis „/home/laszlo/zilog/meingithub/RomWBW/Source/Apps/Survey“ wird betreten
../../../Tools/Linux/zxcc ../../../Tools/cpm/bin80//M80 -=survey
+ ../../../Tools/Linux/zxcc ../../../Tools/cpm/bin80//M80 -=survey

No Fatal error(s)

../../../Tools/Linux/zxcc ../../../Tools/cpm/bin80//L80 -survey,survey.com/n/e
+ ../../../Tools/Linux/zxcc ../../../Tools/cpm/bin80//L80 -survey,survey.com/n/e

Link-80  3.44  09-Dec-81  Copyright (c) 1981 Microsoft

Data	0103	0602	< 1279>

52539 Bytes Free
[0000	0602	    6]

+ rm -f /tmp/casefn.cache
+ '[' ../../../Binary/Apps ']'
+ '[' survey.com ']'
+ for file in survey.com
+ mkdir -p ../../../Binary/Apps
+ echo Copying survey.com to ../../../Binary/Apps
Copying survey.com to ../../../Binary/Apps
++ ../../../Tools/unix/casefn.sh survey.com
+ cp ./survey.com ../../../Binary/Apps
+ '[' '' ']'
rm survey.rel
make[3]: Verzeichnis „/home/laszlo/zilog/meingithub/RomWBW/Source/Apps/Survey“ wird verlassen
+ rm -f /tmp/casefn.cache
+ '[' ../../Binary/Apps ']'
+ '[' 'sysgen.com syscopy.com assign.com format.com talk.com mode.com rtc.com timer.com rtchb.com' ']'
+ for file in sysgen.com syscopy.com assign.com format.com talk.com mode.com rtc.com timer.com rtchb.com
+ mkdir -p ../../Binary/Apps
+ echo Copying sysgen.com to ../../Binary/Apps
Copying sysgen.com to ../../Binary/Apps
++ ../../Tools/unix/casefn.sh sysgen.com
+ cp ./sysgen.com ../../Binary/Apps
+ for file in sysgen.com syscopy.com assign.com format.com talk.com mode.com rtc.com timer.com rtchb.com
+ mkdir -p ../../Binary/Apps
+ echo Copying syscopy.com to ../../Binary/Apps
Copying syscopy.com to ../../Binary/Apps
++ ../../Tools/unix/casefn.sh syscopy.com
+ cp ./syscopy.com ../../Binary/Apps
+ for file in sysgen.com syscopy.com assign.com format.com talk.com mode.com rtc.com timer.com rtchb.com
+ mkdir -p ../../Binary/Apps
+ echo Copying assign.com to ../../Binary/Apps
Copying assign.com to ../../Binary/Apps
++ ../../Tools/unix/casefn.sh assign.com
+ cp ./assign.com ../../Binary/Apps
+ for file in sysgen.com syscopy.com assign.com format.com talk.com mode.com rtc.com timer.com rtchb.com
+ mkdir -p ../../Binary/Apps
+ echo Copying format.com to ../../Binary/Apps
Copying format.com to ../../Binary/Apps
++ ../../Tools/unix/casefn.sh format.com
+ cp ./format.com ../../Binary/Apps
+ for file in sysgen.com syscopy.com assign.com format.com talk.com mode.com rtc.com timer.com rtchb.com
+ mkdir -p ../../Binary/Apps
+ echo Copying talk.com to ../../Binary/Apps
Copying talk.com to ../../Binary/Apps
++ ../../Tools/unix/casefn.sh talk.com
+ cp ./talk.com ../../Binary/Apps
+ for file in sysgen.com syscopy.com assign.com format.com talk.com mode.com rtc.com timer.com rtchb.com
+ mkdir -p ../../Binary/Apps
+ echo Copying mode.com to ../../Binary/Apps
Copying mode.com to ../../Binary/Apps
++ ../../Tools/unix/casefn.sh mode.com
+ cp ./mode.com ../../Binary/Apps
+ for file in sysgen.com syscopy.com assign.com format.com talk.com mode.com rtc.com timer.com rtchb.com
+ mkdir -p ../../Binary/Apps
+ echo Copying rtc.com to ../../Binary/Apps
Copying rtc.com to ../../Binary/Apps
++ ../../Tools/unix/casefn.sh rtc.com
+ cp ./rtc.com ../../Binary/Apps
+ for file in sysgen.com syscopy.com assign.com format.com talk.com mode.com rtc.com timer.com rtchb.com
+ mkdir -p ../../Binary/Apps
+ echo Copying timer.com to ../../Binary/Apps
Copying timer.com to ../../Binary/Apps
++ ../../Tools/unix/casefn.sh timer.com
+ cp ./timer.com ../../Binary/Apps
+ for file in sysgen.com syscopy.com assign.com format.com talk.com mode.com rtc.com timer.com rtchb.com
+ mkdir -p ../../Binary/Apps
+ echo Copying rtchb.com to ../../Binary/Apps
Copying rtchb.com to ../../Binary/Apps
++ ../../Tools/unix/casefn.sh rtchb.com
+ cp ./rtchb.com ../../Binary/Apps
+ '[' '' ']'
make[2]: Verzeichnis „/home/laszlo/zilog/meingithub/RomWBW/Source/Apps“ wird verlassen
+ make --directory Forth
make[2]: Verzeichnis „/home/laszlo/zilog/meingithub/RomWBW/Source/Forth“ wird betreten
../../Tools/Linux/zxcc ../../Tools/cpm/bin80//ZSM =camel80.azm -/L
+ ../../Tools/Linux/zxcc ../../Tools/cpm/bin80//ZSM =camel80.azm -/L
Z80/Z180/Z280 Macro-Assembler V4.4

Errors: 0
Finished.

../../Tools/Linux/zxcc ../../Tools/cpm/bin80//LINK -camel80.bin=camel80.rel
+ ../../Tools/Linux/zxcc ../../Tools/cpm/bin80//LINK -camel80.bin=camel80.rel
LINK 1.31

ABSOLUTE     0000
CODE SIZE    1700 (0100-17FF)
DATA SIZE    0000
COMMON SIZE  0000
USE FACTOR     00

+ rm -f /tmp/casefn.cache
+ '[' '' ']'
+ '[' '' ']'
rm camel80.rel
make[2]: Verzeichnis „/home/laszlo/zilog/meingithub/RomWBW/Source/Forth“ wird verlassen
+ make --directory TastyBasic
make[2]: Verzeichnis „/home/laszlo/zilog/meingithub/RomWBW/Source/TastyBasic“ wird betreten
+ for dir in src
+ make --directory src
make[3]: Verzeichnis „/home/laszlo/zilog/meingithub/RomWBW/Source/TastyBasic/src“ wird betreten
../../../Tools/Linux/uz80as -t z80 -dROMWBW -d"VERSION \"v0.3.0\" " tastybasic.asm tastybasic.bin tastybasic.lst
+ ../../../Tools/Linux/uz80as -t z80 -dROMWBW '-dVERSION "v0.3.0" ' tastybasic.asm tastybasic.bin tastybasic.lst
TASTYBASIC ROM padding: 66 bytes.
TASTYBASIC space remaining: 68 bytes.
+ '[' 1 = 1 ']'
+ ../../../Tools/Linux/uz80as -t z80 -dCPM '-dVERSION "v0.3.0" ' tastybasic.asm tastybasic.com tastybasic.lst
TASTYBASIC ROM padding: 107 bytes.
cp tastybasic.com tbasic.com
cp $(../../../Tools/unix/casefn.sh tbasic.com) ../../../Binary/Apps
+ cp tastybasic.com tbasic.com
++ ../../../Tools/unix/casefn.sh tbasic.com
+ cp ./tbasic.com ../../../Binary/Apps
+ rm -f /tmp/casefn.cache
+ '[' '' ']'
+ '[' '' ']'
make[3]: Verzeichnis „/home/laszlo/zilog/meingithub/RomWBW/Source/TastyBasic/src“ wird verlassen
+ rm -f /tmp/casefn.cache
+ '[' '' ']'
+ '[' '' ']'
make[2]: Verzeichnis „/home/laszlo/zilog/meingithub/RomWBW/Source/TastyBasic“ wird verlassen
+ make --directory Fonts
make[2]: Verzeichnis „/home/laszlo/zilog/meingithub/RomWBW/Source/Fonts“ wird betreten
../../Tools/Linux/bin2asm font8x8u.bin > font8x8u.asm
+ ../../Tools/Linux/bin2asm font8x8u.bin
../../Tools/Linux/bin2asm font8x11u.bin > font8x11u.asm
+ ../../Tools/Linux/bin2asm font8x11u.bin
../../Tools/Linux/bin2asm font8x16u.bin > font8x16u.asm
+ ../../Tools/Linux/bin2asm font8x16u.bin
../../Tools/Linux/bin2asm fontcgau.bin > fontcgau.asm
+ ../../Tools/Linux/bin2asm fontcgau.bin
../../Tools/Linux/bin2asm fontvgarcu.bin > fontvgarcu.asm
+ ../../Tools/Linux/bin2asm fontvgarcu.bin
../../Tools/Linux/lzsa -f2 -r font8x8u.bin font8x8c.bin
+ ../../Tools/Linux/lzsa -f2 -r font8x8u.bin font8x8c.bin
../../Tools/Linux/bin2asm font8x8c.bin > font8x8c.asm
+ ../../Tools/Linux/bin2asm font8x8c.bin
../../Tools/Linux/lzsa -f2 -r font8x11u.bin font8x11c.bin
+ ../../Tools/Linux/lzsa -f2 -r font8x11u.bin font8x11c.bin
../../Tools/Linux/bin2asm font8x11c.bin > font8x11c.asm
+ ../../Tools/Linux/bin2asm font8x11c.bin
../../Tools/Linux/lzsa -f2 -r font8x16u.bin font8x16c.bin
+ ../../Tools/Linux/lzsa -f2 -r font8x16u.bin font8x16c.bin
../../Tools/Linux/bin2asm font8x16c.bin > font8x16c.asm
+ ../../Tools/Linux/bin2asm font8x16c.bin
../../Tools/Linux/lzsa -f2 -r fontcgau.bin fontcgac.bin
+ ../../Tools/Linux/lzsa -f2 -r fontcgau.bin fontcgac.bin
../../Tools/Linux/bin2asm fontcgac.bin > fontcgac.asm
+ ../../Tools/Linux/bin2asm fontcgac.bin
../../Tools/Linux/lzsa -f2 -r fontvgarcu.bin fontvgarcc.bin
+ ../../Tools/Linux/lzsa -f2 -r fontvgarcu.bin fontvgarcc.bin
../../Tools/Linux/bin2asm fontvgarcc.bin > fontvgarcc.asm
+ ../../Tools/Linux/bin2asm fontvgarcc.bin
+ rm -f /tmp/casefn.cache
+ '[' '' ']'
+ '[' '' ']'
make[2]: Verzeichnis „/home/laszlo/zilog/meingithub/RomWBW/Source/Fonts“ wird verlassen
+ make --directory RomDsk
make[2]: Verzeichnis „/home/laszlo/zilog/meingithub/RomWBW/Source/RomDsk“ wird betreten
touch rom0_wbw.dat
touch rom0_una.dat
### Making ROM Disk rom128_wbw.dat
srec_cat -Generate 0 0x20000 --Constant 0xE5 -Output rom128_wbw.dat -Binary
../../Tools/Linux/cpmcp -f wbw_rom128 rom128_wbw.dat ROM_128KB/*.* 0:
for i in assign mode rtc syscopy xm ; do ../../Tools/Linux/cpmcp -f wbw_rom128 rom128_wbw.dat ../../Binary/Apps/$i.com 0: ; done
../../Tools/Linux/cpmcp -f wbw_rom128 rom128_wbw.dat ../CPM22/cpm_wbw.sys 0:cpm.sys
../../Tools/Linux/cpmcp -f wbw_rom128 rom128_wbw.dat ../ZSDOS/zsys_wbw.sys 0:zsys.sys
../../Tools/Linux/cpmchattr -f wbw_rom128 rom128_wbw.dat r 0:*.*
### Making ROM Disk rom128_una.dat
srec_cat -Generate 0 0x20000 --Constant 0xE5 -Output rom128_una.dat -Binary
../../Tools/Linux/cpmcp -f wbw_rom128 rom128_una.dat ROM_128KB/*.* 0:
for i in assign mode rtc syscopy xm ; do ../../Tools/Linux/cpmcp -f wbw_rom128 rom128_una.dat ../../Binary/Apps/$i.com 0: ; done
../../Tools/Linux/cpmcp -f wbw_rom128 rom128_una.dat ../CPM22/cpm_una.sys 0:cpm.sys
../../Tools/Linux/cpmcp -f wbw_rom128 rom128_una.dat ../ZSDOS/zsys_una.sys 0:zsys.sys
../../Tools/Linux/cpmchattr -f wbw_rom128 rom128_una.dat r 0:*.*
### Making ROM Disk rom256_wbw.dat
srec_cat -Generate 0 0x40000 --Constant 0xE5 -Output rom256_wbw.dat -Binary
../../Tools/Linux/cpmcp -f wbw_rom256 rom256_wbw.dat ROM_256KB/*.* 0:
for i in assign mode rtc syscopy xm fdu format survey sysgen talk timer cpuspd ; do ../../Tools/Linux/cpmcp -f wbw_rom256 rom256_wbw.dat ../../Binary/Apps/$i.com 0: ; done
../../Tools/Linux/cpmcp -f wbw_rom256 rom256_wbw.dat ../CPM22/cpm_wbw.sys 0:cpm.sys
../../Tools/Linux/cpmcp -f wbw_rom256 rom256_wbw.dat ../ZSDOS/zsys_wbw.sys 0:zsys.sys
../../Tools/Linux/cpmchattr -f wbw_rom256 rom256_wbw.dat r 0:*.*
### Making ROM Disk rom256_una.dat
srec_cat -Generate 0 0x40000 --Constant 0xE5 -Output rom256_una.dat -Binary
../../Tools/Linux/cpmcp -f wbw_rom256 rom256_una.dat ROM_256KB/*.* 0:
for i in assign mode rtc syscopy xm fdu format survey sysgen talk timer cpuspd ; do ../../Tools/Linux/cpmcp -f wbw_rom256 rom256_una.dat ../../Binary/Apps/$i.com 0: ; done
../../Tools/Linux/cpmcp -f wbw_rom256 rom256_una.dat ../CPM22/cpm_una.sys 0:cpm.sys
../../Tools/Linux/cpmcp -f wbw_rom256 rom256_una.dat ../ZSDOS/zsys_una.sys 0:zsys.sys
../../Tools/Linux/cpmchattr -f wbw_rom256 rom256_una.dat r 0:*.*
### Making ROM Disk rom384_wbw.dat
srec_cat -Generate 0 0x60000 --Constant 0xE5 -Output rom384_wbw.dat -Binary
../../Tools/Linux/cpmcp -f wbw_rom384 rom384_wbw.dat ROM_384KB/*.* 0:
for i in assign mode rtc syscopy xm fdu format survey sysgen talk timer cpuspd ; do ../../Tools/Linux/cpmcp -f wbw_rom384 rom384_wbw.dat ../../Binary/Apps/$i.com 0: ; done
../../Tools/Linux/cpmcp -f wbw_rom384 rom384_wbw.dat ../CPM22/cpm_wbw.sys 0:cpm.sys
../../Tools/Linux/cpmcp -f wbw_rom384 rom384_wbw.dat ../ZSDOS/zsys_wbw.sys 0:zsys.sys
../../Tools/Linux/cpmchattr -f wbw_rom384 rom384_wbw.dat r 0:*.*
### Making ROM Disk rom384_una.dat
srec_cat -Generate 0 0x60000 --Constant 0xE5 -Output rom384_una.dat -Binary
../../Tools/Linux/cpmcp -f wbw_rom384 rom384_una.dat ROM_384KB/*.* 0:
for i in assign mode rtc syscopy xm fdu format survey sysgen talk timer cpuspd ; do ../../Tools/Linux/cpmcp -f wbw_rom384 rom384_una.dat ../../Binary/Apps/$i.com 0: ; done
../../Tools/Linux/cpmcp -f wbw_rom384 rom384_una.dat ../CPM22/cpm_una.sys 0:cpm.sys
../../Tools/Linux/cpmcp -f wbw_rom384 rom384_una.dat ../ZSDOS/zsys_una.sys 0:zsys.sys
../../Tools/Linux/cpmchattr -f wbw_rom384 rom384_una.dat r 0:*.*
### Making ROM Disk rom896_wbw.dat
srec_cat -Generate 0 0xE0000 --Constant 0xE5 -Output rom896_wbw.dat -Binary
../../Tools/Linux/cpmcp -f wbw_rom896 rom896_wbw.dat ROM_896KB/*.* 0:
for i in assign mode rtc syscopy xm fdu format survey sysgen talk timer cpuspd ; do ../../Tools/Linux/cpmcp -f wbw_rom896 rom896_wbw.dat ../../Binary/Apps/$i.com 0: ; done
../../Tools/Linux/cpmcp -f wbw_rom896 rom896_wbw.dat ../CPM22/cpm_wbw.sys 0:cpm.sys
../../Tools/Linux/cpmcp -f wbw_rom896 rom896_wbw.dat ../ZSDOS/zsys_wbw.sys 0:zsys.sys
../../Tools/Linux/cpmchattr -f wbw_rom896 rom896_wbw.dat r 0:*.*
### Making ROM Disk rom896_una.dat
srec_cat -Generate 0 0xE0000 --Constant 0xE5 -Output rom896_una.dat -Binary
../../Tools/Linux/cpmcp -f wbw_rom896 rom896_una.dat ROM_896KB/*.* 0:
for i in assign mode rtc syscopy xm fdu format survey sysgen talk timer cpuspd ; do ../../Tools/Linux/cpmcp -f wbw_rom896 rom896_una.dat ../../Binary/Apps/$i.com 0: ; done
../../Tools/Linux/cpmcp -f wbw_rom896 rom896_una.dat ../CPM22/cpm_una.sys 0:cpm.sys
../../Tools/Linux/cpmcp -f wbw_rom896 rom896_una.dat ../ZSDOS/zsys_una.sys 0:zsys.sys
../../Tools/Linux/cpmchattr -f wbw_rom896 rom896_una.dat r 0:*.*
make[2]: Verzeichnis „/home/laszlo/zilog/meingithub/RomWBW/Source/RomDsk“ wird verlassen
make --directory BPBIOS 
+ make --directory BPBIOS
make[2]: Verzeichnis „/home/laszlo/zilog/meingithub/RomWBW/Source/BPBIOS“ wird betreten
+ for dir in ZCPR33
+ make --directory ZCPR33
make[3]: Verzeichnis „/home/laszlo/zilog/meingithub/RomWBW/Source/BPBIOS/ZCPR33“ wird betreten
cp ../z3base.lib z3base.lib
../../../Tools/Linux/zxcc ZMAC -zcpr33.z80 -/P
rm z3base.lib
+ cp ../z3base.lib z3base.lib
+ ../../../Tools/Linux/zxcc ZMAC -zcpr33.z80 -/P


ZMAC Relocating Macro Assembler v 1.7, 04/09/93
  Copyright 1988,1989 by A.E. Hawley
  Pass 1 | / - \ | / - \ | / - \ | / - \ | / - \ | / - \ | / - \ | / - \ | / - \ | / - \ | / - \ | / - \ | / - \ | / - \ | / - \ | / - \ | / - \ | / - \ | / - \ | / - \ | / - \ | / - \ | / - \ | / - \ | / - \ | / - \ | / - \ | / - \ | / - \ | / - \ | / - \ | / - \ | / - \ | / - \ | / - \ | / - \ | / - \ | / - \ | / - \ | / - \ | / - \ | / - \ | / - \ | / - \ | / - \ | / - \ | / - \ | / - \ | /  Pass 2 - \ | / - \ | / - \ | / - \ | / - \ | / - \ | / - \ | / - \ | / - \ | / - \ | / - \ | / - \ | / - \ | / - \ | / - \ | / - \ | / - \ | / - \ | / - \ | / - \ | / - \ | / - \ | / - \ | / - \ | / - \ | / - \ | / - \ | / - \ | / - \ | / - \ | / - \ | / - \ | / - \ | / - \ | / - \ | / - \ | / - \ | / - \ | / - \ | / - \ | / - \ | / - \ | / - \ | / - \ | / - \ | / - \ | / - \ | / - \ | / - \          

      P0:ZCPR33.Z80     assembled with   NO ERRORS                      

..To produce:                                                               

P0:ZCPR33.REL, P0:ZCPR33.PRN                                                

Source Lines    4889          Unused Memory   6FBCH                          
Labels           365          Total Code Size 07D9H                          
Macros  -Read     10                                                         
    -Expanded     23                                                        

               ===  SEGMENT SIZES  ===                                      

ASEG    =empty   CSEG    =07D9H   DSEG    =empty   BLANK   =empty           

 Named COMMON segments                                                      

_BIOS_           
+ rm z3base.lib
+ rm -f /tmp/casefn.cache
+ '[' .. ']'
+ '[' zcpr33.rel ']'
+ for file in zcpr33.rel
+ mkdir -p ..
+ echo Copying zcpr33.rel to ..
Copying zcpr33.rel to ..
++ ../../../Tools/unix/casefn.sh zcpr33.rel
+ cp ./zcpr33.rel ..
+ '[' '' ']'
make[3]: Verzeichnis „/home/laszlo/zilog/meingithub/RomWBW/Source/BPBIOS/ZCPR33“ wird verlassen
+ rm -f /tmp/casefn.cache
+ '[' '' ']'
+ '[' '' ']'

cp def-ww-z33.lib def-ww.lib
rm -f bpbio-ww.rel
../../Tools/Linux/zxcc ZMAC -BPBIO-WW -/P
mv bpbio-ww.prn bp33.prn
if [ -f bpbio-ww.err ] ; then mv bpbio-ww.err bp33.err; fi
mv bpbio-ww.rel bp33.rel
cp bp33.dat bpsys.dat
../../Tools/Linux/zxcc ./bpbuild.com -bpsys.dat 0 < bpbld1.rsp
cp bpsys.img bpsys.dat
../../Tools/Linux/zxcc ./bpbuild.com -bpsys.dat 0 < bpbld2.rsp
mv bpsys.img bp33.img
+ cp def-ww-z33.lib def-ww.lib
+ rm -f bpbio-ww.rel
+ ../../Tools/Linux/zxcc ZMAC -BPBIO-WW -/P


ZMAC Relocating Macro Assembler v 1.7, 04/09/93
  Copyright 1988,1989 by A.E. Hawley
  Pass 1 | / - \ | / - \ | / - \ | / - \ | / - \ | / - \ | / - \ | / - \ | / - \ | / - \ | / - \ | / - \ | / - \ | / - \ | / - \ | / - \ | / - \ | / - \ | / - \ | / - \ | / - \ | / - \ | / - \ | / - \ | / - \ | / - \ | / - \ | / - \ | / - \ | / - \ | / - \ | / - \ | / - \ | / - \ | / - \ | / - \ | / - \ | / - \ | / - \ | / - \ | / - \ | / - \ | / - \ | / - \ | / - \ | / - \ | / - \  Pass 2 | / - \ | / - \ | / - \ | / - \ | / - \ | / - \ | / - \ | / - \ | / - \ | / - \ | / - \ | / - \ | / - \ | / - \ | / - \ | / - \ | / - \ | / - \ | / - \ | / - \ | / - \ | / - \ | / - \ | / - \ | / - \ | / - \ | / - \ | / - \ | / - \ | / - \ | / - \ | / - \ | / - \ | / - \ | / - \ | / - \ | / - \ | / - \ | / - \ | / - \ | / - \ | / - \ | / - \ | / - \ | / - \ | / - \ | / - \          

      P0:BPBIO-WW.Z80   assembled with   NO ERRORS                      

..To produce:                                                               

P0:BPBIO-WW.REL, P0:BPBIO-WW.PRN                                            

Source Lines    5991          Unused Memory   6F9EH                          
Labels           557          Total Code Size 1C2FH                          
Macros  -Read      5                                                         
    -Expanded      2                                                        

               ===  SEGMENT SIZES  ===                                      

ASEG    =empty   CSEG    =0B55H   DSEG    =0458H   BLANK   =empty           

 Named COMMON segments                                                      

RESVD    0C82H   
+ mv bpbio-ww.prn bp33.prn
+ '[' -f bpbio-ww.err ']'
+ mv bpbio-ww.rel bp33.rel
+ cp bp33.dat bpsys.dat
+ ../../Tools/Linux/zxcc ./bpbuild.com -bpsys.dat 0
B/P System Build  V1.0     31 Aug 92 

 Main 


	 1  File Names

	 2  BIOS Configuration

	 3  Environment

		Selection : 
..building system..

ZCPR33  .REL  -  CSEG=07D9H, DSEG=0000H
ZSDOS   .ZRL  -  CSEG=0E00H, DSEG=0000H
BP33    .REL  -  CSEG=0B55H, DSEG=04D8H

Auto-size system    ([Y]/N)? : Y
-- Pre-linking Bios for Info --(Non-Banked)
Sizing from lowest ENV element = EF00
     Base of Usr Sp = EC00
     Base of Bios   = CE00
     Base of Dos    = C000
     Base of Cpr    = B800
   Total BPSYS.IMG    size = 004FH sectors

+ cp bpsys.img bpsys.dat
+ ../../Tools/Linux/zxcc ./bpbuild.com -bpsys.dat 0
B/P System Build  V1.0     31 Aug 92 

 Main 


	 1  File Names

	 2  BIOS Configuration

	 3  Environment

		Selection : 
..building system..

ZCPR33  .REL  -  CSEG=07D9H, DSEG=0000H
ZSDOS   .ZRL  -  CSEG=0E00H, DSEG=0000H
BP33    .REL  -  CSEG=0B55H, DSEG=04D8H

Auto-size system    ([Y]/N)? : N
-- Pre-linking Bios for Info --(Non-Banked)
Set to "Standard" if possible? (Y/[N]) : Y
     Base of Usr Sp = EC00
     Base of Bios   = CE00
     Base of Dos    = C000
     Base of Cpr    = B800
   Total BPSYS.IMG    size = 004FH sectors

+ mv bpsys.img bp33.img

cp def-ww-z33bnk.lib def-ww.lib
rm -f bpbio-ww.rel
../../Tools/Linux/zxcc ZMAC -BPBIO-WW -/P
mv bpbio-ww.prn bp33bnk.prn
if [ -f bpbio-ww.err ] ; then mv bpbio-ww.err bp33bnk.err; fi
mv bpbio-ww.rel bp33bnk.rel
cp bp33bnk.dat bpsys.dat
../../Tools/Linux/zxcc ./bpbuild.com -bpsys.dat 0 < bpbld1.rsp
cp bpsys.img bpsys.dat
../../Tools/Linux/zxcc ./bpbuild.com -bpsys.dat 0 < bpbld2.rsp
mv bpsys.img bp33bnk.img
+ cp def-ww-z33bnk.lib def-ww.lib
+ rm -f bpbio-ww.rel
+ ../../Tools/Linux/zxcc ZMAC -BPBIO-WW -/P


ZMAC Relocating Macro Assembler v 1.7, 04/09/93
  Copyright 1988,1989 by A.E. Hawley
  Pass 1 | / - \ | / - \ | / - \ | / - \ | / - \ | / - \ | / - \ | / - \ | / - \ | / - \ | / - \ | / - \ | / - \ | / - \ | / - \ | / - \ | / - \ | / - \ | / - \ | / - \ | / - \ | / - \ | / - \ | / - \ | / - \ | / - \ | / - \ | / - \ | / - \ | / - \ | / - \ | / - \ | / - \ | / - \ | / - \ | / - \ | / - \ | / - \ | / - \ | / - \ | / - \ | / - \ | / - \ | / - \ | / - \ | / - \ | / - \ | / - \ | / - \  Pass 2 | / - \ | / - \ | / - \ | / - \ | / - \ | / - \ | / - \ | / - \ | / - \ | / - \ | / - \ | / - \ | / - \ | / - \ | / - \ | / - \ | / - \ | / - \ | / - \ | / - \ | / - \ | / - \ | / - \ | / - \ | / - \ | / - \ | / - \ | / - \ | / - \ | / - \ | / - \ | / - \ | / - \ | / - \ | / - \ | / - \ | / - \ | / - \ | / - \ | / - \ | / - \ | / - \ | / - \ | / - \ | / - \ | / - \ | / - \ | / - \ | / - \          

      P0:BPBIO-WW.Z80   assembled with   NO ERRORS                      

..To produce:                                                               

P0:BPBIO-WW.REL, P0:BPBIO-WW.PRN                                            

Source Lines    6245          Unused Memory   6E36H                          
Labels           577          Total Code Size 1DE5H                          
Macros  -Read      5                                                         
    -Expanded      4                                                        

               ===  SEGMENT SIZES  ===                                      

ASEG    =empty   CSEG    =06E5H   DSEG    =00D8H   BLANK   =empty           

 Named COMMON segments                                                      

BANK2    058DH   B2RAM    0419H   RESVD    0C82H   
+ mv bpbio-ww.prn bp33bnk.prn
+ '[' -f bpbio-ww.err ']'
+ mv bpbio-ww.rel bp33bnk.rel
+ cp bp33bnk.dat bpsys.dat
+ ../../Tools/Linux/zxcc ./bpbuild.com -bpsys.dat 0
B/P System Build  V1.0     31 Aug 92 

 Main 


	 1  File Names

	 2  BIOS Configuration

	 3  Environment

		Selection : 
..building system..

ZCPR33  .REL  -  CSEG=07D9H, DSEG=0000H
ZSDOS   .ZRL  -  CSEG=0E00H, DSEG=0000H
BP33BNK .REL  -  CSEG=06E5H, DSEG=00FDH
        Bank2=058DH  B2Ram=0419H

Auto-size system    ([Y]/N)? : Y
-- Pre-linking Bios for Info --(Non-Banked)
Sizing from lowest ENV element = EF00
     Base of Usr Sp = EC00
     Base of Bios   = D700
     Base of Dos    = C900
     Base of Cpr    = C100
   Total BPSYS.IMG    size = 0052H sectors

+ cp bpsys.img bpsys.dat
+ ../../Tools/Linux/zxcc ./bpbuild.com -bpsys.dat 0
B/P System Build  V1.0     31 Aug 92 

 Main 


	 1  File Names

	 2  BIOS Configuration

	 3  Environment

		Selection : 
..building system..

ZCPR33  .REL  -  CSEG=07D9H, DSEG=0000H
ZSDOS   .ZRL  -  CSEG=0E00H, DSEG=0000H
BP33BNK .REL  -  CSEG=06E5H, DSEG=00FDH
        Bank2=058DH  B2Ram=0419H

Auto-size system    ([Y]/N)? : N
-- Pre-linking Bios for Info --(Non-Banked)
Set to "Standard" if possible? (Y/[N]) : Y
     Base of Usr Sp = EC00
     Base of Bios   = D700
     Base of Dos    = C900
     Base of Cpr    = C100
   Total BPSYS.IMG    size = 0052H sectors

+ mv bpsys.img bp33bnk.img

cp def-ww-z34.lib def-ww.lib
rm -f bpbio-ww.rel
../../Tools/Linux/zxcc ZMAC -BPBIO-WW -/P
mv bpbio-ww.prn bp34.prn
if [ -f bpbio-ww.err ] ; then mv bpbio-ww.err bp34.err; fi
mv bpbio-ww.rel bp34.rel
cp bp34.dat bpsys.dat
../../Tools/Linux/zxcc ./bpbuild.com -bpsys.dat 0 < bpbld1.rsp
cp bpsys.img bpsys.dat
../../Tools/Linux/zxcc ./bpbuild.com -bpsys.dat 0 < bpbld2.rsp
mv bpsys.img bp34.img
+ cp def-ww-z34.lib def-ww.lib
+ rm -f bpbio-ww.rel
+ ../../Tools/Linux/zxcc ZMAC -BPBIO-WW -/P


ZMAC Relocating Macro Assembler v 1.7, 04/09/93
  Copyright 1988,1989 by A.E. Hawley
  Pass 1 | / - \ | / - \ | / - \ | / - \ | / - \ | / - \ | / - \ | / - \ | / - \ | / - \ | / - \ | / - \ | / - \ | / - \ | / - \ | / - \ | / - \ | / - \ | / - \ | / - \ | / - \ | / - \ | / - \ | / - \ | / - \ | / - \ | / - \ | / - \ | / - \ | / - \ | / - \ | / - \ | / - \ | / - \ | / - \ | / - \ | / - \ | / - \ | / - \ | / - \ | / - \ | / - \ | / - \ | / - \ | / - \ | / - \ | / - \  Pass 2 | / - \ | / - \ | / - \ | / - \ | / - \ | / - \ | / - \ | / - \ | / - \ | / - \ | / - \ | / - \ | / - \ | / - \ | / - \ | / - \ | / - \ | / - \ | / - \ | / - \ | / - \ | / - \ | / - \ | / - \ | / - \ | / - \ | / - \ | / - \ | / - \ | / - \ | / - \ | / - \ | / - \ | / - \ | / - \ | / - \ | / - \ | / - \ | / - \ | / - \ | / - \ | / - \ | / - \ | / - \ | / - \ | / - \ | / - \          

      P0:BPBIO-WW.Z80   assembled with   NO ERRORS                      

..To produce:                                                               

P0:BPBIO-WW.REL, P0:BPBIO-WW.PRN                                            

Source Lines    5991          Unused Memory   6F9EH                          
Labels           557          Total Code Size 1C2FH                          
Macros  -Read      5                                                         
    -Expanded      2                                                        

               ===  SEGMENT SIZES  ===                                      

ASEG    =empty   CSEG    =0B55H   DSEG    =0458H   BLANK   =empty           

 Named COMMON segments                                                      

RESVD    0C82H   
+ mv bpbio-ww.prn bp34.prn
+ '[' -f bpbio-ww.err ']'
+ mv bpbio-ww.rel bp34.rel
+ cp bp34.dat bpsys.dat
+ ../../Tools/Linux/zxcc ./bpbuild.com -bpsys.dat 0
B/P System Build  V1.0     31 Aug 92 

 Main 


	 1  File Names

	 2  BIOS Configuration

	 3  Environment

		Selection : 
..building system..

Z34     .ZRL  -  CSEG=0800H, DSEG=0000H
ZSDOS   .ZRL  -  CSEG=0E00H, DSEG=0000H
BP34    .REL  -  CSEG=0B55H, DSEG=04D8H

Auto-size system    ([Y]/N)? : Y
-- Pre-linking Bios for Info --(Non-Banked)
Sizing from lowest ENV element = EF00
     Base of Usr Sp = EC00
     Base of Bios   = CE00
     Base of Dos    = C000
     Base of Cpr    = B800
   Total BPSYS.IMG    size = 004FH sectors

+ cp bpsys.img bpsys.dat
+ ../../Tools/Linux/zxcc ./bpbuild.com -bpsys.dat 0
B/P System Build  V1.0     31 Aug 92 

 Main 


	 1  File Names

	 2  BIOS Configuration

	 3  Environment

		Selection : 
..building system..

Z34     .ZRL  -  CSEG=0800H, DSEG=0000H
ZSDOS   .ZRL  -  CSEG=0E00H, DSEG=0000H
BP34    .REL  -  CSEG=0B55H, DSEG=04D8H

Auto-size system    ([Y]/N)? : N
-- Pre-linking Bios for Info --(Non-Banked)
Set to "Standard" if possible? (Y/[N]) : Y
     Base of Usr Sp = EC00
     Base of Bios   = CE00
     Base of Dos    = C000
     Base of Cpr    = B800
   Total BPSYS.IMG    size = 004FH sectors

+ mv bpsys.img bp34.img

cp def-ww-z34bnk.lib def-ww.lib
rm -f bpbio-ww.rel
../../Tools/Linux/zxcc ZMAC -BPBIO-WW -/P
mv bpbio-ww.prn bp34bnk.prn
if [ -f bpbio-ww.err ] ; then mv bpbio-ww.err bp34bnk.err; fi
mv bpbio-ww.rel bp34bnk.rel
cp bp34bnk.dat bpsys.dat
../../Tools/Linux/zxcc ./bpbuild.com -bpsys.dat 0 < bpbld1.rsp
cp bpsys.img bpsys.dat
../../Tools/Linux/zxcc ./bpbuild.com -bpsys.dat 0 < bpbld2.rsp
mv bpsys.img bp34bnk.img
+ cp def-ww-z34bnk.lib def-ww.lib
+ rm -f bpbio-ww.rel
+ ../../Tools/Linux/zxcc ZMAC -BPBIO-WW -/P


ZMAC Relocating Macro Assembler v 1.7, 04/09/93
  Copyright 1988,1989 by A.E. Hawley
  Pass 1 | / - \ | / - \ | / - \ | / - \ | / - \ | / - \ | / - \ | / - \ | / - \ | / - \ | / - \ | / - \ | / - \ | / - \ | / - \ | / - \ | / - \ | / - \ | / - \ | / - \ | / - \ | / - \ | / - \ | / - \ | / - \ | / - \ | / - \ | / - \ | / - \ | / - \ | / - \ | / - \ | / - \ | / - \ | / - \ | / - \ | / - \ | / - \ | / - \ | / - \ | / - \ | / - \ | / - \ | / - \ | / - \ | / - \ | / - \ | / - \ | / - \  Pass 2 | / - \ | / - \ | / - \ | / - \ | / - \ | / - \ | / - \ | / - \ | / - \ | / - \ | / - \ | / - \ | / - \ | / - \ | / - \ | / - \ | / - \ | / - \ | / - \ | / - \ | / - \ | / - \ | / - \ | / - \ | / - \ | / - \ | / - \ | / - \ | / - \ | / - \ | / - \ | / - \ | / - \ | / - \ | / - \ | / - \ | / - \ | / - \ | / - \ | / - \ | / - \ | / - \ | / - \ | / - \ | / - \ | / - \ | / - \ | / - \ | / - \          

      P0:BPBIO-WW.Z80   assembled with   NO ERRORS                      

..To produce:                                                               

P0:BPBIO-WW.REL, P0:BPBIO-WW.PRN                                            

Source Lines    6245          Unused Memory   6E36H                          
Labels           577          Total Code Size 1DE5H                          
Macros  -Read      5                                                         
    -Expanded      4                                                        

               ===  SEGMENT SIZES  ===                                      

ASEG    =empty   CSEG    =06E5H   DSEG    =00D8H   BLANK   =empty           

 Named COMMON segments                                                      

BANK2    058DH   B2RAM    0419H   RESVD    0C82H   
+ mv bpbio-ww.prn bp34bnk.prn
+ '[' -f bpbio-ww.err ']'
+ mv bpbio-ww.rel bp34bnk.rel
+ cp bp34bnk.dat bpsys.dat
+ ../../Tools/Linux/zxcc ./bpbuild.com -bpsys.dat 0
B/P System Build  V1.0     31 Aug 92 

 Main 


	 1  File Names

	 2  BIOS Configuration

	 3  Environment

		Selection : 
..building system..

Z34     .ZRL  -  CSEG=0800H, DSEG=0000H
ZSDOS   .ZRL  -  CSEG=0E00H, DSEG=0000H
BP34BNK .REL  -  CSEG=06E5H, DSEG=00FDH
        Bank2=058DH  B2Ram=0419H

Auto-size system    ([Y]/N)? : Y
-- Pre-linking Bios for Info --(Non-Banked)
Sizing from lowest ENV element = EF00
     Base of Usr Sp = EC00
     Base of Bios   = D700
     Base of Dos    = C900
     Base of Cpr    = C100
   Total BPSYS.IMG    size = 0052H sectors

+ cp bpsys.img bpsys.dat
+ ../../Tools/Linux/zxcc ./bpbuild.com -bpsys.dat 0
B/P System Build  V1.0     31 Aug 92 

 Main 


	 1  File Names

	 2  BIOS Configuration

	 3  Environment

		Selection : 
..building system..

Z34     .ZRL  -  CSEG=0800H, DSEG=0000H
ZSDOS   .ZRL  -  CSEG=0E00H, DSEG=0000H
BP34BNK .REL  -  CSEG=06E5H, DSEG=00FDH
        Bank2=058DH  B2Ram=0419H

Auto-size system    ([Y]/N)? : N
-- Pre-linking Bios for Info --(Non-Banked)
Set to "Standard" if possible? (Y/[N]) : Y
     Base of Usr Sp = EC00
     Base of Bios   = D700
     Base of Dos    = C900
     Base of Cpr    = C100
   Total BPSYS.IMG    size = 0052H sectors

+ mv bpsys.img bp34bnk.img

cp def-ww-z41bnk.lib def-ww.lib
rm -f bpbio-ww.rel
../../Tools/Linux/zxcc ZMAC -BPBIO-WW -/P
mv bpbio-ww.prn bp41bnk.prn
if [ -f bpbio-ww.err ] ; then mv bpbio-ww.err bp41bnk.err; fi
mv bpbio-ww.rel bp41bnk.rel
cp bp41bnk.dat bpsys.dat
../../Tools/Linux/zxcc ./bpbuild.com -bpsys.dat 0 < bpbld1.rsp
cp bpsys.img bpsys.dat
../../Tools/Linux/zxcc ./bpbuild.com -bpsys.dat 0 < bpbld2.rsp
mv bpsys.img bp41bnk.img
+ cp def-ww-z41bnk.lib def-ww.lib
+ rm -f bpbio-ww.rel
+ ../../Tools/Linux/zxcc ZMAC -BPBIO-WW -/P


ZMAC Relocating Macro Assembler v 1.7, 04/09/93
  Copyright 1988,1989 by A.E. Hawley
  Pass 1 | / - \ | / - \ | / - \ | / - \ | / - \ | / - \ | / - \ | / - \ | / - \ | / - \ | / - \ | / - \ | / - \ | / - \ | / - \ | / - \ | / - \ | / - \ | / - \ | / - \ | / - \ | / - \ | / - \ | / - \ | / - \ | / - \ | / - \ | / - \ | / - \ | / - \ | / - \ | / - \ | / - \ | / - \ | / - \ | / - \ | / - \ | / - \ | / - \ | / - \ | / - \ | / - \ | / - \ | / - \ | / - \ | / - \ | / - \ | / - \ | / - \  Pass 2 | / - \ | / - \ | / - \ | / - \ | / - \ | / - \ | / - \ | / - \ | / - \ | / - \ | / - \ | / - \ | / - \ | / - \ | / - \ | / - \ | / - \ | / - \ | / - \ | / - \ | / - \ | / - \ | / - \ | / - \ | / - \ | / - \ | / - \ | / - \ | / - \ | / - \ | / - \ | / - \ | / - \ | / - \ | / - \ | / - \ | / - \ | / - \ | / - \ | / - \ | / - \ | / - \ | / - \ | / - \ | / - \ | / - \ | / - \ | / - \ | / - \          

      P0:BPBIO-WW.Z80   assembled with   NO ERRORS                      

..To produce:                                                               

P0:BPBIO-WW.REL, P0:BPBIO-WW.PRN                                            

Source Lines    6244          Unused Memory   6E36H                          
Labels           577          Total Code Size 1DE5H                          
Macros  -Read      5                                                         
    -Expanded      4                                                        

               ===  SEGMENT SIZES  ===                                      

ASEG    =empty   CSEG    =06E5H   DSEG    =00D6H   BLANK   =empty           

 Named COMMON segments                                                      

BANK2    058DH   B2RAM    041BH   RESVD    0C82H   
+ mv bpbio-ww.prn bp41bnk.prn
+ '[' -f bpbio-ww.err ']'
+ mv bpbio-ww.rel bp41bnk.rel
+ cp bp41bnk.dat bpsys.dat
+ ../../Tools/Linux/zxcc ./bpbuild.com -bpsys.dat 0
B/P System Build  V1.0     31 Aug 92 

 Main 


	 1  File Names

	 2  BIOS Configuration

	 3  Environment

		Selection : 
..building system..

Z41     .ZRL  -  CSEG=0800H, DSEG=0000H
        Bank2=0C22H  B2Ram=0000H
ZS227G  .ZRL  -  CSEG=0939H, DSEG=0000H
        Bank2=0AA9H  B2Ram=0004H
BP41BNK .REL  -  CSEG=06E5H, DSEG=00FBH
        Bank2=058DH  B2Ram=041BH

Auto-size system    ([Y]/N)? : Y
-- Pre-linking Bios for Info --(Banked)
Sizing from lowest ENV element = F700
     Base of Usr Sp = F700
     Base of Bios   = EF00
     Base of Dos    = E580
     Base of Cpr    = DD80
   Total BPSYS.IMG    size = 0078H sectors

+ cp bpsys.img bpsys.dat
+ ../../Tools/Linux/zxcc ./bpbuild.com -bpsys.dat 0
B/P System Build  V1.0     31 Aug 92 

 Main 


	 1  File Names

	 2  BIOS Configuration

	 3  Environment

		Selection : 
..building system..

Z41     .ZRL  -  CSEG=0800H, DSEG=0000H
        Bank2=0C22H  B2Ram=0000H
ZS227G  .ZRL  -  CSEG=0939H, DSEG=0000H
        Bank2=0AA9H  B2Ram=0004H
BP41BNK .REL  -  CSEG=06E5H, DSEG=00FBH
        Bank2=058DH  B2Ram=041BH

Auto-size system    ([Y]/N)? : N
-- Pre-linking Bios for Info --(Banked)
Set to "Standard" if possible? (Y/[N]) : Y
     <No Resident User Space>
     Base of Bios   = EF00
     Base of Dos    = E100
     Base of Cpr    = D900
   Total BPSYS.IMG    size = 0078H sectors

+ mv bpsys.img bp41bnk.img
make[2]: Verzeichnis „/home/laszlo/zilog/meingithub/RomWBW/Source/BPBIOS“ wird verlassen
make --directory Images 
+ make --directory Images
make[2]: Verzeichnis „/home/laszlo/zilog/meingithub/RomWBW/Source/Images“ wird betreten
Making Blank Floppy of size 1440k
1440+0 Datensätze ein
1440+0 Datensätze aus
1474560 Bytes (1,5 MB, 1,4 MiB) kopiert, 0,00449673 s, 328 MB/s
0000000 e5e5 e5e5 e5e5 e5e5 e5e5 e5e5 e5e5 e5e5
*
0168000
Making Blank HD512 of size 8320k
8320+0 Datensätze ein
8320+0 Datensätze aus
8519680 Bytes (8,5 MB, 8,1 MiB) kopiert, 0,0192121 s, 443 MB/s
0000000 e5e5 e5e5 e5e5 e5e5 e5e5 e5e5 e5e5 e5e5
*
0820000
Making Blank HD1K of size 8192k
8192+0 Datensätze ein
8192+0 Datensätze aus
8388608 Bytes (8,4 MB, 8,0 MiB) kopiert, 0,0195377 s, 429 MB/s
0000000 e5e5 e5e5 e5e5 e5e5 e5e5 e5e5 e5e5 e5e5
*
0800000
Generating fd144_cpm22.img
copying system ../CPM22/cpm_wbw.sys to fd144_cpm22.img
  copying directory d_cpm22/u0
     d_cpm22/u0/ASM.COM
     d_cpm22/u0/DDT.COM
     d_cpm22/u0/DUMP.COM
     d_cpm22/u0/ED.COM
     d_cpm22/u0/HELP.COM
     d_cpm22/u0/HELP.HLP
     d_cpm22/u0/LIB.COM
     d_cpm22/u0/LINK.COM
     d_cpm22/u0/LOAD.COM
     d_cpm22/u0/MAC.COM
     d_cpm22/u0/PIP.COM
     d_cpm22/u0/RMAC.COM
     d_cpm22/u0/STAT.COM
     d_cpm22/u0/SUBMIT.COM
     d_cpm22/u0/XSUB.COM
     d_cpm22/u0/ZSID.COM
fd_cpm22.txt
  copying files from fd_cpm22.txt
     d_cpm22/ReadMe.txt
     ../../Binary/Apps/assign.com
     ../../Binary/Apps/cpuspd.com
     ../../Binary/Apps/fat.com
     ../../Binary/Apps/fdu.com
     ../../Binary/Apps/fdu.doc
     ../../Binary/Apps/format.com
     ../../Binary/Apps/mode.com
     ../../Binary/Apps/rtc.com
     ../../Binary/Apps/survey.com
     ../../Binary/Apps/syscopy.com
     ../../Binary/Apps/sysgen.com
     ../../Binary/Apps/talk.com
     ../../Binary/Apps/htalk.com
     ../../Binary/Apps/tbasic.com
     ../../Binary/Apps/timer.com
     ../../Binary/Apps/tune.com
     ../../Binary/Apps/xm.com
     ../../Binary/Apps/zmp.com
     ../../Binary/Apps/zmp.hlp
     ../../Binary/Apps/zmp.doc
     ../../Binary/Apps/zmxfer.ovr
     ../../Binary/Apps/zmterm.ovr
     ../../Binary/Apps/zminit.ovr
     ../../Binary/Apps/zmconfig.ovr
     ../../Binary/Apps/zmd.com
     ../../Binary/Apps/vgmplay.com
     ../../Binary/Apps/Tunes/Attack.pt3 ../../Binary/Apps/Tunes/Backup.pt3 ../../Binary/Apps/Tunes/BadMice.pt3 ../../Binary/Apps/Tunes/HowRU.pt3 ../../Binary/Apps/Tunes/Iteratn.pt3 ../../Binary/Apps/Tunes/LookBack.pt3 ../../Binary/Apps/Tunes/Louboutn.pt3 ../../Binary/Apps/Tunes/Namida.pt3 ../../Binary/Apps/Tunes/Recoll.pt3 ../../Binary/Apps/Tunes/Sanxion.pt3 ../../Binary/Apps/Tunes/Synch.pt3 ../../Binary/Apps/Tunes/ToStar.pt3 ../../Binary/Apps/Tunes/Victory.pt3 ../../Binary/Apps/Tunes/Wicked.pt3 ../../Binary/Apps/Tunes/YeOlde.pt3 ../../Binary/Apps/Tunes/Yeovil.pt3
     ../../Binary/Apps/Tunes/Demo.mym ../../Binary/Apps/Tunes/Demo1.mym ../../Binary/Apps/Tunes/Demo3.mym ../../Binary/Apps/Tunes/Demo3mix.mym ../../Binary/Apps/Tunes/Demo4.mym
     ../../Binary/Apps/Tunes/bgm.vgm ../../Binary/Apps/Tunes/ending.vgm ../../Binary/Apps/Tunes/inchina.vgm ../../Binary/Apps/Tunes/shirakaw.vgm ../../Binary/Apps/Tunes/startdem.vgm ../../Binary/Apps/Tunes/wonder01.vgm
     ../CPM22/cpm_wbw.sys
     Common/All/CLRDIR.COM Common/All/COMPARE.COM Common/All/CRUNCH.COM Common/All/CRUNCH28.CFG Common/All/DDTZ.COM Common/All/DDTZ.DOC Common/All/EX.COM Common/All/FDISK80.COM Common/All/FIND.COM Common/All/FLASH.COM Common/All/FLASH.DOC Common/All/MBASIC.COM Common/All/NULU.COM Common/All/PMARC.COM Common/All/PMEXT.COM Common/All/RMXSUB1.COM Common/All/SUPERSUB.COM Common/All/SUPERSUB.DOC Common/All/TDLBASIC.COM Common/All/UNARC.COM Common/All/UNARC.DOC Common/All/UNCR.COM Common/All/UNZIP.COM Common/All/UNZIP.DOC Common/All/WDATE.COM Common/All/XSUB1.COM Common/All/ZAP.COM Common/All/ZDE.COM Common/All/ZDE.DOC Common/All/ZDENST.COM Common/All/ZMRX.COM Common/All/ZMTX.COM
     Common/CPM22/KERCPM22.COM
Generating fd144_zsdos.img
copying system ../ZSDOS/zsys_wbw.sys to fd144_zsdos.img
  copying directory d_zsdos/u0
     d_zsdos/u0/BGPATCH.HEX
     d_zsdos/u0/CLOCKS.DAT
     d_zsdos/u0/COPY.CFG
     d_zsdos/u0/COPY.COM
     d_zsdos/u0/COPY.UPD
     d_zsdos/u0/DATSWEEP.COM
     d_zsdos/u0/DSCONFIG.COM
     d_zsdos/u0/FA16A.FOR
     d_zsdos/u0/FA16.CFG
     d_zsdos/u0/FA16CFG.TXT
     d_zsdos/u0/FA16.DOC
     d_zsdos/u0/FILEATTR.COM
     d_zsdos/u0/FILEDATE.CFG
     d_zsdos/u0/FILEDATE.COM
     d_zsdos/u0/INITDIR.CFG
     d_zsdos/u0/INITDIR.COM
     d_zsdos/u0/LDDS.COM
     d_zsdos/u0/LDNZT.COM
     d_zsdos/u0/LDP2D.COM
     d_zsdos/u0/PUTBG.COM
     d_zsdos/u0/PUTDS.COM
     d_zsdos/u0/RELOG.COM
     d_zsdos/u0/SETTERM.COM
     d_zsdos/u0/SETUPZST.COM
     d_zsdos/u0/STAMPS.DAT
     d_zsdos/u0/TD.CFG
     d_zsdos/u0/TD.COM
     d_zsdos/u0/TERMBASE.DAT
     d_zsdos/u0/TESTCLOK.COM
     d_zsdos/u0/ZCAL.COM
     d_zsdos/u0/ZCNFG24.CFG
     d_zsdos/u0/ZCNFG.COM
     d_zsdos/u0/ZPATH.COM
     d_zsdos/u0/ZSCONFIG.COM
     d_zsdos/u0/ZSVSTAMP.COM
     d_zsdos/u0/ZSVSTAMP.DOC
fd_zsdos.txt
  copying files from fd_zsdos.txt
     d_zsdos/ReadMe.txt
     d_cpm22/u0/ASM.COM
     d_cpm22/u0/LIB.COM
     d_cpm22/u0/LINK.COM
     d_cpm22/u0/LOAD.COM
     d_cpm22/u0/MAC.COM
     d_cpm22/u0/RMAC.COM
     d_cpm22/u0/STAT.COM
     d_cpm22/u0/SUBMIT.COM
     d_cpm22/u0/XSUB.COM
     ../../Binary/Apps/assign.com
     ../../Binary/Apps/cpuspd.com
     ../../Binary/Apps/fat.com
     ../../Binary/Apps/fdu.com
     ../../Binary/Apps/fdu.doc
     ../../Binary/Apps/format.com
     ../../Binary/Apps/mode.com
     ../../Binary/Apps/rtc.com
     ../../Binary/Apps/survey.com
     ../../Binary/Apps/syscopy.com
     ../../Binary/Apps/sysgen.com
     ../../Binary/Apps/talk.com
     ../../Binary/Apps/htalk.com
     ../../Binary/Apps/tbasic.com
     ../../Binary/Apps/timer.com
     ../../Binary/Apps/tune.com
     ../../Binary/Apps/xm.com
     ../../Binary/Apps/zmp.com
     ../../Binary/Apps/zmp.hlp
     ../../Binary/Apps/zmp.doc
     ../../Binary/Apps/zmxfer.ovr
     ../../Binary/Apps/zmterm.ovr
     ../../Binary/Apps/zminit.ovr
     ../../Binary/Apps/zmconfig.ovr
     ../../Binary/Apps/zmd.com
     ../../Binary/Apps/vgmplay.com
     ../../Binary/Apps/Tunes/Attack.pt3 ../../Binary/Apps/Tunes/Backup.pt3 ../../Binary/Apps/Tunes/BadMice.pt3 ../../Binary/Apps/Tunes/HowRU.pt3 ../../Binary/Apps/Tunes/Iteratn.pt3 ../../Binary/Apps/Tunes/LookBack.pt3 ../../Binary/Apps/Tunes/Louboutn.pt3 ../../Binary/Apps/Tunes/Namida.pt3 ../../Binary/Apps/Tunes/Recoll.pt3 ../../Binary/Apps/Tunes/Sanxion.pt3 ../../Binary/Apps/Tunes/Synch.pt3 ../../Binary/Apps/Tunes/ToStar.pt3 ../../Binary/Apps/Tunes/Victory.pt3 ../../Binary/Apps/Tunes/Wicked.pt3 ../../Binary/Apps/Tunes/YeOlde.pt3 ../../Binary/Apps/Tunes/Yeovil.pt3
     ../../Binary/Apps/Tunes/bgm.vgm ../../Binary/Apps/Tunes/ending.vgm ../../Binary/Apps/Tunes/inchina.vgm ../../Binary/Apps/Tunes/shirakaw.vgm ../../Binary/Apps/Tunes/startdem.vgm ../../Binary/Apps/Tunes/wonder01.vgm
     ../ZSDOS/zsys_wbw.sys
     Common/All/CLRDIR.COM Common/All/COMPARE.COM Common/All/CRUNCH.COM Common/All/CRUNCH28.CFG Common/All/DDTZ.COM Common/All/DDTZ.DOC Common/All/EX.COM Common/All/FDISK80.COM Common/All/FIND.COM Common/All/FLASH.COM Common/All/FLASH.DOC Common/All/MBASIC.COM Common/All/NULU.COM Common/All/PMARC.COM Common/All/PMEXT.COM Common/All/RMXSUB1.COM Common/All/SUPERSUB.COM Common/All/SUPERSUB.DOC Common/All/TDLBASIC.COM Common/All/UNARC.COM Common/All/UNARC.DOC Common/All/UNCR.COM Common/All/UNZIP.COM Common/All/UNZIP.DOC Common/All/WDATE.COM Common/All/XSUB1.COM Common/All/ZAP.COM Common/All/ZDE.COM Common/All/ZDE.DOC Common/All/ZDENST.COM Common/All/ZMRX.COM Common/All/ZMTX.COM
     Common/CPM22/KERCPM22.COM
     Common/Z/u14/LBREXT36.CFG Common/Z/u14/UNARCU10.CFG Common/Z/u14/ZXD.CFG
     Common/Z/u15/LBREXT.COM Common/Z/u15/ZXD.COM
Generating fd144_nzcom.img
copying system ../ZSDOS/zsys_wbw.sys to fd144_nzcom.img
  copying directory d_nzcom/u0
     d_nzcom/u0/ALIAS.CMD
     d_nzcom/u0/ARUNZ.COM
     d_nzcom/u0/BGZRDS19.LBR
     d_nzcom/u0/!(C)1988
     d_nzcom/u0/CLEDINST.COM
     d_nzcom/u0/CLEDSAVE.COM
     d_nzcom/u0/CONFIG.LBR
     d_nzcom/u0/CPSET.COM
     d_nzcom/u0/DOCFILES.LBR
     d_nzcom/u0/EDITNDR.COM
     d_nzcom/u0/FCP.LBR
     d_nzcom/u0/FF.COM
     d_nzcom/u0/HELP.COM
     d_nzcom/u0/HLPFILES.LBR
     d_nzcom/u0/IF.COM
     d_nzcom/u0/JETLDR.COM
     d_nzcom/u0/LBRHELP.COM
     d_nzcom/u0/LDIR.COM
     d_nzcom/u0/LPUT.COM
     d_nzcom/u0/LSH.COM
     d_nzcom/u0/LSH-HELP.COM
     d_nzcom/u0/LSHINST.COM
     d_nzcom/u0/LSH.WZ
     d_nzcom/u0/LX.COM
     d_nzcom/u0/MKZCM.COM
     d_nzcom/u0/NAME.COM
     d_nzcom/u0/NZBLITZ.COM
     d_nzcom/u0/NZBLTZ14.CFG
     d_nzcom/u0/NZBLTZ14.HZP
     d_nzcom/u0/!NZ-COM
     d_nzcom/u0/NZCOM.COM
     d_nzcom/u0/NZCOM.ENV
     d_nzcom/u0/NZCOM.LBR
     d_nzcom/u0/NZCOM.ZCM
     d_nzcom/u0/NZCPR.LBR
     d_nzcom/u0/NZ-DBASE.INF
     d_nzcom/u0/PATH.COM
     d_nzcom/u0/PROFILE.SUB
     d_nzcom/u0/PUBLIC.COM
     d_nzcom/u0/PWD.COM
     d_nzcom/u0/RCP.LBR
     d_nzcom/u0/RELEASE.NOT
     d_nzcom/u0/SAINST.COM
     d_nzcom/u0/SALIAS.COM
     d_nzcom/u0/SAVENDR.COM
     d_nzcom/u0/SDZ.COM
     d_nzcom/u0/SHOW.COM
     d_nzcom/u0/STARTZCM.COM
     d_nzcom/u0/SUB.COM
     d_nzcom/u0/TCJ25.WZ
     d_nzcom/u0/TCJ26.WZ
     d_nzcom/u0/TCJ27.WZ
     d_nzcom/u0/TCJ28.WZ
     d_nzcom/u0/TCJ29.WZ
     d_nzcom/u0/TCJ30.WZ
     d_nzcom/u0/TCJ31UPD.WZ
     d_nzcom/u0/TCJ32.WZ
     d_nzcom/u0/TCJ33UPD.WZ
     d_nzcom/u0/TCJ.INF
     d_nzcom/u0/TY3ERA.COM
     d_nzcom/u0/TY3REN.COM
     d_nzcom/u0/TY4ERA.COM
     d_nzcom/u0/TY4REN.COM
     d_nzcom/u0/TY4SAVE.COM
     d_nzcom/u0/TY4SP.COM
     d_nzcom/u0/!VERS--1.2H
     d_nzcom/u0/VIEW.COM
     d_nzcom/u0/XTCAP.COM
     d_nzcom/u0/ZERR.COM
     d_nzcom/u0/ZEX.COM
     d_nzcom/u0/ZF-DIM.COM
     d_nzcom/u0/ZFILEB38.LZT
     d_nzcom/u0/ZFILER.CMD
     d_nzcom/u0/ZF-REV.COM
     d_nzcom/u0/ZHELPERS.LZT
     d_nzcom/u0/ZLT.COM
     d_nzcom/u0/ZNODES66.LZT
     d_nzcom/u0/ZRDOS.ZRL
     d_nzcom/u0/ZSDOS.ZRL
     d_nzcom/u0/ZSYSTEM.IZF
fd_nzcom.txt
  copying files from fd_nzcom.txt
     d_nzcom/ReadMe.txt
     d_cpm22/u0/STAT.COM
     d_cpm22/u0/SUBMIT.COM
     d_cpm22/u0/XSUB.COM
     ../../Binary/Apps/assign.com
     ../../Binary/Apps/cpuspd.com
     ../../Binary/Apps/fat.com
     ../../Binary/Apps/fdu.com
     ../../Binary/Apps/rtc.com
     ../../Binary/Apps/syscopy.com
     ../../Binary/Apps/talk.com
     ../../Binary/Apps/htalk.com
     ../../Binary/Apps/timer.com
     ../../Binary/Apps/xm.com
     ../ZSDOS/zsys_wbw.sys
     Common/All/CLRDIR.COM Common/All/COMPARE.COM Common/All/CRUNCH.COM Common/All/CRUNCH28.CFG Common/All/DDTZ.COM Common/All/DDTZ.DOC Common/All/EX.COM Common/All/FDISK80.COM Common/All/FIND.COM Common/All/FLASH.COM Common/All/FLASH.DOC Common/All/MBASIC.COM Common/All/NULU.COM Common/All/PMARC.COM Common/All/PMEXT.COM Common/All/RMXSUB1.COM Common/All/SUPERSUB.COM Common/All/SUPERSUB.DOC Common/All/TDLBASIC.COM Common/All/UNARC.COM Common/All/UNARC.DOC Common/All/UNCR.COM Common/All/UNZIP.COM Common/All/UNZIP.DOC Common/All/WDATE.COM Common/All/XSUB1.COM Common/All/ZAP.COM Common/All/ZDE.COM Common/All/ZDE.DOC Common/All/ZDENST.COM Common/All/ZMRX.COM Common/All/ZMTX.COM
     Common/CPM22/KERCPM22.COM
     Common/Z/u14/LBREXT36.CFG Common/Z/u14/UNARCU10.CFG Common/Z/u14/ZXD.CFG
     Common/Z/u15/LBREXT.COM Common/Z/u15/ZXD.COM
     Common/Z3/u10/SCOPY.HLP Common/Z3/u10/SCOPY10F.HLP
     Common/Z3/u14/SCOPY10F.CFG
     Common/Z3/u15/SCOPY.COM Common/Z3/u15/TCAP.Z3T Common/Z3/u15/TCSELECT.COM Common/Z3/u15/TCVIEW.COM Common/Z3/u15/Z3LOC.COM Common/Z3/u15/Z3TCAP.LBR
Generating fd144_cpm3.img
copying system ../CPM3/cpmldr.sys to fd144_cpm3.img
  copying directory d_cpm3/u0
     d_cpm3/u0/DATE.COM
     d_cpm3/u0/DEVICE.COM
     d_cpm3/u0/DIR.COM
     d_cpm3/u0/DUMP.COM
     d_cpm3/u0/ED.COM
     d_cpm3/u0/ERASE.COM
     d_cpm3/u0/GENCOM.COM
     d_cpm3/u0/GET.COM
     d_cpm3/u0/HELP.COM
     d_cpm3/u0/HELP.HLP
     d_cpm3/u0/HEXCOM.COM
     d_cpm3/u0/INITDIR.COM
     d_cpm3/u0/PATCH.COM
     d_cpm3/u0/PIP.COM
     d_cpm3/u0/PUT.COM
     d_cpm3/u0/RENAME.COM
     d_cpm3/u0/ROMWBW.TXT
     d_cpm3/u0/SAVE.COM
     d_cpm3/u0/SET.COM
     d_cpm3/u0/SETDEF.COM
     d_cpm3/u0/SHOW.COM
     d_cpm3/u0/SUBMIT.COM
     d_cpm3/u0/TYPE.COM
     d_cpm3/u0/ZSID.COM
fd_cpm3.txt
  copying files from fd_cpm3.txt
     ../CPM3/cpmldr.com
     ../CPM3/cpmldr.sys
     ../CPM3/ccp.com
     ../CPM3/gencpm.com
     ../CPM3/genres.dat
     ../CPM3/genbnk.dat
     ../CPM3/bios3.spr
     ../CPM3/bnkbios3.spr
     ../CPM3/bdos3.spr
     ../CPM3/bnkbdos3.spr
     ../CPM3/resbdos3.spr
     ../CPM3/cpm3res.sys
     ../CPM3/cpm3bnk.sys
     ../CPM3/gencpm.dat
     ../CPM3/cpm3.sys
     ../CPM3/readme.1st
     ../CPM3/cpm3fix.pat
     ../../Binary/Apps/assign.com
     ../../Binary/Apps/cpuspd.com
     ../../Binary/Apps/fat.com
     ../../Binary/Apps/fdu.com
     ../../Binary/Apps/fdu.doc
     ../../Binary/Apps/format.com
     ../../Binary/Apps/mode.com
     ../../Binary/Apps/rtc.com
     ../../Binary/Apps/survey.com
     ../../Binary/Apps/syscopy.com
     ../../Binary/Apps/tbasic.com
     ../../Binary/Apps/timer.com
     ../../Binary/Apps/tune.com
     ../../Binary/Apps/xm.com
     ../../Binary/Apps/zmp.com
     ../../Binary/Apps/zmp.hlp
     ../../Binary/Apps/zmp.doc
     ../../Binary/Apps/zmxfer.ovr
     ../../Binary/Apps/zmterm.ovr
     ../../Binary/Apps/zminit.ovr
     ../../Binary/Apps/zmconfig.ovr
     ../../Binary/Apps/zmd.com
     ../../Binary/Apps/vgmplay.com
     Common/All/CLRDIR.COM Common/All/COMPARE.COM Common/All/CRUNCH.COM Common/All/CRUNCH28.CFG Common/All/DDTZ.COM Common/All/DDTZ.DOC Common/All/EX.COM Common/All/FDISK80.COM Common/All/FIND.COM Common/All/FLASH.COM Common/All/FLASH.DOC Common/All/MBASIC.COM Common/All/NULU.COM Common/All/PMARC.COM Common/All/PMEXT.COM Common/All/RMXSUB1.COM Common/All/SUPERSUB.COM Common/All/SUPERSUB.DOC Common/All/TDLBASIC.COM Common/All/UNARC.COM Common/All/UNARC.DOC Common/All/UNCR.COM Common/All/UNZIP.COM Common/All/UNZIP.DOC Common/All/WDATE.COM Common/All/XSUB1.COM Common/All/ZAP.COM Common/All/ZDE.COM Common/All/ZDE.DOC Common/All/ZDENST.COM Common/All/ZMRX.COM Common/All/ZMTX.COM
     Common/CPM3/KERCPM3.COM Common/CPM3/RZ.COM Common/CPM3/RZSZ.FOR Common/CPM3/SZ.COM
Generating fd144_zpm3.img
copying system ../ZPM3/zpmldr.sys to fd144_zpm3.img
  copying directory d_zpm3/u0
     d_zpm3/u0/HELP.HLP
     d_zpm3/u0/ROMWBW.TXT
  copying directory d_zpm3/u10
     d_zpm3/u10/ALIAS.HLP
     d_zpm3/u10/HP-RPN.HLP
     d_zpm3/u10/HP-ZP.HLP
     d_zpm3/u10/IF.HLP
     d_zpm3/u10/MENU.HLP
     d_zpm3/u10/VLU.HLP
     d_zpm3/u10/ZFHIST.HLP
     d_zpm3/u10/ZFILER.HLP
     d_zpm3/u10/ZFMACRO.HLP
     d_zpm3/u10/ZP.HLP
  copying directory d_zpm3/u14
     d_zpm3/u14/COPY.CFG
     d_zpm3/u14/ERASE.CFG
     d_zpm3/u14/HELPC15.CFG
     d_zpm3/u14/ZCNFG24.CFG
     d_zpm3/u14/ZEX.CFG
     d_zpm3/u14/ZF11.CFG
     d_zpm3/u14/ZP17.CFG
  copying directory d_zpm3/u15
     d_zpm3/u15/alias.com
     d_zpm3/u15/arunz.com
     d_zpm3/u15/copy.com
     d_zpm3/u15/date.com
     d_zpm3/u15/dev.com
     d_zpm3/u15/device.com
     d_zpm3/u15/dir.com
     d_zpm3/u15/diskinfo.com
     d_zpm3/u15/du.com
     d_zpm3/u15/dump.com
     d_zpm3/u15/ed.com
     d_zpm3/u15/editndr.com
     d_zpm3/u15/erase.com
     d_zpm3/u15/gencom.com
     d_zpm3/u15/gencpm.com
     d_zpm3/u15/get.com
     d_zpm3/u15/goto.com
     d_zpm3/u15/help.com
     d_zpm3/u15/hexcom.com
     d_zpm3/u15/if.com
     d_zpm3/u15/initdir.com
     d_zpm3/u15/loadseg.com
     d_zpm3/u15/names.ndr
     d_zpm3/u15/patch.com
     d_zpm3/u15/pip.com
     d_zpm3/u15/put.com
     d_zpm3/u15/remove.com
     d_zpm3/u15/rename.com
     d_zpm3/u15/rsxdir.com
     d_zpm3/u15/sainst.com
     d_zpm3/u15/salias.com
     d_zpm3/u15/save.com
     d_zpm3/u15/savendr.com
     d_zpm3/u15/sdz.com
     d_zpm3/u15/set.com
     d_zpm3/u15/setdef.com
     d_zpm3/u15/setpath.com
     d_zpm3/u15/show.com
     d_zpm3/u15/submit.com
     d_zpm3/u15/type.com
     d_zpm3/u15/verror.com
     d_zpm3/u15/vlu.com
     d_zpm3/u15/xref.com
     d_zpm3/u15/zcnfg.com
     d_zpm3/u15/zerase.com
     d_zpm3/u15/zex.com
     d_zpm3/u15/zfiler.com
     d_zpm3/u15/zhelp.com
     d_zpm3/u15/zp.com
     d_zpm3/u15/zshow.com
     d_zpm3/u15/zsid.com
fd_zpm3.txt
  copying files from fd_zpm3.txt
     ../ZPM3/zpmldr.com
     ../ZPM3/zpmldr.sys
     ../CPM3/cpmldr.com
     ../CPM3/cpmldr.sys
     ../ZPM3/autotog.com
     ../ZPM3/clrhist.com
     ../ZPM3/setz3.com
     ../ZPM3/cpm3.sys
     ../ZPM3/zccp.com
     ../ZPM3/zinstal.zpm
     ../ZPM3/startzpm.com
     ../ZPM3/makedos.com
     ../ZPM3/gencpm.dat
     ../ZPM3/bnkbios3.spr
     ../ZPM3/bnkbdos3.spr
     ../ZPM3/resbdos3.spr
     ../../Binary/Apps/assign.com
     ../../Binary/Apps/cpuspd.com
     ../../Binary/Apps/fat.com
     ../../Binary/Apps/fdu.com
     ../../Binary/Apps/mode.com
     ../../Binary/Apps/rtc.com
     ../../Binary/Apps/survey.com
     ../../Binary/Apps/syscopy.com
     ../../Binary/Apps/sysgen.com
     ../../Binary/Apps/talk.com
     ../../Binary/Apps/timer.com
     ../../Binary/Apps/xm.com
     Common/All/CLRDIR.COM Common/All/COMPARE.COM Common/All/CRUNCH.COM Common/All/CRUNCH28.CFG Common/All/DDTZ.COM Common/All/DDTZ.DOC Common/All/EX.COM Common/All/FDISK80.COM Common/All/FIND.COM Common/All/FLASH.COM Common/All/FLASH.DOC Common/All/MBASIC.COM Common/All/NULU.COM Common/All/PMARC.COM Common/All/PMEXT.COM Common/All/RMXSUB1.COM Common/All/SUPERSUB.COM Common/All/SUPERSUB.DOC Common/All/TDLBASIC.COM Common/All/UNARC.COM Common/All/UNARC.DOC Common/All/UNCR.COM Common/All/UNZIP.COM Common/All/UNZIP.DOC Common/All/WDATE.COM Common/All/XSUB1.COM Common/All/ZAP.COM Common/All/ZDE.COM Common/All/ZDE.DOC Common/All/ZDENST.COM Common/All/ZMRX.COM Common/All/ZMTX.COM
     Common/CPM3/KERCPM3.COM Common/CPM3/RZ.COM Common/CPM3/RZSZ.FOR Common/CPM3/SZ.COM
     Common/Z/u14/LBREXT36.CFG Common/Z/u14/UNARCU10.CFG Common/Z/u14/ZXD.CFG
     Common/Z/u15/LBREXT.COM Common/Z/u15/ZXD.COM
     Common/Z3/u10/SCOPY.HLP Common/Z3/u10/SCOPY10F.HLP
     Common/Z3/u14/SCOPY10F.CFG
     Common/Z3/u15/SCOPY.COM Common/Z3/u15/TCAP.Z3T Common/Z3/u15/TCSELECT.COM Common/Z3/u15/TCVIEW.COM Common/Z3/u15/Z3LOC.COM Common/Z3/u15/Z3TCAP.LBR
Generating fd144_ws4.img
  copying directory d_ws4/u0
     d_ws4/u0/ANAGRAM.COM
     d_ws4/u0/CHAPTER1.DOC
     d_ws4/u0/CHAPTER2.DOC
     d_ws4/u0/CHAPTER3.DOC
     d_ws4/u0/DIARY.DOC
     d_ws4/u0/DICTSORT.COM
     d_ws4/u0/FIND.COM
     d_ws4/u0/HOMONYMS.TXT
     d_ws4/u0/HYEXCEPT.TXT
     d_ws4/u0/HYPHEN.COM
     d_ws4/u0/LOOKUP.COM
     d_ws4/u0/MAINDICT.CMP
     d_ws4/u0/MARKFIX.COM
     d_ws4/u0/MOVEPRN.COM
     d_ws4/u0/PATCH.LST
     d_ws4/u0/PRINT.TST
     d_ws4/u0/READ.ME
     d_ws4/u0/README
     d_ws4/u0/REVIEW.COM
     d_ws4/u0/RULER.DOC
     d_ws4/u0/SAMPLE1.DOC
     d_ws4/u0/SAMPLE2.DOC
     d_ws4/u0/SAMPLE3.DOC
     d_ws4/u0/SPELL.COM
     d_ws4/u0/TABLE.DOC
     d_ws4/u0/TEXT.DOC
     d_ws4/u0/TW.COM
     d_ws4/u0/WC.COM
     d_ws4/u0/WINSTALL.COM
     d_ws4/u0/WORDFREQ.COM
     d_ws4/u0/WSCHANGE.COM
     d_ws4/u0/WSCHANGE.OVR
     d_ws4/u0/WSCHHELP.OVR
     d_ws4/u0/WS.COM
     d_ws4/u0/WSHELP.OVR
     d_ws4/u0/WSINDEX.XCL
     d_ws4/u0/WSMSGS.OVR
     d_ws4/u0/WS.OVR
     d_ws4/u0/WSPRINT.OVR
     d_ws4/u0/WSSHORT.OVR
  copying directory d_ws4/u1
     d_ws4/u1/README.MD
     d_ws4/u1/SAMPKEY.DOC
     d_ws4/u1/SAMPKEY.ZDK
     d_ws4/u1/SAMPKEY.ZDT
     d_ws4/u1/ZDE10.DOC
     d_ws4/u1/ZDE10.FOR
     d_ws4/u1/ZDE10.NEW
     d_ws4/u1/ZDE10.QRF
     d_ws4/u1/ZDE10.TOC
     d_ws4/u1/ZDE13.FOR
     d_ws4/u1/ZDE13.NEW
     d_ws4/u1/ZDE16A.COM
     d_ws4/u1/ZDE16A.PAT
     d_ws4/u1/ZDE16.COM
     d_ws4/u1/ZDE16.DIR
     d_ws4/u1/ZDE16.FIX
     d_ws4/u1/ZDE16.FOR
     d_ws4/u1/ZDE16.NEW
     d_ws4/u1/ZDE18.COM
     d_ws4/u1/ZDENST16.COM
     d_ws4/u1/ZDEPROP.DOC
     d_ws4/u1/ZDEPROP.Z80
     d_ws4/u1/ZDKCOM13.COM
     d_ws4/u1/ZDKCOM13.DOC
fd_ws4.txt
Generating fd144_qpm.img
copying system ../QPM/qpm_wbw.sys to fd144_qpm.img
  copying directory d_qpm/u0
     d_qpm/u0/dbginst.com
     d_qpm/u0/d.com
     d_qpm/u0/debugz.com
     d_qpm/u0/debugz.hlp
     d_qpm/u0/dhoriz.com
     d_qpm/u0/hello.qpm
     d_qpm/u0/lz.com
     d_qpm/u0/qbackup.com
     d_qpm/u0/qinstall.com
     d_qpm/u0/qpatch.com
     d_qpm/u0/qpip.com
     d_qpm/u0/qpmclk.mac
     d_qpm/u0/qpmcmds.txt
     d_qpm/u0/qpmutils.txt
     d_qpm/u0/qstamp.com
     d_qpm/u0/qstampv.com
     d_qpm/u0/qstampx.com
     d_qpm/u0/qstat.com
     d_qpm/u0/qsub.com
     d_qpm/u0/qsweep.com
     d_qpm/u0/qterm.dat
     d_qpm/u0/qterms.lib
     d_qpm/u0/setqterm.com
     d_qpm/u0/tdcnfg.com
fd_qpm.txt
  copying files from fd_qpm.txt
     d_qpm/ReadMe.txt
     d_cpm22/u0/ASM.COM d_cpm22/u0/DDT.COM d_cpm22/u0/DUMP.COM d_cpm22/u0/ED.COM d_cpm22/u0/HELP.COM d_cpm22/u0/HELP.HLP d_cpm22/u0/LIB.COM d_cpm22/u0/LINK.COM d_cpm22/u0/LOAD.COM d_cpm22/u0/MAC.COM d_cpm22/u0/PIP.COM d_cpm22/u0/RMAC.COM d_cpm22/u0/STAT.COM d_cpm22/u0/SUBMIT.COM d_cpm22/u0/XSUB.COM d_cpm22/u0/ZSID.COM
     ../../Binary/Apps/assign.com
     ../../Binary/Apps/cpuspd.com
     ../../Binary/Apps/fat.com
     ../../Binary/Apps/fdu.com
     ../../Binary/Apps/fdu.doc
     ../../Binary/Apps/format.com
     ../../Binary/Apps/mode.com
     ../../Binary/Apps/rtc.com
     ../../Binary/Apps/survey.com
     ../../Binary/Apps/syscopy.com
     ../../Binary/Apps/sysgen.com
     ../../Binary/Apps/talk.com
     ../../Binary/Apps/htalk.com
     ../../Binary/Apps/tbasic.com
     ../../Binary/Apps/timer.com
     ../../Binary/Apps/tune.com
     ../../Binary/Apps/xm.com
     ../../Binary/Apps/zmp.com
     ../../Binary/Apps/zmp.hlp
     ../../Binary/Apps/zmp.doc
     ../../Binary/Apps/zmxfer.ovr
     ../../Binary/Apps/zmterm.ovr
     ../../Binary/Apps/zminit.ovr
     ../../Binary/Apps/zmconfig.ovr
     ../../Binary/Apps/zmd.com
     ../../Binary/Apps/vgmplay.com
     ../../Binary/Apps/Tunes/Attack.pt3 ../../Binary/Apps/Tunes/Backup.pt3 ../../Binary/Apps/Tunes/BadMice.pt3 ../../Binary/Apps/Tunes/HowRU.pt3 ../../Binary/Apps/Tunes/Iteratn.pt3 ../../Binary/Apps/Tunes/LookBack.pt3 ../../Binary/Apps/Tunes/Louboutn.pt3 ../../Binary/Apps/Tunes/Namida.pt3 ../../Binary/Apps/Tunes/Recoll.pt3 ../../Binary/Apps/Tunes/Sanxion.pt3 ../../Binary/Apps/Tunes/Synch.pt3 ../../Binary/Apps/Tunes/ToStar.pt3 ../../Binary/Apps/Tunes/Victory.pt3 ../../Binary/Apps/Tunes/Wicked.pt3 ../../Binary/Apps/Tunes/YeOlde.pt3 ../../Binary/Apps/Tunes/Yeovil.pt3
     ../../Binary/Apps/Tunes/Demo.mym ../../Binary/Apps/Tunes/Demo1.mym ../../Binary/Apps/Tunes/Demo3.mym ../../Binary/Apps/Tunes/Demo3mix.mym ../../Binary/Apps/Tunes/Demo4.mym
     ../../Binary/Apps/Tunes/bgm.vgm ../../Binary/Apps/Tunes/ending.vgm ../../Binary/Apps/Tunes/inchina.vgm ../../Binary/Apps/Tunes/shirakaw.vgm ../../Binary/Apps/Tunes/startdem.vgm ../../Binary/Apps/Tunes/wonder01.vgm
     ../QPM/qpm_wbw.sys
     Common/All/CLRDIR.COM Common/All/COMPARE.COM Common/All/CRUNCH.COM Common/All/CRUNCH28.CFG Common/All/DDTZ.COM Common/All/DDTZ.DOC Common/All/EX.COM Common/All/FDISK80.COM Common/All/FIND.COM Common/All/FLASH.COM Common/All/FLASH.DOC Common/All/MBASIC.COM Common/All/NULU.COM Common/All/PMARC.COM Common/All/PMEXT.COM Common/All/RMXSUB1.COM Common/All/SUPERSUB.COM Common/All/SUPERSUB.DOC Common/All/TDLBASIC.COM Common/All/UNARC.COM Common/All/UNARC.DOC Common/All/UNCR.COM Common/All/UNZIP.COM Common/All/UNZIP.DOC Common/All/WDATE.COM Common/All/XSUB1.COM Common/All/ZAP.COM Common/All/ZDE.COM Common/All/ZDE.DOC Common/All/ZDENST.COM Common/All/ZMRX.COM Common/All/ZMTX.COM
     Common/CPM22/KERCPM22.COM
Generating fd144_z80asm.img
  copying directory d_z80asm/u0
     d_z80asm/u0/DUMP.COM
     d_z80asm/u0/DUMP.Z80
     d_z80asm/u0/TEST.ASM
     d_z80asm/u0/TEST.COM
     d_z80asm/u0/TEST.PRN
     d_z80asm/u0/TEST.Z80
     d_z80asm/u0/Z80ASM.COM
     d_z80asm/u0/Z80ASM.DOC
fd_z80asm.txt
Generating fd144_aztecc.img
  copying directory d_aztecc/u0
     d_aztecc/u0/ARCV.COM
     d_aztecc/u0/AS.COM
     d_aztecc/u0/CC.COM
     d_aztecc/u0/CC.MSG
     d_aztecc/u0/C.LIB
     d_aztecc/u0/CNM.COM
     d_aztecc/u0/CRC.COM
     d_aztecc/u0/CZ.COM
     d_aztecc/u0/EXMPL.C
     d_aztecc/u0/HEADER.ARC
     d_aztecc/u0/HEX80.COM
     d_aztecc/u0/LIBASRC.ARC
     d_aztecc/u0/LIBC.REL
     d_aztecc/u0/LIBCSRC.ARC
     d_aztecc/u0/LIBUTIL.COM
     d_aztecc/u0/LN.COM
     d_aztecc/u0/MATH.REL
     d_aztecc/u0/MATHSRC.ARC
     d_aztecc/u0/M.LIB
     d_aztecc/u0/OVBGN.O
     d_aztecc/u0/OVLOADER.O
     d_aztecc/u0/OVLY.ARC
     d_aztecc/u0/RBEGIN.O
     d_aztecc/u0/RBUILD.SUB
     d_aztecc/u0/REXT.ASM
     d_aztecc/u0/R.O
     d_aztecc/u0/ROM.LIB
     d_aztecc/u0/SIDSYM.COM
     d_aztecc/u0/SQZ.COM
     d_aztecc/u0/TINYSRC.ARC
     d_aztecc/u0/T.LIB
fd_aztecc.txt
Generating fd144_hitechc.img
  copying directory d_hitechc/u0
     d_hitechc/u0/$EXEC.COM
     d_hitechc/u0/ASSERT.H
     d_hitechc/u0/C309.COM
     d_hitechc/u0/C.COM
     d_hitechc/u0/CGEN.COM
     d_hitechc/u0/CONIO.H
     d_hitechc/u0/CPM.H
     d_hitechc/u0/CPP.COM
     d_hitechc/u0/CREF.COM
     d_hitechc/u0/CRTCPM.OBJ
     d_hitechc/u0/CTYPE.H
     d_hitechc/u0/DEBUG.COM
     d_hitechc/u0/DRTCPM.OBJ
     d_hitechc/u0/EXEC.H
     d_hitechc/u0/FLOAT.H
     d_hitechc/u0/HITECH.H
     d_hitechc/u0/LIBC.LIB
     d_hitechc/u0/LIBF.LIB
     d_hitechc/u0/LIBOVR.LIB
     d_hitechc/u0/LIBR.COM
     d_hitechc/u0/LIMITS.H
     d_hitechc/u0/LINQ.COM
     d_hitechc/u0/MATH.H
     d_hitechc/u0/NRTCPM.OBJ
     d_hitechc/u0/OBJTOHEX.COM
     d_hitechc/u0/OPTIM.COM
     d_hitechc/u0/OPTIONS
     d_hitechc/u0/OVERLAY.H
     d_hitechc/u0/P1.COM
     d_hitechc/u0/RRTCPM.OBJ
     d_hitechc/u0/SETJMP.H
     d_hitechc/u0/SIGNAL.H
     d_hitechc/u0/STAT.H
     d_hitechc/u0/STDARG.H
     d_hitechc/u0/STDDEF.H
     d_hitechc/u0/STDINT.H
     d_hitechc/u0/STDIO.H
     d_hitechc/u0/STDLIB.H
     d_hitechc/u0/STRING.H
     d_hitechc/u0/SYMTOAS.COM
     d_hitechc/u0/SYS.H
     d_hitechc/u0/TIME.H
     d_hitechc/u0/UNIXIO.H
     d_hitechc/u0/ZAS.COM
fd_hitechc.txt
Generating fd144_bascomp.img
  copying directory d_bascomp/u0
     d_bascomp/u0/BASCOM2.HLP
     d_bascomp/u0/BASCOM.COM
     d_bascomp/u0/BASCOM.HLP
     d_bascomp/u0/BASLIB.REL
     d_bascomp/u0/BRUN.COM
     d_bascomp/u0/CREF80.COM
     d_bascomp/u0/CREF.COM
     d_bascomp/u0/L80.COM
     d_bascomp/u0/LIB80.COM
     d_bascomp/u0/M80.COM
     d_bascomp/u0/MBASIC.COM
     d_bascomp/u0/OBSLIB.REL
     d_bascomp/u0/RANTEST.ASC
     d_bascomp/u0/RANTEST.BAS
     d_bascomp/u0/RANTEST.COM
     d_bascomp/u0/RANTEST.REL
     d_bascomp/u0/README.TXT
     d_bascomp/u0/SAMPLE.BAS
     d_bascomp/u0/SAMPLE.COM
     d_bascomp/u0/SAMPLE.REL
fd_bascomp.txt
Generating fd144_fortran.img
  copying directory d_fortran/u0
     d_fortran/u0/CPMIO.MAC
     d_fortran/u0/CRCKLIST.CRC
     d_fortran/u0/CREF80.COM
     d_fortran/u0/DSKDRV.MAC
     d_fortran/u0/DTBF.MAC
     d_fortran/u0/F80.COM
     d_fortran/u0/FCHAIN.MAC
     d_fortran/u0/FORLIB.LIB
     d_fortran/u0/FORLIB.REL
     d_fortran/u0/INIT.MAC
     d_fortran/u0/IOINIT.MAC
     d_fortran/u0/L80.COM
     d_fortran/u0/LIB.COM
     d_fortran/u0/LPTDRV.MAC
     d_fortran/u0/LUNTB.MAC
     d_fortran/u0/M80.COM
     d_fortran/u0/TTYDRV.MAC
fd_fortran.txt
Generating fd144_games.img
  copying directory d_games/u0
     d_games/u0/ADVI.DAT
     d_games/u0/ADVI.PTR
     d_games/u0/ADVT.DAT
     d_games/u0/ADVT.PTR
     d_games/u0/CASTLE.COM
     d_games/u0/COL-CAVE.COM
     d_games/u0/DM.COM
     d_games/u0/DUNGEON.COM
     d_games/u0/HITCH.COM
     d_games/u0/HITCHHIK.DAT
     d_games/u0/HUNT.COM
     d_games/u0/MONOPLY.BAS
     d_games/u0/MONSTER.BAS
     d_games/u0/NEMESIS.COM
     d_games/u0/NEMESIS.TXT
     d_games/u0/PACMAN95.COM
     d_games/u0/PERSON.COM
     d_games/u0/PLANET.COM
     d_games/u0/PLANETFA.DAT
     d_games/u0/ROSE.BAS
     d_games/u0/SARGON.COM
     d_games/u0/STAR.BAS
     d_games/u0/STAR.COM
     d_games/u0/STARWARS.BAS
     d_games/u0/TERMDEF.COM
     d_games/u0/TVIGAMMO.BAS
     d_games/u0/WORDPUZL.BAS
     d_games/u0/ZILCH.BAS
     d_games/u0/ZORK1.COM
     d_games/u0/ZORK1.DAT
     d_games/u0/ZORK2.COM
     d_games/u0/ZORK2.DAT
     d_games/u0/ZORK3.COM
     d_games/u0/ZORK3.DAT
fd_games.txt
Generating fd144_tpascal.img
  copying directory d_tpascal/u0
     d_tpascal/u0/ART.TXT
     d_tpascal/u0/SA.PAS
     d_tpascal/u0/TINST.COM
     d_tpascal/u0/TINST.DTA
     d_tpascal/u0/TINST.MSG
     d_tpascal/u0/TURBO.COM
     d_tpascal/u0/TURBO.MSG
     d_tpascal/u0/TURBOMSG.OVR
     d_tpascal/u0/TURBO.OVR
fd_tpascal.txt
Generating fd144_cowgol.img
  copying directory d_cowgol/u0
     d_cowgol/u0/$EXEC.COM
     d_cowgol/u0/ADVENT1.TXT
     d_cowgol/u0/ADVENT2.TXT
     d_cowgol/u0/ADVENT3.TXT
     d_cowgol/u0/ADVENT4.TXT
     d_cowgol/u0/ADVENT.COW
     d_cowgol/u0/ADVENT.SUB
     d_cowgol/u0/ADVMAIN.COW
     d_cowgol/u0/ARGV.COH
     d_cowgol/u0/CGEN.COM
     d_cowgol/u0/COMMFILE.COH
     d_cowgol/u0/COMMON.COH
     d_cowgol/u0/COWBE.COM
     d_cowgol/u0/COWFE.COM
     d_cowgol/u0/COWFIX.COM
     d_cowgol/u0/COWGOLC.COH
     d_cowgol/u0/COWGOL.COH
     d_cowgol/u0/COWGOL.COM
     d_cowgol/u0/COWGOL.COO
     d_cowgol/u0/COWLINK.COM
     d_cowgol/u0/CPP.COM
     d_cowgol/u0/DYNMSORT.COW
     d_cowgol/u0/DYNMSORT.SUB
     d_cowgol/u0/FILE.COH
     d_cowgol/u0/FILEIO.COH
     d_cowgol/u0/HEXDUMP.COW
     d_cowgol/u0/HEXDUMP.SUB
     d_cowgol/u0/LIBC.LIB
     d_cowgol/u0/LINK.COM
     d_cowgol/u0/MALLOC.COH
     d_cowgol/u0/MERGES.C
     d_cowgol/u0/OPTIM.COM
     d_cowgol/u0/P1.COM
     d_cowgol/u0/RAND.AS
     d_cowgol/u0/STDCOW.COH
     d_cowgol/u0/STRINGS.COH
     d_cowgol/u0/XRND.AS
     d_cowgol/u0/Z80AS.COM
fd_cowgol.txt
Generating hd512_cpm22.img
copying system ../CPM22/cpm_wbw.sys to hd512_cpm22.img
  copying directory d_cpm22/u0
     d_cpm22/u0/ASM.COM
     d_cpm22/u0/DDT.COM
     d_cpm22/u0/DUMP.COM
     d_cpm22/u0/ED.COM
     d_cpm22/u0/HELP.COM
     d_cpm22/u0/HELP.HLP
     d_cpm22/u0/LIB.COM
     d_cpm22/u0/LINK.COM
     d_cpm22/u0/LOAD.COM
     d_cpm22/u0/MAC.COM
     d_cpm22/u0/PIP.COM
     d_cpm22/u0/RMAC.COM
     d_cpm22/u0/STAT.COM
     d_cpm22/u0/SUBMIT.COM
     d_cpm22/u0/XSUB.COM
     d_cpm22/u0/ZSID.COM
hd_cpm22.txt
  copying files from hd_cpm22.txt
     d_cpm22/ReadMe.txt
     ../../Binary/Apps/assign.com
     ../../Binary/Apps/cpuspd.com
     ../../Binary/Apps/fat.com
     ../../Binary/Apps/fdu.com
     ../../Binary/Apps/fdu.doc
     ../../Binary/Apps/format.com
     ../../Binary/Apps/mode.com
     ../../Binary/Apps/rtc.com
     ../../Binary/Apps/survey.com
     ../../Binary/Apps/syscopy.com
     ../../Binary/Apps/sysgen.com
     ../../Binary/Apps/talk.com
     ../../Binary/Apps/htalk.com
     ../../Binary/Apps/tbasic.com
     ../../Binary/Apps/timer.com
     ../../Binary/Apps/tune.com
     ../../Binary/Apps/xm.com
     ../../Binary/Apps/zmp.com
     ../../Binary/Apps/zmp.hlp
     ../../Binary/Apps/zmp.doc
     ../../Binary/Apps/zmxfer.ovr
     ../../Binary/Apps/zmterm.ovr
     ../../Binary/Apps/zminit.ovr
     ../../Binary/Apps/zmconfig.ovr
     ../../Binary/Apps/zmd.com
     ../../Binary/Apps/vgmplay.com
     ../../Binary/Apps/Test/2piotst.com ../../Binary/Apps/Test/ay-test.com ../../Binary/Apps/Test/banktest.com ../../Binary/Apps/Test/dmamon.com ../../Binary/Apps/Test/i2clcd.com ../../Binary/Apps/Test/i2cscan.com ../../Binary/Apps/Test/inttest.com ../../Binary/Apps/Test/kbdtest.com ../../Binary/Apps/Test/piomon.com ../../Binary/Apps/Test/portscan.com ../../Binary/Apps/Test/ppidetst.com ../../Binary/Apps/Test/ps2info.com ../../Binary/Apps/Test/ramtest.com ../../Binary/Apps/Test/rtcds7.com ../../Binary/Apps/Test/rz.com ../../Binary/Apps/Test/sound.com ../../Binary/Apps/Test/srom.com ../../Binary/Apps/Test/sz.com ../../Binary/Apps/Test/tstdskng.com ../../Binary/Apps/Test/vdconly.com ../../Binary/Apps/Test/vdctest.com
     Test/z80ccf.com Test/z80doc.com Test/z80docf.com Test/z80flags.com Test/z80full.com Test/z80mptr.com
     ../../Binary/Apps/Tunes/Attack.pt3 ../../Binary/Apps/Tunes/Backup.pt3 ../../Binary/Apps/Tunes/BadMice.pt3 ../../Binary/Apps/Tunes/HowRU.pt3 ../../Binary/Apps/Tunes/Iteratn.pt3 ../../Binary/Apps/Tunes/LookBack.pt3 ../../Binary/Apps/Tunes/Louboutn.pt3 ../../Binary/Apps/Tunes/Namida.pt3 ../../Binary/Apps/Tunes/Recoll.pt3 ../../Binary/Apps/Tunes/Sanxion.pt3 ../../Binary/Apps/Tunes/Synch.pt3 ../../Binary/Apps/Tunes/ToStar.pt3 ../../Binary/Apps/Tunes/Victory.pt3 ../../Binary/Apps/Tunes/Wicked.pt3 ../../Binary/Apps/Tunes/YeOlde.pt3 ../../Binary/Apps/Tunes/Yeovil.pt3
     ../../Binary/Apps/Tunes/Demo.mym ../../Binary/Apps/Tunes/Demo1.mym ../../Binary/Apps/Tunes/Demo3.mym ../../Binary/Apps/Tunes/Demo3mix.mym ../../Binary/Apps/Tunes/Demo4.mym
     ../../Binary/Apps/Tunes/bgm.vgm ../../Binary/Apps/Tunes/ending.vgm ../../Binary/Apps/Tunes/inchina.vgm ../../Binary/Apps/Tunes/shirakaw.vgm ../../Binary/Apps/Tunes/startdem.vgm ../../Binary/Apps/Tunes/wonder01.vgm
     ../../Binary/CPNET/cpn12duo.lbr ../../Binary/CPNET/cpn12mt.lbr ../../Binary/CPNET/cpn12ser.lbr
     ../../Binary/CPNET/ReadMe.txt
     ../CPM22/cpm_wbw.sys
     Common/All/CLRDIR.COM Common/All/COMPARE.COM Common/All/CRUNCH.COM Common/All/CRUNCH28.CFG Common/All/DDTZ.COM Common/All/DDTZ.DOC Common/All/EX.COM Common/All/FDISK80.COM Common/All/FIND.COM Common/All/FLASH.COM Common/All/FLASH.DOC Common/All/MBASIC.COM Common/All/NULU.COM Common/All/PMARC.COM Common/All/PMEXT.COM Common/All/RMXSUB1.COM Common/All/SUPERSUB.COM Common/All/SUPERSUB.DOC Common/All/TDLBASIC.COM Common/All/UNARC.COM Common/All/UNARC.DOC Common/All/UNCR.COM Common/All/UNZIP.COM Common/All/UNZIP.DOC Common/All/WDATE.COM Common/All/XSUB1.COM Common/All/ZAP.COM Common/All/ZDE.COM Common/All/ZDE.DOC Common/All/ZDENST.COM Common/All/ZMRX.COM Common/All/ZMTX.COM
     Common/CPM22/KERCPM22.COM
     Common/SIMH/HDIR.COM Common/SIMH/R.COM Common/SIMH/RSETSIMH.COM Common/SIMH/TIMER.COM Common/SIMH/URL.COM Common/SIMH/W.COM
     Common/UTILS/BBCBASIC.COM Common/UTILS/BBCBASIC.TXT Common/UTILS/BBCDIST.MAC Common/UTILS/BBCDIST.SUB Common/UTILS/GENHEX.COM Common/UTILS/LS.COM Common/UTILS/LSWEEP.COM
Generating hd512_zsdos.img
copying system ../ZSDOS/zsys_wbw.sys to hd512_zsdos.img
  copying directory d_zsdos/u0
     d_zsdos/u0/BGPATCH.HEX
     d_zsdos/u0/CLOCKS.DAT
     d_zsdos/u0/COPY.CFG
     d_zsdos/u0/COPY.COM
     d_zsdos/u0/COPY.UPD
     d_zsdos/u0/DATSWEEP.COM
     d_zsdos/u0/DSCONFIG.COM
     d_zsdos/u0/FA16A.FOR
     d_zsdos/u0/FA16.CFG
     d_zsdos/u0/FA16CFG.TXT
     d_zsdos/u0/FA16.DOC
     d_zsdos/u0/FILEATTR.COM
     d_zsdos/u0/FILEDATE.CFG
     d_zsdos/u0/FILEDATE.COM
     d_zsdos/u0/INITDIR.CFG
     d_zsdos/u0/INITDIR.COM
     d_zsdos/u0/LDDS.COM
     d_zsdos/u0/LDNZT.COM
     d_zsdos/u0/LDP2D.COM
     d_zsdos/u0/PUTBG.COM
     d_zsdos/u0/PUTDS.COM
     d_zsdos/u0/RELOG.COM
     d_zsdos/u0/SETTERM.COM
     d_zsdos/u0/SETUPZST.COM
     d_zsdos/u0/STAMPS.DAT
     d_zsdos/u0/TD.CFG
     d_zsdos/u0/TD.COM
     d_zsdos/u0/TERMBASE.DAT
     d_zsdos/u0/TESTCLOK.COM
     d_zsdos/u0/ZCAL.COM
     d_zsdos/u0/ZCNFG24.CFG
     d_zsdos/u0/ZCNFG.COM
     d_zsdos/u0/ZPATH.COM
     d_zsdos/u0/ZSCONFIG.COM
     d_zsdos/u0/ZSVSTAMP.COM
     d_zsdos/u0/ZSVSTAMP.DOC
hd_zsdos.txt
  copying files from hd_zsdos.txt
     d_zsdos/ReadMe.txt
     d_cpm22/u0/ASM.COM
     d_cpm22/u0/LIB.COM
     d_cpm22/u0/LINK.COM
     d_cpm22/u0/LOAD.COM
     d_cpm22/u0/MAC.COM
     d_cpm22/u0/RMAC.COM
     d_cpm22/u0/STAT.COM
     d_cpm22/u0/SUBMIT.COM
     d_cpm22/u0/XSUB.COM
     ../../Binary/Apps/assign.com
     ../../Binary/Apps/cpuspd.com
     ../../Binary/Apps/fat.com
     ../../Binary/Apps/fdu.com
     ../../Binary/Apps/fdu.doc
     ../../Binary/Apps/format.com
     ../../Binary/Apps/mode.com
     ../../Binary/Apps/rtc.com
     ../../Binary/Apps/survey.com
     ../../Binary/Apps/syscopy.com
     ../../Binary/Apps/sysgen.com
     ../../Binary/Apps/talk.com
     ../../Binary/Apps/htalk.com
     ../../Binary/Apps/tbasic.com
     ../../Binary/Apps/timer.com
     ../../Binary/Apps/tune.com
     ../../Binary/Apps/xm.com
     ../../Binary/Apps/zmp.com
     ../../Binary/Apps/zmp.hlp
     ../../Binary/Apps/zmp.doc
     ../../Binary/Apps/zmxfer.ovr
     ../../Binary/Apps/zmterm.ovr
     ../../Binary/Apps/zminit.ovr
     ../../Binary/Apps/zmconfig.ovr
     ../../Binary/Apps/zmd.com
     ../../Binary/Apps/vgmplay.com
     ../../Binary/Apps/Test/2piotst.com ../../Binary/Apps/Test/ay-test.com ../../Binary/Apps/Test/banktest.com ../../Binary/Apps/Test/dmamon.com ../../Binary/Apps/Test/i2clcd.com ../../Binary/Apps/Test/i2cscan.com ../../Binary/Apps/Test/inttest.com ../../Binary/Apps/Test/kbdtest.com ../../Binary/Apps/Test/piomon.com ../../Binary/Apps/Test/portscan.com ../../Binary/Apps/Test/ppidetst.com ../../Binary/Apps/Test/ps2info.com ../../Binary/Apps/Test/ramtest.com ../../Binary/Apps/Test/rtcds7.com ../../Binary/Apps/Test/rz.com ../../Binary/Apps/Test/sound.com ../../Binary/Apps/Test/srom.com ../../Binary/Apps/Test/sz.com ../../Binary/Apps/Test/tstdskng.com ../../Binary/Apps/Test/vdconly.com ../../Binary/Apps/Test/vdctest.com
     Test/z80ccf.com Test/z80doc.com Test/z80docf.com Test/z80flags.com Test/z80full.com Test/z80mptr.com
     ../../Binary/Apps/Tunes/Attack.pt3 ../../Binary/Apps/Tunes/Backup.pt3 ../../Binary/Apps/Tunes/BadMice.pt3 ../../Binary/Apps/Tunes/HowRU.pt3 ../../Binary/Apps/Tunes/Iteratn.pt3 ../../Binary/Apps/Tunes/LookBack.pt3 ../../Binary/Apps/Tunes/Louboutn.pt3 ../../Binary/Apps/Tunes/Namida.pt3 ../../Binary/Apps/Tunes/Recoll.pt3 ../../Binary/Apps/Tunes/Sanxion.pt3 ../../Binary/Apps/Tunes/Synch.pt3 ../../Binary/Apps/Tunes/ToStar.pt3 ../../Binary/Apps/Tunes/Victory.pt3 ../../Binary/Apps/Tunes/Wicked.pt3 ../../Binary/Apps/Tunes/YeOlde.pt3 ../../Binary/Apps/Tunes/Yeovil.pt3
     ../../Binary/Apps/Tunes/Demo.mym ../../Binary/Apps/Tunes/Demo1.mym ../../Binary/Apps/Tunes/Demo3.mym ../../Binary/Apps/Tunes/Demo3mix.mym ../../Binary/Apps/Tunes/Demo4.mym
     ../../Binary/Apps/Tunes/bgm.vgm ../../Binary/Apps/Tunes/ending.vgm ../../Binary/Apps/Tunes/inchina.vgm ../../Binary/Apps/Tunes/shirakaw.vgm ../../Binary/Apps/Tunes/startdem.vgm ../../Binary/Apps/Tunes/wonder01.vgm
     ../ZSDOS/zsys_wbw.sys
     Common/All/CLRDIR.COM Common/All/COMPARE.COM Common/All/CRUNCH.COM Common/All/CRUNCH28.CFG Common/All/DDTZ.COM Common/All/DDTZ.DOC Common/All/EX.COM Common/All/FDISK80.COM Common/All/FIND.COM Common/All/FLASH.COM Common/All/FLASH.DOC Common/All/MBASIC.COM Common/All/NULU.COM Common/All/PMARC.COM Common/All/PMEXT.COM Common/All/RMXSUB1.COM Common/All/SUPERSUB.COM Common/All/SUPERSUB.DOC Common/All/TDLBASIC.COM Common/All/UNARC.COM Common/All/UNARC.DOC Common/All/UNCR.COM Common/All/UNZIP.COM Common/All/UNZIP.DOC Common/All/WDATE.COM Common/All/XSUB1.COM Common/All/ZAP.COM Common/All/ZDE.COM Common/All/ZDE.DOC Common/All/ZDENST.COM Common/All/ZMRX.COM Common/All/ZMTX.COM
     Common/CPM22/KERCPM22.COM
     Common/Z/u14/LBREXT36.CFG Common/Z/u14/UNARCU10.CFG Common/Z/u14/ZXD.CFG
     Common/Z/u15/LBREXT.COM Common/Z/u15/ZXD.COM
     Common/SIMH/HDIR.COM Common/SIMH/R.COM Common/SIMH/RSETSIMH.COM Common/SIMH/TIMER.COM Common/SIMH/URL.COM Common/SIMH/W.COM
     Common/UTILS/BBCBASIC.COM Common/UTILS/BBCBASIC.TXT Common/UTILS/BBCDIST.MAC Common/UTILS/BBCDIST.SUB Common/UTILS/GENHEX.COM Common/UTILS/LS.COM Common/UTILS/LSWEEP.COM
Generating hd512_nzcom.img
copying system ../ZSDOS/zsys_wbw.sys to hd512_nzcom.img
  copying directory d_nzcom/u0
     d_nzcom/u0/ALIAS.CMD
     d_nzcom/u0/ARUNZ.COM
     d_nzcom/u0/BGZRDS19.LBR
     d_nzcom/u0/!(C)1988
     d_nzcom/u0/CLEDINST.COM
     d_nzcom/u0/CLEDSAVE.COM
     d_nzcom/u0/CONFIG.LBR
     d_nzcom/u0/CPSET.COM
     d_nzcom/u0/DOCFILES.LBR
     d_nzcom/u0/EDITNDR.COM
     d_nzcom/u0/FCP.LBR
     d_nzcom/u0/FF.COM
     d_nzcom/u0/HELP.COM
     d_nzcom/u0/HLPFILES.LBR
     d_nzcom/u0/IF.COM
     d_nzcom/u0/JETLDR.COM
     d_nzcom/u0/LBRHELP.COM
     d_nzcom/u0/LDIR.COM
     d_nzcom/u0/LPUT.COM
     d_nzcom/u0/LSH.COM
     d_nzcom/u0/LSH-HELP.COM
     d_nzcom/u0/LSHINST.COM
     d_nzcom/u0/LSH.WZ
     d_nzcom/u0/LX.COM
     d_nzcom/u0/MKZCM.COM
     d_nzcom/u0/NAME.COM
     d_nzcom/u0/NZBLITZ.COM
     d_nzcom/u0/NZBLTZ14.CFG
     d_nzcom/u0/NZBLTZ14.HZP
     d_nzcom/u0/!NZ-COM
     d_nzcom/u0/NZCOM.COM
     d_nzcom/u0/NZCOM.ENV
     d_nzcom/u0/NZCOM.LBR
     d_nzcom/u0/NZCOM.ZCM
     d_nzcom/u0/NZCPR.LBR
     d_nzcom/u0/NZ-DBASE.INF
     d_nzcom/u0/PATH.COM
     d_nzcom/u0/PROFILE.SUB
     d_nzcom/u0/PUBLIC.COM
     d_nzcom/u0/PWD.COM
     d_nzcom/u0/RCP.LBR
     d_nzcom/u0/RELEASE.NOT
     d_nzcom/u0/SAINST.COM
     d_nzcom/u0/SALIAS.COM
     d_nzcom/u0/SAVENDR.COM
     d_nzcom/u0/SDZ.COM
     d_nzcom/u0/SHOW.COM
     d_nzcom/u0/STARTZCM.COM
     d_nzcom/u0/SUB.COM
     d_nzcom/u0/TCJ25.WZ
     d_nzcom/u0/TCJ26.WZ
     d_nzcom/u0/TCJ27.WZ
     d_nzcom/u0/TCJ28.WZ
     d_nzcom/u0/TCJ29.WZ
     d_nzcom/u0/TCJ30.WZ
     d_nzcom/u0/TCJ31UPD.WZ
     d_nzcom/u0/TCJ32.WZ
     d_nzcom/u0/TCJ33UPD.WZ
     d_nzcom/u0/TCJ.INF
     d_nzcom/u0/TY3ERA.COM
     d_nzcom/u0/TY3REN.COM
     d_nzcom/u0/TY4ERA.COM
     d_nzcom/u0/TY4REN.COM
     d_nzcom/u0/TY4SAVE.COM
     d_nzcom/u0/TY4SP.COM
     d_nzcom/u0/!VERS--1.2H
     d_nzcom/u0/VIEW.COM
     d_nzcom/u0/XTCAP.COM
     d_nzcom/u0/ZERR.COM
     d_nzcom/u0/ZEX.COM
     d_nzcom/u0/ZF-DIM.COM
     d_nzcom/u0/ZFILEB38.LZT
     d_nzcom/u0/ZFILER.CMD
     d_nzcom/u0/ZF-REV.COM
     d_nzcom/u0/ZHELPERS.LZT
     d_nzcom/u0/ZLT.COM
     d_nzcom/u0/ZNODES66.LZT
     d_nzcom/u0/ZRDOS.ZRL
     d_nzcom/u0/ZSDOS.ZRL
     d_nzcom/u0/ZSYSTEM.IZF
hd_nzcom.txt
  copying files from hd_nzcom.txt
     d_nzcom/ReadMe.txt
     d_cpm22/u0/ASM.COM
     d_cpm22/u0/LIB.COM
     d_cpm22/u0/LINK.COM
     d_cpm22/u0/LOAD.COM
     d_cpm22/u0/MAC.COM
     d_cpm22/u0/RMAC.COM
     d_cpm22/u0/STAT.COM
     d_cpm22/u0/SUBMIT.COM
     d_cpm22/u0/XSUB.COM
     d_zsdos/u0/BGPATCH.HEX d_zsdos/u0/CLOCKS.DAT d_zsdos/u0/COPY.CFG d_zsdos/u0/COPY.COM d_zsdos/u0/COPY.UPD d_zsdos/u0/DATSWEEP.COM d_zsdos/u0/DSCONFIG.COM d_zsdos/u0/FA16.CFG d_zsdos/u0/FA16.DOC d_zsdos/u0/FA16A.FOR d_zsdos/u0/FA16CFG.TXT d_zsdos/u0/FILEATTR.COM d_zsdos/u0/FILEDATE.CFG d_zsdos/u0/FILEDATE.COM d_zsdos/u0/INITDIR.CFG d_zsdos/u0/INITDIR.COM d_zsdos/u0/LDDS.COM d_zsdos/u0/LDNZT.COM d_zsdos/u0/LDP2D.COM d_zsdos/u0/PUTBG.COM d_zsdos/u0/PUTDS.COM d_zsdos/u0/RELOG.COM d_zsdos/u0/SETTERM.COM d_zsdos/u0/SETUPZST.COM d_zsdos/u0/STAMPS.DAT d_zsdos/u0/TD.CFG d_zsdos/u0/TD.COM d_zsdos/u0/TERMBASE.DAT d_zsdos/u0/TESTCLOK.COM d_zsdos/u0/ZCAL.COM d_zsdos/u0/ZCNFG.COM d_zsdos/u0/ZCNFG24.CFG d_zsdos/u0/ZPATH.COM d_zsdos/u0/ZSCONFIG.COM d_zsdos/u0/ZSVSTAMP.COM d_zsdos/u0/ZSVSTAMP.DOC
     ../../Binary/Apps/assign.com
     ../../Binary/Apps/cpuspd.com
     ../../Binary/Apps/fat.com
     ../../Binary/Apps/fdu.com
     ../../Binary/Apps/fdu.doc
     ../../Binary/Apps/format.com
     ../../Binary/Apps/mode.com
     ../../Binary/Apps/rtc.com
     ../../Binary/Apps/survey.com
     ../../Binary/Apps/syscopy.com
     ../../Binary/Apps/sysgen.com
     ../../Binary/Apps/talk.com
     ../../Binary/Apps/htalk.com
     ../../Binary/Apps/tbasic.com
     ../../Binary/Apps/timer.com
     ../../Binary/Apps/tune.com
     ../../Binary/Apps/xm.com
     ../../Binary/Apps/zmp.com
     ../../Binary/Apps/zmp.hlp
     ../../Binary/Apps/zmp.doc
     ../../Binary/Apps/zmxfer.ovr
     ../../Binary/Apps/zmterm.ovr
     ../../Binary/Apps/zminit.ovr
     ../../Binary/Apps/zmconfig.ovr
     ../../Binary/Apps/zmd.com
     ../../Binary/Apps/vgmplay.com
     ../../Binary/Apps/Test/2piotst.com ../../Binary/Apps/Test/ay-test.com ../../Binary/Apps/Test/banktest.com ../../Binary/Apps/Test/dmamon.com ../../Binary/Apps/Test/i2clcd.com ../../Binary/Apps/Test/i2cscan.com ../../Binary/Apps/Test/inttest.com ../../Binary/Apps/Test/kbdtest.com ../../Binary/Apps/Test/piomon.com ../../Binary/Apps/Test/portscan.com ../../Binary/Apps/Test/ppidetst.com ../../Binary/Apps/Test/ps2info.com ../../Binary/Apps/Test/ramtest.com ../../Binary/Apps/Test/rtcds7.com ../../Binary/Apps/Test/rz.com ../../Binary/Apps/Test/sound.com ../../Binary/Apps/Test/srom.com ../../Binary/Apps/Test/sz.com ../../Binary/Apps/Test/tstdskng.com ../../Binary/Apps/Test/vdconly.com ../../Binary/Apps/Test/vdctest.com
     Test/z80ccf.com Test/z80doc.com Test/z80docf.com Test/z80flags.com Test/z80full.com Test/z80mptr.com
     ../../Binary/Apps/Tunes/Attack.pt3 ../../Binary/Apps/Tunes/Backup.pt3 ../../Binary/Apps/Tunes/BadMice.pt3 ../../Binary/Apps/Tunes/HowRU.pt3 ../../Binary/Apps/Tunes/Iteratn.pt3 ../../Binary/Apps/Tunes/LookBack.pt3 ../../Binary/Apps/Tunes/Louboutn.pt3 ../../Binary/Apps/Tunes/Namida.pt3 ../../Binary/Apps/Tunes/Recoll.pt3 ../../Binary/Apps/Tunes/Sanxion.pt3 ../../Binary/Apps/Tunes/Synch.pt3 ../../Binary/Apps/Tunes/ToStar.pt3 ../../Binary/Apps/Tunes/Victory.pt3 ../../Binary/Apps/Tunes/Wicked.pt3 ../../Binary/Apps/Tunes/YeOlde.pt3 ../../Binary/Apps/Tunes/Yeovil.pt3
     ../../Binary/Apps/Tunes/Demo.mym ../../Binary/Apps/Tunes/Demo1.mym ../../Binary/Apps/Tunes/Demo3.mym ../../Binary/Apps/Tunes/Demo3mix.mym ../../Binary/Apps/Tunes/Demo4.mym
     ../../Binary/Apps/Tunes/bgm.vgm ../../Binary/Apps/Tunes/ending.vgm ../../Binary/Apps/Tunes/inchina.vgm ../../Binary/Apps/Tunes/shirakaw.vgm ../../Binary/Apps/Tunes/startdem.vgm ../../Binary/Apps/Tunes/wonder01.vgm
     ../ZSDOS/zsys_wbw.sys
     Common/All/CLRDIR.COM Common/All/COMPARE.COM Common/All/CRUNCH.COM Common/All/CRUNCH28.CFG Common/All/DDTZ.COM Common/All/DDTZ.DOC Common/All/EX.COM Common/All/FDISK80.COM Common/All/FIND.COM Common/All/FLASH.COM Common/All/FLASH.DOC Common/All/MBASIC.COM Common/All/NULU.COM Common/All/PMARC.COM Common/All/PMEXT.COM Common/All/RMXSUB1.COM Common/All/SUPERSUB.COM Common/All/SUPERSUB.DOC Common/All/TDLBASIC.COM Common/All/UNARC.COM Common/All/UNARC.DOC Common/All/UNCR.COM Common/All/UNZIP.COM Common/All/UNZIP.DOC Common/All/WDATE.COM Common/All/XSUB1.COM Common/All/ZAP.COM Common/All/ZDE.COM Common/All/ZDE.DOC Common/All/ZDENST.COM Common/All/ZMRX.COM Common/All/ZMTX.COM
     Common/CPM22/KERCPM22.COM
     Common/Z/u14/LBREXT36.CFG Common/Z/u14/UNARCU10.CFG Common/Z/u14/ZXD.CFG
     Common/Z/u15/LBREXT.COM Common/Z/u15/ZXD.COM
     Common/Z3/u10/SCOPY.HLP Common/Z3/u10/SCOPY10F.HLP
     Common/Z3/u14/SCOPY10F.CFG
     Common/Z3/u15/SCOPY.COM Common/Z3/u15/TCAP.Z3T Common/Z3/u15/TCSELECT.COM Common/Z3/u15/TCVIEW.COM Common/Z3/u15/Z3LOC.COM Common/Z3/u15/Z3TCAP.LBR
     Common/SIMH/HDIR.COM Common/SIMH/R.COM Common/SIMH/RSETSIMH.COM Common/SIMH/TIMER.COM Common/SIMH/URL.COM Common/SIMH/W.COM
     Common/UTILS/BBCBASIC.COM Common/UTILS/BBCBASIC.TXT Common/UTILS/BBCDIST.MAC Common/UTILS/BBCDIST.SUB Common/UTILS/GENHEX.COM Common/UTILS/LS.COM Common/UTILS/LSWEEP.COM
Generating hd512_cpm3.img
copying system ../CPM3/cpmldr.sys to hd512_cpm3.img
  copying directory d_cpm3/u0
     d_cpm3/u0/DATE.COM
     d_cpm3/u0/DEVICE.COM
     d_cpm3/u0/DIR.COM
     d_cpm3/u0/DUMP.COM
     d_cpm3/u0/ED.COM
     d_cpm3/u0/ERASE.COM
     d_cpm3/u0/GENCOM.COM
     d_cpm3/u0/GET.COM
     d_cpm3/u0/HELP.COM
     d_cpm3/u0/HELP.HLP
     d_cpm3/u0/HEXCOM.COM
     d_cpm3/u0/INITDIR.COM
     d_cpm3/u0/PATCH.COM
     d_cpm3/u0/PIP.COM
     d_cpm3/u0/PUT.COM
     d_cpm3/u0/RENAME.COM
     d_cpm3/u0/ROMWBW.TXT
     d_cpm3/u0/SAVE.COM
     d_cpm3/u0/SET.COM
     d_cpm3/u0/SETDEF.COM
     d_cpm3/u0/SHOW.COM
     d_cpm3/u0/SUBMIT.COM
     d_cpm3/u0/TYPE.COM
     d_cpm3/u0/ZSID.COM
hd_cpm3.txt
  copying files from hd_cpm3.txt
     ../CPM3/cpmldr.com
     ../CPM3/cpmldr.sys
     ../CPM3/ccp.com
     ../CPM3/gencpm.com
     ../CPM3/genres.dat
     ../CPM3/genbnk.dat
     ../CPM3/bios3.spr
     ../CPM3/bnkbios3.spr
     ../CPM3/bdos3.spr
     ../CPM3/bnkbdos3.spr
     ../CPM3/resbdos3.spr
     ../CPM3/cpm3res.sys
     ../CPM3/cpm3bnk.sys
     ../CPM3/gencpm.dat
     ../CPM3/cpm3.sys
     ../CPM3/readme.1st
     ../CPM3/cpm3fix.pat
     ../../Binary/Apps/assign.com
     ../../Binary/Apps/cpuspd.com
     ../../Binary/Apps/fat.com
     ../../Binary/Apps/fdu.com
     ../../Binary/Apps/fdu.doc
     ../../Binary/Apps/format.com
     ../../Binary/Apps/mode.com
     ../../Binary/Apps/rtc.com
     ../../Binary/Apps/survey.com
     ../../Binary/Apps/syscopy.com
     ../../Binary/Apps/htalk.com
     ../../Binary/Apps/tbasic.com
     ../../Binary/Apps/timer.com
     ../../Binary/Apps/tune.com
     ../../Binary/Apps/xm.com
     ../../Binary/Apps/zmp.com
     ../../Binary/Apps/zmp.hlp
     ../../Binary/Apps/zmp.doc
     ../../Binary/Apps/zmxfer.ovr
     ../../Binary/Apps/zmterm.ovr
     ../../Binary/Apps/zminit.ovr
     ../../Binary/Apps/zmconfig.ovr
     ../../Binary/Apps/zmd.com
     ../../Binary/Apps/vgmplay.com
     ../../Binary/Apps/Test/2piotst.com ../../Binary/Apps/Test/ay-test.com ../../Binary/Apps/Test/banktest.com ../../Binary/Apps/Test/dmamon.com ../../Binary/Apps/Test/i2clcd.com ../../Binary/Apps/Test/i2cscan.com ../../Binary/Apps/Test/inttest.com ../../Binary/Apps/Test/kbdtest.com ../../Binary/Apps/Test/piomon.com ../../Binary/Apps/Test/portscan.com ../../Binary/Apps/Test/ppidetst.com ../../Binary/Apps/Test/ps2info.com ../../Binary/Apps/Test/ramtest.com ../../Binary/Apps/Test/rtcds7.com ../../Binary/Apps/Test/rz.com ../../Binary/Apps/Test/sound.com ../../Binary/Apps/Test/srom.com ../../Binary/Apps/Test/sz.com ../../Binary/Apps/Test/tstdskng.com ../../Binary/Apps/Test/vdconly.com ../../Binary/Apps/Test/vdctest.com
     Test/z80ccf.com Test/z80doc.com Test/z80docf.com Test/z80flags.com Test/z80full.com Test/z80mptr.com
     ../../Binary/Apps/Tunes/Attack.pt3 ../../Binary/Apps/Tunes/Backup.pt3 ../../Binary/Apps/Tunes/BadMice.pt3 ../../Binary/Apps/Tunes/HowRU.pt3 ../../Binary/Apps/Tunes/Iteratn.pt3 ../../Binary/Apps/Tunes/LookBack.pt3 ../../Binary/Apps/Tunes/Louboutn.pt3 ../../Binary/Apps/Tunes/Namida.pt3 ../../Binary/Apps/Tunes/Recoll.pt3 ../../Binary/Apps/Tunes/Sanxion.pt3 ../../Binary/Apps/Tunes/Synch.pt3 ../../Binary/Apps/Tunes/ToStar.pt3 ../../Binary/Apps/Tunes/Victory.pt3 ../../Binary/Apps/Tunes/Wicked.pt3 ../../Binary/Apps/Tunes/YeOlde.pt3 ../../Binary/Apps/Tunes/Yeovil.pt3
     ../../Binary/Apps/Tunes/Demo.mym ../../Binary/Apps/Tunes/Demo1.mym ../../Binary/Apps/Tunes/Demo3.mym ../../Binary/Apps/Tunes/Demo3mix.mym ../../Binary/Apps/Tunes/Demo4.mym
     ../../Binary/Apps/Tunes/bgm.vgm ../../Binary/Apps/Tunes/ending.vgm ../../Binary/Apps/Tunes/inchina.vgm ../../Binary/Apps/Tunes/shirakaw.vgm ../../Binary/Apps/Tunes/startdem.vgm ../../Binary/Apps/Tunes/wonder01.vgm
     ../../Binary/CPNET/cpn3duo.lbr ../../Binary/CPNET/cpn3mt.lbr ../../Binary/CPNET/cpn3ser.lbr
     ../../Binary/CPNET/ReadMe.txt
     Common/All/CLRDIR.COM Common/All/COMPARE.COM Common/All/CRUNCH.COM Common/All/CRUNCH28.CFG Common/All/DDTZ.COM Common/All/DDTZ.DOC Common/All/EX.COM Common/All/FDISK80.COM Common/All/FIND.COM Common/All/FLASH.COM Common/All/FLASH.DOC Common/All/MBASIC.COM Common/All/NULU.COM Common/All/PMARC.COM Common/All/PMEXT.COM Common/All/RMXSUB1.COM Common/All/SUPERSUB.COM Common/All/SUPERSUB.DOC Common/All/TDLBASIC.COM Common/All/UNARC.COM Common/All/UNARC.DOC Common/All/UNCR.COM Common/All/UNZIP.COM Common/All/UNZIP.DOC Common/All/WDATE.COM Common/All/XSUB1.COM Common/All/ZAP.COM Common/All/ZDE.COM Common/All/ZDE.DOC Common/All/ZDENST.COM Common/All/ZMRX.COM Common/All/ZMTX.COM
     Common/CPM3/KERCPM3.COM Common/CPM3/RZ.COM Common/CPM3/RZSZ.FOR Common/CPM3/SZ.COM
     Common/SIMH/HDIR.COM Common/SIMH/R.COM Common/SIMH/RSETSIMH.COM Common/SIMH/TIMER.COM Common/SIMH/URL.COM Common/SIMH/W.COM
     Common/UTILS/BBCBASIC.COM Common/UTILS/BBCBASIC.TXT Common/UTILS/BBCDIST.MAC Common/UTILS/BBCDIST.SUB Common/UTILS/GENHEX.COM Common/UTILS/LS.COM Common/UTILS/LSWEEP.COM
Generating hd512_zpm3.img
copying system ../ZPM3/zpmldr.sys to hd512_zpm3.img
  copying directory d_zpm3/u0
     d_zpm3/u0/HELP.HLP
     d_zpm3/u0/ROMWBW.TXT
  copying directory d_zpm3/u10
     d_zpm3/u10/ALIAS.HLP
     d_zpm3/u10/HP-RPN.HLP
     d_zpm3/u10/HP-ZP.HLP
     d_zpm3/u10/IF.HLP
     d_zpm3/u10/MENU.HLP
     d_zpm3/u10/VLU.HLP
     d_zpm3/u10/ZFHIST.HLP
     d_zpm3/u10/ZFILER.HLP
     d_zpm3/u10/ZFMACRO.HLP
     d_zpm3/u10/ZP.HLP
  copying directory d_zpm3/u14
     d_zpm3/u14/COPY.CFG
     d_zpm3/u14/ERASE.CFG
     d_zpm3/u14/HELPC15.CFG
     d_zpm3/u14/ZCNFG24.CFG
     d_zpm3/u14/ZEX.CFG
     d_zpm3/u14/ZF11.CFG
     d_zpm3/u14/ZP17.CFG
  copying directory d_zpm3/u15
     d_zpm3/u15/alias.com
     d_zpm3/u15/arunz.com
     d_zpm3/u15/copy.com
     d_zpm3/u15/date.com
     d_zpm3/u15/dev.com
     d_zpm3/u15/device.com
     d_zpm3/u15/dir.com
     d_zpm3/u15/diskinfo.com
     d_zpm3/u15/du.com
     d_zpm3/u15/dump.com
     d_zpm3/u15/ed.com
     d_zpm3/u15/editndr.com
     d_zpm3/u15/erase.com
     d_zpm3/u15/gencom.com
     d_zpm3/u15/gencpm.com
     d_zpm3/u15/get.com
     d_zpm3/u15/goto.com
     d_zpm3/u15/help.com
     d_zpm3/u15/hexcom.com
     d_zpm3/u15/if.com
     d_zpm3/u15/initdir.com
     d_zpm3/u15/loadseg.com
     d_zpm3/u15/names.ndr
     d_zpm3/u15/patch.com
     d_zpm3/u15/pip.com
     d_zpm3/u15/put.com
     d_zpm3/u15/remove.com
     d_zpm3/u15/rename.com
     d_zpm3/u15/rsxdir.com
     d_zpm3/u15/sainst.com
     d_zpm3/u15/salias.com
     d_zpm3/u15/save.com
     d_zpm3/u15/savendr.com
     d_zpm3/u15/sdz.com
     d_zpm3/u15/set.com
     d_zpm3/u15/setdef.com
     d_zpm3/u15/setpath.com
     d_zpm3/u15/show.com
     d_zpm3/u15/submit.com
     d_zpm3/u15/type.com
     d_zpm3/u15/verror.com
     d_zpm3/u15/vlu.com
     d_zpm3/u15/xref.com
     d_zpm3/u15/zcnfg.com
     d_zpm3/u15/zerase.com
     d_zpm3/u15/zex.com
     d_zpm3/u15/zfiler.com
     d_zpm3/u15/zhelp.com
     d_zpm3/u15/zp.com
     d_zpm3/u15/zshow.com
     d_zpm3/u15/zsid.com
hd_zpm3.txt
  copying files from hd_zpm3.txt
     ../ZPM3/zpmldr.com
     ../ZPM3/zpmldr.sys
     ../CPM3/cpmldr.com
     ../CPM3/cpmldr.sys
     ../ZPM3/autotog.com
     ../ZPM3/clrhist.com
     ../ZPM3/setz3.com
     ../ZPM3/cpm3.sys
     ../ZPM3/zccp.com
     ../ZPM3/zinstal.zpm
     ../ZPM3/startzpm.com
     ../ZPM3/makedos.com
     ../ZPM3/gencpm.dat
     ../ZPM3/bnkbios3.spr
     ../ZPM3/bnkbdos3.spr
     ../ZPM3/resbdos3.spr
     ../../Binary/Apps/assign.com
     ../../Binary/Apps/cpuspd.com
     ../../Binary/Apps/fat.com
     ../../Binary/Apps/fdu.com
     ../../Binary/Apps/fdu.doc
     ../../Binary/Apps/format.com
     ../../Binary/Apps/mode.com
     ../../Binary/Apps/rtc.com
     ../../Binary/Apps/survey.com
     ../../Binary/Apps/syscopy.com
     ../../Binary/Apps/sysgen.com
     ../../Binary/Apps/talk.com
     ../../Binary/Apps/htalk.com
     ../../Binary/Apps/tbasic.com
     ../../Binary/Apps/timer.com
     ../../Binary/Apps/tune.com
     ../../Binary/Apps/xm.com
     ../../Binary/Apps/zmp.com
     ../../Binary/Apps/zmp.hlp
     ../../Binary/Apps/zmp.doc
     ../../Binary/Apps/zmxfer.ovr
     ../../Binary/Apps/zmterm.ovr
     ../../Binary/Apps/zminit.ovr
     ../../Binary/Apps/zmconfig.ovr
     ../../Binary/Apps/zmd.com
     ../../Binary/Apps/vgmplay.com
     ../../Binary/Apps/Test/2piotst.com ../../Binary/Apps/Test/ay-test.com ../../Binary/Apps/Test/banktest.com ../../Binary/Apps/Test/dmamon.com ../../Binary/Apps/Test/i2clcd.com ../../Binary/Apps/Test/i2cscan.com ../../Binary/Apps/Test/inttest.com ../../Binary/Apps/Test/kbdtest.com ../../Binary/Apps/Test/piomon.com ../../Binary/Apps/Test/portscan.com ../../Binary/Apps/Test/ppidetst.com ../../Binary/Apps/Test/ps2info.com ../../Binary/Apps/Test/ramtest.com ../../Binary/Apps/Test/rtcds7.com ../../Binary/Apps/Test/rz.com ../../Binary/Apps/Test/sound.com ../../Binary/Apps/Test/srom.com ../../Binary/Apps/Test/sz.com ../../Binary/Apps/Test/tstdskng.com ../../Binary/Apps/Test/vdconly.com ../../Binary/Apps/Test/vdctest.com
     Test/z80ccf.com Test/z80doc.com Test/z80docf.com Test/z80flags.com Test/z80full.com Test/z80mptr.com
     ../../Binary/Apps/Tunes/Attack.pt3 ../../Binary/Apps/Tunes/Backup.pt3 ../../Binary/Apps/Tunes/BadMice.pt3 ../../Binary/Apps/Tunes/HowRU.pt3 ../../Binary/Apps/Tunes/Iteratn.pt3 ../../Binary/Apps/Tunes/LookBack.pt3 ../../Binary/Apps/Tunes/Louboutn.pt3 ../../Binary/Apps/Tunes/Namida.pt3 ../../Binary/Apps/Tunes/Recoll.pt3 ../../Binary/Apps/Tunes/Sanxion.pt3 ../../Binary/Apps/Tunes/Synch.pt3 ../../Binary/Apps/Tunes/ToStar.pt3 ../../Binary/Apps/Tunes/Victory.pt3 ../../Binary/Apps/Tunes/Wicked.pt3 ../../Binary/Apps/Tunes/YeOlde.pt3 ../../Binary/Apps/Tunes/Yeovil.pt3
     ../../Binary/Apps/Tunes/Demo.mym ../../Binary/Apps/Tunes/Demo1.mym ../../Binary/Apps/Tunes/Demo3.mym ../../Binary/Apps/Tunes/Demo3mix.mym ../../Binary/Apps/Tunes/Demo4.mym
     ../../Binary/Apps/Tunes/bgm.vgm ../../Binary/Apps/Tunes/ending.vgm ../../Binary/Apps/Tunes/inchina.vgm ../../Binary/Apps/Tunes/shirakaw.vgm ../../Binary/Apps/Tunes/startdem.vgm ../../Binary/Apps/Tunes/wonder01.vgm
     Common/All/CLRDIR.COM Common/All/COMPARE.COM Common/All/CRUNCH.COM Common/All/CRUNCH28.CFG Common/All/DDTZ.COM Common/All/DDTZ.DOC Common/All/EX.COM Common/All/FDISK80.COM Common/All/FIND.COM Common/All/FLASH.COM Common/All/FLASH.DOC Common/All/MBASIC.COM Common/All/NULU.COM Common/All/PMARC.COM Common/All/PMEXT.COM Common/All/RMXSUB1.COM Common/All/SUPERSUB.COM Common/All/SUPERSUB.DOC Common/All/TDLBASIC.COM Common/All/UNARC.COM Common/All/UNARC.DOC Common/All/UNCR.COM Common/All/UNZIP.COM Common/All/UNZIP.DOC Common/All/WDATE.COM Common/All/XSUB1.COM Common/All/ZAP.COM Common/All/ZDE.COM Common/All/ZDE.DOC Common/All/ZDENST.COM Common/All/ZMRX.COM Common/All/ZMTX.COM
     Common/CPM3/KERCPM3.COM Common/CPM3/RZ.COM Common/CPM3/RZSZ.FOR Common/CPM3/SZ.COM
     Common/Z/u14/LBREXT36.CFG Common/Z/u14/UNARCU10.CFG Common/Z/u14/ZXD.CFG
     Common/Z/u15/LBREXT.COM Common/Z/u15/ZXD.COM
     Common/Z3/u10/SCOPY.HLP Common/Z3/u10/SCOPY10F.HLP
     Common/Z3/u14/SCOPY10F.CFG
     Common/Z3/u15/SCOPY.COM Common/Z3/u15/TCAP.Z3T Common/Z3/u15/TCSELECT.COM Common/Z3/u15/TCVIEW.COM Common/Z3/u15/Z3LOC.COM Common/Z3/u15/Z3TCAP.LBR
     Common/SIMH/HDIR.COM Common/SIMH/R.COM Common/SIMH/RSETSIMH.COM Common/SIMH/TIMER.COM Common/SIMH/URL.COM Common/SIMH/W.COM
     Common/UTILS/BBCBASIC.COM Common/UTILS/BBCBASIC.TXT Common/UTILS/BBCDIST.MAC Common/UTILS/BBCDIST.SUB Common/UTILS/GENHEX.COM Common/UTILS/LS.COM Common/UTILS/LSWEEP.COM
Generating hd512_ws4.img
  copying directory d_ws4/u0
     d_ws4/u0/ANAGRAM.COM
     d_ws4/u0/CHAPTER1.DOC
     d_ws4/u0/CHAPTER2.DOC
     d_ws4/u0/CHAPTER3.DOC
     d_ws4/u0/DIARY.DOC
     d_ws4/u0/DICTSORT.COM
     d_ws4/u0/FIND.COM
     d_ws4/u0/HOMONYMS.TXT
     d_ws4/u0/HYEXCEPT.TXT
     d_ws4/u0/HYPHEN.COM
     d_ws4/u0/LOOKUP.COM
     d_ws4/u0/MAINDICT.CMP
     d_ws4/u0/MARKFIX.COM
     d_ws4/u0/MOVEPRN.COM
     d_ws4/u0/PATCH.LST
     d_ws4/u0/PRINT.TST
     d_ws4/u0/READ.ME
     d_ws4/u0/README
     d_ws4/u0/REVIEW.COM
     d_ws4/u0/RULER.DOC
     d_ws4/u0/SAMPLE1.DOC
     d_ws4/u0/SAMPLE2.DOC
     d_ws4/u0/SAMPLE3.DOC
     d_ws4/u0/SPELL.COM
     d_ws4/u0/TABLE.DOC
     d_ws4/u0/TEXT.DOC
     d_ws4/u0/TW.COM
     d_ws4/u0/WC.COM
     d_ws4/u0/WINSTALL.COM
     d_ws4/u0/WORDFREQ.COM
     d_ws4/u0/WSCHANGE.COM
     d_ws4/u0/WSCHANGE.OVR
     d_ws4/u0/WSCHHELP.OVR
     d_ws4/u0/WS.COM
     d_ws4/u0/WSHELP.OVR
     d_ws4/u0/WSINDEX.XCL
     d_ws4/u0/WSMSGS.OVR
     d_ws4/u0/WS.OVR
     d_ws4/u0/WSPRINT.OVR
     d_ws4/u0/WSSHORT.OVR
  copying directory d_ws4/u1
     d_ws4/u1/README.MD
     d_ws4/u1/SAMPKEY.DOC
     d_ws4/u1/SAMPKEY.ZDK
     d_ws4/u1/SAMPKEY.ZDT
     d_ws4/u1/ZDE10.DOC
     d_ws4/u1/ZDE10.FOR
     d_ws4/u1/ZDE10.NEW
     d_ws4/u1/ZDE10.QRF
     d_ws4/u1/ZDE10.TOC
     d_ws4/u1/ZDE13.FOR
     d_ws4/u1/ZDE13.NEW
     d_ws4/u1/ZDE16A.COM
     d_ws4/u1/ZDE16A.PAT
     d_ws4/u1/ZDE16.COM
     d_ws4/u1/ZDE16.DIR
     d_ws4/u1/ZDE16.FIX
     d_ws4/u1/ZDE16.FOR
     d_ws4/u1/ZDE16.NEW
     d_ws4/u1/ZDE18.COM
     d_ws4/u1/ZDENST16.COM
     d_ws4/u1/ZDEPROP.DOC
     d_ws4/u1/ZDEPROP.Z80
     d_ws4/u1/ZDKCOM13.COM
     d_ws4/u1/ZDKCOM13.DOC
hd_ws4.txt
Generating hd512_z80asm.img
  copying directory d_z80asm/u0
     d_z80asm/u0/DUMP.COM
     d_z80asm/u0/DUMP.Z80
     d_z80asm/u0/TEST.ASM
     d_z80asm/u0/TEST.COM
     d_z80asm/u0/TEST.PRN
     d_z80asm/u0/TEST.Z80
     d_z80asm/u0/Z80ASM.COM
     d_z80asm/u0/Z80ASM.DOC
hd_z80asm.txt
Generating hd512_aztecc.img
  copying directory d_aztecc/u0
     d_aztecc/u0/ARCV.COM
     d_aztecc/u0/AS.COM
     d_aztecc/u0/CC.COM
     d_aztecc/u0/CC.MSG
     d_aztecc/u0/C.LIB
     d_aztecc/u0/CNM.COM
     d_aztecc/u0/CRC.COM
     d_aztecc/u0/CZ.COM
     d_aztecc/u0/EXMPL.C
     d_aztecc/u0/HEADER.ARC
     d_aztecc/u0/HEX80.COM
     d_aztecc/u0/LIBASRC.ARC
     d_aztecc/u0/LIBC.REL
     d_aztecc/u0/LIBCSRC.ARC
     d_aztecc/u0/LIBUTIL.COM
     d_aztecc/u0/LN.COM
     d_aztecc/u0/MATH.REL
     d_aztecc/u0/MATHSRC.ARC
     d_aztecc/u0/M.LIB
     d_aztecc/u0/OVBGN.O
     d_aztecc/u0/OVLOADER.O
     d_aztecc/u0/OVLY.ARC
     d_aztecc/u0/RBEGIN.O
     d_aztecc/u0/RBUILD.SUB
     d_aztecc/u0/REXT.ASM
     d_aztecc/u0/R.O
     d_aztecc/u0/ROM.LIB
     d_aztecc/u0/SIDSYM.COM
     d_aztecc/u0/SQZ.COM
     d_aztecc/u0/TINYSRC.ARC
     d_aztecc/u0/T.LIB
hd_aztecc.txt
Generating hd512_hitechc.img
  copying directory d_hitechc/u0
     d_hitechc/u0/$EXEC.COM
     d_hitechc/u0/ASSERT.H
     d_hitechc/u0/C309.COM
     d_hitechc/u0/C.COM
     d_hitechc/u0/CGEN.COM
     d_hitechc/u0/CONIO.H
     d_hitechc/u0/CPM.H
     d_hitechc/u0/CPP.COM
     d_hitechc/u0/CREF.COM
     d_hitechc/u0/CRTCPM.OBJ
     d_hitechc/u0/CTYPE.H
     d_hitechc/u0/DEBUG.COM
     d_hitechc/u0/DRTCPM.OBJ
     d_hitechc/u0/EXEC.H
     d_hitechc/u0/FLOAT.H
     d_hitechc/u0/HITECH.H
     d_hitechc/u0/LIBC.LIB
     d_hitechc/u0/LIBF.LIB
     d_hitechc/u0/LIBOVR.LIB
     d_hitechc/u0/LIBR.COM
     d_hitechc/u0/LIMITS.H
     d_hitechc/u0/LINQ.COM
     d_hitechc/u0/MATH.H
     d_hitechc/u0/NRTCPM.OBJ
     d_hitechc/u0/OBJTOHEX.COM
     d_hitechc/u0/OPTIM.COM
     d_hitechc/u0/OPTIONS
     d_hitechc/u0/OVERLAY.H
     d_hitechc/u0/P1.COM
     d_hitechc/u0/RRTCPM.OBJ
     d_hitechc/u0/SETJMP.H
     d_hitechc/u0/SIGNAL.H
     d_hitechc/u0/STAT.H
     d_hitechc/u0/STDARG.H
     d_hitechc/u0/STDDEF.H
     d_hitechc/u0/STDINT.H
     d_hitechc/u0/STDIO.H
     d_hitechc/u0/STDLIB.H
     d_hitechc/u0/STRING.H
     d_hitechc/u0/SYMTOAS.COM
     d_hitechc/u0/SYS.H
     d_hitechc/u0/TIME.H
     d_hitechc/u0/UNIXIO.H
     d_hitechc/u0/ZAS.COM
hd_hitechc.txt
Generating hd512_bascomp.img
  copying directory d_bascomp/u0
     d_bascomp/u0/BASCOM2.HLP
     d_bascomp/u0/BASCOM.COM
     d_bascomp/u0/BASCOM.HLP
     d_bascomp/u0/BASLIB.REL
     d_bascomp/u0/BRUN.COM
     d_bascomp/u0/CREF80.COM
     d_bascomp/u0/CREF.COM
     d_bascomp/u0/L80.COM
     d_bascomp/u0/LIB80.COM
     d_bascomp/u0/M80.COM
     d_bascomp/u0/MBASIC.COM
     d_bascomp/u0/OBSLIB.REL
     d_bascomp/u0/RANTEST.ASC
     d_bascomp/u0/RANTEST.BAS
     d_bascomp/u0/RANTEST.COM
     d_bascomp/u0/RANTEST.REL
     d_bascomp/u0/README.TXT
     d_bascomp/u0/SAMPLE.BAS
     d_bascomp/u0/SAMPLE.COM
     d_bascomp/u0/SAMPLE.REL
hd_bascomp.txt
Generating hd512_fortran.img
  copying directory d_fortran/u0
     d_fortran/u0/CPMIO.MAC
     d_fortran/u0/CRCKLIST.CRC
     d_fortran/u0/CREF80.COM
     d_fortran/u0/DSKDRV.MAC
     d_fortran/u0/DTBF.MAC
     d_fortran/u0/F80.COM
     d_fortran/u0/FCHAIN.MAC
     d_fortran/u0/FORLIB.LIB
     d_fortran/u0/FORLIB.REL
     d_fortran/u0/INIT.MAC
     d_fortran/u0/IOINIT.MAC
     d_fortran/u0/L80.COM
     d_fortran/u0/LIB.COM
     d_fortran/u0/LPTDRV.MAC
     d_fortran/u0/LUNTB.MAC
     d_fortran/u0/M80.COM
     d_fortran/u0/TTYDRV.MAC
hd_fortran.txt
Generating hd512_games.img
  copying directory d_games/u0
     d_games/u0/ADVI.DAT
     d_games/u0/ADVI.PTR
     d_games/u0/ADVT.DAT
     d_games/u0/ADVT.PTR
     d_games/u0/CASTLE.COM
     d_games/u0/COL-CAVE.COM
     d_games/u0/DM.COM
     d_games/u0/DUNGEON.COM
     d_games/u0/HITCH.COM
     d_games/u0/HITCHHIK.DAT
     d_games/u0/HUNT.COM
     d_games/u0/MONOPLY.BAS
     d_games/u0/MONSTER.BAS
     d_games/u0/NEMESIS.COM
     d_games/u0/NEMESIS.TXT
     d_games/u0/PACMAN95.COM
     d_games/u0/PERSON.COM
     d_games/u0/PLANET.COM
     d_games/u0/PLANETFA.DAT
     d_games/u0/ROSE.BAS
     d_games/u0/SARGON.COM
     d_games/u0/STAR.BAS
     d_games/u0/STAR.COM
     d_games/u0/STARWARS.BAS
     d_games/u0/TERMDEF.COM
     d_games/u0/TVIGAMMO.BAS
     d_games/u0/WORDPUZL.BAS
     d_games/u0/ZILCH.BAS
     d_games/u0/ZORK1.COM
     d_games/u0/ZORK1.DAT
     d_games/u0/ZORK2.COM
     d_games/u0/ZORK2.DAT
     d_games/u0/ZORK3.COM
     d_games/u0/ZORK3.DAT
hd_games.txt
Generating hd512_tpascal.img
  copying directory d_tpascal/u0
     d_tpascal/u0/ART.TXT
     d_tpascal/u0/SA.PAS
     d_tpascal/u0/TINST.COM
     d_tpascal/u0/TINST.DTA
     d_tpascal/u0/TINST.MSG
     d_tpascal/u0/TURBO.COM
     d_tpascal/u0/TURBO.MSG
     d_tpascal/u0/TURBOMSG.OVR
     d_tpascal/u0/TURBO.OVR
hd_tpascal.txt
Generating hd512_dos65.img
copying system ../ZSDOS/zsys_wbw.sys to hd512_dos65.img
  copying directory d_dos65/u0
     d_dos65/u0/alloc.co6
     d_dos65/u0/alloc.s19
     d_dos65/u0/asm.co6
     d_dos65/u0/asm.s19
     d_dos65/u0/assign.co6
     d_dos65/u0/bcompile.co6
     d_dos65/u0/bcompile.s19
     d_dos65/u0/compare.co6
     d_dos65/u0/compare.s19
     d_dos65/u0/copy.co6
     d_dos65/u0/copy.s19
     d_dos65/u0/cpm.co6
     d_dos65/u0/dbasic.co6
     d_dos65/u0/dbasic.s19
     d_dos65/u0/debug.co6
     d_dos65/u0/debug.s19
     d_dos65/u0/dos65.com
     d_dos65/u0/dos65drv.sys
     d_dos65/u0/dos65.hex
     d_dos65/u0/dos65.s19
     d_dos65/u0/edit.co6
     d_dos65/u0/edit.s19
     d_dos65/u0/format.co6
     d_dos65/u0/format.s19
     d_dos65/u0/hi.com
     d_dos65/u0/lowmon.s19
     d_dos65/u0/mksys.co6
     d_dos65/u0/mksys.s19
     d_dos65/u0/monitor.com
     d_dos65/u0/run.co6
     d_dos65/u0/run.s19
     d_dos65/u0/s19.co6
     d_dos65/u0/s19.s19
     d_dos65/u0/scream.com
     d_dos65/u0/sedit.co6
     d_dos65/u0/sedit.s19
     d_dos65/u0/writeos.co6
     d_dos65/u0/writeos.s19
hd_dos65.txt
  copying files from hd_dos65.txt
     d_dos65/ReadMe.txt
Generating hd512_qpm.img
copying system ../QPM/qpm_wbw.sys to hd512_qpm.img
  copying directory d_qpm/u0
     d_qpm/u0/dbginst.com
     d_qpm/u0/d.com
     d_qpm/u0/debugz.com
     d_qpm/u0/debugz.hlp
     d_qpm/u0/dhoriz.com
     d_qpm/u0/hello.qpm
     d_qpm/u0/lz.com
     d_qpm/u0/qbackup.com
     d_qpm/u0/qinstall.com
     d_qpm/u0/qpatch.com
     d_qpm/u0/qpip.com
     d_qpm/u0/qpmclk.mac
     d_qpm/u0/qpmcmds.txt
     d_qpm/u0/qpmutils.txt
     d_qpm/u0/qstamp.com
     d_qpm/u0/qstampv.com
     d_qpm/u0/qstampx.com
     d_qpm/u0/qstat.com
     d_qpm/u0/qsub.com
     d_qpm/u0/qsweep.com
     d_qpm/u0/qterm.dat
     d_qpm/u0/qterms.lib
     d_qpm/u0/setqterm.com
     d_qpm/u0/tdcnfg.com
hd_qpm.txt
  copying files from hd_qpm.txt
     d_qpm/ReadMe.txt
     d_cpm22/u0/ASM.COM d_cpm22/u0/DDT.COM d_cpm22/u0/DUMP.COM d_cpm22/u0/ED.COM d_cpm22/u0/HELP.COM d_cpm22/u0/HELP.HLP d_cpm22/u0/LIB.COM d_cpm22/u0/LINK.COM d_cpm22/u0/LOAD.COM d_cpm22/u0/MAC.COM d_cpm22/u0/PIP.COM d_cpm22/u0/RMAC.COM d_cpm22/u0/STAT.COM d_cpm22/u0/SUBMIT.COM d_cpm22/u0/XSUB.COM d_cpm22/u0/ZSID.COM
     ../../Binary/Apps/assign.com
     ../../Binary/Apps/cpuspd.com
     ../../Binary/Apps/fat.com
     ../../Binary/Apps/fdu.com
     ../../Binary/Apps/fdu.doc
     ../../Binary/Apps/format.com
     ../../Binary/Apps/mode.com
     ../../Binary/Apps/rtc.com
     ../../Binary/Apps/survey.com
     ../../Binary/Apps/syscopy.com
     ../../Binary/Apps/sysgen.com
     ../../Binary/Apps/talk.com
     ../../Binary/Apps/htalk.com
     ../../Binary/Apps/tbasic.com
     ../../Binary/Apps/timer.com
     ../../Binary/Apps/tune.com
     ../../Binary/Apps/xm.com
     ../../Binary/Apps/zmp.com
     ../../Binary/Apps/zmp.hlp
     ../../Binary/Apps/zmp.doc
     ../../Binary/Apps/zmxfer.ovr
     ../../Binary/Apps/zmterm.ovr
     ../../Binary/Apps/zminit.ovr
     ../../Binary/Apps/zmconfig.ovr
     ../../Binary/Apps/zmd.com
     ../../Binary/Apps/vgmplay.com
     ../../Binary/Apps/Test/2piotst.com ../../Binary/Apps/Test/ay-test.com ../../Binary/Apps/Test/banktest.com ../../Binary/Apps/Test/dmamon.com ../../Binary/Apps/Test/i2clcd.com ../../Binary/Apps/Test/i2cscan.com ../../Binary/Apps/Test/inttest.com ../../Binary/Apps/Test/kbdtest.com ../../Binary/Apps/Test/piomon.com ../../Binary/Apps/Test/portscan.com ../../Binary/Apps/Test/ppidetst.com ../../Binary/Apps/Test/ps2info.com ../../Binary/Apps/Test/ramtest.com ../../Binary/Apps/Test/rtcds7.com ../../Binary/Apps/Test/rz.com ../../Binary/Apps/Test/sound.com ../../Binary/Apps/Test/srom.com ../../Binary/Apps/Test/sz.com ../../Binary/Apps/Test/tstdskng.com ../../Binary/Apps/Test/vdconly.com ../../Binary/Apps/Test/vdctest.com
     Test/z80ccf.com Test/z80doc.com Test/z80docf.com Test/z80flags.com Test/z80full.com Test/z80mptr.com
     ../../Binary/Apps/Tunes/Attack.pt3 ../../Binary/Apps/Tunes/Backup.pt3 ../../Binary/Apps/Tunes/BadMice.pt3 ../../Binary/Apps/Tunes/HowRU.pt3 ../../Binary/Apps/Tunes/Iteratn.pt3 ../../Binary/Apps/Tunes/LookBack.pt3 ../../Binary/Apps/Tunes/Louboutn.pt3 ../../Binary/Apps/Tunes/Namida.pt3 ../../Binary/Apps/Tunes/Recoll.pt3 ../../Binary/Apps/Tunes/Sanxion.pt3 ../../Binary/Apps/Tunes/Synch.pt3 ../../Binary/Apps/Tunes/ToStar.pt3 ../../Binary/Apps/Tunes/Victory.pt3 ../../Binary/Apps/Tunes/Wicked.pt3 ../../Binary/Apps/Tunes/YeOlde.pt3 ../../Binary/Apps/Tunes/Yeovil.pt3
     ../../Binary/Apps/Tunes/Demo.mym ../../Binary/Apps/Tunes/Demo1.mym ../../Binary/Apps/Tunes/Demo3.mym ../../Binary/Apps/Tunes/Demo3mix.mym ../../Binary/Apps/Tunes/Demo4.mym
     ../../Binary/Apps/Tunes/bgm.vgm ../../Binary/Apps/Tunes/ending.vgm ../../Binary/Apps/Tunes/inchina.vgm ../../Binary/Apps/Tunes/shirakaw.vgm ../../Binary/Apps/Tunes/startdem.vgm ../../Binary/Apps/Tunes/wonder01.vgm
     ../QPM/qpm_wbw.sys
     Common/All/CLRDIR.COM Common/All/COMPARE.COM Common/All/CRUNCH.COM Common/All/CRUNCH28.CFG Common/All/DDTZ.COM Common/All/DDTZ.DOC Common/All/EX.COM Common/All/FDISK80.COM Common/All/FIND.COM Common/All/FLASH.COM Common/All/FLASH.DOC Common/All/MBASIC.COM Common/All/NULU.COM Common/All/PMARC.COM Common/All/PMEXT.COM Common/All/RMXSUB1.COM Common/All/SUPERSUB.COM Common/All/SUPERSUB.DOC Common/All/TDLBASIC.COM Common/All/UNARC.COM Common/All/UNARC.DOC Common/All/UNCR.COM Common/All/UNZIP.COM Common/All/UNZIP.DOC Common/All/WDATE.COM Common/All/XSUB1.COM Common/All/ZAP.COM Common/All/ZDE.COM Common/All/ZDE.DOC Common/All/ZDENST.COM Common/All/ZMRX.COM Common/All/ZMTX.COM
     Common/CPM22/KERCPM22.COM
     Common/SIMH/HDIR.COM Common/SIMH/R.COM Common/SIMH/RSETSIMH.COM Common/SIMH/TIMER.COM Common/SIMH/URL.COM Common/SIMH/W.COM
     Common/UTILS/BBCBASIC.COM Common/UTILS/BBCBASIC.TXT Common/UTILS/BBCDIST.MAC Common/UTILS/BBCDIST.SUB Common/UTILS/GENHEX.COM Common/UTILS/LS.COM Common/UTILS/LSWEEP.COM
Generating hd512_cowgol.img
  copying directory d_cowgol/u0
     d_cowgol/u0/$EXEC.COM
     d_cowgol/u0/ADVENT1.TXT
     d_cowgol/u0/ADVENT2.TXT
     d_cowgol/u0/ADVENT3.TXT
     d_cowgol/u0/ADVENT4.TXT
     d_cowgol/u0/ADVENT.COW
     d_cowgol/u0/ADVENT.SUB
     d_cowgol/u0/ADVMAIN.COW
     d_cowgol/u0/ARGV.COH
     d_cowgol/u0/CGEN.COM
     d_cowgol/u0/COMMFILE.COH
     d_cowgol/u0/COMMON.COH
     d_cowgol/u0/COWBE.COM
     d_cowgol/u0/COWFE.COM
     d_cowgol/u0/COWFIX.COM
     d_cowgol/u0/COWGOLC.COH
     d_cowgol/u0/COWGOL.COH
     d_cowgol/u0/COWGOL.COM
     d_cowgol/u0/COWGOL.COO
     d_cowgol/u0/COWLINK.COM
     d_cowgol/u0/CPP.COM
     d_cowgol/u0/DYNMSORT.COW
     d_cowgol/u0/DYNMSORT.SUB
     d_cowgol/u0/FILE.COH
     d_cowgol/u0/FILEIO.COH
     d_cowgol/u0/HEXDUMP.COW
     d_cowgol/u0/HEXDUMP.SUB
     d_cowgol/u0/LIBC.LIB
     d_cowgol/u0/LINK.COM
     d_cowgol/u0/MALLOC.COH
     d_cowgol/u0/MERGES.C
     d_cowgol/u0/OPTIM.COM
     d_cowgol/u0/P1.COM
     d_cowgol/u0/RAND.AS
     d_cowgol/u0/STDCOW.COH
     d_cowgol/u0/STRINGS.COH
     d_cowgol/u0/XRND.AS
     d_cowgol/u0/Z80AS.COM
hd_cowgol.txt
Generating hd512_blank.img
hd_blank.txt
  copying files from hd_blank.txt
cat hd512_cpm22.img hd512_zsdos.img hd512_nzcom.img hd512_cpm3.img hd512_zpm3.img hd512_ws4.img > hd512_combo.img
Generating hd1k_cpm22.img
copying system ../CPM22/cpm_wbw.sys to hd1k_cpm22.img
  copying directory d_cpm22/u0
     d_cpm22/u0/ASM.COM
     d_cpm22/u0/DDT.COM
     d_cpm22/u0/DUMP.COM
     d_cpm22/u0/ED.COM
     d_cpm22/u0/HELP.COM
     d_cpm22/u0/HELP.HLP
     d_cpm22/u0/LIB.COM
     d_cpm22/u0/LINK.COM
     d_cpm22/u0/LOAD.COM
     d_cpm22/u0/MAC.COM
     d_cpm22/u0/PIP.COM
     d_cpm22/u0/RMAC.COM
     d_cpm22/u0/STAT.COM
     d_cpm22/u0/SUBMIT.COM
     d_cpm22/u0/XSUB.COM
     d_cpm22/u0/ZSID.COM
hd_cpm22.txt
  copying files from hd_cpm22.txt
     d_cpm22/ReadMe.txt
     ../../Binary/Apps/assign.com
     ../../Binary/Apps/cpuspd.com
     ../../Binary/Apps/fat.com
     ../../Binary/Apps/fdu.com
     ../../Binary/Apps/fdu.doc
     ../../Binary/Apps/format.com
     ../../Binary/Apps/mode.com
     ../../Binary/Apps/rtc.com
     ../../Binary/Apps/survey.com
     ../../Binary/Apps/syscopy.com
     ../../Binary/Apps/sysgen.com
     ../../Binary/Apps/talk.com
     ../../Binary/Apps/htalk.com
     ../../Binary/Apps/tbasic.com
     ../../Binary/Apps/timer.com
     ../../Binary/Apps/tune.com
     ../../Binary/Apps/xm.com
     ../../Binary/Apps/zmp.com
     ../../Binary/Apps/zmp.hlp
     ../../Binary/Apps/zmp.doc
     ../../Binary/Apps/zmxfer.ovr
     ../../Binary/Apps/zmterm.ovr
     ../../Binary/Apps/zminit.ovr
     ../../Binary/Apps/zmconfig.ovr
     ../../Binary/Apps/zmd.com
     ../../Binary/Apps/vgmplay.com
     ../../Binary/Apps/Test/2piotst.com ../../Binary/Apps/Test/ay-test.com ../../Binary/Apps/Test/banktest.com ../../Binary/Apps/Test/dmamon.com ../../Binary/Apps/Test/i2clcd.com ../../Binary/Apps/Test/i2cscan.com ../../Binary/Apps/Test/inttest.com ../../Binary/Apps/Test/kbdtest.com ../../Binary/Apps/Test/piomon.com ../../Binary/Apps/Test/portscan.com ../../Binary/Apps/Test/ppidetst.com ../../Binary/Apps/Test/ps2info.com ../../Binary/Apps/Test/ramtest.com ../../Binary/Apps/Test/rtcds7.com ../../Binary/Apps/Test/rz.com ../../Binary/Apps/Test/sound.com ../../Binary/Apps/Test/srom.com ../../Binary/Apps/Test/sz.com ../../Binary/Apps/Test/tstdskng.com ../../Binary/Apps/Test/vdconly.com ../../Binary/Apps/Test/vdctest.com
     Test/z80ccf.com Test/z80doc.com Test/z80docf.com Test/z80flags.com Test/z80full.com Test/z80mptr.com
     ../../Binary/Apps/Tunes/Attack.pt3 ../../Binary/Apps/Tunes/Backup.pt3 ../../Binary/Apps/Tunes/BadMice.pt3 ../../Binary/Apps/Tunes/HowRU.pt3 ../../Binary/Apps/Tunes/Iteratn.pt3 ../../Binary/Apps/Tunes/LookBack.pt3 ../../Binary/Apps/Tunes/Louboutn.pt3 ../../Binary/Apps/Tunes/Namida.pt3 ../../Binary/Apps/Tunes/Recoll.pt3 ../../Binary/Apps/Tunes/Sanxion.pt3 ../../Binary/Apps/Tunes/Synch.pt3 ../../Binary/Apps/Tunes/ToStar.pt3 ../../Binary/Apps/Tunes/Victory.pt3 ../../Binary/Apps/Tunes/Wicked.pt3 ../../Binary/Apps/Tunes/YeOlde.pt3 ../../Binary/Apps/Tunes/Yeovil.pt3
     ../../Binary/Apps/Tunes/Demo.mym ../../Binary/Apps/Tunes/Demo1.mym ../../Binary/Apps/Tunes/Demo3.mym ../../Binary/Apps/Tunes/Demo3mix.mym ../../Binary/Apps/Tunes/Demo4.mym
     ../../Binary/Apps/Tunes/bgm.vgm ../../Binary/Apps/Tunes/ending.vgm ../../Binary/Apps/Tunes/inchina.vgm ../../Binary/Apps/Tunes/shirakaw.vgm ../../Binary/Apps/Tunes/startdem.vgm ../../Binary/Apps/Tunes/wonder01.vgm
     ../../Binary/CPNET/cpn12duo.lbr ../../Binary/CPNET/cpn12mt.lbr ../../Binary/CPNET/cpn12ser.lbr
     ../../Binary/CPNET/ReadMe.txt
     ../CPM22/cpm_wbw.sys
     Common/All/CLRDIR.COM Common/All/COMPARE.COM Common/All/CRUNCH.COM Common/All/CRUNCH28.CFG Common/All/DDTZ.COM Common/All/DDTZ.DOC Common/All/EX.COM Common/All/FDISK80.COM Common/All/FIND.COM Common/All/FLASH.COM Common/All/FLASH.DOC Common/All/MBASIC.COM Common/All/NULU.COM Common/All/PMARC.COM Common/All/PMEXT.COM Common/All/RMXSUB1.COM Common/All/SUPERSUB.COM Common/All/SUPERSUB.DOC Common/All/TDLBASIC.COM Common/All/UNARC.COM Common/All/UNARC.DOC Common/All/UNCR.COM Common/All/UNZIP.COM Common/All/UNZIP.DOC Common/All/WDATE.COM Common/All/XSUB1.COM Common/All/ZAP.COM Common/All/ZDE.COM Common/All/ZDE.DOC Common/All/ZDENST.COM Common/All/ZMRX.COM Common/All/ZMTX.COM
     Common/CPM22/KERCPM22.COM
     Common/SIMH/HDIR.COM Common/SIMH/R.COM Common/SIMH/RSETSIMH.COM Common/SIMH/TIMER.COM Common/SIMH/URL.COM Common/SIMH/W.COM
     Common/UTILS/BBCBASIC.COM Common/UTILS/BBCBASIC.TXT Common/UTILS/BBCDIST.MAC Common/UTILS/BBCDIST.SUB Common/UTILS/GENHEX.COM Common/UTILS/LS.COM Common/UTILS/LSWEEP.COM
Generating hd1k_zsdos.img
copying system ../ZSDOS/zsys_wbw.sys to hd1k_zsdos.img
  copying directory d_zsdos/u0
     d_zsdos/u0/BGPATCH.HEX
     d_zsdos/u0/CLOCKS.DAT
     d_zsdos/u0/COPY.CFG
     d_zsdos/u0/COPY.COM
     d_zsdos/u0/COPY.UPD
     d_zsdos/u0/DATSWEEP.COM
     d_zsdos/u0/DSCONFIG.COM
     d_zsdos/u0/FA16A.FOR
     d_zsdos/u0/FA16.CFG
     d_zsdos/u0/FA16CFG.TXT
     d_zsdos/u0/FA16.DOC
     d_zsdos/u0/FILEATTR.COM
     d_zsdos/u0/FILEDATE.CFG
     d_zsdos/u0/FILEDATE.COM
     d_zsdos/u0/INITDIR.CFG
     d_zsdos/u0/INITDIR.COM
     d_zsdos/u0/LDDS.COM
     d_zsdos/u0/LDNZT.COM
     d_zsdos/u0/LDP2D.COM
     d_zsdos/u0/PUTBG.COM
     d_zsdos/u0/PUTDS.COM
     d_zsdos/u0/RELOG.COM
     d_zsdos/u0/SETTERM.COM
     d_zsdos/u0/SETUPZST.COM
     d_zsdos/u0/STAMPS.DAT
     d_zsdos/u0/TD.CFG
     d_zsdos/u0/TD.COM
     d_zsdos/u0/TERMBASE.DAT
     d_zsdos/u0/TESTCLOK.COM
     d_zsdos/u0/ZCAL.COM
     d_zsdos/u0/ZCNFG24.CFG
     d_zsdos/u0/ZCNFG.COM
     d_zsdos/u0/ZPATH.COM
     d_zsdos/u0/ZSCONFIG.COM
     d_zsdos/u0/ZSVSTAMP.COM
     d_zsdos/u0/ZSVSTAMP.DOC
hd_zsdos.txt
  copying files from hd_zsdos.txt
     d_zsdos/ReadMe.txt
     d_cpm22/u0/ASM.COM
     d_cpm22/u0/LIB.COM
     d_cpm22/u0/LINK.COM
     d_cpm22/u0/LOAD.COM
     d_cpm22/u0/MAC.COM
     d_cpm22/u0/RMAC.COM
     d_cpm22/u0/STAT.COM
     d_cpm22/u0/SUBMIT.COM
     d_cpm22/u0/XSUB.COM
     ../../Binary/Apps/assign.com
     ../../Binary/Apps/cpuspd.com
     ../../Binary/Apps/fat.com
     ../../Binary/Apps/fdu.com
     ../../Binary/Apps/fdu.doc
     ../../Binary/Apps/format.com
     ../../Binary/Apps/mode.com
     ../../Binary/Apps/rtc.com
     ../../Binary/Apps/survey.com
     ../../Binary/Apps/syscopy.com
     ../../Binary/Apps/sysgen.com
     ../../Binary/Apps/talk.com
     ../../Binary/Apps/htalk.com
     ../../Binary/Apps/tbasic.com
     ../../Binary/Apps/timer.com
     ../../Binary/Apps/tune.com
     ../../Binary/Apps/xm.com
     ../../Binary/Apps/zmp.com
     ../../Binary/Apps/zmp.hlp
     ../../Binary/Apps/zmp.doc
     ../../Binary/Apps/zmxfer.ovr
     ../../Binary/Apps/zmterm.ovr
     ../../Binary/Apps/zminit.ovr
     ../../Binary/Apps/zmconfig.ovr
     ../../Binary/Apps/zmd.com
     ../../Binary/Apps/vgmplay.com
     ../../Binary/Apps/Test/2piotst.com ../../Binary/Apps/Test/ay-test.com ../../Binary/Apps/Test/banktest.com ../../Binary/Apps/Test/dmamon.com ../../Binary/Apps/Test/i2clcd.com ../../Binary/Apps/Test/i2cscan.com ../../Binary/Apps/Test/inttest.com ../../Binary/Apps/Test/kbdtest.com ../../Binary/Apps/Test/piomon.com ../../Binary/Apps/Test/portscan.com ../../Binary/Apps/Test/ppidetst.com ../../Binary/Apps/Test/ps2info.com ../../Binary/Apps/Test/ramtest.com ../../Binary/Apps/Test/rtcds7.com ../../Binary/Apps/Test/rz.com ../../Binary/Apps/Test/sound.com ../../Binary/Apps/Test/srom.com ../../Binary/Apps/Test/sz.com ../../Binary/Apps/Test/tstdskng.com ../../Binary/Apps/Test/vdconly.com ../../Binary/Apps/Test/vdctest.com
     Test/z80ccf.com Test/z80doc.com Test/z80docf.com Test/z80flags.com Test/z80full.com Test/z80mptr.com
     ../../Binary/Apps/Tunes/Attack.pt3 ../../Binary/Apps/Tunes/Backup.pt3 ../../Binary/Apps/Tunes/BadMice.pt3 ../../Binary/Apps/Tunes/HowRU.pt3 ../../Binary/Apps/Tunes/Iteratn.pt3 ../../Binary/Apps/Tunes/LookBack.pt3 ../../Binary/Apps/Tunes/Louboutn.pt3 ../../Binary/Apps/Tunes/Namida.pt3 ../../Binary/Apps/Tunes/Recoll.pt3 ../../Binary/Apps/Tunes/Sanxion.pt3 ../../Binary/Apps/Tunes/Synch.pt3 ../../Binary/Apps/Tunes/ToStar.pt3 ../../Binary/Apps/Tunes/Victory.pt3 ../../Binary/Apps/Tunes/Wicked.pt3 ../../Binary/Apps/Tunes/YeOlde.pt3 ../../Binary/Apps/Tunes/Yeovil.pt3
     ../../Binary/Apps/Tunes/Demo.mym ../../Binary/Apps/Tunes/Demo1.mym ../../Binary/Apps/Tunes/Demo3.mym ../../Binary/Apps/Tunes/Demo3mix.mym ../../Binary/Apps/Tunes/Demo4.mym
     ../../Binary/Apps/Tunes/bgm.vgm ../../Binary/Apps/Tunes/ending.vgm ../../Binary/Apps/Tunes/inchina.vgm ../../Binary/Apps/Tunes/shirakaw.vgm ../../Binary/Apps/Tunes/startdem.vgm ../../Binary/Apps/Tunes/wonder01.vgm
     ../ZSDOS/zsys_wbw.sys
     Common/All/CLRDIR.COM Common/All/COMPARE.COM Common/All/CRUNCH.COM Common/All/CRUNCH28.CFG Common/All/DDTZ.COM Common/All/DDTZ.DOC Common/All/EX.COM Common/All/FDISK80.COM Common/All/FIND.COM Common/All/FLASH.COM Common/All/FLASH.DOC Common/All/MBASIC.COM Common/All/NULU.COM Common/All/PMARC.COM Common/All/PMEXT.COM Common/All/RMXSUB1.COM Common/All/SUPERSUB.COM Common/All/SUPERSUB.DOC Common/All/TDLBASIC.COM Common/All/UNARC.COM Common/All/UNARC.DOC Common/All/UNCR.COM Common/All/UNZIP.COM Common/All/UNZIP.DOC Common/All/WDATE.COM Common/All/XSUB1.COM Common/All/ZAP.COM Common/All/ZDE.COM Common/All/ZDE.DOC Common/All/ZDENST.COM Common/All/ZMRX.COM Common/All/ZMTX.COM
     Common/CPM22/KERCPM22.COM
     Common/Z/u14/LBREXT36.CFG Common/Z/u14/UNARCU10.CFG Common/Z/u14/ZXD.CFG
     Common/Z/u15/LBREXT.COM Common/Z/u15/ZXD.COM
     Common/SIMH/HDIR.COM Common/SIMH/R.COM Common/SIMH/RSETSIMH.COM Common/SIMH/TIMER.COM Common/SIMH/URL.COM Common/SIMH/W.COM
     Common/UTILS/BBCBASIC.COM Common/UTILS/BBCBASIC.TXT Common/UTILS/BBCDIST.MAC Common/UTILS/BBCDIST.SUB Common/UTILS/GENHEX.COM Common/UTILS/LS.COM Common/UTILS/LSWEEP.COM
Generating hd1k_nzcom.img
copying system ../ZSDOS/zsys_wbw.sys to hd1k_nzcom.img
  copying directory d_nzcom/u0
     d_nzcom/u0/ALIAS.CMD
     d_nzcom/u0/ARUNZ.COM
     d_nzcom/u0/BGZRDS19.LBR
     d_nzcom/u0/!(C)1988
     d_nzcom/u0/CLEDINST.COM
     d_nzcom/u0/CLEDSAVE.COM
     d_nzcom/u0/CONFIG.LBR
     d_nzcom/u0/CPSET.COM
     d_nzcom/u0/DOCFILES.LBR
     d_nzcom/u0/EDITNDR.COM
     d_nzcom/u0/FCP.LBR
     d_nzcom/u0/FF.COM
     d_nzcom/u0/HELP.COM
     d_nzcom/u0/HLPFILES.LBR
     d_nzcom/u0/IF.COM
     d_nzcom/u0/JETLDR.COM
     d_nzcom/u0/LBRHELP.COM
     d_nzcom/u0/LDIR.COM
     d_nzcom/u0/LPUT.COM
     d_nzcom/u0/LSH.COM
     d_nzcom/u0/LSH-HELP.COM
     d_nzcom/u0/LSHINST.COM
     d_nzcom/u0/LSH.WZ
     d_nzcom/u0/LX.COM
     d_nzcom/u0/MKZCM.COM
     d_nzcom/u0/NAME.COM
     d_nzcom/u0/NZBLITZ.COM
     d_nzcom/u0/NZBLTZ14.CFG
     d_nzcom/u0/NZBLTZ14.HZP
     d_nzcom/u0/!NZ-COM
     d_nzcom/u0/NZCOM.COM
     d_nzcom/u0/NZCOM.ENV
     d_nzcom/u0/NZCOM.LBR
     d_nzcom/u0/NZCOM.ZCM
     d_nzcom/u0/NZCPR.LBR
     d_nzcom/u0/NZ-DBASE.INF
     d_nzcom/u0/PATH.COM
     d_nzcom/u0/PROFILE.SUB
     d_nzcom/u0/PUBLIC.COM
     d_nzcom/u0/PWD.COM
     d_nzcom/u0/RCP.LBR
     d_nzcom/u0/RELEASE.NOT
     d_nzcom/u0/SAINST.COM
     d_nzcom/u0/SALIAS.COM
     d_nzcom/u0/SAVENDR.COM
     d_nzcom/u0/SDZ.COM
     d_nzcom/u0/SHOW.COM
     d_nzcom/u0/STARTZCM.COM
     d_nzcom/u0/SUB.COM
     d_nzcom/u0/TCJ25.WZ
     d_nzcom/u0/TCJ26.WZ
     d_nzcom/u0/TCJ27.WZ
     d_nzcom/u0/TCJ28.WZ
     d_nzcom/u0/TCJ29.WZ
     d_nzcom/u0/TCJ30.WZ
     d_nzcom/u0/TCJ31UPD.WZ
     d_nzcom/u0/TCJ32.WZ
     d_nzcom/u0/TCJ33UPD.WZ
     d_nzcom/u0/TCJ.INF
     d_nzcom/u0/TY3ERA.COM
     d_nzcom/u0/TY3REN.COM
     d_nzcom/u0/TY4ERA.COM
     d_nzcom/u0/TY4REN.COM
     d_nzcom/u0/TY4SAVE.COM
     d_nzcom/u0/TY4SP.COM
     d_nzcom/u0/!VERS--1.2H
     d_nzcom/u0/VIEW.COM
     d_nzcom/u0/XTCAP.COM
     d_nzcom/u0/ZERR.COM
     d_nzcom/u0/ZEX.COM
     d_nzcom/u0/ZF-DIM.COM
     d_nzcom/u0/ZFILEB38.LZT
     d_nzcom/u0/ZFILER.CMD
     d_nzcom/u0/ZF-REV.COM
     d_nzcom/u0/ZHELPERS.LZT
     d_nzcom/u0/ZLT.COM
     d_nzcom/u0/ZNODES66.LZT
     d_nzcom/u0/ZRDOS.ZRL
     d_nzcom/u0/ZSDOS.ZRL
     d_nzcom/u0/ZSYSTEM.IZF
hd_nzcom.txt
  copying files from hd_nzcom.txt
     d_nzcom/ReadMe.txt
     d_cpm22/u0/ASM.COM
     d_cpm22/u0/LIB.COM
     d_cpm22/u0/LINK.COM
     d_cpm22/u0/LOAD.COM
     d_cpm22/u0/MAC.COM
     d_cpm22/u0/RMAC.COM
     d_cpm22/u0/STAT.COM
     d_cpm22/u0/SUBMIT.COM
     d_cpm22/u0/XSUB.COM
     d_zsdos/u0/BGPATCH.HEX d_zsdos/u0/CLOCKS.DAT d_zsdos/u0/COPY.CFG d_zsdos/u0/COPY.COM d_zsdos/u0/COPY.UPD d_zsdos/u0/DATSWEEP.COM d_zsdos/u0/DSCONFIG.COM d_zsdos/u0/FA16.CFG d_zsdos/u0/FA16.DOC d_zsdos/u0/FA16A.FOR d_zsdos/u0/FA16CFG.TXT d_zsdos/u0/FILEATTR.COM d_zsdos/u0/FILEDATE.CFG d_zsdos/u0/FILEDATE.COM d_zsdos/u0/INITDIR.CFG d_zsdos/u0/INITDIR.COM d_zsdos/u0/LDDS.COM d_zsdos/u0/LDNZT.COM d_zsdos/u0/LDP2D.COM d_zsdos/u0/PUTBG.COM d_zsdos/u0/PUTDS.COM d_zsdos/u0/RELOG.COM d_zsdos/u0/SETTERM.COM d_zsdos/u0/SETUPZST.COM d_zsdos/u0/STAMPS.DAT d_zsdos/u0/TD.CFG d_zsdos/u0/TD.COM d_zsdos/u0/TERMBASE.DAT d_zsdos/u0/TESTCLOK.COM d_zsdos/u0/ZCAL.COM d_zsdos/u0/ZCNFG.COM d_zsdos/u0/ZCNFG24.CFG d_zsdos/u0/ZPATH.COM d_zsdos/u0/ZSCONFIG.COM d_zsdos/u0/ZSVSTAMP.COM d_zsdos/u0/ZSVSTAMP.DOC
     ../../Binary/Apps/assign.com
     ../../Binary/Apps/cpuspd.com
     ../../Binary/Apps/fat.com
     ../../Binary/Apps/fdu.com
     ../../Binary/Apps/fdu.doc
     ../../Binary/Apps/format.com
     ../../Binary/Apps/mode.com
     ../../Binary/Apps/rtc.com
     ../../Binary/Apps/survey.com
     ../../Binary/Apps/syscopy.com
     ../../Binary/Apps/sysgen.com
     ../../Binary/Apps/talk.com
     ../../Binary/Apps/htalk.com
     ../../Binary/Apps/tbasic.com
     ../../Binary/Apps/timer.com
     ../../Binary/Apps/tune.com
     ../../Binary/Apps/xm.com
     ../../Binary/Apps/zmp.com
     ../../Binary/Apps/zmp.hlp
     ../../Binary/Apps/zmp.doc
     ../../Binary/Apps/zmxfer.ovr
     ../../Binary/Apps/zmterm.ovr
     ../../Binary/Apps/zminit.ovr
     ../../Binary/Apps/zmconfig.ovr
     ../../Binary/Apps/zmd.com
     ../../Binary/Apps/vgmplay.com
     ../../Binary/Apps/Test/2piotst.com ../../Binary/Apps/Test/ay-test.com ../../Binary/Apps/Test/banktest.com ../../Binary/Apps/Test/dmamon.com ../../Binary/Apps/Test/i2clcd.com ../../Binary/Apps/Test/i2cscan.com ../../Binary/Apps/Test/inttest.com ../../Binary/Apps/Test/kbdtest.com ../../Binary/Apps/Test/piomon.com ../../Binary/Apps/Test/portscan.com ../../Binary/Apps/Test/ppidetst.com ../../Binary/Apps/Test/ps2info.com ../../Binary/Apps/Test/ramtest.com ../../Binary/Apps/Test/rtcds7.com ../../Binary/Apps/Test/rz.com ../../Binary/Apps/Test/sound.com ../../Binary/Apps/Test/srom.com ../../Binary/Apps/Test/sz.com ../../Binary/Apps/Test/tstdskng.com ../../Binary/Apps/Test/vdconly.com ../../Binary/Apps/Test/vdctest.com
     Test/z80ccf.com Test/z80doc.com Test/z80docf.com Test/z80flags.com Test/z80full.com Test/z80mptr.com
     ../../Binary/Apps/Tunes/Attack.pt3 ../../Binary/Apps/Tunes/Backup.pt3 ../../Binary/Apps/Tunes/BadMice.pt3 ../../Binary/Apps/Tunes/HowRU.pt3 ../../Binary/Apps/Tunes/Iteratn.pt3 ../../Binary/Apps/Tunes/LookBack.pt3 ../../Binary/Apps/Tunes/Louboutn.pt3 ../../Binary/Apps/Tunes/Namida.pt3 ../../Binary/Apps/Tunes/Recoll.pt3 ../../Binary/Apps/Tunes/Sanxion.pt3 ../../Binary/Apps/Tunes/Synch.pt3 ../../Binary/Apps/Tunes/ToStar.pt3 ../../Binary/Apps/Tunes/Victory.pt3 ../../Binary/Apps/Tunes/Wicked.pt3 ../../Binary/Apps/Tunes/YeOlde.pt3 ../../Binary/Apps/Tunes/Yeovil.pt3
     ../../Binary/Apps/Tunes/Demo.mym ../../Binary/Apps/Tunes/Demo1.mym ../../Binary/Apps/Tunes/Demo3.mym ../../Binary/Apps/Tunes/Demo3mix.mym ../../Binary/Apps/Tunes/Demo4.mym
     ../../Binary/Apps/Tunes/bgm.vgm ../../Binary/Apps/Tunes/ending.vgm ../../Binary/Apps/Tunes/inchina.vgm ../../Binary/Apps/Tunes/shirakaw.vgm ../../Binary/Apps/Tunes/startdem.vgm ../../Binary/Apps/Tunes/wonder01.vgm
     ../ZSDOS/zsys_wbw.sys
     Common/All/CLRDIR.COM Common/All/COMPARE.COM Common/All/CRUNCH.COM Common/All/CRUNCH28.CFG Common/All/DDTZ.COM Common/All/DDTZ.DOC Common/All/EX.COM Common/All/FDISK80.COM Common/All/FIND.COM Common/All/FLASH.COM Common/All/FLASH.DOC Common/All/MBASIC.COM Common/All/NULU.COM Common/All/PMARC.COM Common/All/PMEXT.COM Common/All/RMXSUB1.COM Common/All/SUPERSUB.COM Common/All/SUPERSUB.DOC Common/All/TDLBASIC.COM Common/All/UNARC.COM Common/All/UNARC.DOC Common/All/UNCR.COM Common/All/UNZIP.COM Common/All/UNZIP.DOC Common/All/WDATE.COM Common/All/XSUB1.COM Common/All/ZAP.COM Common/All/ZDE.COM Common/All/ZDE.DOC Common/All/ZDENST.COM Common/All/ZMRX.COM Common/All/ZMTX.COM
     Common/CPM22/KERCPM22.COM
     Common/Z/u14/LBREXT36.CFG Common/Z/u14/UNARCU10.CFG Common/Z/u14/ZXD.CFG
     Common/Z/u15/LBREXT.COM Common/Z/u15/ZXD.COM
     Common/Z3/u10/SCOPY.HLP Common/Z3/u10/SCOPY10F.HLP
     Common/Z3/u14/SCOPY10F.CFG
     Common/Z3/u15/SCOPY.COM Common/Z3/u15/TCAP.Z3T Common/Z3/u15/TCSELECT.COM Common/Z3/u15/TCVIEW.COM Common/Z3/u15/Z3LOC.COM Common/Z3/u15/Z3TCAP.LBR
     Common/SIMH/HDIR.COM Common/SIMH/R.COM Common/SIMH/RSETSIMH.COM Common/SIMH/TIMER.COM Common/SIMH/URL.COM Common/SIMH/W.COM
     Common/UTILS/BBCBASIC.COM Common/UTILS/BBCBASIC.TXT Common/UTILS/BBCDIST.MAC Common/UTILS/BBCDIST.SUB Common/UTILS/GENHEX.COM Common/UTILS/LS.COM Common/UTILS/LSWEEP.COM
Generating hd1k_cpm3.img
copying system ../CPM3/cpmldr.sys to hd1k_cpm3.img
  copying directory d_cpm3/u0
     d_cpm3/u0/DATE.COM
     d_cpm3/u0/DEVICE.COM
     d_cpm3/u0/DIR.COM
     d_cpm3/u0/DUMP.COM
     d_cpm3/u0/ED.COM
     d_cpm3/u0/ERASE.COM
     d_cpm3/u0/GENCOM.COM
     d_cpm3/u0/GET.COM
     d_cpm3/u0/HELP.COM
     d_cpm3/u0/HELP.HLP
     d_cpm3/u0/HEXCOM.COM
     d_cpm3/u0/INITDIR.COM
     d_cpm3/u0/PATCH.COM
     d_cpm3/u0/PIP.COM
     d_cpm3/u0/PUT.COM
     d_cpm3/u0/RENAME.COM
     d_cpm3/u0/ROMWBW.TXT
     d_cpm3/u0/SAVE.COM
     d_cpm3/u0/SET.COM
     d_cpm3/u0/SETDEF.COM
     d_cpm3/u0/SHOW.COM
     d_cpm3/u0/SUBMIT.COM
     d_cpm3/u0/TYPE.COM
     d_cpm3/u0/ZSID.COM
hd_cpm3.txt
  copying files from hd_cpm3.txt
     ../CPM3/cpmldr.com
     ../CPM3/cpmldr.sys
     ../CPM3/ccp.com
     ../CPM3/gencpm.com
     ../CPM3/genres.dat
     ../CPM3/genbnk.dat
     ../CPM3/bios3.spr
     ../CPM3/bnkbios3.spr
     ../CPM3/bdos3.spr
     ../CPM3/bnkbdos3.spr
     ../CPM3/resbdos3.spr
     ../CPM3/cpm3res.sys
     ../CPM3/cpm3bnk.sys
     ../CPM3/gencpm.dat
     ../CPM3/cpm3.sys
     ../CPM3/readme.1st
     ../CPM3/cpm3fix.pat
     ../../Binary/Apps/assign.com
     ../../Binary/Apps/cpuspd.com
     ../../Binary/Apps/fat.com
     ../../Binary/Apps/fdu.com
     ../../Binary/Apps/fdu.doc
     ../../Binary/Apps/format.com
     ../../Binary/Apps/mode.com
     ../../Binary/Apps/rtc.com
     ../../Binary/Apps/survey.com
     ../../Binary/Apps/syscopy.com
     ../../Binary/Apps/htalk.com
     ../../Binary/Apps/tbasic.com
     ../../Binary/Apps/timer.com
     ../../Binary/Apps/tune.com
     ../../Binary/Apps/xm.com
     ../../Binary/Apps/zmp.com
     ../../Binary/Apps/zmp.hlp
     ../../Binary/Apps/zmp.doc
     ../../Binary/Apps/zmxfer.ovr
     ../../Binary/Apps/zmterm.ovr
     ../../Binary/Apps/zminit.ovr
     ../../Binary/Apps/zmconfig.ovr
     ../../Binary/Apps/zmd.com
     ../../Binary/Apps/vgmplay.com
     ../../Binary/Apps/Test/2piotst.com ../../Binary/Apps/Test/ay-test.com ../../Binary/Apps/Test/banktest.com ../../Binary/Apps/Test/dmamon.com ../../Binary/Apps/Test/i2clcd.com ../../Binary/Apps/Test/i2cscan.com ../../Binary/Apps/Test/inttest.com ../../Binary/Apps/Test/kbdtest.com ../../Binary/Apps/Test/piomon.com ../../Binary/Apps/Test/portscan.com ../../Binary/Apps/Test/ppidetst.com ../../Binary/Apps/Test/ps2info.com ../../Binary/Apps/Test/ramtest.com ../../Binary/Apps/Test/rtcds7.com ../../Binary/Apps/Test/rz.com ../../Binary/Apps/Test/sound.com ../../Binary/Apps/Test/srom.com ../../Binary/Apps/Test/sz.com ../../Binary/Apps/Test/tstdskng.com ../../Binary/Apps/Test/vdconly.com ../../Binary/Apps/Test/vdctest.com
     Test/z80ccf.com Test/z80doc.com Test/z80docf.com Test/z80flags.com Test/z80full.com Test/z80mptr.com
     ../../Binary/Apps/Tunes/Attack.pt3 ../../Binary/Apps/Tunes/Backup.pt3 ../../Binary/Apps/Tunes/BadMice.pt3 ../../Binary/Apps/Tunes/HowRU.pt3 ../../Binary/Apps/Tunes/Iteratn.pt3 ../../Binary/Apps/Tunes/LookBack.pt3 ../../Binary/Apps/Tunes/Louboutn.pt3 ../../Binary/Apps/Tunes/Namida.pt3 ../../Binary/Apps/Tunes/Recoll.pt3 ../../Binary/Apps/Tunes/Sanxion.pt3 ../../Binary/Apps/Tunes/Synch.pt3 ../../Binary/Apps/Tunes/ToStar.pt3 ../../Binary/Apps/Tunes/Victory.pt3 ../../Binary/Apps/Tunes/Wicked.pt3 ../../Binary/Apps/Tunes/YeOlde.pt3 ../../Binary/Apps/Tunes/Yeovil.pt3
     ../../Binary/Apps/Tunes/Demo.mym ../../Binary/Apps/Tunes/Demo1.mym ../../Binary/Apps/Tunes/Demo3.mym ../../Binary/Apps/Tunes/Demo3mix.mym ../../Binary/Apps/Tunes/Demo4.mym
     ../../Binary/Apps/Tunes/bgm.vgm ../../Binary/Apps/Tunes/ending.vgm ../../Binary/Apps/Tunes/inchina.vgm ../../Binary/Apps/Tunes/shirakaw.vgm ../../Binary/Apps/Tunes/startdem.vgm ../../Binary/Apps/Tunes/wonder01.vgm
     ../../Binary/CPNET/cpn3duo.lbr ../../Binary/CPNET/cpn3mt.lbr ../../Binary/CPNET/cpn3ser.lbr
     ../../Binary/CPNET/ReadMe.txt
     Common/All/CLRDIR.COM Common/All/COMPARE.COM Common/All/CRUNCH.COM Common/All/CRUNCH28.CFG Common/All/DDTZ.COM Common/All/DDTZ.DOC Common/All/EX.COM Common/All/FDISK80.COM Common/All/FIND.COM Common/All/FLASH.COM Common/All/FLASH.DOC Common/All/MBASIC.COM Common/All/NULU.COM Common/All/PMARC.COM Common/All/PMEXT.COM Common/All/RMXSUB1.COM Common/All/SUPERSUB.COM Common/All/SUPERSUB.DOC Common/All/TDLBASIC.COM Common/All/UNARC.COM Common/All/UNARC.DOC Common/All/UNCR.COM Common/All/UNZIP.COM Common/All/UNZIP.DOC Common/All/WDATE.COM Common/All/XSUB1.COM Common/All/ZAP.COM Common/All/ZDE.COM Common/All/ZDE.DOC Common/All/ZDENST.COM Common/All/ZMRX.COM Common/All/ZMTX.COM
     Common/CPM3/KERCPM3.COM Common/CPM3/RZ.COM Common/CPM3/RZSZ.FOR Common/CPM3/SZ.COM
     Common/SIMH/HDIR.COM Common/SIMH/R.COM Common/SIMH/RSETSIMH.COM Common/SIMH/TIMER.COM Common/SIMH/URL.COM Common/SIMH/W.COM
     Common/UTILS/BBCBASIC.COM Common/UTILS/BBCBASIC.TXT Common/UTILS/BBCDIST.MAC Common/UTILS/BBCDIST.SUB Common/UTILS/GENHEX.COM Common/UTILS/LS.COM Common/UTILS/LSWEEP.COM
Generating hd1k_zpm3.img
copying system ../ZPM3/zpmldr.sys to hd1k_zpm3.img
  copying directory d_zpm3/u0
     d_zpm3/u0/HELP.HLP
     d_zpm3/u0/ROMWBW.TXT
  copying directory d_zpm3/u10
     d_zpm3/u10/ALIAS.HLP
     d_zpm3/u10/HP-RPN.HLP
     d_zpm3/u10/HP-ZP.HLP
     d_zpm3/u10/IF.HLP
     d_zpm3/u10/MENU.HLP
     d_zpm3/u10/VLU.HLP
     d_zpm3/u10/ZFHIST.HLP
     d_zpm3/u10/ZFILER.HLP
     d_zpm3/u10/ZFMACRO.HLP
     d_zpm3/u10/ZP.HLP
  copying directory d_zpm3/u14
     d_zpm3/u14/COPY.CFG
     d_zpm3/u14/ERASE.CFG
     d_zpm3/u14/HELPC15.CFG
     d_zpm3/u14/ZCNFG24.CFG
     d_zpm3/u14/ZEX.CFG
     d_zpm3/u14/ZF11.CFG
     d_zpm3/u14/ZP17.CFG
  copying directory d_zpm3/u15
     d_zpm3/u15/alias.com
     d_zpm3/u15/arunz.com
     d_zpm3/u15/copy.com
     d_zpm3/u15/date.com
     d_zpm3/u15/dev.com
     d_zpm3/u15/device.com
     d_zpm3/u15/dir.com
     d_zpm3/u15/diskinfo.com
     d_zpm3/u15/du.com
     d_zpm3/u15/dump.com
     d_zpm3/u15/ed.com
     d_zpm3/u15/editndr.com
     d_zpm3/u15/erase.com
     d_zpm3/u15/gencom.com
     d_zpm3/u15/gencpm.com
     d_zpm3/u15/get.com
     d_zpm3/u15/goto.com
     d_zpm3/u15/help.com
     d_zpm3/u15/hexcom.com
     d_zpm3/u15/if.com
     d_zpm3/u15/initdir.com
     d_zpm3/u15/loadseg.com
     d_zpm3/u15/names.ndr
     d_zpm3/u15/patch.com
     d_zpm3/u15/pip.com
     d_zpm3/u15/put.com
     d_zpm3/u15/remove.com
     d_zpm3/u15/rename.com
     d_zpm3/u15/rsxdir.com
     d_zpm3/u15/sainst.com
     d_zpm3/u15/salias.com
     d_zpm3/u15/save.com
     d_zpm3/u15/savendr.com
     d_zpm3/u15/sdz.com
     d_zpm3/u15/set.com
     d_zpm3/u15/setdef.com
     d_zpm3/u15/setpath.com
     d_zpm3/u15/show.com
     d_zpm3/u15/submit.com
     d_zpm3/u15/type.com
     d_zpm3/u15/verror.com
     d_zpm3/u15/vlu.com
     d_zpm3/u15/xref.com
     d_zpm3/u15/zcnfg.com
     d_zpm3/u15/zerase.com
     d_zpm3/u15/zex.com
     d_zpm3/u15/zfiler.com
     d_zpm3/u15/zhelp.com
     d_zpm3/u15/zp.com
     d_zpm3/u15/zshow.com
     d_zpm3/u15/zsid.com
hd_zpm3.txt
  copying files from hd_zpm3.txt
     ../ZPM3/zpmldr.com
     ../ZPM3/zpmldr.sys
     ../CPM3/cpmldr.com
     ../CPM3/cpmldr.sys
     ../ZPM3/autotog.com
     ../ZPM3/clrhist.com
     ../ZPM3/setz3.com
     ../ZPM3/cpm3.sys
     ../ZPM3/zccp.com
     ../ZPM3/zinstal.zpm
     ../ZPM3/startzpm.com
     ../ZPM3/makedos.com
     ../ZPM3/gencpm.dat
     ../ZPM3/bnkbios3.spr
     ../ZPM3/bnkbdos3.spr
     ../ZPM3/resbdos3.spr
     ../../Binary/Apps/assign.com
     ../../Binary/Apps/cpuspd.com
     ../../Binary/Apps/fat.com
     ../../Binary/Apps/fdu.com
     ../../Binary/Apps/fdu.doc
     ../../Binary/Apps/format.com
     ../../Binary/Apps/mode.com
     ../../Binary/Apps/rtc.com
     ../../Binary/Apps/survey.com
     ../../Binary/Apps/syscopy.com
     ../../Binary/Apps/sysgen.com
     ../../Binary/Apps/talk.com
     ../../Binary/Apps/htalk.com
     ../../Binary/Apps/tbasic.com
     ../../Binary/Apps/timer.com
     ../../Binary/Apps/tune.com
     ../../Binary/Apps/xm.com
     ../../Binary/Apps/zmp.com
     ../../Binary/Apps/zmp.hlp
     ../../Binary/Apps/zmp.doc
     ../../Binary/Apps/zmxfer.ovr
     ../../Binary/Apps/zmterm.ovr
     ../../Binary/Apps/zminit.ovr
     ../../Binary/Apps/zmconfig.ovr
     ../../Binary/Apps/zmd.com
     ../../Binary/Apps/vgmplay.com
     ../../Binary/Apps/Test/2piotst.com ../../Binary/Apps/Test/ay-test.com ../../Binary/Apps/Test/banktest.com ../../Binary/Apps/Test/dmamon.com ../../Binary/Apps/Test/i2clcd.com ../../Binary/Apps/Test/i2cscan.com ../../Binary/Apps/Test/inttest.com ../../Binary/Apps/Test/kbdtest.com ../../Binary/Apps/Test/piomon.com ../../Binary/Apps/Test/portscan.com ../../Binary/Apps/Test/ppidetst.com ../../Binary/Apps/Test/ps2info.com ../../Binary/Apps/Test/ramtest.com ../../Binary/Apps/Test/rtcds7.com ../../Binary/Apps/Test/rz.com ../../Binary/Apps/Test/sound.com ../../Binary/Apps/Test/srom.com ../../Binary/Apps/Test/sz.com ../../Binary/Apps/Test/tstdskng.com ../../Binary/Apps/Test/vdconly.com ../../Binary/Apps/Test/vdctest.com
     Test/z80ccf.com Test/z80doc.com Test/z80docf.com Test/z80flags.com Test/z80full.com Test/z80mptr.com
     ../../Binary/Apps/Tunes/Attack.pt3 ../../Binary/Apps/Tunes/Backup.pt3 ../../Binary/Apps/Tunes/BadMice.pt3 ../../Binary/Apps/Tunes/HowRU.pt3 ../../Binary/Apps/Tunes/Iteratn.pt3 ../../Binary/Apps/Tunes/LookBack.pt3 ../../Binary/Apps/Tunes/Louboutn.pt3 ../../Binary/Apps/Tunes/Namida.pt3 ../../Binary/Apps/Tunes/Recoll.pt3 ../../Binary/Apps/Tunes/Sanxion.pt3 ../../Binary/Apps/Tunes/Synch.pt3 ../../Binary/Apps/Tunes/ToStar.pt3 ../../Binary/Apps/Tunes/Victory.pt3 ../../Binary/Apps/Tunes/Wicked.pt3 ../../Binary/Apps/Tunes/YeOlde.pt3 ../../Binary/Apps/Tunes/Yeovil.pt3
     ../../Binary/Apps/Tunes/Demo.mym ../../Binary/Apps/Tunes/Demo1.mym ../../Binary/Apps/Tunes/Demo3.mym ../../Binary/Apps/Tunes/Demo3mix.mym ../../Binary/Apps/Tunes/Demo4.mym
     ../../Binary/Apps/Tunes/bgm.vgm ../../Binary/Apps/Tunes/ending.vgm ../../Binary/Apps/Tunes/inchina.vgm ../../Binary/Apps/Tunes/shirakaw.vgm ../../Binary/Apps/Tunes/startdem.vgm ../../Binary/Apps/Tunes/wonder01.vgm
     Common/All/CLRDIR.COM Common/All/COMPARE.COM Common/All/CRUNCH.COM Common/All/CRUNCH28.CFG Common/All/DDTZ.COM Common/All/DDTZ.DOC Common/All/EX.COM Common/All/FDISK80.COM Common/All/FIND.COM Common/All/FLASH.COM Common/All/FLASH.DOC Common/All/MBASIC.COM Common/All/NULU.COM Common/All/PMARC.COM Common/All/PMEXT.COM Common/All/RMXSUB1.COM Common/All/SUPERSUB.COM Common/All/SUPERSUB.DOC Common/All/TDLBASIC.COM Common/All/UNARC.COM Common/All/UNARC.DOC Common/All/UNCR.COM Common/All/UNZIP.COM Common/All/UNZIP.DOC Common/All/WDATE.COM Common/All/XSUB1.COM Common/All/ZAP.COM Common/All/ZDE.COM Common/All/ZDE.DOC Common/All/ZDENST.COM Common/All/ZMRX.COM Common/All/ZMTX.COM
     Common/CPM3/KERCPM3.COM Common/CPM3/RZ.COM Common/CPM3/RZSZ.FOR Common/CPM3/SZ.COM
     Common/Z/u14/LBREXT36.CFG Common/Z/u14/UNARCU10.CFG Common/Z/u14/ZXD.CFG
     Common/Z/u15/LBREXT.COM Common/Z/u15/ZXD.COM
     Common/Z3/u10/SCOPY.HLP Common/Z3/u10/SCOPY10F.HLP
     Common/Z3/u14/SCOPY10F.CFG
     Common/Z3/u15/SCOPY.COM Common/Z3/u15/TCAP.Z3T Common/Z3/u15/TCSELECT.COM Common/Z3/u15/TCVIEW.COM Common/Z3/u15/Z3LOC.COM Common/Z3/u15/Z3TCAP.LBR
     Common/SIMH/HDIR.COM Common/SIMH/R.COM Common/SIMH/RSETSIMH.COM Common/SIMH/TIMER.COM Common/SIMH/URL.COM Common/SIMH/W.COM
     Common/UTILS/BBCBASIC.COM Common/UTILS/BBCBASIC.TXT Common/UTILS/BBCDIST.MAC Common/UTILS/BBCDIST.SUB Common/UTILS/GENHEX.COM Common/UTILS/LS.COM Common/UTILS/LSWEEP.COM
Generating hd1k_ws4.img
  copying directory d_ws4/u0
     d_ws4/u0/ANAGRAM.COM
     d_ws4/u0/CHAPTER1.DOC
     d_ws4/u0/CHAPTER2.DOC
     d_ws4/u0/CHAPTER3.DOC
     d_ws4/u0/DIARY.DOC
     d_ws4/u0/DICTSORT.COM
     d_ws4/u0/FIND.COM
     d_ws4/u0/HOMONYMS.TXT
     d_ws4/u0/HYEXCEPT.TXT
     d_ws4/u0/HYPHEN.COM
     d_ws4/u0/LOOKUP.COM
     d_ws4/u0/MAINDICT.CMP
     d_ws4/u0/MARKFIX.COM
     d_ws4/u0/MOVEPRN.COM
     d_ws4/u0/PATCH.LST
     d_ws4/u0/PRINT.TST
     d_ws4/u0/READ.ME
     d_ws4/u0/README
     d_ws4/u0/REVIEW.COM
     d_ws4/u0/RULER.DOC
     d_ws4/u0/SAMPLE1.DOC
     d_ws4/u0/SAMPLE2.DOC
     d_ws4/u0/SAMPLE3.DOC
     d_ws4/u0/SPELL.COM
     d_ws4/u0/TABLE.DOC
     d_ws4/u0/TEXT.DOC
     d_ws4/u0/TW.COM
     d_ws4/u0/WC.COM
     d_ws4/u0/WINSTALL.COM
     d_ws4/u0/WORDFREQ.COM
     d_ws4/u0/WSCHANGE.COM
     d_ws4/u0/WSCHANGE.OVR
     d_ws4/u0/WSCHHELP.OVR
     d_ws4/u0/WS.COM
     d_ws4/u0/WSHELP.OVR
     d_ws4/u0/WSINDEX.XCL
     d_ws4/u0/WSMSGS.OVR
     d_ws4/u0/WS.OVR
     d_ws4/u0/WSPRINT.OVR
     d_ws4/u0/WSSHORT.OVR
  copying directory d_ws4/u1
     d_ws4/u1/README.MD
     d_ws4/u1/SAMPKEY.DOC
     d_ws4/u1/SAMPKEY.ZDK
     d_ws4/u1/SAMPKEY.ZDT
     d_ws4/u1/ZDE10.DOC
     d_ws4/u1/ZDE10.FOR
     d_ws4/u1/ZDE10.NEW
     d_ws4/u1/ZDE10.QRF
     d_ws4/u1/ZDE10.TOC
     d_ws4/u1/ZDE13.FOR
     d_ws4/u1/ZDE13.NEW
     d_ws4/u1/ZDE16A.COM
     d_ws4/u1/ZDE16A.PAT
     d_ws4/u1/ZDE16.COM
     d_ws4/u1/ZDE16.DIR
     d_ws4/u1/ZDE16.FIX
     d_ws4/u1/ZDE16.FOR
     d_ws4/u1/ZDE16.NEW
     d_ws4/u1/ZDE18.COM
     d_ws4/u1/ZDENST16.COM
     d_ws4/u1/ZDEPROP.DOC
     d_ws4/u1/ZDEPROP.Z80
     d_ws4/u1/ZDKCOM13.COM
     d_ws4/u1/ZDKCOM13.DOC
hd_ws4.txt
Generating hd1k_z80asm.img
  copying directory d_z80asm/u0
     d_z80asm/u0/DUMP.COM
     d_z80asm/u0/DUMP.Z80
     d_z80asm/u0/TEST.ASM
     d_z80asm/u0/TEST.COM
     d_z80asm/u0/TEST.PRN
     d_z80asm/u0/TEST.Z80
     d_z80asm/u0/Z80ASM.COM
     d_z80asm/u0/Z80ASM.DOC
hd_z80asm.txt
Generating hd1k_aztecc.img
  copying directory d_aztecc/u0
     d_aztecc/u0/ARCV.COM
     d_aztecc/u0/AS.COM
     d_aztecc/u0/CC.COM
     d_aztecc/u0/CC.MSG
     d_aztecc/u0/C.LIB
     d_aztecc/u0/CNM.COM
     d_aztecc/u0/CRC.COM
     d_aztecc/u0/CZ.COM
     d_aztecc/u0/EXMPL.C
     d_aztecc/u0/HEADER.ARC
     d_aztecc/u0/HEX80.COM
     d_aztecc/u0/LIBASRC.ARC
     d_aztecc/u0/LIBC.REL
     d_aztecc/u0/LIBCSRC.ARC
     d_aztecc/u0/LIBUTIL.COM
     d_aztecc/u0/LN.COM
     d_aztecc/u0/MATH.REL
     d_aztecc/u0/MATHSRC.ARC
     d_aztecc/u0/M.LIB
     d_aztecc/u0/OVBGN.O
     d_aztecc/u0/OVLOADER.O
     d_aztecc/u0/OVLY.ARC
     d_aztecc/u0/RBEGIN.O
     d_aztecc/u0/RBUILD.SUB
     d_aztecc/u0/REXT.ASM
     d_aztecc/u0/R.O
     d_aztecc/u0/ROM.LIB
     d_aztecc/u0/SIDSYM.COM
     d_aztecc/u0/SQZ.COM
     d_aztecc/u0/TINYSRC.ARC
     d_aztecc/u0/T.LIB
hd_aztecc.txt
Generating hd1k_hitechc.img
  copying directory d_hitechc/u0
     d_hitechc/u0/$EXEC.COM
     d_hitechc/u0/ASSERT.H
     d_hitechc/u0/C309.COM
     d_hitechc/u0/C.COM
     d_hitechc/u0/CGEN.COM
     d_hitechc/u0/CONIO.H
     d_hitechc/u0/CPM.H
     d_hitechc/u0/CPP.COM
     d_hitechc/u0/CREF.COM
     d_hitechc/u0/CRTCPM.OBJ
     d_hitechc/u0/CTYPE.H
     d_hitechc/u0/DEBUG.COM
     d_hitechc/u0/DRTCPM.OBJ
     d_hitechc/u0/EXEC.H
     d_hitechc/u0/FLOAT.H
     d_hitechc/u0/HITECH.H
     d_hitechc/u0/LIBC.LIB
     d_hitechc/u0/LIBF.LIB
     d_hitechc/u0/LIBOVR.LIB
     d_hitechc/u0/LIBR.COM
     d_hitechc/u0/LIMITS.H
     d_hitechc/u0/LINQ.COM
     d_hitechc/u0/MATH.H
     d_hitechc/u0/NRTCPM.OBJ
     d_hitechc/u0/OBJTOHEX.COM
     d_hitechc/u0/OPTIM.COM
     d_hitechc/u0/OPTIONS
     d_hitechc/u0/OVERLAY.H
     d_hitechc/u0/P1.COM
     d_hitechc/u0/RRTCPM.OBJ
     d_hitechc/u0/SETJMP.H
     d_hitechc/u0/SIGNAL.H
     d_hitechc/u0/STAT.H
     d_hitechc/u0/STDARG.H
     d_hitechc/u0/STDDEF.H
     d_hitechc/u0/STDINT.H
     d_hitechc/u0/STDIO.H
     d_hitechc/u0/STDLIB.H
     d_hitechc/u0/STRING.H
     d_hitechc/u0/SYMTOAS.COM
     d_hitechc/u0/SYS.H
     d_hitechc/u0/TIME.H
     d_hitechc/u0/UNIXIO.H
     d_hitechc/u0/ZAS.COM
hd_hitechc.txt
Generating hd1k_bascomp.img
  copying directory d_bascomp/u0
     d_bascomp/u0/BASCOM2.HLP
     d_bascomp/u0/BASCOM.COM
     d_bascomp/u0/BASCOM.HLP
     d_bascomp/u0/BASLIB.REL
     d_bascomp/u0/BRUN.COM
     d_bascomp/u0/CREF80.COM
     d_bascomp/u0/CREF.COM
     d_bascomp/u0/L80.COM
     d_bascomp/u0/LIB80.COM
     d_bascomp/u0/M80.COM
     d_bascomp/u0/MBASIC.COM
     d_bascomp/u0/OBSLIB.REL
     d_bascomp/u0/RANTEST.ASC
     d_bascomp/u0/RANTEST.BAS
     d_bascomp/u0/RANTEST.COM
     d_bascomp/u0/RANTEST.REL
     d_bascomp/u0/README.TXT
     d_bascomp/u0/SAMPLE.BAS
     d_bascomp/u0/SAMPLE.COM
     d_bascomp/u0/SAMPLE.REL
hd_bascomp.txt
Generating hd1k_fortran.img
  copying directory d_fortran/u0
     d_fortran/u0/CPMIO.MAC
     d_fortran/u0/CRCKLIST.CRC
     d_fortran/u0/CREF80.COM
     d_fortran/u0/DSKDRV.MAC
     d_fortran/u0/DTBF.MAC
     d_fortran/u0/F80.COM
     d_fortran/u0/FCHAIN.MAC
     d_fortran/u0/FORLIB.LIB
     d_fortran/u0/FORLIB.REL
     d_fortran/u0/INIT.MAC
     d_fortran/u0/IOINIT.MAC
     d_fortran/u0/L80.COM
     d_fortran/u0/LIB.COM
     d_fortran/u0/LPTDRV.MAC
     d_fortran/u0/LUNTB.MAC
     d_fortran/u0/M80.COM
     d_fortran/u0/TTYDRV.MAC
hd_fortran.txt
Generating hd1k_games.img
  copying directory d_games/u0
     d_games/u0/ADVI.DAT
     d_games/u0/ADVI.PTR
     d_games/u0/ADVT.DAT
     d_games/u0/ADVT.PTR
     d_games/u0/CASTLE.COM
     d_games/u0/COL-CAVE.COM
     d_games/u0/DM.COM
     d_games/u0/DUNGEON.COM
     d_games/u0/HITCH.COM
     d_games/u0/HITCHHIK.DAT
     d_games/u0/HUNT.COM
     d_games/u0/MONOPLY.BAS
     d_games/u0/MONSTER.BAS
     d_games/u0/NEMESIS.COM
     d_games/u0/NEMESIS.TXT
     d_games/u0/PACMAN95.COM
     d_games/u0/PERSON.COM
     d_games/u0/PLANET.COM
     d_games/u0/PLANETFA.DAT
     d_games/u0/ROSE.BAS
     d_games/u0/SARGON.COM
     d_games/u0/STAR.BAS
     d_games/u0/STAR.COM
     d_games/u0/STARWARS.BAS
     d_games/u0/TERMDEF.COM
     d_games/u0/TVIGAMMO.BAS
     d_games/u0/WORDPUZL.BAS
     d_games/u0/ZILCH.BAS
     d_games/u0/ZORK1.COM
     d_games/u0/ZORK1.DAT
     d_games/u0/ZORK2.COM
     d_games/u0/ZORK2.DAT
     d_games/u0/ZORK3.COM
     d_games/u0/ZORK3.DAT
hd_games.txt
Generating hd1k_tpascal.img
  copying directory d_tpascal/u0
     d_tpascal/u0/ART.TXT
     d_tpascal/u0/SA.PAS
     d_tpascal/u0/TINST.COM
     d_tpascal/u0/TINST.DTA
     d_tpascal/u0/TINST.MSG
     d_tpascal/u0/TURBO.COM
     d_tpascal/u0/TURBO.MSG
     d_tpascal/u0/TURBOMSG.OVR
     d_tpascal/u0/TURBO.OVR
hd_tpascal.txt
Generating hd1k_qpm.img
copying system ../QPM/qpm_wbw.sys to hd1k_qpm.img
  copying directory d_qpm/u0
     d_qpm/u0/dbginst.com
     d_qpm/u0/d.com
     d_qpm/u0/debugz.com
     d_qpm/u0/debugz.hlp
     d_qpm/u0/dhoriz.com
     d_qpm/u0/hello.qpm
     d_qpm/u0/lz.com
     d_qpm/u0/qbackup.com
     d_qpm/u0/qinstall.com
     d_qpm/u0/qpatch.com
     d_qpm/u0/qpip.com
     d_qpm/u0/qpmclk.mac
     d_qpm/u0/qpmcmds.txt
     d_qpm/u0/qpmutils.txt
     d_qpm/u0/qstamp.com
     d_qpm/u0/qstampv.com
     d_qpm/u0/qstampx.com
     d_qpm/u0/qstat.com
     d_qpm/u0/qsub.com
     d_qpm/u0/qsweep.com
     d_qpm/u0/qterm.dat
     d_qpm/u0/qterms.lib
     d_qpm/u0/setqterm.com
     d_qpm/u0/tdcnfg.com
hd_qpm.txt
  copying files from hd_qpm.txt
     d_qpm/ReadMe.txt
     d_cpm22/u0/ASM.COM d_cpm22/u0/DDT.COM d_cpm22/u0/DUMP.COM d_cpm22/u0/ED.COM d_cpm22/u0/HELP.COM d_cpm22/u0/HELP.HLP d_cpm22/u0/LIB.COM d_cpm22/u0/LINK.COM d_cpm22/u0/LOAD.COM d_cpm22/u0/MAC.COM d_cpm22/u0/PIP.COM d_cpm22/u0/RMAC.COM d_cpm22/u0/STAT.COM d_cpm22/u0/SUBMIT.COM d_cpm22/u0/XSUB.COM d_cpm22/u0/ZSID.COM
     ../../Binary/Apps/assign.com
     ../../Binary/Apps/cpuspd.com
     ../../Binary/Apps/fat.com
     ../../Binary/Apps/fdu.com
     ../../Binary/Apps/fdu.doc
     ../../Binary/Apps/format.com
     ../../Binary/Apps/mode.com
     ../../Binary/Apps/rtc.com
     ../../Binary/Apps/survey.com
     ../../Binary/Apps/syscopy.com
     ../../Binary/Apps/sysgen.com
     ../../Binary/Apps/talk.com
     ../../Binary/Apps/htalk.com
     ../../Binary/Apps/tbasic.com
     ../../Binary/Apps/timer.com
     ../../Binary/Apps/tune.com
     ../../Binary/Apps/xm.com
     ../../Binary/Apps/zmp.com
     ../../Binary/Apps/zmp.hlp
     ../../Binary/Apps/zmp.doc
     ../../Binary/Apps/zmxfer.ovr
     ../../Binary/Apps/zmterm.ovr
     ../../Binary/Apps/zminit.ovr
     ../../Binary/Apps/zmconfig.ovr
     ../../Binary/Apps/zmd.com
     ../../Binary/Apps/vgmplay.com
     ../../Binary/Apps/Test/2piotst.com ../../Binary/Apps/Test/ay-test.com ../../Binary/Apps/Test/banktest.com ../../Binary/Apps/Test/dmamon.com ../../Binary/Apps/Test/i2clcd.com ../../Binary/Apps/Test/i2cscan.com ../../Binary/Apps/Test/inttest.com ../../Binary/Apps/Test/kbdtest.com ../../Binary/Apps/Test/piomon.com ../../Binary/Apps/Test/portscan.com ../../Binary/Apps/Test/ppidetst.com ../../Binary/Apps/Test/ps2info.com ../../Binary/Apps/Test/ramtest.com ../../Binary/Apps/Test/rtcds7.com ../../Binary/Apps/Test/rz.com ../../Binary/Apps/Test/sound.com ../../Binary/Apps/Test/srom.com ../../Binary/Apps/Test/sz.com ../../Binary/Apps/Test/tstdskng.com ../../Binary/Apps/Test/vdconly.com ../../Binary/Apps/Test/vdctest.com
     Test/z80ccf.com Test/z80doc.com Test/z80docf.com Test/z80flags.com Test/z80full.com Test/z80mptr.com
     ../../Binary/Apps/Tunes/Attack.pt3 ../../Binary/Apps/Tunes/Backup.pt3 ../../Binary/Apps/Tunes/BadMice.pt3 ../../Binary/Apps/Tunes/HowRU.pt3 ../../Binary/Apps/Tunes/Iteratn.pt3 ../../Binary/Apps/Tunes/LookBack.pt3 ../../Binary/Apps/Tunes/Louboutn.pt3 ../../Binary/Apps/Tunes/Namida.pt3 ../../Binary/Apps/Tunes/Recoll.pt3 ../../Binary/Apps/Tunes/Sanxion.pt3 ../../Binary/Apps/Tunes/Synch.pt3 ../../Binary/Apps/Tunes/ToStar.pt3 ../../Binary/Apps/Tunes/Victory.pt3 ../../Binary/Apps/Tunes/Wicked.pt3 ../../Binary/Apps/Tunes/YeOlde.pt3 ../../Binary/Apps/Tunes/Yeovil.pt3
     ../../Binary/Apps/Tunes/Demo.mym ../../Binary/Apps/Tunes/Demo1.mym ../../Binary/Apps/Tunes/Demo3.mym ../../Binary/Apps/Tunes/Demo3mix.mym ../../Binary/Apps/Tunes/Demo4.mym
     ../../Binary/Apps/Tunes/bgm.vgm ../../Binary/Apps/Tunes/ending.vgm ../../Binary/Apps/Tunes/inchina.vgm ../../Binary/Apps/Tunes/shirakaw.vgm ../../Binary/Apps/Tunes/startdem.vgm ../../Binary/Apps/Tunes/wonder01.vgm
     ../QPM/qpm_wbw.sys
     Common/All/CLRDIR.COM Common/All/COMPARE.COM Common/All/CRUNCH.COM Common/All/CRUNCH28.CFG Common/All/DDTZ.COM Common/All/DDTZ.DOC Common/All/EX.COM Common/All/FDISK80.COM Common/All/FIND.COM Common/All/FLASH.COM Common/All/FLASH.DOC Common/All/MBASIC.COM Common/All/NULU.COM Common/All/PMARC.COM Common/All/PMEXT.COM Common/All/RMXSUB1.COM Common/All/SUPERSUB.COM Common/All/SUPERSUB.DOC Common/All/TDLBASIC.COM Common/All/UNARC.COM Common/All/UNARC.DOC Common/All/UNCR.COM Common/All/UNZIP.COM Common/All/UNZIP.DOC Common/All/WDATE.COM Common/All/XSUB1.COM Common/All/ZAP.COM Common/All/ZDE.COM Common/All/ZDE.DOC Common/All/ZDENST.COM Common/All/ZMRX.COM Common/All/ZMTX.COM
     Common/CPM22/KERCPM22.COM
     Common/SIMH/HDIR.COM Common/SIMH/R.COM Common/SIMH/RSETSIMH.COM Common/SIMH/TIMER.COM Common/SIMH/URL.COM Common/SIMH/W.COM
     Common/UTILS/BBCBASIC.COM Common/UTILS/BBCBASIC.TXT Common/UTILS/BBCDIST.MAC Common/UTILS/BBCDIST.SUB Common/UTILS/GENHEX.COM Common/UTILS/LS.COM Common/UTILS/LSWEEP.COM
Generating hd1k_cowgol.img
  copying directory d_cowgol/u0
     d_cowgol/u0/$EXEC.COM
     d_cowgol/u0/ADVENT1.TXT
     d_cowgol/u0/ADVENT2.TXT
     d_cowgol/u0/ADVENT3.TXT
     d_cowgol/u0/ADVENT4.TXT
     d_cowgol/u0/ADVENT.COW
     d_cowgol/u0/ADVENT.SUB
     d_cowgol/u0/ADVMAIN.COW
     d_cowgol/u0/ARGV.COH
     d_cowgol/u0/CGEN.COM
     d_cowgol/u0/COMMFILE.COH
     d_cowgol/u0/COMMON.COH
     d_cowgol/u0/COWBE.COM
     d_cowgol/u0/COWFE.COM
     d_cowgol/u0/COWFIX.COM
     d_cowgol/u0/COWGOLC.COH
     d_cowgol/u0/COWGOL.COH
     d_cowgol/u0/COWGOL.COM
     d_cowgol/u0/COWGOL.COO
     d_cowgol/u0/COWLINK.COM
     d_cowgol/u0/CPP.COM
     d_cowgol/u0/DYNMSORT.COW
     d_cowgol/u0/DYNMSORT.SUB
     d_cowgol/u0/FILE.COH
     d_cowgol/u0/FILEIO.COH
     d_cowgol/u0/HEXDUMP.COW
     d_cowgol/u0/HEXDUMP.SUB
     d_cowgol/u0/LIBC.LIB
     d_cowgol/u0/LINK.COM
     d_cowgol/u0/MALLOC.COH
     d_cowgol/u0/MERGES.C
     d_cowgol/u0/OPTIM.COM
     d_cowgol/u0/P1.COM
     d_cowgol/u0/RAND.AS
     d_cowgol/u0/STDCOW.COH
     d_cowgol/u0/STRINGS.COH
     d_cowgol/u0/XRND.AS
     d_cowgol/u0/Z80AS.COM
hd_cowgol.txt
Generating hd1k_blank.img
hd_blank.txt
  copying files from hd_blank.txt
Generating hd1k_bp.img
copying system ../ZSDOS/zsys_wbw.sys to hd1k_bp.img
  copying directory d_bp/u0
     d_bp/u0/bpbio.ndr
     d_bp/u0/bpbioz33.ndr
     d_bp/u0/ease.hlp
     d_bp/u0/fcp-4t.zrl
     d_bp/u0/fcp-4.zrl
     d_bp/u0/ldsys.com
     d_bp/u0/lshf.var
     d_bp/u0/nzdec23d.z3t
     d_bp/u0/ramfiles.txt
     d_bp/u0/rcp-16h.zrl
     d_bp/u0/support.lbr
     d_bp/u0/support.txt
     d_bp/u0/zex.com
  copying directory d_bp/u10
     d_bp/u10/z40a.hlp
     d_bp/u10/z40b.hlp
     d_bp/u10/z40c.hlp
     d_bp/u10/z40d.hlp
     d_bp/u10/z40e.hlp
     d_bp/u10/z40f.hlp
     d_bp/u10/z40g.hlp
     d_bp/u10/z40.hlp
  copying directory d_bp/u14
     d_bp/u14/bpcnfg.cfg
     d_bp/u14/bpformat.cfg
     d_bp/u14/copy.cfg
     d_bp/u14/emulate.cfg
     d_bp/u14/hdiag.cfg
     d_bp/u14/iniramd.cfg
     d_bp/u14/initdir.cfg
     d_bp/u14/ldsys.cfg
     d_bp/u14/setclok.cfg
     d_bp/u14/tdd.cfg
  copying directory d_bp/u15
     d_bp/u15/bpcnfg.com
     d_bp/u15/bpdbug.com
     d_bp/u15/bpformat.com
     d_bp/u15/bpswap.com
     d_bp/u15/bpsysgen.com
     d_bp/u15/cl.com
     d_bp/u15/confz4.com
     d_bp/u15/copy.com
     d_bp/u15/d.com
     d_bp/u15/du.com
     d_bp/u15/ease.com
     d_bp/u15/emulate.com
     d_bp/u15/fa.com
     d_bp/u15/fileattr.com
     d_bp/u15/hashini.com
     d_bp/u15/hdiag.com
     d_bp/u15/help.com
     d_bp/u15/helplsh.com
     d_bp/u15/if.com
     d_bp/u15/iniramd.com
     d_bp/u15/initdir.com
     d_bp/u15/instal12.com
     d_bp/u15/iopinit.com
     d_bp/u15/jetldr.com
     d_bp/u15/ldr.com
     d_bp/u15/ldsys.com
     d_bp/u15/ldtimec.com
     d_bp/u15/lsh.com
     d_bp/u15/lshf.com
     d_bp/u15/lu.com
     d_bp/u15/park.com
     d_bp/u15/path.com
     d_bp/u15/poke.com
     d_bp/u15/putds.com
     d_bp/u15/ql.com
     d_bp/u15/rcopy.com
     d_bp/u15/save.com
     d_bp/u15/sd.com
     d_bp/u15/setclok.com
     d_bp/u15/showhd.com
     d_bp/u15/sizeram.com
     d_bp/u15/slowdown.com
     d_bp/u15/speedup.com
     d_bp/u15/spinup.com
     d_bp/u15/tdd.com
     d_bp/u15/turbo.com
     d_bp/u15/valias.com
     d_bp/u15/zcnfg.com
     d_bp/u15/zex.com
     d_bp/u15/zpath.com
     d_bp/u15/zscfg2.com
     d_bp/u15/zsconfig.com
     d_bp/u15/zshow.com
hd_bp.txt
  copying files from hd_bp.txt
     ../BPBIOS/bp33.img ../BPBIOS/bp33bnk.img ../BPBIOS/bp34.img ../BPBIOS/bp34bnk.img ../BPBIOS/bp41bnk.img
     ../BPBIOS/bp33.rel ../BPBIOS/bp33bnk.rel ../BPBIOS/bp34.rel ../BPBIOS/bp34bnk.rel ../BPBIOS/bp41bnk.rel ../BPBIOS/z34.rel ../BPBIOS/zcpr33.rel
     ../BPBIOS/z34.zrl ../BPBIOS/z41.zrl ../BPBIOS/zs203.zrl ../BPBIOS/zs227g.zrl ../BPBIOS/zsdos.zrl
     ../BPBIOS/z33.zex ../BPBIOS/zst.zex ../BPBIOS/zstf.zex
     ../BPBIOS/bpbuild.com
     ../../Binary/Apps/assign.com
     ../../Binary/Apps/cpuspd.com
     ../../Binary/Apps/fat.com
     ../../Binary/Apps/fdu.com
     ../../Binary/Apps/fdu.doc
     ../../Binary/Apps/format.com
     ../../Binary/Apps/mode.com
     ../../Binary/Apps/rtc.com
     ../../Binary/Apps/survey.com
     ../../Binary/Apps/syscopy.com
     ../../Binary/Apps/sysgen.com
     ../../Binary/Apps/talk.com
     ../../Binary/Apps/htalk.com
     ../../Binary/Apps/tbasic.com
     ../../Binary/Apps/timer.com
     ../../Binary/Apps/tune.com
     ../../Binary/Apps/xm.com
     ../../Binary/Apps/zmp.com
     ../../Binary/Apps/zmp.hlp
     ../../Binary/Apps/zmp.doc
     ../../Binary/Apps/zmxfer.ovr
     ../../Binary/Apps/zmterm.ovr
     ../../Binary/Apps/zminit.ovr
     ../../Binary/Apps/zmconfig.ovr
     ../../Binary/Apps/zmd.com
     ../../Binary/Apps/vgmplay.com
     ../../Binary/Apps/Test/2piotst.com ../../Binary/Apps/Test/ay-test.com ../../Binary/Apps/Test/banktest.com ../../Binary/Apps/Test/dmamon.com ../../Binary/Apps/Test/i2clcd.com ../../Binary/Apps/Test/i2cscan.com ../../Binary/Apps/Test/inttest.com ../../Binary/Apps/Test/kbdtest.com ../../Binary/Apps/Test/piomon.com ../../Binary/Apps/Test/portscan.com ../../Binary/Apps/Test/ppidetst.com ../../Binary/Apps/Test/ps2info.com ../../Binary/Apps/Test/ramtest.com ../../Binary/Apps/Test/rtcds7.com ../../Binary/Apps/Test/rz.com ../../Binary/Apps/Test/sound.com ../../Binary/Apps/Test/srom.com ../../Binary/Apps/Test/sz.com ../../Binary/Apps/Test/tstdskng.com ../../Binary/Apps/Test/vdconly.com ../../Binary/Apps/Test/vdctest.com
     Test/z80ccf.com Test/z80doc.com Test/z80docf.com Test/z80flags.com Test/z80full.com Test/z80mptr.com
     ../../Binary/Apps/Tunes/Attack.pt3 ../../Binary/Apps/Tunes/Backup.pt3 ../../Binary/Apps/Tunes/BadMice.pt3 ../../Binary/Apps/Tunes/HowRU.pt3 ../../Binary/Apps/Tunes/Iteratn.pt3 ../../Binary/Apps/Tunes/LookBack.pt3 ../../Binary/Apps/Tunes/Louboutn.pt3 ../../Binary/Apps/Tunes/Namida.pt3 ../../Binary/Apps/Tunes/Recoll.pt3 ../../Binary/Apps/Tunes/Sanxion.pt3 ../../Binary/Apps/Tunes/Synch.pt3 ../../Binary/Apps/Tunes/ToStar.pt3 ../../Binary/Apps/Tunes/Victory.pt3 ../../Binary/Apps/Tunes/Wicked.pt3 ../../Binary/Apps/Tunes/YeOlde.pt3 ../../Binary/Apps/Tunes/Yeovil.pt3
     ../../Binary/Apps/Tunes/Demo.mym ../../Binary/Apps/Tunes/Demo1.mym ../../Binary/Apps/Tunes/Demo3.mym ../../Binary/Apps/Tunes/Demo3mix.mym ../../Binary/Apps/Tunes/Demo4.mym
     ../../Binary/Apps/Tunes/bgm.vgm ../../Binary/Apps/Tunes/ending.vgm ../../Binary/Apps/Tunes/inchina.vgm ../../Binary/Apps/Tunes/shirakaw.vgm ../../Binary/Apps/Tunes/startdem.vgm ../../Binary/Apps/Tunes/wonder01.vgm
     Common/All/CLRDIR.COM Common/All/COMPARE.COM Common/All/CRUNCH.COM Common/All/CRUNCH28.CFG Common/All/DDTZ.COM Common/All/DDTZ.DOC Common/All/EX.COM Common/All/FDISK80.COM Common/All/FIND.COM Common/All/FLASH.COM Common/All/FLASH.DOC Common/All/MBASIC.COM Common/All/NULU.COM Common/All/PMARC.COM Common/All/PMEXT.COM Common/All/RMXSUB1.COM Common/All/SUPERSUB.COM Common/All/SUPERSUB.DOC Common/All/TDLBASIC.COM Common/All/UNARC.COM Common/All/UNARC.DOC Common/All/UNCR.COM Common/All/UNZIP.COM Common/All/UNZIP.DOC Common/All/WDATE.COM Common/All/XSUB1.COM Common/All/ZAP.COM Common/All/ZDE.COM Common/All/ZDE.DOC Common/All/ZDENST.COM Common/All/ZMRX.COM Common/All/ZMTX.COM
     Common/CPM22/KERCPM22.COM
     Common/Z/u14/LBREXT36.CFG Common/Z/u14/UNARCU10.CFG Common/Z/u14/ZXD.CFG
     Common/Z/u15/LBREXT.COM Common/Z/u15/ZXD.COM
     Common/Z3/u10/SCOPY.HLP Common/Z3/u10/SCOPY10F.HLP
     Common/Z3/u14/SCOPY10F.CFG
     Common/Z3/u15/SCOPY.COM Common/Z3/u15/TCAP.Z3T Common/Z3/u15/TCSELECT.COM Common/Z3/u15/TCVIEW.COM Common/Z3/u15/Z3LOC.COM Common/Z3/u15/Z3TCAP.LBR
     Common/SIMH/HDIR.COM Common/SIMH/R.COM Common/SIMH/RSETSIMH.COM Common/SIMH/TIMER.COM Common/SIMH/URL.COM Common/SIMH/W.COM
     Common/UTILS/BBCBASIC.COM Common/UTILS/BBCBASIC.TXT Common/UTILS/BBCDIST.MAC Common/UTILS/BBCDIST.SUB Common/UTILS/GENHEX.COM Common/UTILS/LS.COM Common/UTILS/LSWEEP.COM
cat hd1k_prefix.dat hd1k_cpm22.img hd1k_zsdos.img hd1k_nzcom.img hd1k_cpm3.img hd1k_zpm3.img hd1k_ws4.img > hd1k_combo.img
Copying fd144_cpm22.img to ../../Binary
Copying fd144_zsdos.img to ../../Binary
Copying fd144_nzcom.img to ../../Binary
Copying fd144_cpm3.img to ../../Binary
Copying fd144_zpm3.img to ../../Binary
Copying fd144_ws4.img to ../../Binary
Copying fd144_qpm.img to ../../Binary
Copying fd144_z80asm.img to ../../Binary
Copying fd144_aztecc.img to ../../Binary
Copying fd144_hitechc.img to ../../Binary
Copying fd144_bascomp.img to ../../Binary
Copying fd144_fortran.img to ../../Binary
Copying fd144_games.img to ../../Binary
Copying fd144_tpascal.img to ../../Binary
Copying fd144_cowgol.img to ../../Binary
Copying hd512_cpm22.img to ../../Binary
Copying hd512_zsdos.img to ../../Binary
Copying hd512_nzcom.img to ../../Binary
Copying hd512_cpm3.img to ../../Binary
Copying hd512_zpm3.img to ../../Binary
Copying hd512_ws4.img to ../../Binary
Copying hd512_z80asm.img to ../../Binary
Copying hd512_aztecc.img to ../../Binary
Copying hd512_hitechc.img to ../../Binary
Copying hd512_bascomp.img to ../../Binary
Copying hd512_fortran.img to ../../Binary
Copying hd512_games.img to ../../Binary
Copying hd512_tpascal.img to ../../Binary
Copying hd512_dos65.img to ../../Binary
Copying hd512_qpm.img to ../../Binary
Copying hd512_cowgol.img to ../../Binary
Copying hd512_blank.img to ../../Binary
Copying hd512_combo.img to ../../Binary
Copying hd1k_cpm22.img to ../../Binary
Copying hd1k_zsdos.img to ../../Binary
Copying hd1k_nzcom.img to ../../Binary
Copying hd1k_cpm3.img to ../../Binary
Copying hd1k_zpm3.img to ../../Binary
Copying hd1k_ws4.img to ../../Binary
Copying hd1k_z80asm.img to ../../Binary
Copying hd1k_aztecc.img to ../../Binary
Copying hd1k_hitechc.img to ../../Binary
Copying hd1k_bascomp.img to ../../Binary
Copying hd1k_fortran.img to ../../Binary
Copying hd1k_games.img to ../../Binary
Copying hd1k_tpascal.img to ../../Binary
Copying hd1k_qpm.img to ../../Binary
Copying hd1k_cowgol.img to ../../Binary
Copying hd1k_blank.img to ../../Binary
Copying hd1k_bp.img to ../../Binary
Copying hd1k_combo.img to ../../Binary
Copying hd1k_prefix.dat to ../../Binary
make[2]: Verzeichnis „/home/laszlo/zilog/meingithub/RomWBW/Source/Images“ wird verlassen
make --directory HBIOS 
+ make --directory HBIOS
make[2]: Verzeichnis „/home/laszlo/zilog/meingithub/RomWBW/Source/HBIOS“ wird betreten
chmod +x Build.sh
bash Build.sh 
+ chmod +x Build.sh
+ bash Build.sh


Building RCZ80 std


make[3]: Verzeichnis „/home/laszlo/zilog/meingithub/RomWBW/Source/HBIOS“ wird betreten
../../Tools/Linux/uz80as -t z80 -dBASH hbios_env.asm hbios_env.com hbios_env.lst

+ ../../Tools/Linux/uz80as -t z80 -dBASH hbios_env.asm hbios_env.com hbios_env.lst
------------- CAPACITY -----------------
ROMBANKS:  16
RAMBANKS:  16
ROMD_BNKS: 12
RAMD_BNKS: 8
APP_BNKS:  3
----------- MEMORY LAYOUT --------------
BID_ROM0:  0
BID_ROMN:  15
BID_RAM0:  128
BID_RAMN:  143
------------- BANK LAYOUT --------------
BID_BOOT:  0
BID_IMG0:  1
BID_IMG1:  2
BID_IMG2:  3
BID_ROMD0: 4
BID_BIOS:  128
BID_RAMD0: 129
BID_APP0:  137
BID_BUF:   140
BID_AUX:   141
BID_USR:   142
BID_COM:   143
----------------------------------------
../../Tools/Linux/zxcc hbios_env.com >hbios_env.sh
+ ../../Tools/Linux/zxcc hbios_env.com
make[3]: Verzeichnis „/home/laszlo/zilog/meingithub/RomWBW/Source/HBIOS“ wird verlassen
Creating 512K ROM named RCZ80_std.rom
make[3]: Verzeichnis „/home/laszlo/zilog/meingithub/RomWBW/Source/HBIOS“ wird betreten
cp ../Fonts/font8x11c.asm .
+ cp ../Fonts/font8x11c.asm .
cp ../Fonts/font8x11u.asm .
+ cp ../Fonts/font8x11u.asm .
cp ../Fonts/font8x16c.asm .
+ cp ../Fonts/font8x16c.asm .
cp ../Fonts/font8x16u.asm .
+ cp ../Fonts/font8x16u.asm .
cp ../Fonts/font8x8c.asm .
+ cp ../Fonts/font8x8c.asm .
cp ../Fonts/font8x8u.asm .
+ cp ../Fonts/font8x8u.asm .
cp ../Fonts/fontcgac.asm .
+ cp ../Fonts/fontcgac.asm .
cp ../Fonts/fontcgau.asm .
+ cp ../Fonts/fontcgau.asm .
cp ../Fonts/fontvgarcc.asm .
+ cp ../Fonts/fontvgarcc.asm .
cp ../Fonts/fontvgarcu.asm .
+ cp ../Fonts/fontvgarcu.asm .
cp ../Forth/camel80.bin .
+ cp ../Forth/camel80.bin .
cp ../TastyBasic/src/tastybasic.bin .

+ cp ../TastyBasic/src/tastybasic.bin .
../../Tools/Linux/uz80as -t z80  dbgmon.asm dbgmon.bin dbgmon.lst
+ ../../Tools/Linux/uz80as -t z80 dbgmon.asm dbgmon.bin dbgmon.lst
------------- CAPACITY -----------------
ROMBANKS:  16
RAMBANKS:  16
ROMD_BNKS: 12
RAMD_BNKS: 8
APP_BNKS:  3
----------- MEMORY LAYOUT --------------
BID_ROM0:  0
BID_ROMN:  15
BID_RAM0:  128
BID_RAMN:  143
------------- BANK LAYOUT --------------
BID_BOOT:  0
BID_IMG0:  1
BID_IMG1:  2
BID_IMG2:  3
BID_ROMD0: 4
BID_BIOS:  128
BID_RAMD0: 129
BID_APP0:  137
BID_BUF:   140
BID_AUX:   141
BID_USR:   142
BID_COM:   143
----------------------------------------
DBGMON space remaining: 1691 bytes.
../../Tools/Linux/uz80as -t z80  romldr.asm romldr.bin romldr.lst
+ ../../Tools/Linux/uz80as -t z80 romldr.asm romldr.bin romldr.lst
------------- CAPACITY -----------------
ROMBANKS:  16
RAMBANKS:  16
ROMD_BNKS: 12
RAMD_BNKS: 8
APP_BNKS:  3
----------- MEMORY LAYOUT --------------
BID_ROM0:  0
BID_ROMN:  15
BID_RAM0:  128
BID_RAMN:  143
------------- BANK LAYOUT --------------
BID_BOOT:  0
BID_IMG0:  1
BID_IMG1:  2
BID_IMG2:  3
BID_ROMD0: 4
BID_BIOS:  128
BID_RAMD0: 129
BID_APP0:  137
BID_BUF:   140
BID_AUX:   141
BID_USR:   142
BID_COM:   143
----------------------------------------
LOADER space remaining: 718 bytes.
../../Tools/Linux/uz80as -t z80  nascom.asm nascom.bin nascom.lst
+ ../../Tools/Linux/uz80as -t z80 nascom.asm nascom.bin nascom.lst
------------- CAPACITY -----------------
ROMBANKS:  16
RAMBANKS:  16
ROMD_BNKS: 12
RAMD_BNKS: 8
APP_BNKS:  3
----------- MEMORY LAYOUT --------------
BID_ROM0:  0
BID_ROMN:  15
BID_RAM0:  128
BID_RAMN:  143
------------- BANK LAYOUT --------------
BID_BOOT:  0
BID_IMG0:  1
BID_IMG1:  2
BID_IMG2:  3
BID_ROMD0: 4
BID_BIOS:  128
BID_RAMD0: 129
BID_APP0:  137
BID_BUF:   140
BID_AUX:   141
BID_USR:   142
BID_COM:   143
----------------------------------------
BASIC space remaining: 247 bytes.
../../Tools/Linux/uz80as -t z80  game.asm game.bin game.lst
+ ../../Tools/Linux/uz80as -t z80 game.asm game.bin game.lst
------------- CAPACITY -----------------
ROMBANKS:  16
RAMBANKS:  16
ROMD_BNKS: 12
RAMD_BNKS: 8
APP_BNKS:  3
----------- MEMORY LAYOUT --------------
BID_ROM0:  0
BID_ROMN:  15
BID_RAM0:  128
BID_RAMN:  143
------------- BANK LAYOUT --------------
BID_BOOT:  0
BID_IMG0:  1
BID_IMG1:  2
BID_IMG2:  3
BID_ROMD0: 4
BID_BIOS:  128
BID_RAMD0: 129
BID_APP0:  137
BID_BUF:   140
BID_AUX:   141
BID_USR:   142
BID_COM:   143
----------------------------------------
GAME space remaining: 189 bytes.
../../Tools/Linux/uz80as -t z80  eastaegg.asm eastaegg.bin eastaegg.lst
+ ../../Tools/Linux/uz80as -t z80 eastaegg.asm eastaegg.bin eastaegg.lst
------------- CAPACITY -----------------
ROMBANKS:  16
RAMBANKS:  16
ROMD_BNKS: 12
RAMD_BNKS: 8
APP_BNKS:  3
----------- MEMORY LAYOUT --------------
BID_ROM0:  0
BID_ROMN:  15
BID_RAM0:  128
BID_RAMN:  143
------------- BANK LAYOUT --------------
BID_BOOT:  0
BID_IMG0:  1
BID_IMG1:  2
BID_IMG2:  3
BID_ROMD0: 4
BID_BIOS:  128
BID_RAMD0: 129
BID_APP0:  137
BID_BUF:   140
BID_AUX:   141
BID_USR:   142
BID_COM:   143
----------------------------------------
EASTEREGG space remaining: 78 bytes.
../../Tools/Linux/uz80as -t z80  updater.asm updater.bin updater.lst
+ ../../Tools/Linux/uz80as -t z80 updater.asm updater.bin updater.lst
------------- CAPACITY -----------------
ROMBANKS:  16
RAMBANKS:  16
ROMD_BNKS: 12
RAMD_BNKS: 8
APP_BNKS:  3
----------- MEMORY LAYOUT --------------
BID_ROM0:  0
BID_ROMN:  15
BID_RAM0:  128
BID_RAMN:  143
------------- BANK LAYOUT --------------
BID_BOOT:  0
BID_IMG0:  1
BID_IMG1:  2
BID_IMG2:  3
BID_ROMD0: 4
BID_BIOS:  128
BID_RAMD0: 129
BID_APP0:  137
BID_BUF:   140
BID_AUX:   141
BID_USR:   142
BID_COM:   143
----------------------------------------
ROM Updater space remaining: 230 bytes.
../../Tools/Linux/uz80as -t z80  usrrom.asm usrrom.bin usrrom.lst
+ ../../Tools/Linux/uz80as -t z80 usrrom.asm usrrom.bin usrrom.lst
------------- CAPACITY -----------------
ROMBANKS:  16
RAMBANKS:  16
ROMD_BNKS: 12
RAMD_BNKS: 8
APP_BNKS:  3
----------- MEMORY LAYOUT --------------
BID_ROM0:  0
BID_ROMN:  15
BID_RAM0:  128
BID_RAMN:  143
------------- BANK LAYOUT --------------
BID_BOOT:  0
BID_IMG0:  1
BID_IMG1:  2
BID_IMG2:  3
BID_ROMD0: 4
BID_BIOS:  128
BID_RAMD0: 129
BID_APP0:  137
BID_BUF:   140
BID_AUX:   141
BID_USR:   142
BID_COM:   143
----------------------------------------
User ROM space remaining: 5763 bytes.
../../Tools/Linux/uz80as -t z80  imgpad2.asm imgpad2.bin imgpad2.lst
+ ../../Tools/Linux/uz80as -t z80 imgpad2.asm imgpad2.bin imgpad2.lst
------------- CAPACITY -----------------
ROMBANKS:  16
RAMBANKS:  16
ROMD_BNKS: 12
RAMD_BNKS: 8
APP_BNKS:  3
----------- MEMORY LAYOUT --------------
BID_ROM0:  0
BID_ROMN:  15
BID_RAM0:  128
BID_RAMN:  143
------------- BANK LAYOUT --------------
BID_BOOT:  0
BID_IMG0:  1
BID_IMG1:  2
BID_IMG2:  3
BID_ROMD0: 4
BID_BIOS:  128
BID_RAMD0: 129
BID_APP0:  137
BID_BUF:   140
BID_AUX:   141
BID_USR:   142
BID_COM:   143
----------------------------------------
Padspace space created: 32768 bytes.
../../Tools/Linux/uz80as -t z80 -dROMBOOT hbios.asm hbios_rom.bin hbios_rom.lst
+ ../../Tools/Linux/uz80as -t z80 -dROMBOOT hbios.asm hbios_rom.bin hbios_rom.lst
INTERRUPTS: MODE 2
SYSTEM TIMER: NONE
DEFAULT SERIAL CONFIGURATION: 115200 BAUD
MEMORY MANAGER: ZETA 2 (Z2)
ROM SIZE: 512 KB
RAM SIZE: 512 KB
------------- CAPACITY -----------------
ROMBANKS:  16
RAMBANKS:  16
ROMD_BNKS: 12
RAMD_BNKS: 8
APP_BNKS:  3
----------- MEMORY LAYOUT --------------
BID_ROM0:  0
BID_ROMN:  15
BID_RAM0:  128
BID_RAMN:  143
------------- BANK LAYOUT --------------
BID_BOOT:  0
BID_IMG0:  1
BID_IMG1:  2
BID_IMG2:  3
BID_ROMD0: 4
BID_BIOS:  128
BID_RAMD0: 129
BID_APP0:  137
BID_BUF:   140
BID_AUX:   141
BID_USR:   142
BID_COM:   143
----------------------------------------
HBIOS INT STACK space: 44 bytes.
HBIOS TEMP STACK space: 22 bytes.
DSRTC: MODE=STD, IO=192
DSRTC occupies 701 bytes.
SIO MODE=STD, IO=128, CHANNEL A, INTERRUPTS ENABLED
SIO MODE=STD, IO=128, CHANNEL B, INTERRUPTS ENABLED
SIO MODE=RC, IO=132, CHANNEL A, INTERRUPTS ENABLED
SIO MODE=RC, IO=132, CHANNEL B, INTERRUPTS ENABLED
SIO occupies 1126 bytes.
MD: TYPE=RAM
MD: TYPE=ROM
MD occupies 445 bytes.
FD: MODE=RCSMC4DRV, IO=176, DRIVE 0, TYPE=3.5" HD
FD: MODE=RCSMC4DRV, IO=176, DRIVE 1, TYPE=3.5" HD
FD: MODE=RCSMC4DRV, IO=176, DRIVE 1, TYPE=3.5" HD
FD: MODE=RCSMC4DRV, IO=176, DRIVE 1, TYPE=3.5" HD
FD occupies 2550 bytes.
IDE: MODE=RC, IO=16, MASTER
IDE: MODE=RC, IO=16, SLAVE
IDE: MODE=RC, IO=32, MASTER
IDE: MODE=RC, IO=32, SLAVE
IDE occupies 2235 bytes.
TERM occupies 4 bytes.
CTC: IO=136
CTC occupies 104 bytes.
RTCDEF=32
FONTS occupy 0 bytes.
PAGE ZERO @ 0, LENGTH=256
HCB @ 256, LENGTH=256
PROXY @ 512, LENGTH=512
ENTRY @ 1024, LENGTH=256
INTVEC @ 1280, LENGTH=104
SYSINIT @ 1384, LENGTH=608
DISP @ 1992, LENGTH=769
SYSAPI @ 2761, LENGTH=580
Z280IVT @ 3341, LENGTH=0
INTFUNC @ 3341, LENGTH=261
UTIL @ 3602, LENGTH=2108
PRTSUM @ 5710, LENGTH=1352
DRIVERS @ 7062, LENGTH=7165
FONTS @ 14227, LENGTH=0
DATA @ 14227, LENGTH=717
TOTAL MEMORY USAGE = 32768
HBIOS space remaining: 17824 bytes.
../../Tools/Linux/uz80as -t z80 -dAPPBOOT hbios.asm hbios_app.bin hbios_app.lst
+ ../../Tools/Linux/uz80as -t z80 -dAPPBOOT hbios.asm hbios_app.bin hbios_app.lst
------------- CAPACITY -----------------
ROMBANKS:  16
RAMBANKS:  16
ROMD_BNKS: 12
RAMD_BNKS: 8
APP_BNKS:  3
----------- MEMORY LAYOUT --------------
BID_ROM0:  0
BID_ROMN:  15
BID_RAM0:  128
BID_RAMN:  143
------------- BANK LAYOUT --------------
BID_BOOT:  0
BID_IMG0:  1
BID_IMG1:  2
BID_IMG2:  3
BID_ROMD0: 4
BID_BIOS:  128
BID_RAMD0: 129
BID_APP0:  137
BID_BUF:   140
BID_AUX:   141
BID_USR:   142
BID_COM:   143
----------------------------------------
HBIOS space remaining: 17898 bytes.
../../Tools/Linux/uz80as -t z80 -dIMGBOOT hbios.asm hbios_img.bin hbios_img.lst
+ ../../Tools/Linux/uz80as -t z80 -dIMGBOOT hbios.asm hbios_img.bin hbios_img.lst
------------- CAPACITY -----------------
ROMBANKS:  16
RAMBANKS:  16
ROMD_BNKS: 12
RAMD_BNKS: 8
APP_BNKS:  3
----------- MEMORY LAYOUT --------------
BID_ROM0:  0
BID_ROMN:  15
BID_RAM0:  128
BID_RAMN:  143
------------- BANK LAYOUT --------------
BID_BOOT:  0
BID_IMG0:  1
BID_IMG1:  2
BID_IMG2:  3
BID_ROMD0: 4
BID_BIOS:  128
BID_RAMD0: 129
BID_APP0:  137
BID_BUF:   140
BID_AUX:   141
BID_USR:   142
BID_COM:   143
----------------------------------------
HBIOS space remaining: 17932 bytes.
cat romldr.bin dbgmon.bin ../ZSDOS/zsys_wbw.bin ../CPM22/cpm_wbw.bin >osimg.bin
cat romldr.bin dbgmon.bin ../ZSDOS/zsys_wbw.bin >osimg_small.bin
if [ RCZ80 != UNA ] ; then \
	cat camel80.bin nascom.bin tastybasic.bin game.bin eastaegg.bin netboot.mod updater.bin usrrom.bin >osimg1.bin ; \
	if [ RCZ80 = S100 ] ; then \
		cat s100mon.bin >osimg2.bin ; \
	else \
		cat imgpad2.bin >osimg2.bin ; \
	fi ; \
	for f in hbios_rom.bin osimg.bin osimg1.bin osimg2.bin ; do \
		srec_cat $f -Binary -Crop 0 0x7FFF -Checksum_Negative_Big_Endian 0x7FFF 1 1 -o $f -Binary ; \
	done \
fi
if [ RCZ80 = UNA ] ; then \
	cp osimg.bin ../../Binary/UNA_WBW_SYS.bin ; \
	cp ../RomDsk/rom384_una.dat ../../Binary/UNA_WBW_ROM384.bin ; \
	cat ../UBIOS/UNA-BIOS.BIN osimg.bin ../UBIOS/FSFAT.BIN ../RomDsk/rom384_una.dat >RCZ80_std.rom ; \
else \
	if [ 512 -gt 0 ] ; then \
		cat hbios_rom.bin osimg.bin osimg1.bin osimg2.bin ../RomDsk/rom384_wbw.dat >RCZ80_std.rom ; \
		cat hbios_rom.bin osimg.bin osimg1.bin osimg2.bin >RCZ80_std.upd ; \
		cat hbios_app.bin osimg_small.bin > RCZ80_std.com ; \
	else \
		cat hbios_rom.bin osimg.bin osimg1.bin osimg2.bin ../RomDsk/rom256_wbw.dat >RCZ80_std.rom ; \
		cat hbios_rom.bin osimg.bin osimg1.bin osimg2.bin >RCZ80_std.upd ; \
		cat hbios_app.bin osimg_small.bin > RCZ80_std.com ; \
	fi \
fi
+ cat romldr.bin dbgmon.bin ../ZSDOS/zsys_wbw.bin ../CPM22/cpm_wbw.bin
+ cat romldr.bin dbgmon.bin ../ZSDOS/zsys_wbw.bin
+ '[' RCZ80 '!=' UNA ']'
+ cat camel80.bin nascom.bin tastybasic.bin game.bin eastaegg.bin netboot.mod updater.bin usrrom.bin
+ '[' RCZ80 = S100 ']'
+ cat imgpad2.bin
+ for f in hbios_rom.bin osimg.bin osimg1.bin osimg2.bin
+ srec_cat hbios_rom.bin -Binary -Crop 0 0x7FFF -Checksum_Negative_Big_Endian 0x7FFF 1 1 -o hbios_rom.bin -Binary
+ for f in hbios_rom.bin osimg.bin osimg1.bin osimg2.bin
+ srec_cat osimg.bin -Binary -Crop 0 0x7FFF -Checksum_Negative_Big_Endian 0x7FFF 1 1 -o osimg.bin -Binary
+ for f in hbios_rom.bin osimg.bin osimg1.bin osimg2.bin
+ srec_cat osimg1.bin -Binary -Crop 0 0x7FFF -Checksum_Negative_Big_Endian 0x7FFF 1 1 -o osimg1.bin -Binary
+ for f in hbios_rom.bin osimg.bin osimg1.bin osimg2.bin
+ srec_cat osimg2.bin -Binary -Crop 0 0x7FFF -Checksum_Negative_Big_Endian 0x7FFF 1 1 -o osimg2.bin -Binary
+ '[' RCZ80 = UNA ']'
+ '[' 512 -gt 0 ']'
+ cat hbios_rom.bin osimg.bin osimg1.bin osimg2.bin ../RomDsk/rom384_wbw.dat
+ cat hbios_rom.bin osimg.bin osimg1.bin osimg2.bin
+ cat hbios_app.bin osimg_small.bin
+ rm -f /tmp/casefn.cache
+ '[' ../../Binary ']'
+ '[' 'RCZ80_std.rom RCZ80_std.com RCZ80_std.upd' ']'
+ for file in RCZ80_std.rom RCZ80_std.com RCZ80_std.upd
+ mkdir -p ../../Binary
+ echo Copying RCZ80_std.rom to ../../Binary
Copying RCZ80_std.rom to ../../Binary
++ ../../Tools/unix/casefn.sh RCZ80_std.rom
+ cp ./RCZ80_std.rom ../../Binary
+ for file in RCZ80_std.rom RCZ80_std.com RCZ80_std.upd
+ mkdir -p ../../Binary
+ echo Copying RCZ80_std.com to ../../Binary
Copying RCZ80_std.com to ../../Binary
++ ../../Tools/unix/casefn.sh RCZ80_std.com
+ cp ./RCZ80_std.com ../../Binary
+ for file in RCZ80_std.rom RCZ80_std.com RCZ80_std.upd
+ mkdir -p ../../Binary
+ echo Copying RCZ80_std.upd to ../../Binary
Copying RCZ80_std.upd to ../../Binary
++ ../../Tools/unix/casefn.sh RCZ80_std.upd
+ cp ./RCZ80_std.upd ../../Binary
+ '[' '' ']'
make[3]: Verzeichnis „/home/laszlo/zilog/meingithub/RomWBW/Source/HBIOS“ wird verlassen
make[2]: Verzeichnis „/home/laszlo/zilog/meingithub/RomWBW/Source/HBIOS“ wird verlassen
make --directory ZRC 
+ make --directory ZRC
make[2]: Verzeichnis „/home/laszlo/zilog/meingithub/RomWBW/Source/ZRC“ wird betreten
+ rm -f /tmp/casefn.cache
+ '[' ../../Binary ']'
+ '[' '' ']'
+ '[' '' ']'
make[2]: Verzeichnis „/home/laszlo/zilog/meingithub/RomWBW/Source/ZRC“ wird verlassen
make --directory Z1RCC 
+ make --directory Z1RCC
make[2]: Verzeichnis „/home/laszlo/zilog/meingithub/RomWBW/Source/Z1RCC“ wird betreten
+ rm -f /tmp/casefn.cache
+ '[' ../../Binary ']'
+ '[' '' ']'
+ '[' '' ']'
make[2]: Verzeichnis „/home/laszlo/zilog/meingithub/RomWBW/Source/Z1RCC“ wird verlassen
make --directory ZZRCC 
+ make --directory ZZRCC
make[2]: Verzeichnis „/home/laszlo/zilog/meingithub/RomWBW/Source/ZZRCC“ wird betreten
+ rm -f /tmp/casefn.cache
+ '[' ../../Binary ']'
+ '[' '' ']'
+ '[' '' ']'
make[2]: Verzeichnis „/home/laszlo/zilog/meingithub/RomWBW/Source/ZZRCC“ wird verlassen
make --directory ZRC512 
+ make --directory ZRC512
make[2]: Verzeichnis „/home/laszlo/zilog/meingithub/RomWBW/Source/ZRC512“ wird betreten
+ rm -f /tmp/casefn.cache
+ '[' ../../Binary ']'
+ '[' '' ']'
+ '[' '' ']'
make[2]: Verzeichnis „/home/laszlo/zilog/meingithub/RomWBW/Source/ZRC512“ wird verlassen
make[1]: Verzeichnis „/home/laszlo/zilog/meingithub/RomWBW/Source“ wird verlassen
